Archive member included to satisfy reference by file (symbol)

/home/qemu-sgx/devel/optee/optee_os/out/arm/export-ta_arm32/lib/libutils.a(aeabi_unwind.o)
                              out/ta_entry.o (__aeabi_unwind_cpp_pr0)
/home/qemu-sgx/devel/optee/optee_os/out/arm/export-ta_arm32/lib/libutee.a(utee_syscalls_a32.o)
                              out/user_ta_header.o (_utee_return)
/home/qemu-sgx/devel/optee/optee_os/out/arm/export-ta_arm32/lib/libutee.a(user_ta_entry.o)
                              out/user_ta_header.o (__utee_entry)
/home/qemu-sgx/devel/optee/optee_os/out/arm/export-ta_arm32/lib/libutee.a(abort.o)
                              /home/qemu-sgx/devel/optee/optee_os/out/arm/export-ta_arm32/lib/libutee.a(user_ta_entry.o) (abort)
/home/qemu-sgx/devel/optee/optee_os/out/arm/export-ta_arm32/lib/libutee.a(trace_ext.o)
                              /home/qemu-sgx/devel/optee/optee_os/out/arm/export-ta_arm32/lib/libutee.a(abort.o) (puts)
/home/qemu-sgx/devel/optee/optee_os/out/arm/export-ta_arm32/lib/libutee.a(tee_api.o)
                              /home/qemu-sgx/devel/optee/optee_os/out/arm/export-ta_arm32/lib/libutee.a(user_ta_entry.o) (TEE_Malloc)
/home/qemu-sgx/devel/optee/optee_os/out/arm/export-ta_arm32/lib/libutee.a(tee_api_arith_mpi.o)
                              /home/qemu-sgx/devel/optee/optee_os/out/arm/export-ta_arm32/lib/libutee.a(user_ta_entry.o) (_TEE_MathAPI_Init)
/home/qemu-sgx/devel/optee/optee_os/out/arm/export-ta_arm32/lib/libutee.a(tee_api_panic.o)
                              /home/qemu-sgx/devel/optee/optee_os/out/arm/export-ta_arm32/lib/libutee.a(user_ta_entry.o) (TEE_Panic)
/home/qemu-sgx/devel/optee/optee_os/out/arm/export-ta_arm32/lib/libutee.a(tee_system_pta.o)
                              /home/qemu-sgx/devel/optee/optee_os/out/arm/export-ta_arm32/lib/libutee.a(tee_api.o) (tee_map_zi)
/home/qemu-sgx/devel/optee/optee_os/out/arm/export-ta_arm32/lib/libutee.a(tcb.o)
                              /home/qemu-sgx/devel/optee/optee_os/out/arm/export-ta_arm32/lib/libutee.a(user_ta_entry.o) (__utee_tcb_init)
/home/qemu-sgx/devel/optee/optee_os/out/arm/export-ta_arm32/lib/libutee.a(assert.o)
                              /home/qemu-sgx/devel/optee/optee_os/out/arm/export-ta_arm32/lib/libutee.a(tcb.o) (_assert_log)
/home/qemu-sgx/devel/optee/optee_os/out/arm/export-ta_arm32/lib/libmbedtls.a(bignum.o)
                              /home/qemu-sgx/devel/optee/optee_os/out/arm/export-ta_arm32/lib/libutee.a(tee_api_arith_mpi.o) (mbedtls_mpi_mempool)
/home/qemu-sgx/devel/optee/optee_os/out/arm/export-ta_arm32/lib/libmbedtls.a(platform_util.o)
                              /home/qemu-sgx/devel/optee/optee_os/out/arm/export-ta_arm32/lib/libmbedtls.a(bignum.o) (mbedtls_platform_zeroize)
/home/qemu-sgx/devel/optee/optee_os/out/arm/export-ta_arm32/lib/libutils.a(bget_malloc.o)
                              /home/qemu-sgx/devel/optee/optee_os/out/arm/export-ta_arm32/lib/libutee.a(user_ta_entry.o) (malloc)
/home/qemu-sgx/devel/optee/optee_os/out/arm/export-ta_arm32/lib/libutils.a(snprintf.o)
                              /home/qemu-sgx/devel/optee/optee_os/out/arm/export-ta_arm32/lib/libutee.a(trace_ext.o) (vsnprintf)
/home/qemu-sgx/devel/optee/optee_os/out/arm/export-ta_arm32/lib/libutils.a(memcpy.o)
                              /home/qemu-sgx/devel/optee/optee_os/out/arm/export-ta_arm32/lib/libutee.a(user_ta_entry.o) (memcpy)
/home/qemu-sgx/devel/optee/optee_os/out/arm/export-ta_arm32/lib/libutils.a(memmove.o)
                              /home/qemu-sgx/devel/optee/optee_os/out/arm/export-ta_arm32/lib/libutee.a(tee_api.o) (memmove)
/home/qemu-sgx/devel/optee/optee_os/out/arm/export-ta_arm32/lib/libutils.a(memset.o)
                              /home/qemu-sgx/devel/optee/optee_os/out/arm/export-ta_arm32/lib/libutee.a(user_ta_entry.o) (memset)
/home/qemu-sgx/devel/optee/optee_os/out/arm/export-ta_arm32/lib/libutils.a(strlen.o)
                              /home/qemu-sgx/devel/optee/optee_os/out/arm/export-ta_arm32/lib/libutee.a(trace_ext.o) (strlen)
/home/qemu-sgx/devel/optee/optee_os/out/arm/export-ta_arm32/lib/libutils.a(arm32_aeabi_ldivmod_a32.o)
                              /home/qemu-sgx/devel/optee/optee_os/out/arm/export-ta_arm32/lib/libmbedtls.a(bignum.o) (__aeabi_uldivmod)
/home/qemu-sgx/devel/optee/optee_os/out/arm/export-ta_arm32/lib/libutils.a(arm32_aeabi_ldivmod.o)
                              /home/qemu-sgx/devel/optee/optee_os/out/arm/export-ta_arm32/lib/libutils.a(arm32_aeabi_ldivmod_a32.o) (__ul_divmod)
/home/qemu-sgx/devel/optee/optee_os/out/arm/export-ta_arm32/lib/libutils.a(snprintk.o)
                              /home/qemu-sgx/devel/optee/optee_os/out/arm/export-ta_arm32/lib/libutils.a(snprintf.o) (__vsnprintf)
/home/qemu-sgx/devel/optee/optee_os/out/arm/export-ta_arm32/lib/libutils.a(trace.o)
                              /home/qemu-sgx/devel/optee/optee_os/out/arm/export-ta_arm32/lib/libutee.a(user_ta_entry.o) (trace_set_level)
[...]
Memory Configuration

Name             Origin             Length             Attributes
*default*        0x0000000000000000 0xffffffffffffffff

Linker script and memory map


.ta_head        0x0000000000000000       0x20
 *(SORT_BY_ALIGNMENT(.ta_head))
 .ta_head       0x0000000000000000       0x20 out/user_ta_header.o
                0x0000000000000000                ta_head

.text           0x0000000000000020    0x133a6
                0x0000000000000020                __text_start = .
 *(SORT_BY_ALIGNMENT(.text) SORT_BY_ALIGNMENT(.text.*))
 .text.__ta_entry
                0x0000000000000020        0x4 out/ta_entry_a32.o
                0x0000000000000020                __ta_entry
 .text          0x0000000000000024        0x0 /home/qemu-sgx/devel/optee/optee_os/out/arm/export-ta_arm32/lib/libutee.a(utee_syscalls_a32.o)
 .text._utee_panic
                0x0000000000000024       0x14 /home/qemu-sgx/devel/optee/optee_os/out/arm/export-ta_arm32/lib/libutee.a(utee_syscalls_a32.o)
                0x0000000000000024                _utee_panic
 .text._utee_return
                0x0000000000000038       0x14 /home/qemu-sgx/devel/optee/optee_os/out/arm/export-ta_arm32/lib/libutee.a(utee_syscalls_a32.o)
                0x0000000000000038                _utee_return
 .text._utee_log
                0x000000000000004c       0x14 /home/qemu-sgx/devel/optee/optee_os/out/arm/export-ta_arm32/lib/libutee.a(utee_syscalls_a32.o)
                0x000000000000004c                _utee_log
 .text.__utee_panic
                0x0000000000000060       0x14 /home/qemu-sgx/devel/optee/optee_os/out/arm/export-ta_arm32/lib/libutee.a(utee_syscalls_a32.o)
                0x0000000000000060                __utee_panic
 .text._utee_get_property
                0x0000000000000074       0x18 /home/qemu-sgx/devel/optee/optee_os/out/arm/export-ta_arm32/lib/libutee.a(utee_syscalls_a32.o)
                0x0000000000000074                _utee_get_property
 .text._utee_get_property_name_to_index
                0x000000000000008c       0x14 /home/qemu-sgx/devel/optee/optee_os/out/arm/export-ta_arm32/lib/libutee.a(utee_syscalls_a32.o)
                0x000000000000008c                _utee_get_property_name_to_index
 .text._utee_open_ta_session
                0x00000000000000a0       0x18 /home/qemu-sgx/devel/optee/optee_os/out/arm/export-ta_arm32/lib/libutee.a(utee_syscalls_a32.o)
                0x00000000000000a0                _utee_open_ta_session
 .text._utee_close_ta_session
                0x00000000000000b8       0x14 /home/qemu-sgx/devel/optee/optee_os/out/arm/export-ta_arm32/lib/libutee.a(utee_syscalls_a32.o)
                0x00000000000000b8                _utee_close_ta_session
 .text._utee_invoke_ta_command
                0x00000000000000cc       0x18 /home/qemu-sgx/devel/optee/optee_os/out/arm/export-ta_arm32/lib/libutee.a(utee_syscalls_a32.o)
                0x00000000000000cc                _utee_invoke_ta_command
 .text._utee_get_cancellation_flag
                0x00000000000000e4       0x14 /home/qemu-sgx/devel/optee/optee_os/out/arm/export-ta_arm32/lib/libutee.a(utee_syscalls_a32.o)
                0x00000000000000e4                _utee_get_cancellation_flag
 .text._utee_check_access_rights
                0x00000000000000f8       0x14 /home/qemu-sgx/devel/optee/optee_os/out/arm/export-ta_arm32/lib/libutee.a(utee_syscalls_a32.o)
                0x00000000000000f8                _utee_check_access_rights
 .text._utee_unmask_cancellation
                0x000000000000010c       0x14 /home/qemu-sgx/devel/optee/optee_os/out/arm/export-ta_arm32/lib/libutee.a(utee_syscalls_a32.o)
                0x000000000000010c                _utee_unmask_cancellation
 .text._utee_mask_cancellation
                0x0000000000000120       0x14 /home/qemu-sgx/devel/optee/optee_os/out/arm/export-ta_arm32/lib/libutee.a(utee_syscalls_a32.o)
                0x0000000000000120                _utee_mask_cancellation
 .text._utee_wait
                0x0000000000000134       0x14 /home/qemu-sgx/devel/optee/optee_os/out/arm/export-ta_arm32/lib/libutee.a(utee_syscalls_a32.o)
                0x0000000000000134                _utee_wait
 .text._utee_get_time
                0x0000000000000148       0x14 /home/qemu-sgx/devel/optee/optee_os/out/arm/export-ta_arm32/lib/libutee.a(utee_syscalls_a32.o)
                0x0000000000000148                _utee_get_time
 .text._utee_set_ta_time
                0x000000000000015c       0x14 /home/qemu-sgx/devel/optee/optee_os/out/arm/export-ta_arm32/lib/libutee.a(utee_syscalls_a32.o)
                0x000000000000015c                _utee_set_ta_time
 .text._utee_cryp_state_alloc
                0x0000000000000170       0x18 /home/qemu-sgx/devel/optee/optee_os/out/arm/export-ta_arm32/lib/libutee.a(utee_syscalls_a32.o)
                0x0000000000000170                _utee_cryp_state_alloc
 .text._utee_cryp_state_copy
                0x0000000000000188       0x14 /home/qemu-sgx/devel/optee/optee_os/out/arm/export-ta_arm32/lib/libutee.a(utee_syscalls_a32.o)
                0x0000000000000188                _utee_cryp_state_copy
 .text._utee_cryp_state_free
                0x000000000000019c       0x14 /home/qemu-sgx/devel/optee/optee_os/out/arm/export-ta_arm32/lib/libutee.a(utee_syscalls_a32.o)
                0x000000000000019c                _utee_cryp_state_free
 .text._utee_hash_init
                0x00000000000001b0       0x14 /home/qemu-sgx/devel/optee/optee_os/out/arm/export-ta_arm32/lib/libutee.a(utee_syscalls_a32.o)
                0x00000000000001b0                _utee_hash_init
 .text._utee_hash_update
                0x00000000000001c4       0x14 /home/qemu-sgx/devel/optee/optee_os/out/arm/export-ta_arm32/lib/libutee.a(utee_syscalls_a32.o)
                0x00000000000001c4                _utee_hash_update
 .text._utee_hash_final
                0x00000000000001d8       0x18 /home/qemu-sgx/devel/optee/optee_os/out/arm/export-ta_arm32/lib/libutee.a(utee_syscalls_a32.o)
                0x00000000000001d8                _utee_hash_final
 .text._utee_cipher_init
                0x00000000000001f0       0x14 /home/qemu-sgx/devel/optee/optee_os/out/arm/export-ta_arm32/lib/libutee.a(utee_syscalls_a32.o)
                0x00000000000001f0                _utee_cipher_init
 .text._utee_cipher_update
                0x0000000000000204       0x18 /home/qemu-sgx/devel/optee/optee_os/out/arm/export-ta_arm32/lib/libutee.a(utee_syscalls_a32.o)
                0x0000000000000204                _utee_cipher_update
 .text._utee_cipher_final
                0x000000000000021c       0x18 /home/qemu-sgx/devel/optee/optee_os/out/arm/export-ta_arm32/lib/libutee.a(utee_syscalls_a32.o)
                0x000000000000021c                _utee_cipher_final
 .text._utee_cryp_obj_get_info
                0x0000000000000234       0x14 /home/qemu-sgx/devel/optee/optee_os/out/arm/export-ta_arm32/lib/libutee.a(utee_syscalls_a32.o)
                0x0000000000000234                _utee_cryp_obj_get_info
 .text._utee_cryp_obj_restrict_usage
                0x0000000000000248       0x14 /home/qemu-sgx/devel/optee/optee_os/out/arm/export-ta_arm32/lib/libutee.a(utee_syscalls_a32.o)
                0x0000000000000248                _utee_cryp_obj_restrict_usage
 .text._utee_cryp_obj_get_attr
                0x000000000000025c       0x14 /home/qemu-sgx/devel/optee/optee_os/out/arm/export-ta_arm32/lib/libutee.a(utee_syscalls_a32.o)
                0x000000000000025c                _utee_cryp_obj_get_attr
 .text._utee_cryp_obj_alloc
                0x0000000000000270       0x14 /home/qemu-sgx/devel/optee/optee_os/out/arm/export-ta_arm32/lib/libutee.a(utee_syscalls_a32.o)
                0x0000000000000270                _utee_cryp_obj_alloc
 .text._utee_cryp_obj_close
                0x0000000000000284       0x14 /home/qemu-sgx/devel/optee/optee_os/out/arm/export-ta_arm32/lib/libutee.a(utee_syscalls_a32.o)
                0x0000000000000284                _utee_cryp_obj_close
 .text._utee_cryp_obj_reset
                0x0000000000000298       0x14 /home/qemu-sgx/devel/optee/optee_os/out/arm/export-ta_arm32/lib/libutee.a(utee_syscalls_a32.o)
                0x0000000000000298                _utee_cryp_obj_reset
 .text._utee_cryp_obj_populate
                0x00000000000002ac       0x14 /home/qemu-sgx/devel/optee/optee_os/out/arm/export-ta_arm32/lib/libutee.a(utee_syscalls_a32.o)
                0x00000000000002ac                _utee_cryp_obj_populate
 .text._utee_cryp_obj_copy
                0x00000000000002c0       0x14 /home/qemu-sgx/devel/optee/optee_os/out/arm/export-ta_arm32/lib/libutee.a(utee_syscalls_a32.o)
                0x00000000000002c0                _utee_cryp_obj_copy
 .text._utee_cryp_derive_key
                0x00000000000002d4       0x14 /home/qemu-sgx/devel/optee/optee_os/out/arm/export-ta_arm32/lib/libutee.a(utee_syscalls_a32.o)
                0x00000000000002d4                _utee_cryp_derive_key
 .text._utee_cryp_random_number_generate
                0x00000000000002e8       0x14 /home/qemu-sgx/devel/optee/optee_os/out/arm/export-ta_arm32/lib/libutee.a(utee_syscalls_a32.o)
                0x00000000000002e8                _utee_cryp_random_number_generate
 .text._utee_authenc_init
                0x00000000000002fc       0x18 /home/qemu-sgx/devel/optee/optee_os/out/arm/export-ta_arm32/lib/libutee.a(utee_syscalls_a32.o)
                0x00000000000002fc                _utee_authenc_init
 .text._utee_authenc_update_aad
                0x0000000000000314       0x14 /home/qemu-sgx/devel/optee/optee_os/out/arm/export-ta_arm32/lib/libutee.a(utee_syscalls_a32.o)
                0x0000000000000314                _utee_authenc_update_aad
 .text._utee_authenc_update_payload
                0x0000000000000328       0x18 /home/qemu-sgx/devel/optee/optee_os/out/arm/export-ta_arm32/lib/libutee.a(utee_syscalls_a32.o)
                0x0000000000000328                _utee_authenc_update_payload
 .text._utee_authenc_enc_final
                0x0000000000000340       0x18 /home/qemu-sgx/devel/optee/optee_os/out/arm/export-ta_arm32/lib/libutee.a(utee_syscalls_a32.o)
                0x0000000000000340                _utee_authenc_enc_final
 .text._utee_authenc_dec_final
                0x0000000000000358       0x18 /home/qemu-sgx/devel/optee/optee_os/out/arm/export-ta_arm32/lib/libutee.a(utee_syscalls_a32.o)
                0x0000000000000358                _utee_authenc_dec_final
 .text._utee_asymm_operate
                0x0000000000000370       0x18 /home/qemu-sgx/devel/optee/optee_os/out/arm/export-ta_arm32/lib/libutee.a(utee_syscalls_a32.o)
                0x0000000000000370                _utee_asymm_operate
 .text._utee_asymm_verify
                0x0000000000000388       0x18 /home/qemu-sgx/devel/optee/optee_os/out/arm/export-ta_arm32/lib/libutee.a(utee_syscalls_a32.o)
                0x0000000000000388                _utee_asymm_verify
 .text._utee_storage_obj_open
                0x00000000000003a0       0x18 /home/qemu-sgx/devel/optee/optee_os/out/arm/export-ta_arm32/lib/libutee.a(utee_syscalls_a32.o)
                0x00000000000003a0                _utee_storage_obj_open
 .text._utee_storage_obj_create
                0x00000000000003b8       0x18 /home/qemu-sgx/devel/optee/optee_os/out/arm/export-ta_arm32/lib/libutee.a(utee_syscalls_a32.o)
                0x00000000000003b8                _utee_storage_obj_create
 .text._utee_storage_obj_del
                0x00000000000003d0       0x14 /home/qemu-sgx/devel/optee/optee_os/out/arm/export-ta_arm32/lib/libutee.a(utee_syscalls_a32.o)
                0x00000000000003d0                _utee_storage_obj_del
 .text._utee_storage_obj_rename
                0x00000000000003e4       0x14 /home/qemu-sgx/devel/optee/optee_os/out/arm/export-ta_arm32/lib/libutee.a(utee_syscalls_a32.o)
                0x00000000000003e4                _utee_storage_obj_rename
 .text._utee_storage_alloc_enum
                0x00000000000003f8       0x14 /home/qemu-sgx/devel/optee/optee_os/out/arm/export-ta_arm32/lib/libutee.a(utee_syscalls_a32.o)
                0x00000000000003f8                _utee_storage_alloc_enum
 .text._utee_storage_free_enum
                0x000000000000040c       0x14 /home/qemu-sgx/devel/optee/optee_os/out/arm/export-ta_arm32/lib/libutee.a(utee_syscalls_a32.o)
                0x000000000000040c                _utee_storage_free_enum
 .text._utee_storage_reset_enum
                0x0000000000000420       0x14 /home/qemu-sgx/devel/optee/optee_os/out/arm/export-ta_arm32/lib/libutee.a(utee_syscalls_a32.o)
                0x0000000000000420                _utee_storage_reset_enum
 .text._utee_storage_start_enum
                0x0000000000000434       0x14 /home/qemu-sgx/devel/optee/optee_os/out/arm/export-ta_arm32/lib/libutee.a(utee_syscalls_a32.o)
                0x0000000000000434                _utee_storage_start_enum
 .text._utee_storage_next_enum
                0x0000000000000448       0x14 /home/qemu-sgx/devel/optee/optee_os/out/arm/export-ta_arm32/lib/libutee.a(utee_syscalls_a32.o)
                0x0000000000000448                _utee_storage_next_enum
 .text._utee_storage_obj_read
                0x000000000000045c       0x14 /home/qemu-sgx/devel/optee/optee_os/out/arm/export-ta_arm32/lib/libutee.a(utee_syscalls_a32.o)
                0x000000000000045c                _utee_storage_obj_read
 .text._utee_storage_obj_write
                0x0000000000000470       0x14 /home/qemu-sgx/devel/optee/optee_os/out/arm/export-ta_arm32/lib/libutee.a(utee_syscalls_a32.o)
                0x0000000000000470                _utee_storage_obj_write
 .text._utee_storage_obj_trunc
                0x0000000000000484       0x14 /home/qemu-sgx/devel/optee/optee_os/out/arm/export-ta_arm32/lib/libutee.a(utee_syscalls_a32.o)
                0x0000000000000484                _utee_storage_obj_trunc
 .text._utee_storage_obj_seek
                0x0000000000000498       0x14 /home/qemu-sgx/devel/optee/optee_os/out/arm/export-ta_arm32/lib/libutee.a(utee_syscalls_a32.o)
                0x0000000000000498                _utee_storage_obj_seek
 .text._utee_cryp_obj_generate_key
                0x00000000000004ac       0x14 /home/qemu-sgx/devel/optee/optee_os/out/arm/export-ta_arm32/lib/libutee.a(utee_syscalls_a32.o)
                0x00000000000004ac                _utee_cryp_obj_generate_key
 .text._utee_cache_operation
                0x00000000000004c0       0x14 /home/qemu-sgx/devel/optee/optee_os/out/arm/export-ta_arm32/lib/libutee.a(utee_syscalls_a32.o)
                0x00000000000004c0                _utee_cache_operation
 .text          0x00000000000004d4      0xa84 /home/qemu-sgx/devel/optee/optee_os/out/arm/export-ta_arm32/lib/libutee.a(user_ta_entry.o)
                0x00000000000006bc                __utee_call_elf_init_fn
                0x000000000000087c                __utee_call_elf_fini_fn
                0x0000000000000ee2                __utee_entry
 .text          0x0000000000000f58       0x20 /home/qemu-sgx/devel/optee/optee_os/out/arm/export-ta_arm32/lib/libutee.a(abort.o)
                0x0000000000000f58                abort
 .text          0x0000000000000f78      0x11c /home/qemu-sgx/devel/optee/optee_os/out/arm/export-ta_arm32/lib/libutee.a(trace_ext.o)
                0x0000000000000f78                trace_ext_puts
                0x0000000000000f9c                trace_ext_get_thread_id
                0x0000000000000fb0                printf
                0x0000000000001024                puts
                0x000000000000105c                putchar
 .text          0x0000000000001094      0xa80 /home/qemu-sgx/devel/optee/optee_os/out/arm/export-ta_arm32/lib/libutee.a(tee_api.o)
                0x00000000000014a2                TEE_OpenTASession
                0x0000000000001590                TEE_CloseTASession
                0x00000000000015c0                TEE_InvokeTACommand
                0x00000000000016e6                TEE_GetCancellationFlag
                0x000000000000171a                TEE_UnmaskCancellation
                0x000000000000174e                TEE_MaskCancellation
                0x0000000000001782                TEE_CheckMemoryAccessRights
                0x00000000000017c4                TEE_SetInstanceData
                0x00000000000017e8                TEE_GetInstanceData
                0x0000000000001804                TEE_MemMove
                0x0000000000001828                TEE_MemCompare
                0x000000000000184c                TEE_MemFill
                0x0000000000001872                TEE_GetSystemTime
                0x000000000000189e                TEE_Wait
                0x00000000000018d6                TEE_GetTAPersistentTime
                0x000000000000195a                TEE_SetTAPersistentTime
                0x00000000000019a0                TEE_GetREETime
                0x00000000000019cc                TEE_Malloc
                0x0000000000001a40                TEE_Realloc
                0x0000000000001a86                TEE_Free
                0x0000000000001aa6                TEE_CacheClean
                0x0000000000001aca                TEE_CacheFlush
                0x0000000000001aee                TEE_CacheInvalidate
 .text          0x0000000000001b14     0x1de4 /home/qemu-sgx/devel/optee/optee_os/out/arm/export-ta_arm32/lib/libutee.a(tee_api_arith_mpi.o)
                0x0000000000001b74                _TEE_MathAPI_Init
                0x0000000000001d0c                TEE_BigIntInit
                0x0000000000001d78                TEE_BigIntConvertFromOctetString
                0x0000000000001df2                TEE_BigIntConvertToOctetString
                0x0000000000001e78                TEE_BigIntConvertFromS32
                0x0000000000001ef8                TEE_BigIntConvertToS32
                0x0000000000001fcc                TEE_BigIntCmp
                0x0000000000002022                TEE_BigIntCmpS32
                0x000000000000205e                TEE_BigIntShiftRight
                0x0000000000002218                TEE_BigIntGetBit
                0x000000000000225e                TEE_BigIntGetBitCount
                0x0000000000002518                TEE_BigIntAdd
                0x000000000000254c                TEE_BigIntSub
                0x0000000000002580                TEE_BigIntNeg
                0x0000000000002630                TEE_BigIntMul
                0x0000000000002710                TEE_BigIntSquare
                0x0000000000002730                TEE_BigIntDiv
                0x000000000000289c                TEE_BigIntMod
                0x0000000000002908                TEE_BigIntAddMod
                0x0000000000002940                TEE_BigIntSubMod
                0x0000000000002978                TEE_BigIntMulMod
                0x00000000000029b0                TEE_BigIntSquareMod
                0x00000000000029d4                TEE_BigIntInvMod
                0x0000000000002ae0                TEE_BigIntRelativePrime
                0x0000000000003398                TEE_BigIntComputeExtendedGcd
                0x0000000000003658                TEE_BigIntIsProbablePrime
                0x00000000000036ac                TEE_BigIntInitFMM
                0x00000000000036ca                TEE_BigIntInitFMMContext
                0x00000000000036e6                TEE_BigIntFMMSizeInU32
                0x000000000000370c                TEE_BigIntFMMContextSizeInU32
                0x0000000000003728                TEE_BigIntConvertToFMM
                0x000000000000374c                TEE_BigIntConvertFromFMM
                0x00000000000037e8                TEE_BigIntComputeFMM
 .text          0x00000000000038f8      0x21c /home/qemu-sgx/devel/optee/optee_os/out/arm/export-ta_arm32/lib/libutee.a(tee_api_panic.o)
                0x00000000000038f8                TEE_Panic
                0x0000000000003976                __utee_check_outbuf_annotation
                0x00000000000039d0                __utee_check_instring_annotation
                0x0000000000003a10                __utee_check_outstring_annotation
                0x0000000000003a68                __utee_check_out_annotation
                0x0000000000003a9c                __utee_check_attr_in_annotation
                0x0000000000003ae0                __utee_check_inout_annotation
 .text          0x0000000000003b14      0x330 /home/qemu-sgx/devel/optee/optee_os/out/arm/export-ta_arm32/lib/libutee.a(tee_system_pta.o)
                0x0000000000003c30                tee_map_zi
                0x0000000000003cc8                tee_unmap
                0x0000000000003d78                tee_invoke_supp_plugin
 .text          0x0000000000003e44      0x44c /home/qemu-sgx/devel/optee/optee_os/out/arm/export-ta_arm32/lib/libutee.a(tcb.o)
                0x0000000000003e44                __utee_tcb_init
                0x0000000000004150                __tls_get_addr
                0x0000000000004188                dl_iterate_phdr
 .text          0x0000000000004290       0x5c /home/qemu-sgx/devel/optee/optee_os/out/arm/export-ta_arm32/lib/libutee.a(assert.o)
                0x0000000000004290                _assert_log
                0x00000000000042d8                _assert_break
 .text          0x00000000000042ec     0x6704 /home/qemu-sgx/devel/optee/optee_os/out/arm/export-ta_arm32/lib/libmbedtls.a(bignum.o)
                0x000000000000434a                mbedtls_mpi_init
                0x0000000000004368                mbedtls_mpi_init_mempool
                0x00000000000043a4                mbedtls_mpi_free
                0x0000000000004430                mbedtls_mpi_grow
                0x0000000000004538                mbedtls_mpi_shrink
                0x00000000000046f0                mbedtls_mpi_copy
                0x00000000000047e8                mbedtls_mpi_swap
                0x00000000000048f8                mbedtls_mpi_safe_cond_assign
                0x00000000000049c2                mbedtls_mpi_safe_cond_swap
                0x0000000000004b16                mbedtls_mpi_lset
                0x0000000000004b84                mbedtls_mpi_get_bit
                0x0000000000004bd2                mbedtls_mpi_set_bit
                0x0000000000004ca0                mbedtls_mpi_lsb
                0x0000000000004d68                mbedtls_mpi_bitlen
                0x0000000000004de0                mbedtls_mpi_size
                0x0000000000004e86                mbedtls_mpi_read_string
                0x000000000000515e                mbedtls_mpi_write_string
                0x0000000000005440                mbedtls_mpi_read_binary_le
                0x00000000000054de                mbedtls_mpi_read_binary
                0x0000000000005566                mbedtls_mpi_write_binary_le
                0x000000000000563c                mbedtls_mpi_write_binary
                0x0000000000005720                mbedtls_mpi_shift_l
                0x00000000000058a2                mbedtls_mpi_shift_r
                0x0000000000005a0c                mbedtls_mpi_cmp_abs
                0x0000000000005b3a                mbedtls_mpi_cmp_mpi
                0x0000000000005cfe                mbedtls_mpi_lt_mpi_ct
                0x0000000000005e3c                mbedtls_mpi_cmp_int
                0x0000000000005e88                mbedtls_mpi_add_abs
                0x00000000000060be                mbedtls_mpi_sub_abs
                0x000000000000622e                mbedtls_mpi_add_mpi
                0x00000000000062da                mbedtls_mpi_sub_mpi
                0x0000000000006386                mbedtls_mpi_add_int
                0x00000000000063d6                mbedtls_mpi_sub_int
                0x0000000000007e46                mbedtls_mpi_mul_mpi
                0x0000000000008008                mbedtls_mpi_mul_int
                0x000000000000818a                mbedtls_mpi_div_mpi
                0x00000000000087d6                mbedtls_mpi_div_int
                0x0000000000008828                mbedtls_mpi_mod_mpi
                0x00000000000088c6                mbedtls_mpi_mod_int
                0x0000000000008a4e                mbedtls_mpi_montg_init
                0x0000000000008ba6                mbedtls_mpi_montmul
                0x0000000000008c14                mbedtls_mpi_montred
                0x0000000000008cf8                mbedtls_mpi_exp_mod
                0x0000000000009440                mbedtls_mpi_gcd
                0x00000000000096d8                mbedtls_mpi_fill_random
                0x0000000000009742                mbedtls_mpi_random
                0x00000000000098a6                mbedtls_mpi_inv_mod
                0x000000000000a0ea                mbedtls_mpi_is_prime_ext
                0x000000000000a196                mbedtls_mpi_is_prime
                0x000000000000a1be                mbedtls_mpi_gen_prime
                0x000000000000a4d2                mbedtls_mpi_self_test
 .text          0x000000000000a9f0       0x30 /home/qemu-sgx/devel/optee/optee_os/out/arm/export-ta_arm32/lib/libmbedtls.a(platform_util.o)
                0x000000000000a9f0                mbedtls_platform_zeroize
 .text          0x000000000000aa20     0x1b2c /home/qemu-sgx/devel/optee/optee_os/out/arm/export-ta_arm32/lib/libutils.a(bget_malloc.o)
                0x000000000000ab2c                bget
                0x000000000000aeb8                bgetz
                0x000000000000af60                bgetr
                0x000000000000b028                brel
                0x000000000000b360                bpool
                0x000000000000b45c                bstats
                0x000000000000b616                bget_main_test
                0x000000000000bb24                malloc_reset_stats
                0x000000000000bb82                malloc_get_stats
                0x000000000000c008                malloc
                0x000000000000c0a4                calloc
                0x000000000000c126                realloc
                0x000000000000c174                memalign
                0x000000000000c1ee                free
                0x000000000000c20c                free_wipe
                0x000000000000c4ca                malloc_add_pool
                0x000000000000c4f4                malloc_buffer_is_within_alloced
                0x000000000000c520                malloc_buffer_overlaps_heap
 .text.__aeabi_ldivmod
                0x000000000000c54c       0x18 /home/qemu-sgx/devel/optee/optee_os/out/arm/export-ta_arm32/lib/libutils.a(arm32_aeabi_ldivmod_a32.o)
                0x000000000000c54c                __aeabi_ldivmod
 .text.__aeabi_uldivmod
                0x000000000000c564       0x18 /home/qemu-sgx/devel/optee/optee_os/out/arm/export-ta_arm32/lib/libutils.a(arm32_aeabi_ldivmod_a32.o)
                0x000000000000c564                __aeabi_uldivmod
 .text          0x000000000000c57c     0x1188 /home/qemu-sgx/devel/optee/optee_os/out/arm/export-ta_arm32/lib/libutils.a(snprintk.o)
                0x000000000000c57c                snprintk
                0x000000000000c5b2                vsnprintk
                0x000000000000c5e0                __vsnprintf
                0x000000000000c652                __vsprintf
 .text          0x000000000000d704      0x4a0 /home/qemu-sgx/devel/optee/optee_os/out/arm/export-ta_arm32/lib/libutils.a(trace.o)
                0x000000000000d704                trace_set_level
                0x000000000000d74c                trace_get_level
                0x000000000000d842                trace_printf
                0x000000000000d878                trace_vprintf
                0x000000000000db84                dhex_dump
 .text          0x000000000000dba4      0x290 /home/qemu-sgx/devel/optee/optee_os/out/arm/export-ta_arm32/lib/libutils.a(mempool.o)
                0x000000000000dbd4                mempool_alloc_pool
                0x000000000000dc48                mempool_alloc
                0x000000000000dd3c                mempool_calloc
                0x000000000000ddb8                mempool_free
 .text          0x000000000000de34     0x3ae4 /home/qemu-sgx/devel/optee/optee_os/out/arm/export-ta_arm32/lib/libutee.a(tee_api_operations.o)
                0x000000000000e14c                TEE_AllocateOperation
                0x000000000000ef48                TEE_FreeOperation
                0x000000000000ef92                TEE_GetOperationInfo
                0x000000000000f000                TEE_GetOperationInfoMultiple
                0x000000000000f1cc                TEE_ResetOperation
                0x000000000000f24c                TEE_SetOperationKey
                0x000000000000f396                TEE_SetOperationKey2
                0x000000000000f5c8                TEE_CopyOperation
                0x000000000000f754                TEE_DigestUpdate
                0x000000000000f7b0                TEE_DigestDoFinal
                0x000000000000f86e                TEE_CipherInit
                0x000000000000fc36                TEE_CipherUpdate
                0x000000000000fdec                TEE_CipherDoFinal
                0x00000000000100a4                TEE_MACInit
                0x0000000000010116                TEE_MACUpdate
                0x0000000000010198                TEE_MACComputeFinal
                0x000000000001028c                TEE_MACCompareFinal
                0x000000000001037e                TEE_AEInit
                0x000000000001046c                TEE_AEUpdateAAD
                0x00000000000104e6                TEE_AEUpdate
                0x000000000001068c                TEE_AEEncryptFinal
                0x00000000000108b0                TEE_AEDecryptFinal
                0x0000000000010a90                TEE_AsymmetricEncrypt
                0x0000000000010c52                TEE_AsymmetricDecrypt
                0x0000000000010e14                TEE_AsymmetricSignDigest
                0x0000000000010fc8                TEE_AsymmetricVerifyDigest
                0x0000000000011152                TEE_DeriveKey
                0x0000000000011318                TEE_GenerateRandom
                0x0000000000011344                rand
                0x000000000001136a                TEE_IsAlgorithmSupported
 .text          0x0000000000011918       0x86 out/ta_entry.o
                0x0000000000011918                TA_CreateEntryPoint
                0x0000000000011930                TA_DestroyEntryPoint
                0x0000000000011940                TA_OpenSessionEntryPoint
                0x0000000000011960                TA_CloseSessionEntryPoint
                0x0000000000011978                TA_InvokeCommandEntryPoint
 .text          0x000000000001199e       0x38 out/user_ta_header.o
                0x000000000001199e                __ta_entry_c
                0x00000000000119c2                tahead_get_trace_level
 .text          0x00000000000119d6       0x30 /home/qemu-sgx/devel/optee/optee_os/out/arm/export-ta_arm32/lib/libutils.a(aeabi_unwind.o)
                0x00000000000119d6                __aeabi_unwind_cpp_pr0
                0x00000000000119e6                __aeabi_unwind_cpp_pr1
                0x00000000000119f6                __aeabi_unwind_cpp_pr2
 .text          0x0000000000011a06       0x6a /home/qemu-sgx/devel/optee/optee_os/out/arm/export-ta_arm32/lib/libutils.a(snprintf.o)
                0x0000000000011a06                snprintf
                0x0000000000011a42                vsnprintf
 .text          0x0000000000011a70       0xf2 /home/qemu-sgx/devel/optee/optee_os/out/arm/export-ta_arm32/lib/libutils.a(memcpy.o)
                0x0000000000011a70                memcpy
 .text          0x0000000000011b62      0x13e /home/qemu-sgx/devel/optee/optee_os/out/arm/export-ta_arm32/lib/libutils.a(memmove.o)
                0x0000000000011b62                memmove
 .text          0x0000000000011ca0      0x11c /home/qemu-sgx/devel/optee/optee_os/out/arm/export-ta_arm32/lib/libutils.a(memset.o)
                0x0000000000011ca0                memset
 .text          0x0000000000011dbc       0x8a /home/qemu-sgx/devel/optee/optee_os/out/arm/export-ta_arm32/lib/libutils.a(strlen.o)
                0x0000000000011dbc                strlen
 .text          0x0000000000011e46      0x2e8 /home/qemu-sgx/devel/optee/optee_os/out/arm/export-ta_arm32/lib/libutils.a(arm32_aeabi_ldivmod.o)
                0x0000000000011fec                __ul_divmod
                0x000000000001204e                __l_divmod
 .text          0x000000000001212e       0xb4 /home/qemu-sgx/devel/optee/optee_os/out/arm/export-ta_arm32/lib/libutils.a(consttime_memcmp.o)
                0x000000000001212e                consttime_memcmp
 .text          0x00000000000121e2      0x114 /home/qemu-sgx/devel/optee/optee_os/out/arm/export-ta_arm32/lib/libutils.a(memchr.o)
                0x00000000000121e2                memchr
 .text          0x00000000000122f6     0x10d0 /home/qemu-sgx/devel/optee/optee_os/out/arm/export-ta_arm32/lib/libutee.a(tee_api_objects.o)
                0x00000000000122f6                __utee_from_attr
                0x0000000000012474                TEE_GetObjectInfo
                0x00000000000124e2                TEE_GetObjectInfo1
                0x000000000001252e                TEE_RestrictObjectUsage
                0x000000000001257a                TEE_RestrictObjectUsage1
                0x00000000000125c6                TEE_GetObjectBufferAttribute
                0x0000000000012692                TEE_GetObjectValueAttribute
                0x0000000000012784                TEE_CloseObject
                0x00000000000127b6                TEE_AllocateTransientObject
                0x0000000000012820                TEE_FreeTransientObject
                0x0000000000012880                TEE_ResetTransientObject
                0x00000000000128e0                TEE_PopulateTransientObject
                0x0000000000012a44                TEE_InitRefAttribute
                0x0000000000012a8c                TEE_InitValueAttribute
                0x0000000000012ad4                TEE_CopyObjectAttributes
                0x0000000000012b20                TEE_CopyObjectAttributes1
                0x0000000000012bd8                TEE_GenerateKey
                0x0000000000012cfe                TEE_OpenPersistentObject
                0x0000000000012dbc                TEE_CreatePersistentObject
                0x0000000000012e94                TEE_CloseAndDeletePersistentObject
                0x0000000000012ec6                TEE_CloseAndDeletePersistentObject1
                0x0000000000012f0c                TEE_RenamePersistentObject
                0x0000000000012f7c                TEE_AllocatePersistentObjectEnumerator
                0x0000000000012fd6                TEE_FreePersistentObjectEnumerator
                0x0000000000013008                TEE_ResetPersistentObjectEnumerator
                0x000000000001303a                TEE_StartPersistentObjectEnumerator
                0x0000000000013094                TEE_GetNextPersistentObject
                0x0000000000013156                TEE_ReadObjectData
                0x00000000000131e8                TEE_WriteObjectData
                0x0000000000013266                TEE_TruncateObjectData
                0x00000000000132d2                TEE_SeekObjectData
 .text          0x00000000000133c6        0x0 out/ta_entry_a32.o
 .text          0x00000000000133c6        0x0 /home/qemu-sgx/devel/optee/optee_os/out/arm/export-ta_arm32/lib/libutils.a(arm32_aeabi_ldivmod_a32.o)
 *(SORT_BY_ALIGNMENT(.stub))
 *(SORT_BY_ALIGNMENT(.glue_7))
 .glue_7        0x00000000000133c6        0x0 linker stubs
 *(SORT_BY_ALIGNMENT(.glue_7t))
 .glue_7t       0x00000000000133c6        0x0 linker stubs
 *(SORT_BY_ALIGNMENT(.gnu.linkonce.t.*))
 *(SORT_BY_ALIGNMENT(.vfp11_veneer))
 .vfp11_veneer  0x00000000000133c6        0x0 linker stubs
                0x00000000000133c6                __text_end = .

.v4_bx          0x00000000000133c8        0x0
 .v4_bx         0x00000000000133c8        0x0 linker stubs

.iplt           0x00000000000133c8        0x0
 .iplt          0x00000000000133c8        0x0 out/ta_entry.o

.plt            0x00000000000133c8        0x0
 *(SORT_BY_ALIGNMENT(.plt))
 .plt           0x00000000000133c8        0x0 out/ta_entry.o

.eh_frame_hdr
 *(SORT_BY_ALIGNMENT(.eh_frame_hdr))
 *(SORT_BY_ALIGNMENT(.eh_frame_entry) SORT_BY_ALIGNMENT(.eh_frame_entry.*))

.eh_frame
 *(SORT_BY_ALIGNMENT(.eh_frame))
 *(SORT_BY_ALIGNMENT(.eh_frame.*))

.gcc_except_table
 *(SORT_BY_ALIGNMENT(.gcc_except_table) SORT_BY_ALIGNMENT(.gcc_except_table.*))

.rodata         0x00000000000133c8     0x1236
 *(SORT_BY_ALIGNMENT(.gnu.linkonce.r.*))
 *(SORT_BY_ALIGNMENT(.rodata) SORT_BY_ALIGNMENT(.rodata.*))
 .rodata.user_ta_header.c
                0x00000000000133c8       0xd4 out/user_ta_header.o
                0x00000000000133c8                trace_ext_prefix
                0x00000000000133cc                ta_heap_size
                0x0000000000013498                ta_num_props
 .rodata.lib/libutee/arch/arm/user_ta_entry.c
                0x000000000001349c       0x32 /home/qemu-sgx/devel/optee/optee_os/out/arm/export-ta_arm32/lib/libutee.a(user_ta_entry.o)
 *fill*         0x00000000000134ce        0x2 
 .rodata.lib/libutee/abort.c
                0x00000000000134d0        0x7 /home/qemu-sgx/devel/optee/optee_os/out/arm/export-ta_arm32/lib/libutee.a(abort.o)
 *fill*         0x00000000000134d7        0x1 
 .rodata.lib/libutee/trace_ext.c
                0x00000000000134d8        0x2 /home/qemu-sgx/devel/optee/optee_os/out/arm/export-ta_arm32/lib/libutee.a(trace_ext.o)
 *fill*         0x00000000000134da        0x2 
 .rodata.lib/libutee/tee_api.c
                0x00000000000134dc       0x1f /home/qemu-sgx/devel/optee/optee_os/out/arm/export-ta_arm32/lib/libutee.a(tee_api.o)
 *fill*         0x00000000000134fb        0x1 
 .rodata.lib/libutee/tee_api_arith_mpi.c
                0x00000000000134fc      0x221 /home/qemu-sgx/devel/optee/optee_os/out/arm/export-ta_arm32/lib/libutee.a(tee_api_arith_mpi.o)
 *fill*         0x000000000001371d        0x3 
 .rodata.lib/libutee/tee_api_panic.c
                0x0000000000013720       0x68 /home/qemu-sgx/devel/optee/optee_os/out/arm/export-ta_arm32/lib/libutee.a(tee_api_panic.o)
 .rodata.lib/libutee/tee_system_pta.c
                0x0000000000013788       0x8b /home/qemu-sgx/devel/optee/optee_os/out/arm/export-ta_arm32/lib/libutee.a(tee_system_pta.o)
 *fill*         0x0000000000013813        0x1 
 .rodata.lib/libutee/arch/arm/tcb.c
                0x0000000000013814       0xbc /home/qemu-sgx/devel/optee/optee_os/out/arm/export-ta_arm32/lib/libutee.a(tcb.o)
 .rodata.lib/libutee/assert.c
                0x00000000000138d0       0x27 /home/qemu-sgx/devel/optee/optee_os/out/arm/export-ta_arm32/lib/libutee.a(assert.o)
 *fill*         0x00000000000138f7        0x1 
 .rodata.lib/libmbedtls/mbedtls/library/bignum.c
                0x00000000000138f8      0x742 /home/qemu-sgx/devel/optee/optee_os/out/arm/export-ta_arm32/lib/libmbedtls.a(bignum.o)
 *fill*         0x000000000001403a        0x2 
 .rodata.lib/libutils/isoc/bget_malloc.c
                0x000000000001403c      0x478 /home/qemu-sgx/devel/optee/optee_os/out/arm/export-ta_arm32/lib/libutils.a(bget_malloc.o)
 .rodata.lib/libutils/ext/snprintk.c
                0x00000000000144b4       0x7d /home/qemu-sgx/devel/optee/optee_os/out/arm/export-ta_arm32/lib/libutils.a(snprintk.o)
 *fill*         0x0000000000014531        0x3 
 .rodata.lib/libutils/ext/trace.c
                0x0000000000014534       0x29 /home/qemu-sgx/devel/optee/optee_os/out/arm/export-ta_arm32/lib/libutils.a(trace.o)
 *fill*         0x000000000001455d        0x3 
 .rodata.lib/libutils/ext/mempool.c
                0x0000000000014560       0x9e /home/qemu-sgx/devel/optee/optee_os/out/arm/export-ta_arm32/lib/libutils.a(mempool.o)

.gnu.version_d  0x0000000000014600        0x0
 .gnu.version_d
                0x0000000000014600        0x0 out/ta_entry.o

.gnu.version    0x00000000000145fe        0x0
 .gnu.version   0x00000000000145fe        0x0 out/ta_entry.o

.gnu.version_r  0x0000000000014600        0x0
 .gnu.version_r
                0x0000000000014600        0x0 out/ta_entry.o

.gnu.hash       0x0000000000014600       0x2c
 .gnu.hash      0x0000000000014600       0x2c out/ta_entry.o

.ARM.extab      0x000000000001462c      0xee0
 *(SORT_BY_ALIGNMENT(.ARM.extab*) SORT_BY_ALIGNMENT(.gnu.linkonce.armextab.*))
 .ARM.extab     0x000000000001462c       0x24 out/ta_entry.o
 .ARM.extab     0x0000000000014650        0xc out/user_ta_header.o
 .ARM.extab.text._utee_panic
                0x000000000001465c        0xc /home/qemu-sgx/devel/optee/optee_os/out/arm/export-ta_arm32/lib/libutee.a(utee_syscalls_a32.o)
 .ARM.extab     0x0000000000014668       0xb4 /home/qemu-sgx/devel/optee/optee_os/out/arm/export-ta_arm32/lib/libutee.a(user_ta_entry.o)
 .ARM.extab     0x000000000001471c       0x34 /home/qemu-sgx/devel/optee/optee_os/out/arm/export-ta_arm32/lib/libutee.a(trace_ext.o)
 .ARM.extab     0x0000000000014750      0x120 /home/qemu-sgx/devel/optee/optee_os/out/arm/export-ta_arm32/lib/libutee.a(tee_api.o)
 .ARM.extab     0x0000000000014870      0x204 /home/qemu-sgx/devel/optee/optee_os/out/arm/export-ta_arm32/lib/libutee.a(tee_api_arith_mpi.o)
 .ARM.extab     0x0000000000014a74       0x6c /home/qemu-sgx/devel/optee/optee_os/out/arm/export-ta_arm32/lib/libutee.a(tee_api_panic.o)
 .ARM.extab     0x0000000000014ae0       0x48 /home/qemu-sgx/devel/optee/optee_os/out/arm/export-ta_arm32/lib/libutee.a(tee_system_pta.o)
 .ARM.extab     0x0000000000014b28       0x24 /home/qemu-sgx/devel/optee/optee_os/out/arm/export-ta_arm32/lib/libutee.a(tcb.o)
 .ARM.extab     0x0000000000014b4c        0xc /home/qemu-sgx/devel/optee/optee_os/out/arm/export-ta_arm32/lib/libutee.a(assert.o)
 .ARM.extab     0x0000000000014b58      0x36c /home/qemu-sgx/devel/optee/optee_os/out/arm/export-ta_arm32/lib/libmbedtls.a(bignum.o)
 .ARM.extab     0x0000000000014ec4        0xc /home/qemu-sgx/devel/optee/optee_os/out/arm/export-ta_arm32/lib/libmbedtls.a(platform_util.o)
 .ARM.extab     0x0000000000014ed0      0x234 /home/qemu-sgx/devel/optee/optee_os/out/arm/export-ta_arm32/lib/libutils.a(bget_malloc.o)
 .ARM.extab     0x0000000000015104       0x18 /home/qemu-sgx/devel/optee/optee_os/out/arm/export-ta_arm32/lib/libutils.a(snprintf.o)
 .ARM.extab     0x000000000001511c        0xc /home/qemu-sgx/devel/optee/optee_os/out/arm/export-ta_arm32/lib/libutils.a(memcpy.o)
 .ARM.extab     0x0000000000015128        0xc /home/qemu-sgx/devel/optee/optee_os/out/arm/export-ta_arm32/lib/libutils.a(memmove.o)
 .ARM.extab     0x0000000000015134        0xc /home/qemu-sgx/devel/optee/optee_os/out/arm/export-ta_arm32/lib/libutils.a(memset.o)
 .ARM.extab     0x0000000000015140        0xc /home/qemu-sgx/devel/optee/optee_os/out/arm/export-ta_arm32/lib/libutils.a(strlen.o)
 .ARM.extab.text.__aeabi_ldivmod
                0x000000000001514c        0xc /home/qemu-sgx/devel/optee/optee_os/out/arm/export-ta_arm32/lib/libutils.a(arm32_aeabi_ldivmod_a32.o)
 .ARM.extab.text.__aeabi_uldivmod
                0x0000000000015158        0xc /home/qemu-sgx/devel/optee/optee_os/out/arm/export-ta_arm32/lib/libutils.a(arm32_aeabi_ldivmod_a32.o)
 .ARM.extab     0x0000000000015164       0x30 /home/qemu-sgx/devel/optee/optee_os/out/arm/export-ta_arm32/lib/libutils.a(arm32_aeabi_ldivmod.o)
 .ARM.extab     0x0000000000015194       0x3c /home/qemu-sgx/devel/optee/optee_os/out/arm/export-ta_arm32/lib/libutils.a(snprintk.o)
 .ARM.extab     0x00000000000151d0       0x54 /home/qemu-sgx/devel/optee/optee_os/out/arm/export-ta_arm32/lib/libutils.a(trace.o)
 .ARM.extab     0x0000000000015224       0x48 /home/qemu-sgx/devel/optee/optee_os/out/arm/export-ta_arm32/lib/libutils.a(mempool.o)
 .ARM.extab     0x000000000001526c        0xc /home/qemu-sgx/devel/optee/optee_os/out/arm/export-ta_arm32/lib/libutils.a(consttime_memcmp.o)
 .ARM.extab     0x0000000000015278        0xc /home/qemu-sgx/devel/optee/optee_os/out/arm/export-ta_arm32/lib/libutils.a(memchr.o)
 .ARM.extab     0x0000000000015284      0x12c /home/qemu-sgx/devel/optee/optee_os/out/arm/export-ta_arm32/lib/libutee.a(tee_api_operations.o)
 .ARM.extab     0x00000000000153b0      0x15c /home/qemu-sgx/devel/optee/optee_os/out/arm/export-ta_arm32/lib/libutee.a(tee_api_objects.o)
 .ARM.extab.text.__ta_entry
                0x000000000001550c        0x0 out/ta_entry_a32.o
 .ARM.extab     0x000000000001550c        0x0 /home/qemu-sgx/devel/optee/optee_os/out/arm/export-ta_arm32/lib/libutils.a(aeabi_unwind.o)
 .ARM.extab.text._utee_return
                0x000000000001550c        0x0 /home/qemu-sgx/devel/optee/optee_os/out/arm/export-ta_arm32/lib/libutee.a(utee_syscalls_a32.o)
 .ARM.extab.text._utee_log
                0x000000000001550c        0x0 /home/qemu-sgx/devel/optee/optee_os/out/arm/export-ta_arm32/lib/libutee.a(utee_syscalls_a32.o)
 .ARM.extab.text.__utee_panic
                0x000000000001550c        0x0 /home/qemu-sgx/devel/optee/optee_os/out/arm/export-ta_arm32/lib/libutee.a(utee_syscalls_a32.o)
 .ARM.extab.text._utee_get_property
                0x000000000001550c        0x0 /home/qemu-sgx/devel/optee/optee_os/out/arm/export-ta_arm32/lib/libutee.a(utee_syscalls_a32.o)
 .ARM.extab.text._utee_get_property_name_to_index
                0x000000000001550c        0x0 /home/qemu-sgx/devel/optee/optee_os/out/arm/export-ta_arm32/lib/libutee.a(utee_syscalls_a32.o)
 .ARM.extab.text._utee_open_ta_session
                0x000000000001550c        0x0 /home/qemu-sgx/devel/optee/optee_os/out/arm/export-ta_arm32/lib/libutee.a(utee_syscalls_a32.o)
 .ARM.extab.text._utee_close_ta_session
                0x000000000001550c        0x0 /home/qemu-sgx/devel/optee/optee_os/out/arm/export-ta_arm32/lib/libutee.a(utee_syscalls_a32.o)
 .ARM.extab.text._utee_invoke_ta_command
                0x000000000001550c        0x0 /home/qemu-sgx/devel/optee/optee_os/out/arm/export-ta_arm32/lib/libutee.a(utee_syscalls_a32.o)
 .ARM.extab.text._utee_get_cancellation_flag
                0x000000000001550c        0x0 /home/qemu-sgx/devel/optee/optee_os/out/arm/export-ta_arm32/lib/libutee.a(utee_syscalls_a32.o)
 .ARM.extab.text._utee_check_access_rights
                0x000000000001550c        0x0 /home/qemu-sgx/devel/optee/optee_os/out/arm/export-ta_arm32/lib/libutee.a(utee_syscalls_a32.o)
 .ARM.extab.text._utee_unmask_cancellation
                0x000000000001550c        0x0 /home/qemu-sgx/devel/optee/optee_os/out/arm/export-ta_arm32/lib/libutee.a(utee_syscalls_a32.o)
 .ARM.extab.text._utee_mask_cancellation
                0x000000000001550c        0x0 /home/qemu-sgx/devel/optee/optee_os/out/arm/export-ta_arm32/lib/libutee.a(utee_syscalls_a32.o)
 .ARM.extab.text._utee_wait
                0x000000000001550c        0x0 /home/qemu-sgx/devel/optee/optee_os/out/arm/export-ta_arm32/lib/libutee.a(utee_syscalls_a32.o)
 .ARM.extab.text._utee_get_time
                0x000000000001550c        0x0 /home/qemu-sgx/devel/optee/optee_os/out/arm/export-ta_arm32/lib/libutee.a(utee_syscalls_a32.o)
 .ARM.extab.text._utee_set_ta_time
                0x000000000001550c        0x0 /home/qemu-sgx/devel/optee/optee_os/out/arm/export-ta_arm32/lib/libutee.a(utee_syscalls_a32.o)
 .ARM.extab.text._utee_cryp_state_alloc
                0x000000000001550c        0x0 /home/qemu-sgx/devel/optee/optee_os/out/arm/export-ta_arm32/lib/libutee.a(utee_syscalls_a32.o)
 .ARM.extab.text._utee_cryp_state_copy
                0x000000000001550c        0x0 /home/qemu-sgx/devel/optee/optee_os/out/arm/export-ta_arm32/lib/libutee.a(utee_syscalls_a32.o)
 .ARM.extab.text._utee_cryp_state_free
                0x000000000001550c        0x0 /home/qemu-sgx/devel/optee/optee_os/out/arm/export-ta_arm32/lib/libutee.a(utee_syscalls_a32.o)
 .ARM.extab.text._utee_hash_init
                0x000000000001550c        0x0 /home/qemu-sgx/devel/optee/optee_os/out/arm/export-ta_arm32/lib/libutee.a(utee_syscalls_a32.o)
 .ARM.extab.text._utee_hash_update
                0x000000000001550c        0x0 /home/qemu-sgx/devel/optee/optee_os/out/arm/export-ta_arm32/lib/libutee.a(utee_syscalls_a32.o)
 .ARM.extab.text._utee_hash_final
                0x000000000001550c        0x0 /home/qemu-sgx/devel/optee/optee_os/out/arm/export-ta_arm32/lib/libutee.a(utee_syscalls_a32.o)
 .ARM.extab.text._utee_cipher_init
                0x000000000001550c        0x0 /home/qemu-sgx/devel/optee/optee_os/out/arm/export-ta_arm32/lib/libutee.a(utee_syscalls_a32.o)
 .ARM.extab.text._utee_cipher_update
                0x000000000001550c        0x0 /home/qemu-sgx/devel/optee/optee_os/out/arm/export-ta_arm32/lib/libutee.a(utee_syscalls_a32.o)
 .ARM.extab.text._utee_cipher_final
                0x000000000001550c        0x0 /home/qemu-sgx/devel/optee/optee_os/out/arm/export-ta_arm32/lib/libutee.a(utee_syscalls_a32.o)
 .ARM.extab.text._utee_cryp_obj_get_info
                0x000000000001550c        0x0 /home/qemu-sgx/devel/optee/optee_os/out/arm/export-ta_arm32/lib/libutee.a(utee_syscalls_a32.o)
 .ARM.extab.text._utee_cryp_obj_restrict_usage
                0x000000000001550c        0x0 /home/qemu-sgx/devel/optee/optee_os/out/arm/export-ta_arm32/lib/libutee.a(utee_syscalls_a32.o)
 .ARM.extab.text._utee_cryp_obj_get_attr
                0x000000000001550c        0x0 /home/qemu-sgx/devel/optee/optee_os/out/arm/export-ta_arm32/lib/libutee.a(utee_syscalls_a32.o)
 .ARM.extab.text._utee_cryp_obj_alloc
                0x000000000001550c        0x0 /home/qemu-sgx/devel/optee/optee_os/out/arm/export-ta_arm32/lib/libutee.a(utee_syscalls_a32.o)
 .ARM.extab.text._utee_cryp_obj_close
                0x000000000001550c        0x0 /home/qemu-sgx/devel/optee/optee_os/out/arm/export-ta_arm32/lib/libutee.a(utee_syscalls_a32.o)
 .ARM.extab.text._utee_cryp_obj_reset
                0x000000000001550c        0x0 /home/qemu-sgx/devel/optee/optee_os/out/arm/export-ta_arm32/lib/libutee.a(utee_syscalls_a32.o)
 .ARM.extab.text._utee_cryp_obj_populate
                0x000000000001550c        0x0 /home/qemu-sgx/devel/optee/optee_os/out/arm/export-ta_arm32/lib/libutee.a(utee_syscalls_a32.o)
 .ARM.extab.text._utee_cryp_obj_copy
                0x000000000001550c        0x0 /home/qemu-sgx/devel/optee/optee_os/out/arm/export-ta_arm32/lib/libutee.a(utee_syscalls_a32.o)
 .ARM.extab.text._utee_cryp_derive_key
                0x000000000001550c        0x0 /home/qemu-sgx/devel/optee/optee_os/out/arm/export-ta_arm32/lib/libutee.a(utee_syscalls_a32.o)
 .ARM.extab.text._utee_cryp_random_number_generate
                0x000000000001550c        0x0 /home/qemu-sgx/devel/optee/optee_os/out/arm/export-ta_arm32/lib/libutee.a(utee_syscalls_a32.o)
 .ARM.extab.text._utee_authenc_init
                0x000000000001550c        0x0 /home/qemu-sgx/devel/optee/optee_os/out/arm/export-ta_arm32/lib/libutee.a(utee_syscalls_a32.o)
 .ARM.extab.text._utee_authenc_update_aad
                0x000000000001550c        0x0 /home/qemu-sgx/devel/optee/optee_os/out/arm/export-ta_arm32/lib/libutee.a(utee_syscalls_a32.o)
 .ARM.extab.text._utee_authenc_update_payload
                0x000000000001550c        0x0 /home/qemu-sgx/devel/optee/optee_os/out/arm/export-ta_arm32/lib/libutee.a(utee_syscalls_a32.o)
 .ARM.extab.text._utee_authenc_enc_final
                0x000000000001550c        0x0 /home/qemu-sgx/devel/optee/optee_os/out/arm/export-ta_arm32/lib/libutee.a(utee_syscalls_a32.o)
 .ARM.extab.text._utee_authenc_dec_final
                0x000000000001550c        0x0 /home/qemu-sgx/devel/optee/optee_os/out/arm/export-ta_arm32/lib/libutee.a(utee_syscalls_a32.o)
 .ARM.extab.text._utee_asymm_operate
                0x000000000001550c        0x0 /home/qemu-sgx/devel/optee/optee_os/out/arm/export-ta_arm32/lib/libutee.a(utee_syscalls_a32.o)
 .ARM.extab.text._utee_asymm_verify
                0x000000000001550c        0x0 /home/qemu-sgx/devel/optee/optee_os/out/arm/export-ta_arm32/lib/libutee.a(utee_syscalls_a32.o)
 .ARM.extab.text._utee_storage_obj_open
                0x000000000001550c        0x0 /home/qemu-sgx/devel/optee/optee_os/out/arm/export-ta_arm32/lib/libutee.a(utee_syscalls_a32.o)
 .ARM.extab.text._utee_storage_obj_create
                0x000000000001550c        0x0 /home/qemu-sgx/devel/optee/optee_os/out/arm/export-ta_arm32/lib/libutee.a(utee_syscalls_a32.o)
 .ARM.extab.text._utee_storage_obj_del
                0x000000000001550c        0x0 /home/qemu-sgx/devel/optee/optee_os/out/arm/export-ta_arm32/lib/libutee.a(utee_syscalls_a32.o)
 .ARM.extab.text._utee_storage_obj_rename
                0x000000000001550c        0x0 /home/qemu-sgx/devel/optee/optee_os/out/arm/export-ta_arm32/lib/libutee.a(utee_syscalls_a32.o)
 .ARM.extab.text._utee_storage_alloc_enum
                0x000000000001550c        0x0 /home/qemu-sgx/devel/optee/optee_os/out/arm/export-ta_arm32/lib/libutee.a(utee_syscalls_a32.o)
 .ARM.extab.text._utee_storage_free_enum
                0x000000000001550c        0x0 /home/qemu-sgx/devel/optee/optee_os/out/arm/export-ta_arm32/lib/libutee.a(utee_syscalls_a32.o)
 .ARM.extab.text._utee_storage_reset_enum
                0x000000000001550c        0x0 /home/qemu-sgx/devel/optee/optee_os/out/arm/export-ta_arm32/lib/libutee.a(utee_syscalls_a32.o)
 .ARM.extab.text._utee_storage_start_enum
                0x000000000001550c        0x0 /home/qemu-sgx/devel/optee/optee_os/out/arm/export-ta_arm32/lib/libutee.a(utee_syscalls_a32.o)
 .ARM.extab.text._utee_storage_next_enum
                0x000000000001550c        0x0 /home/qemu-sgx/devel/optee/optee_os/out/arm/export-ta_arm32/lib/libutee.a(utee_syscalls_a32.o)
 .ARM.extab.text._utee_storage_obj_read
                0x000000000001550c        0x0 /home/qemu-sgx/devel/optee/optee_os/out/arm/export-ta_arm32/lib/libutee.a(utee_syscalls_a32.o)
 .ARM.extab.text._utee_storage_obj_write
                0x000000000001550c        0x0 /home/qemu-sgx/devel/optee/optee_os/out/arm/export-ta_arm32/lib/libutee.a(utee_syscalls_a32.o)
 .ARM.extab.text._utee_storage_obj_trunc
                0x000000000001550c        0x0 /home/qemu-sgx/devel/optee/optee_os/out/arm/export-ta_arm32/lib/libutee.a(utee_syscalls_a32.o)
 .ARM.extab.text._utee_storage_obj_seek
                0x000000000001550c        0x0 /home/qemu-sgx/devel/optee/optee_os/out/arm/export-ta_arm32/lib/libutee.a(utee_syscalls_a32.o)
 .ARM.extab.text._utee_cryp_obj_generate_key
                0x000000000001550c        0x0 /home/qemu-sgx/devel/optee/optee_os/out/arm/export-ta_arm32/lib/libutee.a(utee_syscalls_a32.o)
 .ARM.extab.text._utee_cache_operation
                0x000000000001550c        0x0 /home/qemu-sgx/devel/optee/optee_os/out/arm/export-ta_arm32/lib/libutee.a(utee_syscalls_a32.o)
 .ARM.extab     0x000000000001550c        0x0 /home/qemu-sgx/devel/optee/optee_os/out/arm/export-ta_arm32/lib/libutee.a(abort.o)
                [!provide]                        PROVIDE (__exidx_start = .)

.ARM.exidx      0x000000000001550c      0xac8
 *(SORT_BY_ALIGNMENT(.ARM.exidx*) SORT_BY_ALIGNMENT(.gnu.linkonce.armexidx.*))
 .ARM.exidx     0x0000000000015e44       0x20 out/ta_entry.o
                                         0x28 (size before relaxing)
 .ARM.exidx     0x0000000000015e64       0x10 out/user_ta_header.o
 .ARM.exidx.text.__ta_entry
                0x000000000001550c        0x8 out/ta_entry_a32.o
 .ARM.exidx     0x0000000000015e74        0x0 /home/qemu-sgx/devel/optee/optee_os/out/arm/export-ta_arm32/lib/libutils.a(aeabi_unwind.o)
                                         0x18 (size before relaxing)
 .ARM.exidx.text._utee_panic
                0x0000000000015514        0x8 /home/qemu-sgx/devel/optee/optee_os/out/arm/export-ta_arm32/lib/libutee.a(utee_syscalls_a32.o)
 .ARM.exidx.text._utee_return
                0x000000000001551c        0x8 /home/qemu-sgx/devel/optee/optee_os/out/arm/export-ta_arm32/lib/libutee.a(utee_syscalls_a32.o)
 .ARM.exidx.text._utee_log
                0x0000000000015524        0x0 /home/qemu-sgx/devel/optee/optee_os/out/arm/export-ta_arm32/lib/libutee.a(utee_syscalls_a32.o)
                                          0x8 (size before relaxing)
 .ARM.exidx.text.__utee_panic
                0x0000000000015524        0x0 /home/qemu-sgx/devel/optee/optee_os/out/arm/export-ta_arm32/lib/libutee.a(utee_syscalls_a32.o)
                                          0x8 (size before relaxing)
 .ARM.exidx.text._utee_get_property
                0x0000000000015524        0x0 /home/qemu-sgx/devel/optee/optee_os/out/arm/export-ta_arm32/lib/libutee.a(utee_syscalls_a32.o)
                                          0x8 (size before relaxing)
 .ARM.exidx.text._utee_get_property_name_to_index
                0x0000000000015524        0x0 /home/qemu-sgx/devel/optee/optee_os/out/arm/export-ta_arm32/lib/libutee.a(utee_syscalls_a32.o)
                                          0x8 (size before relaxing)
 .ARM.exidx.text._utee_open_ta_session
                0x0000000000015524        0x0 /home/qemu-sgx/devel/optee/optee_os/out/arm/export-ta_arm32/lib/libutee.a(utee_syscalls_a32.o)
                                          0x8 (size before relaxing)
 .ARM.exidx.text._utee_close_ta_session
                0x0000000000015524        0x0 /home/qemu-sgx/devel/optee/optee_os/out/arm/export-ta_arm32/lib/libutee.a(utee_syscalls_a32.o)
                                          0x8 (size before relaxing)
 .ARM.exidx.text._utee_invoke_ta_command
                0x0000000000015524        0x0 /home/qemu-sgx/devel/optee/optee_os/out/arm/export-ta_arm32/lib/libutee.a(utee_syscalls_a32.o)
                                          0x8 (size before relaxing)
 .ARM.exidx.text._utee_get_cancellation_flag
                0x0000000000015524        0x0 /home/qemu-sgx/devel/optee/optee_os/out/arm/export-ta_arm32/lib/libutee.a(utee_syscalls_a32.o)
                                          0x8 (size before relaxing)
 .ARM.exidx.text._utee_check_access_rights
                0x0000000000015524        0x0 /home/qemu-sgx/devel/optee/optee_os/out/arm/export-ta_arm32/lib/libutee.a(utee_syscalls_a32.o)
                                          0x8 (size before relaxing)
 .ARM.exidx.text._utee_unmask_cancellation
                0x0000000000015524        0x0 /home/qemu-sgx/devel/optee/optee_os/out/arm/export-ta_arm32/lib/libutee.a(utee_syscalls_a32.o)
                                          0x8 (size before relaxing)
 .ARM.exidx.text._utee_mask_cancellation
                0x0000000000015524        0x0 /home/qemu-sgx/devel/optee/optee_os/out/arm/export-ta_arm32/lib/libutee.a(utee_syscalls_a32.o)
                                          0x8 (size before relaxing)
 .ARM.exidx.text._utee_wait
                0x0000000000015524        0x0 /home/qemu-sgx/devel/optee/optee_os/out/arm/export-ta_arm32/lib/libutee.a(utee_syscalls_a32.o)
                                          0x8 (size before relaxing)
 .ARM.exidx.text._utee_get_time
                0x0000000000015524        0x0 /home/qemu-sgx/devel/optee/optee_os/out/arm/export-ta_arm32/lib/libutee.a(utee_syscalls_a32.o)
                                          0x8 (size before relaxing)
 .ARM.exidx.text._utee_set_ta_time
                0x0000000000015524        0x0 /home/qemu-sgx/devel/optee/optee_os/out/arm/export-ta_arm32/lib/libutee.a(utee_syscalls_a32.o)
                                          0x8 (size before relaxing)
 .ARM.exidx.text._utee_cryp_state_alloc
                0x0000000000015524        0x0 /home/qemu-sgx/devel/optee/optee_os/out/arm/export-ta_arm32/lib/libutee.a(utee_syscalls_a32.o)
                                          0x8 (size before relaxing)
 .ARM.exidx.text._utee_cryp_state_copy
                0x0000000000015524        0x0 /home/qemu-sgx/devel/optee/optee_os/out/arm/export-ta_arm32/lib/libutee.a(utee_syscalls_a32.o)
                                          0x8 (size before relaxing)
 .ARM.exidx.text._utee_cryp_state_free
                0x0000000000015524        0x0 /home/qemu-sgx/devel/optee/optee_os/out/arm/export-ta_arm32/lib/libutee.a(utee_syscalls_a32.o)
                                          0x8 (size before relaxing)
 .ARM.exidx.text._utee_hash_init
                0x0000000000015524        0x0 /home/qemu-sgx/devel/optee/optee_os/out/arm/export-ta_arm32/lib/libutee.a(utee_syscalls_a32.o)
                                          0x8 (size before relaxing)
 .ARM.exidx.text._utee_hash_update
                0x0000000000015524        0x0 /home/qemu-sgx/devel/optee/optee_os/out/arm/export-ta_arm32/lib/libutee.a(utee_syscalls_a32.o)
                                          0x8 (size before relaxing)
 .ARM.exidx.text._utee_hash_final
                0x0000000000015524        0x0 /home/qemu-sgx/devel/optee/optee_os/out/arm/export-ta_arm32/lib/libutee.a(utee_syscalls_a32.o)
                                          0x8 (size before relaxing)
 .ARM.exidx.text._utee_cipher_init
                0x0000000000015524        0x0 /home/qemu-sgx/devel/optee/optee_os/out/arm/export-ta_arm32/lib/libutee.a(utee_syscalls_a32.o)
                                          0x8 (size before relaxing)
 .ARM.exidx.text._utee_cipher_update
                0x0000000000015524        0x0 /home/qemu-sgx/devel/optee/optee_os/out/arm/export-ta_arm32/lib/libutee.a(utee_syscalls_a32.o)
                                          0x8 (size before relaxing)
 .ARM.exidx.text._utee_cipher_final
                0x0000000000015524        0x0 /home/qemu-sgx/devel/optee/optee_os/out/arm/export-ta_arm32/lib/libutee.a(utee_syscalls_a32.o)
                                          0x8 (size before relaxing)
 .ARM.exidx.text._utee_cryp_obj_get_info
                0x0000000000015524        0x0 /home/qemu-sgx/devel/optee/optee_os/out/arm/export-ta_arm32/lib/libutee.a(utee_syscalls_a32.o)
                                          0x8 (size before relaxing)
 .ARM.exidx.text._utee_cryp_obj_restrict_usage
                0x0000000000015524        0x0 /home/qemu-sgx/devel/optee/optee_os/out/arm/export-ta_arm32/lib/libutee.a(utee_syscalls_a32.o)
                                          0x8 (size before relaxing)
 .ARM.exidx.text._utee_cryp_obj_get_attr
                0x0000000000015524        0x0 /home/qemu-sgx/devel/optee/optee_os/out/arm/export-ta_arm32/lib/libutee.a(utee_syscalls_a32.o)
                                          0x8 (size before relaxing)
 .ARM.exidx.text._utee_cryp_obj_alloc
                0x0000000000015524        0x0 /home/qemu-sgx/devel/optee/optee_os/out/arm/export-ta_arm32/lib/libutee.a(utee_syscalls_a32.o)
                                          0x8 (size before relaxing)
 .ARM.exidx.text._utee_cryp_obj_close
                0x0000000000015524        0x0 /home/qemu-sgx/devel/optee/optee_os/out/arm/export-ta_arm32/lib/libutee.a(utee_syscalls_a32.o)
                                          0x8 (size before relaxing)
 .ARM.exidx.text._utee_cryp_obj_reset
                0x0000000000015524        0x0 /home/qemu-sgx/devel/optee/optee_os/out/arm/export-ta_arm32/lib/libutee.a(utee_syscalls_a32.o)
                                          0x8 (size before relaxing)
 .ARM.exidx.text._utee_cryp_obj_populate
                0x0000000000015524        0x0 /home/qemu-sgx/devel/optee/optee_os/out/arm/export-ta_arm32/lib/libutee.a(utee_syscalls_a32.o)
                                          0x8 (size before relaxing)
 .ARM.exidx.text._utee_cryp_obj_copy
                0x0000000000015524        0x0 /home/qemu-sgx/devel/optee/optee_os/out/arm/export-ta_arm32/lib/libutee.a(utee_syscalls_a32.o)
                                          0x8 (size before relaxing)
 .ARM.exidx.text._utee_cryp_derive_key
                0x0000000000015524        0x0 /home/qemu-sgx/devel/optee/optee_os/out/arm/export-ta_arm32/lib/libutee.a(utee_syscalls_a32.o)
                                          0x8 (size before relaxing)
 .ARM.exidx.text._utee_cryp_random_number_generate
                0x0000000000015524        0x0 /home/qemu-sgx/devel/optee/optee_os/out/arm/export-ta_arm32/lib/libutee.a(utee_syscalls_a32.o)
                                          0x8 (size before relaxing)
 .ARM.exidx.text._utee_authenc_init
                0x0000000000015524        0x0 /home/qemu-sgx/devel/optee/optee_os/out/arm/export-ta_arm32/lib/libutee.a(utee_syscalls_a32.o)
                                          0x8 (size before relaxing)
 .ARM.exidx.text._utee_authenc_update_aad
                0x0000000000015524        0x0 /home/qemu-sgx/devel/optee/optee_os/out/arm/export-ta_arm32/lib/libutee.a(utee_syscalls_a32.o)
                                          0x8 (size before relaxing)
 .ARM.exidx.text._utee_authenc_update_payload
                0x0000000000015524        0x0 /home/qemu-sgx/devel/optee/optee_os/out/arm/export-ta_arm32/lib/libutee.a(utee_syscalls_a32.o)
                                          0x8 (size before relaxing)
 .ARM.exidx.text._utee_authenc_enc_final
                0x0000000000015524        0x0 /home/qemu-sgx/devel/optee/optee_os/out/arm/export-ta_arm32/lib/libutee.a(utee_syscalls_a32.o)
                                          0x8 (size before relaxing)
 .ARM.exidx.text._utee_authenc_dec_final
                0x0000000000015524        0x0 /home/qemu-sgx/devel/optee/optee_os/out/arm/export-ta_arm32/lib/libutee.a(utee_syscalls_a32.o)
                                          0x8 (size before relaxing)
 .ARM.exidx.text._utee_asymm_operate
                0x0000000000015524        0x0 /home/qemu-sgx/devel/optee/optee_os/out/arm/export-ta_arm32/lib/libutee.a(utee_syscalls_a32.o)
                                          0x8 (size before relaxing)
 .ARM.exidx.text._utee_asymm_verify
                0x0000000000015524        0x0 /home/qemu-sgx/devel/optee/optee_os/out/arm/export-ta_arm32/lib/libutee.a(utee_syscalls_a32.o)
                                          0x8 (size before relaxing)
 .ARM.exidx.text._utee_storage_obj_open
                0x0000000000015524        0x0 /home/qemu-sgx/devel/optee/optee_os/out/arm/export-ta_arm32/lib/libutee.a(utee_syscalls_a32.o)
                                          0x8 (size before relaxing)
 .ARM.exidx.text._utee_storage_obj_create
                0x0000000000015524        0x0 /home/qemu-sgx/devel/optee/optee_os/out/arm/export-ta_arm32/lib/libutee.a(utee_syscalls_a32.o)
                                          0x8 (size before relaxing)
 .ARM.exidx.text._utee_storage_obj_del
                0x0000000000015524        0x0 /home/qemu-sgx/devel/optee/optee_os/out/arm/export-ta_arm32/lib/libutee.a(utee_syscalls_a32.o)
                                          0x8 (size before relaxing)
 .ARM.exidx.text._utee_storage_obj_rename
                0x0000000000015524        0x0 /home/qemu-sgx/devel/optee/optee_os/out/arm/export-ta_arm32/lib/libutee.a(utee_syscalls_a32.o)
                                          0x8 (size before relaxing)
 .ARM.exidx.text._utee_storage_alloc_enum
                0x0000000000015524        0x0 /home/qemu-sgx/devel/optee/optee_os/out/arm/export-ta_arm32/lib/libutee.a(utee_syscalls_a32.o)
                                          0x8 (size before relaxing)
 .ARM.exidx.text._utee_storage_free_enum
                0x0000000000015524        0x0 /home/qemu-sgx/devel/optee/optee_os/out/arm/export-ta_arm32/lib/libutee.a(utee_syscalls_a32.o)
                                          0x8 (size before relaxing)
 .ARM.exidx.text._utee_storage_reset_enum
                0x0000000000015524        0x0 /home/qemu-sgx/devel/optee/optee_os/out/arm/export-ta_arm32/lib/libutee.a(utee_syscalls_a32.o)
                                          0x8 (size before relaxing)
 .ARM.exidx.text._utee_storage_start_enum
                0x0000000000015524        0x0 /home/qemu-sgx/devel/optee/optee_os/out/arm/export-ta_arm32/lib/libutee.a(utee_syscalls_a32.o)
                                          0x8 (size before relaxing)
 .ARM.exidx.text._utee_storage_next_enum
                0x0000000000015524        0x0 /home/qemu-sgx/devel/optee/optee_os/out/arm/export-ta_arm32/lib/libutee.a(utee_syscalls_a32.o)
                                          0x8 (size before relaxing)
 .ARM.exidx.text._utee_storage_obj_read
                0x0000000000015524        0x0 /home/qemu-sgx/devel/optee/optee_os/out/arm/export-ta_arm32/lib/libutee.a(utee_syscalls_a32.o)
                                          0x8 (size before relaxing)
 .ARM.exidx.text._utee_storage_obj_write
                0x0000000000015524        0x0 /home/qemu-sgx/devel/optee/optee_os/out/arm/export-ta_arm32/lib/libutee.a(utee_syscalls_a32.o)
                                          0x8 (size before relaxing)
 .ARM.exidx.text._utee_storage_obj_trunc
                0x0000000000015524        0x0 /home/qemu-sgx/devel/optee/optee_os/out/arm/export-ta_arm32/lib/libutee.a(utee_syscalls_a32.o)
                                          0x8 (size before relaxing)
 .ARM.exidx.text._utee_storage_obj_seek
                0x0000000000015524        0x0 /home/qemu-sgx/devel/optee/optee_os/out/arm/export-ta_arm32/lib/libutee.a(utee_syscalls_a32.o)
                                          0x8 (size before relaxing)
 .ARM.exidx.text._utee_cryp_obj_generate_key
                0x0000000000015524        0x0 /home/qemu-sgx/devel/optee/optee_os/out/arm/export-ta_arm32/lib/libutee.a(utee_syscalls_a32.o)
                                          0x8 (size before relaxing)
 .ARM.exidx.text._utee_cache_operation
                0x0000000000015524        0x0 /home/qemu-sgx/devel/optee/optee_os/out/arm/export-ta_arm32/lib/libutee.a(utee_syscalls_a32.o)
                                          0x8 (size before relaxing)
 .ARM.exidx     0x0000000000015524       0x90 /home/qemu-sgx/devel/optee/optee_os/out/arm/export-ta_arm32/lib/libutee.a(user_ta_entry.o)
                                         0x98 (size before relaxing)
 .ARM.exidx     0x00000000000155b4        0x8 /home/qemu-sgx/devel/optee/optee_os/out/arm/export-ta_arm32/lib/libutee.a(abort.o)
 .ARM.exidx     0x00000000000155bc       0x28 /home/qemu-sgx/devel/optee/optee_os/out/arm/export-ta_arm32/lib/libutee.a(trace_ext.o)
 .ARM.exidx     0x00000000000155e4       0xc8 /home/qemu-sgx/devel/optee/optee_os/out/arm/export-ta_arm32/lib/libutee.a(tee_api.o)
 .ARM.exidx     0x00000000000156ac      0x158 /home/qemu-sgx/devel/optee/optee_os/out/arm/export-ta_arm32/lib/libutee.a(tee_api_arith_mpi.o)
 .ARM.exidx     0x0000000000015804       0x48 /home/qemu-sgx/devel/optee/optee_os/out/arm/export-ta_arm32/lib/libutee.a(tee_api_panic.o)
 .ARM.exidx     0x000000000001584c       0x30 /home/qemu-sgx/devel/optee/optee_os/out/arm/export-ta_arm32/lib/libutee.a(tee_system_pta.o)
 .ARM.exidx     0x000000000001587c       0x18 /home/qemu-sgx/devel/optee/optee_os/out/arm/export-ta_arm32/lib/libutee.a(tcb.o)
 .ARM.exidx     0x0000000000015894       0x10 /home/qemu-sgx/devel/optee/optee_os/out/arm/export-ta_arm32/lib/libutee.a(assert.o)
 .ARM.exidx     0x00000000000158a4      0x250 /home/qemu-sgx/devel/optee/optee_os/out/arm/export-ta_arm32/lib/libmbedtls.a(bignum.o)
 .ARM.exidx     0x0000000000015af4        0x8 /home/qemu-sgx/devel/optee/optee_os/out/arm/export-ta_arm32/lib/libmbedtls.a(platform_util.o)
 .ARM.exidx     0x0000000000015afc      0x188 /home/qemu-sgx/devel/optee/optee_os/out/arm/export-ta_arm32/lib/libutils.a(bget_malloc.o)
 .ARM.exidx     0x0000000000015e74       0x10 /home/qemu-sgx/devel/optee/optee_os/out/arm/export-ta_arm32/lib/libutils.a(snprintf.o)
 .ARM.exidx     0x0000000000015e84        0x8 /home/qemu-sgx/devel/optee/optee_os/out/arm/export-ta_arm32/lib/libutils.a(memcpy.o)
 .ARM.exidx     0x0000000000015e8c        0x8 /home/qemu-sgx/devel/optee/optee_os/out/arm/export-ta_arm32/lib/libutils.a(memmove.o)
 .ARM.exidx     0x0000000000015e94        0x8 /home/qemu-sgx/devel/optee/optee_os/out/arm/export-ta_arm32/lib/libutils.a(memset.o)
 .ARM.exidx     0x0000000000015e9c        0x8 /home/qemu-sgx/devel/optee/optee_os/out/arm/export-ta_arm32/lib/libutils.a(strlen.o)
 .ARM.exidx.text.__aeabi_ldivmod
                0x0000000000015c84        0x8 /home/qemu-sgx/devel/optee/optee_os/out/arm/export-ta_arm32/lib/libutils.a(arm32_aeabi_ldivmod_a32.o)
 .ARM.exidx.text.__aeabi_uldivmod
                0x0000000000015c8c        0x8 /home/qemu-sgx/devel/optee/optee_os/out/arm/export-ta_arm32/lib/libutils.a(arm32_aeabi_ldivmod_a32.o)
 .ARM.exidx     0x0000000000015ea4       0x20 /home/qemu-sgx/devel/optee/optee_os/out/arm/export-ta_arm32/lib/libutils.a(arm32_aeabi_ldivmod.o)
 .ARM.exidx     0x0000000000015c94       0x30 /home/qemu-sgx/devel/optee/optee_os/out/arm/export-ta_arm32/lib/libutils.a(snprintk.o)
 .ARM.exidx     0x0000000000015cc4       0x40 /home/qemu-sgx/devel/optee/optee_os/out/arm/export-ta_arm32/lib/libutils.a(trace.o)
 .ARM.exidx     0x0000000000015d04       0x30 /home/qemu-sgx/devel/optee/optee_os/out/arm/export-ta_arm32/lib/libutils.a(mempool.o)
 .ARM.exidx     0x0000000000015ec4        0x8 /home/qemu-sgx/devel/optee/optee_os/out/arm/export-ta_arm32/lib/libutils.a(consttime_memcmp.o)
 .ARM.exidx     0x0000000000015ecc        0x8 /home/qemu-sgx/devel/optee/optee_os/out/arm/export-ta_arm32/lib/libutils.a(memchr.o)
 .ARM.exidx     0x0000000000015d34      0x110 /home/qemu-sgx/devel/optee/optee_os/out/arm/export-ta_arm32/lib/libutee.a(tee_api_operations.o)
                                        0x120 (size before relaxing)
 .ARM.exidx     0x0000000000015ed4      0x100 /home/qemu-sgx/devel/optee/optee_os/out/arm/export-ta_arm32/lib/libutee.a(tee_api_objects.o)
                                         0xf8 (size before relaxing)
                [!provide]                        PROVIDE (__exidx_end = .)

.ctors
 *(SORT_BY_ALIGNMENT(.ctors))

.dtors
 *(SORT_BY_ALIGNMENT(.dtors))

.dynsym         0x0000000000015fd4       0x60
 *(SORT_BY_ALIGNMENT(.dynsym))
 .dynsym        0x0000000000015fd4       0x60 out/ta_entry.o

.dynstr         0x0000000000016034       0x2e
 *(SORT_BY_ALIGNMENT(.dynstr))
 .dynstr        0x0000000000016034       0x2e out/ta_entry.o

.hash           0x0000000000016064       0x2c
 *(SORT_BY_ALIGNMENT(.hash))
 .hash          0x0000000000016064       0x2c out/ta_entry.o
                0x0000000000017000                . = ALIGN (0x1000)

.dynamic        0x0000000000017000       0x88
 *(SORT_BY_ALIGNMENT(.dynamic))
 .dynamic       0x0000000000017000       0x88 out/ta_entry.o
                0x0000000000017000                _DYNAMIC

.tdata
 *(SORT_BY_ALIGNMENT(.tdata) SORT_BY_ALIGNMENT(.tdata.*) SORT_BY_ALIGNMENT(.gnu.linkonce.td.*))

.tbss
 *(SORT_BY_ALIGNMENT(.tbss) SORT_BY_ALIGNMENT(.tbss.*) SORT_BY_ALIGNMENT(.gnu.linkonce.tb.*))
 *(SORT_BY_ALIGNMENT(.tcommon))

.got            0x0000000000017088       0x48
 *(SORT_BY_ALIGNMENT(.got.plt))
 .got.plt       0x0000000000017088        0xc out/ta_entry.o
                0x0000000000017088                _GLOBAL_OFFSET_TABLE_
 *(SORT_BY_ALIGNMENT(.got))
 .got           0x0000000000017094       0x3c out/ta_entry.o

.rel.text
 *(SORT_BY_ALIGNMENT(.rel.text))
 *(SORT_BY_ALIGNMENT(.rel.gnu.linkonce.t*))

.rela.text
 *(SORT_BY_ALIGNMENT(.rela.text))
 *(SORT_BY_ALIGNMENT(.rela.gnu.linkonce.t*))

.rel.data
 *(SORT_BY_ALIGNMENT(.rel.data))
 *(SORT_BY_ALIGNMENT(.rel.gnu.linkonce.d*))

.rela.data
 *(SORT_BY_ALIGNMENT(.rela.data))
 *(SORT_BY_ALIGNMENT(.rela.gnu.linkonce.d*))

.rel.tdata
 *(SORT_BY_ALIGNMENT(.rel.tdata) SORT_BY_ALIGNMENT(.rel.tdata.*) SORT_BY_ALIGNMENT(.rel.gnu.linkonce.td.*))

.rela.tdata
 *(SORT_BY_ALIGNMENT(.rela.tdata) SORT_BY_ALIGNMENT(.rela.tdata.*) SORT_BY_ALIGNMENT(.rela.gnu.linkonce.td.*))

.rel.tbss
 *(SORT_BY_ALIGNMENT(.rel.tbss) SORT_BY_ALIGNMENT(.rel.tbss.*) SORT_BY_ALIGNMENT(.rel.gnu.linkonce.tb.*))

.rela.tbss
 *(SORT_BY_ALIGNMENT(.rela.tbss) SORT_BY_ALIGNMENT(.rela.tbss.*) SORT_BY_ALIGNMENT(.rela.gnu.linkonce.tb.*))

.rel.rodata
 *(SORT_BY_ALIGNMENT(.rel.rodata))
 *(SORT_BY_ALIGNMENT(.rel.gnu.linkonce.r*))

.rela.rodata
 *(SORT_BY_ALIGNMENT(.rela.rodata))
 *(SORT_BY_ALIGNMENT(.rela.gnu.linkonce.r*))

.rel.dyn        0x00000000000170d0       0xa8
 *(SORT_BY_ALIGNMENT(.rel.dyn))
 .rel.data.rel.ro
                0x00000000000170d0        0x0 out/ta_entry.o
 .rel.iplt      0x00000000000170d0        0x0 out/ta_entry.o
 .rel.data.rel.ro.local
                0x00000000000170d0       0x70 out/ta_entry.o
 .rel.data.rel.local
                0x0000000000017140       0x30 out/ta_entry.o
 .rel.data.rel  0x0000000000017170        0x8 out/ta_entry.o

.rel.got        0x0000000000017178       0x78
 *(SORT_BY_ALIGNMENT(.rel.got))
 .rel.got       0x0000000000017178       0x78 out/ta_entry.o

.rela.got
 *(SORT_BY_ALIGNMENT(.rela.got))

.rel.ctors
 *(SORT_BY_ALIGNMENT(.rel.ctors))

.rela.ctors
 *(SORT_BY_ALIGNMENT(.rela.ctors))

.rel.dtors
 *(SORT_BY_ALIGNMENT(.rel.dtors))

.rela.dtors
 *(SORT_BY_ALIGNMENT(.rela.dtors))

.rel.init
 *(SORT_BY_ALIGNMENT(.rel.init))

.rela.init
 *(SORT_BY_ALIGNMENT(.rela.init))

.rel.fini
 *(SORT_BY_ALIGNMENT(.rel.fini))

.rela.fini
 *(SORT_BY_ALIGNMENT(.rela.fini))

.rel.bss        0x00000000000171f0        0x0
 *(SORT_BY_ALIGNMENT(.rel.bss))
 .rel.bss       0x00000000000171f0        0x0 out/ta_entry.o

.rela.bss
 *(SORT_BY_ALIGNMENT(.rela.bss))

.rel.plt        0x00000000000171f0        0x0
 *(SORT_BY_ALIGNMENT(.rel.plt))
 .rel.plt       0x00000000000171f0        0x0 out/ta_entry.o

.rela.plt
 *(SORT_BY_ALIGNMENT(.rela.plt))

.data           0x00000000000171f0       0xe8
 *(SORT_BY_ALIGNMENT(.data) SORT_BY_ALIGNMENT(.data.*) SORT_BY_ALIGNMENT(.gnu.linkonce.d.*))
 .data          0x00000000000171f0        0x4 out/user_ta_header.o
                0x00000000000171f0                trace_level
 .data.rel.ro.local
                0x00000000000171f4       0x54 out/user_ta_header.o
                0x00000000000171f4                ta_props
 .data.rel.local
                0x0000000000017248       0x10 /home/qemu-sgx/devel/optee/optee_os/out/arm/export-ta_arm32/lib/libutee.a(user_ta_entry.o)
 .data.rel      0x0000000000017258        0x4 /home/qemu-sgx/devel/optee/optee_os/out/arm/export-ta_arm32/lib/libmbedtls.a(platform_util.o)
 .data          0x000000000001725c        0x4 /home/qemu-sgx/devel/optee/optee_os/out/arm/export-ta_arm32/lib/libutils.a(bget_malloc.o)
 .data.rel.local
                0x0000000000017260       0x78 /home/qemu-sgx/devel/optee/optee_os/out/arm/export-ta_arm32/lib/libutils.a(bget_malloc.o)
 .data          0x00000000000172d8        0x0 out/ta_entry.o
 .data.rel.ro   0x00000000000172d8        0x0 out/ta_entry.o
 .data          0x00000000000172d8        0x0 out/ta_entry_a32.o
 .data          0x00000000000172d8        0x0 /home/qemu-sgx/devel/optee/optee_os/out/arm/export-ta_arm32/lib/libutils.a(aeabi_unwind.o)
 .data          0x00000000000172d8        0x0 /home/qemu-sgx/devel/optee/optee_os/out/arm/export-ta_arm32/lib/libutee.a(utee_syscalls_a32.o)
 .data          0x00000000000172d8        0x0 /home/qemu-sgx/devel/optee/optee_os/out/arm/export-ta_arm32/lib/libutee.a(user_ta_entry.o)
 .data          0x00000000000172d8        0x0 /home/qemu-sgx/devel/optee/optee_os/out/arm/export-ta_arm32/lib/libutee.a(abort.o)
 .data          0x00000000000172d8        0x0 /home/qemu-sgx/devel/optee/optee_os/out/arm/export-ta_arm32/lib/libutee.a(trace_ext.o)
 .data          0x00000000000172d8        0x0 /home/qemu-sgx/devel/optee/optee_os/out/arm/export-ta_arm32/lib/libutee.a(tee_api.o)
 .data          0x00000000000172d8        0x0 /home/qemu-sgx/devel/optee/optee_os/out/arm/export-ta_arm32/lib/libutee.a(tee_api_arith_mpi.o)
 .data          0x00000000000172d8        0x0 /home/qemu-sgx/devel/optee/optee_os/out/arm/export-ta_arm32/lib/libutee.a(tee_api_panic.o)
 .data          0x00000000000172d8        0x0 /home/qemu-sgx/devel/optee/optee_os/out/arm/export-ta_arm32/lib/libutee.a(tee_system_pta.o)
 .data          0x00000000000172d8        0x0 /home/qemu-sgx/devel/optee/optee_os/out/arm/export-ta_arm32/lib/libutee.a(tcb.o)
 .data          0x00000000000172d8        0x0 /home/qemu-sgx/devel/optee/optee_os/out/arm/export-ta_arm32/lib/libutee.a(assert.o)
 .data          0x00000000000172d8        0x0 /home/qemu-sgx/devel/optee/optee_os/out/arm/export-ta_arm32/lib/libmbedtls.a(bignum.o)
 .data          0x00000000000172d8        0x0 /home/qemu-sgx/devel/optee/optee_os/out/arm/export-ta_arm32/lib/libmbedtls.a(platform_util.o)
 .data          0x00000000000172d8        0x0 /home/qemu-sgx/devel/optee/optee_os/out/arm/export-ta_arm32/lib/libutils.a(snprintf.o)
 .data          0x00000000000172d8        0x0 /home/qemu-sgx/devel/optee/optee_os/out/arm/export-ta_arm32/lib/libutils.a(memcpy.o)
 .data          0x00000000000172d8        0x0 /home/qemu-sgx/devel/optee/optee_os/out/arm/export-ta_arm32/lib/libutils.a(memmove.o)
 .data          0x00000000000172d8        0x0 /home/qemu-sgx/devel/optee/optee_os/out/arm/export-ta_arm32/lib/libutils.a(memset.o)
 .data          0x00000000000172d8        0x0 /home/qemu-sgx/devel/optee/optee_os/out/arm/export-ta_arm32/lib/libutils.a(strlen.o)
 .data          0x00000000000172d8        0x0 /home/qemu-sgx/devel/optee/optee_os/out/arm/export-ta_arm32/lib/libutils.a(arm32_aeabi_ldivmod_a32.o)
 .data          0x00000000000172d8        0x0 /home/qemu-sgx/devel/optee/optee_os/out/arm/export-ta_arm32/lib/libutils.a(arm32_aeabi_ldivmod.o)
 .data          0x00000000000172d8        0x0 /home/qemu-sgx/devel/optee/optee_os/out/arm/export-ta_arm32/lib/libutils.a(snprintk.o)
 .data          0x00000000000172d8        0x0 /home/qemu-sgx/devel/optee/optee_os/out/arm/export-ta_arm32/lib/libutils.a(trace.o)
 .data          0x00000000000172d8        0x0 /home/qemu-sgx/devel/optee/optee_os/out/arm/export-ta_arm32/lib/libutils.a(mempool.o)
 .data          0x00000000000172d8        0x0 /home/qemu-sgx/devel/optee/optee_os/out/arm/export-ta_arm32/lib/libutils.a(consttime_memcmp.o)
 .data          0x00000000000172d8        0x0 /home/qemu-sgx/devel/optee/optee_os/out/arm/export-ta_arm32/lib/libutils.a(memchr.o)
 .data          0x00000000000172d8        0x0 /home/qemu-sgx/devel/optee/optee_os/out/arm/export-ta_arm32/lib/libutee.a(tee_api_operations.o)
 .data          0x00000000000172d8        0x0 /home/qemu-sgx/devel/optee/optee_os/out/arm/export-ta_arm32/lib/libutee.a(tee_api_objects.o)

.igot.plt       0x00000000000172d8        0x0
 .igot.plt      0x00000000000172d8        0x0 out/ta_entry.o

.bss            0x00000000000172d8     0xb060
 *(SORT_BY_ALIGNMENT(.bss) SORT_BY_ALIGNMENT(.bss.*) SORT_BY_ALIGNMENT(.gnu.linkonce.b.*) SORT_BY_ALIGNMENT(COMMON))
 .bss           0x00000000000172d8     0x8000 out/user_ta_header.o
                0x00000000000172d8                ta_heap
 .bss           0x000000000001f2d8       0x38 /home/qemu-sgx/devel/optee/optee_os/out/arm/export-ta_arm32/lib/libutee.a(user_ta_entry.o)
                0x000000000001f2d8                ta_param_types
                0x000000000001f2dc                ta_params
                0x000000000001f2fc                __elf_phdr_info
 .bss           0x000000000001f310        0x4 /home/qemu-sgx/devel/optee/optee_os/out/arm/export-ta_arm32/lib/libutee.a(tee_api.o)
 .bss           0x000000000001f314     0x3000 /home/qemu-sgx/devel/optee/optee_os/out/arm/export-ta_arm32/lib/libutee.a(tee_api_arith_mpi.o)
 .bss           0x0000000000022314        0x4 /home/qemu-sgx/devel/optee/optee_os/out/arm/export-ta_arm32/lib/libutee.a(tee_system_pta.o)
 .bss           0x0000000000022318        0x8 /home/qemu-sgx/devel/optee/optee_os/out/arm/export-ta_arm32/lib/libutee.a(tcb.o)
 .bss           0x0000000000022320        0x4 /home/qemu-sgx/devel/optee/optee_os/out/arm/export-ta_arm32/lib/libmbedtls.a(bignum.o)
                0x0000000000022320                mbedtls_mpi_mempool
 .bss           0x0000000000022324       0x10 /home/qemu-sgx/devel/optee/optee_os/out/arm/export-ta_arm32/lib/libutils.a(bget_malloc.o)
 .bss           0x0000000000022334        0x0 out/ta_entry.o
 .bss           0x0000000000022334        0x0 out/ta_entry_a32.o
 .bss           0x0000000000022334        0x0 /home/qemu-sgx/devel/optee/optee_os/out/arm/export-ta_arm32/lib/libutils.a(aeabi_unwind.o)
 .bss           0x0000000000022334        0x0 /home/qemu-sgx/devel/optee/optee_os/out/arm/export-ta_arm32/lib/libutee.a(utee_syscalls_a32.o)
 .bss           0x0000000000022334        0x0 /home/qemu-sgx/devel/optee/optee_os/out/arm/export-ta_arm32/lib/libutee.a(abort.o)
 .bss           0x0000000000022334        0x0 /home/qemu-sgx/devel/optee/optee_os/out/arm/export-ta_arm32/lib/libutee.a(trace_ext.o)
 .bss           0x0000000000022334        0x0 /home/qemu-sgx/devel/optee/optee_os/out/arm/export-ta_arm32/lib/libutee.a(tee_api_panic.o)
 .bss           0x0000000000022334        0x0 /home/qemu-sgx/devel/optee/optee_os/out/arm/export-ta_arm32/lib/libutee.a(assert.o)
 .bss           0x0000000000022334        0x0 /home/qemu-sgx/devel/optee/optee_os/out/arm/export-ta_arm32/lib/libmbedtls.a(platform_util.o)
 .bss           0x0000000000022334        0x0 /home/qemu-sgx/devel/optee/optee_os/out/arm/export-ta_arm32/lib/libutils.a(snprintf.o)
 .bss           0x0000000000022334        0x0 /home/qemu-sgx/devel/optee/optee_os/out/arm/export-ta_arm32/lib/libutils.a(memcpy.o)
 .bss           0x0000000000022334        0x0 /home/qemu-sgx/devel/optee/optee_os/out/arm/export-ta_arm32/lib/libutils.a(memmove.o)
 .bss           0x0000000000022334        0x0 /home/qemu-sgx/devel/optee/optee_os/out/arm/export-ta_arm32/lib/libutils.a(memset.o)
 .bss           0x0000000000022334        0x0 /home/qemu-sgx/devel/optee/optee_os/out/arm/export-ta_arm32/lib/libutils.a(strlen.o)
 .bss           0x0000000000022334        0x0 /home/qemu-sgx/devel/optee/optee_os/out/arm/export-ta_arm32/lib/libutils.a(arm32_aeabi_ldivmod_a32.o)
 .bss           0x0000000000022334        0x0 /home/qemu-sgx/devel/optee/optee_os/out/arm/export-ta_arm32/lib/libutils.a(arm32_aeabi_ldivmod.o)
 .bss           0x0000000000022334        0x0 /home/qemu-sgx/devel/optee/optee_os/out/arm/export-ta_arm32/lib/libutils.a(snprintk.o)
 .bss           0x0000000000022334        0x0 /home/qemu-sgx/devel/optee/optee_os/out/arm/export-ta_arm32/lib/libutils.a(trace.o)
 .bss           0x0000000000022334        0x0 /home/qemu-sgx/devel/optee/optee_os/out/arm/export-ta_arm32/lib/libutils.a(mempool.o)
 .bss           0x0000000000022334        0x0 /home/qemu-sgx/devel/optee/optee_os/out/arm/export-ta_arm32/lib/libutils.a(consttime_memcmp.o)
 .bss           0x0000000000022334        0x0 /home/qemu-sgx/devel/optee/optee_os/out/arm/export-ta_arm32/lib/libutils.a(memchr.o)
 .bss           0x0000000000022334        0x0 /home/qemu-sgx/devel/optee/optee_os/out/arm/export-ta_arm32/lib/libutee.a(tee_api_operations.o)
 .bss           0x0000000000022334        0x0 /home/qemu-sgx/devel/optee/optee_os/out/arm/export-ta_arm32/lib/libutee.a(tee_api_objects.o)
                0x0000000000022338                . = ALIGN (0x8)
 *fill*         0x0000000000022334        0x4 
                0x0000000000022338                __ftrace_buf_start = .
                0x0000000000022338                . = (. + DEFINED (__gnu_mcount_nc)?0x800:0x0)
                0x0000000000022338                __ftrace_buf_end = .

.dynbss         0x0000000000022338        0x0
 .dynbss        0x0000000000022338        0x0 out/ta_entry.o

/DISCARD/
 *(SORT_BY_ALIGNMENT(.interp))
LOAD out/ta_entry.o
LOAD out/user_ta_header.o
LOAD out/ta_entry_a32.o
START GROUP
LOAD /home/qemu-sgx/devel/optee/optee_os/out/arm/export-ta_arm32/lib/libutils.a
LOAD /home/qemu-sgx/devel/optee/optee_os/out/arm/export-ta_arm32/lib/libutee.a
LOAD /home/qemu-sgx/devel/optee/optee_os/out/arm/export-ta_arm32/lib/libmbedtls.a
LOAD /home/qemu-sgx/devel/optee/optee_os/out/arm/export-ta_arm32/lib/libdl.a
END GROUP
LOAD /home/qemu-sgx/devel/optee/toolchains/aarch32/bin/../lib/gcc/arm-none-linux-gnueabihf/10.2.1/libgcc.a
LOAD /home/qemu-sgx/devel/optee/optee_os/out/arm/export-ta_arm32/lib/libutils.a
OUTPUT(out/c3f6e2c0-3548-11e1-b86c-0800200c9a66.elf elf32-littlearm)
LOAD linker stubs

.debug_info     0x0000000000000000     0xc7cf
 .debug_info    0x0000000000000000      0x1fc out/ta_entry.o
 .debug_info    0x00000000000001fc      0x3a5 out/user_ta_header.o
 .debug_info    0x00000000000005a1       0x26 out/ta_entry_a32.o
 .debug_info    0x00000000000005c7       0x60 /home/qemu-sgx/devel/optee/optee_os/out/arm/export-ta_arm32/lib/libutils.a(aeabi_unwind.o)
 .debug_info    0x0000000000000627       0x22 /home/qemu-sgx/devel/optee/optee_os/out/arm/export-ta_arm32/lib/libutee.a(utee_syscalls_a32.o)
 .debug_info    0x0000000000000649      0xca2 /home/qemu-sgx/devel/optee/optee_os/out/arm/export-ta_arm32/lib/libutee.a(user_ta_entry.o)
 .debug_info    0x00000000000012eb       0x90 /home/qemu-sgx/devel/optee/optee_os/out/arm/export-ta_arm32/lib/libutee.a(abort.o)
 .debug_info    0x000000000000137b      0x1ca /home/qemu-sgx/devel/optee/optee_os/out/arm/export-ta_arm32/lib/libutee.a(trace_ext.o)
 .debug_info    0x0000000000001545      0xbc0 /home/qemu-sgx/devel/optee/optee_os/out/arm/export-ta_arm32/lib/libutee.a(tee_api.o)
 .debug_info    0x0000000000002105     0x1d3a /home/qemu-sgx/devel/optee/optee_os/out/arm/export-ta_arm32/lib/libutee.a(tee_api_arith_mpi.o)
 .debug_info    0x0000000000003e3f      0x32f /home/qemu-sgx/devel/optee/optee_os/out/arm/export-ta_arm32/lib/libutee.a(tee_api_panic.o)
 .debug_info    0x000000000000416e      0x4a9 /home/qemu-sgx/devel/optee/optee_os/out/arm/export-ta_arm32/lib/libutee.a(tee_system_pta.o)
 .debug_info    0x0000000000004617      0x492 /home/qemu-sgx/devel/optee/optee_os/out/arm/export-ta_arm32/lib/libutee.a(tcb.o)
 .debug_info    0x0000000000004aa9       0xf3 /home/qemu-sgx/devel/optee/optee_os/out/arm/export-ta_arm32/lib/libutee.a(assert.o)
 .debug_info    0x0000000000004b9c     0x2678 /home/qemu-sgx/devel/optee/optee_os/out/arm/export-ta_arm32/lib/libmbedtls.a(bignum.o)
 .debug_info    0x0000000000007214       0xf1 /home/qemu-sgx/devel/optee/optee_os/out/arm/export-ta_arm32/lib/libmbedtls.a(platform_util.o)
 .debug_info    0x0000000000007305     0x1791 /home/qemu-sgx/devel/optee/optee_os/out/arm/export-ta_arm32/lib/libutils.a(bget_malloc.o)
 .debug_info    0x0000000000008a96      0x143 /home/qemu-sgx/devel/optee/optee_os/out/arm/export-ta_arm32/lib/libutils.a(snprintf.o)
 .debug_info    0x0000000000008bd9      0x101 /home/qemu-sgx/devel/optee/optee_os/out/arm/export-ta_arm32/lib/libutils.a(memcpy.o)
 .debug_info    0x0000000000008cda      0x101 /home/qemu-sgx/devel/optee/optee_os/out/arm/export-ta_arm32/lib/libutils.a(memmove.o)
 .debug_info    0x0000000000008ddb       0xe7 /home/qemu-sgx/devel/optee/optee_os/out/arm/export-ta_arm32/lib/libutils.a(memset.o)
 .debug_info    0x0000000000008ec2       0xab /home/qemu-sgx/devel/optee/optee_os/out/arm/export-ta_arm32/lib/libutils.a(strlen.o)
 .debug_info    0x0000000000008f6d       0x22 /home/qemu-sgx/devel/optee/optee_os/out/arm/export-ta_arm32/lib/libutils.a(arm32_aeabi_ldivmod_a32.o)
 .debug_info    0x0000000000008f8f      0x218 /home/qemu-sgx/devel/optee/optee_os/out/arm/export-ta_arm32/lib/libutils.a(arm32_aeabi_ldivmod.o)
 .debug_info    0x00000000000091a7      0x58e /home/qemu-sgx/devel/optee/optee_os/out/arm/export-ta_arm32/lib/libutils.a(snprintk.o)
 .debug_info    0x0000000000009735      0x3b9 /home/qemu-sgx/devel/optee/optee_os/out/arm/export-ta_arm32/lib/libutils.a(trace.o)
 .debug_info    0x0000000000009aee      0x373 /home/qemu-sgx/devel/optee/optee_os/out/arm/export-ta_arm32/lib/libutils.a(mempool.o)
 .debug_info    0x0000000000009e61       0xf2 /home/qemu-sgx/devel/optee/optee_os/out/arm/export-ta_arm32/lib/libutils.a(consttime_memcmp.o)
 .debug_info    0x0000000000009f53       0xf9 /home/qemu-sgx/devel/optee/optee_os/out/arm/export-ta_arm32/lib/libutils.a(memchr.o)
 .debug_info    0x000000000000a04c     0x187d /home/qemu-sgx/devel/optee/optee_os/out/arm/export-ta_arm32/lib/libutee.a(tee_api_operations.o)
 .debug_info    0x000000000000b8c9      0xf06 /home/qemu-sgx/devel/optee/optee_os/out/arm/export-ta_arm32/lib/libutee.a(tee_api_objects.o)

.debug_abbrev   0x0000000000000000     0x2803
 .debug_abbrev  0x0000000000000000      0x11c out/ta_entry.o
 .debug_abbrev  0x000000000000011c      0x174 out/user_ta_header.o
 .debug_abbrev  0x0000000000000290       0x14 out/ta_entry_a32.o
 .debug_abbrev  0x00000000000002a4       0x31 /home/qemu-sgx/devel/optee/optee_os/out/arm/export-ta_arm32/lib/libutils.a(aeabi_unwind.o)
 .debug_abbrev  0x00000000000002d5       0x12 /home/qemu-sgx/devel/optee/optee_os/out/arm/export-ta_arm32/lib/libutee.a(utee_syscalls_a32.o)
 .debug_abbrev  0x00000000000002e7      0x2ef /home/qemu-sgx/devel/optee/optee_os/out/arm/export-ta_arm32/lib/libutee.a(user_ta_entry.o)
 .debug_abbrev  0x00000000000005d6       0x4a /home/qemu-sgx/devel/optee/optee_os/out/arm/export-ta_arm32/lib/libutee.a(abort.o)
 .debug_abbrev  0x0000000000000620      0x10d /home/qemu-sgx/devel/optee/optee_os/out/arm/export-ta_arm32/lib/libutee.a(trace_ext.o)
 .debug_abbrev  0x000000000000072d      0x296 /home/qemu-sgx/devel/optee/optee_os/out/arm/export-ta_arm32/lib/libutee.a(tee_api.o)
 .debug_abbrev  0x00000000000009c3      0x305 /home/qemu-sgx/devel/optee/optee_os/out/arm/export-ta_arm32/lib/libutee.a(tee_api_arith_mpi.o)
 .debug_abbrev  0x0000000000000cc8      0x13f /home/qemu-sgx/devel/optee/optee_os/out/arm/export-ta_arm32/lib/libutee.a(tee_api_panic.o)
 .debug_abbrev  0x0000000000000e07      0x185 /home/qemu-sgx/devel/optee/optee_os/out/arm/export-ta_arm32/lib/libutee.a(tee_system_pta.o)
 .debug_abbrev  0x0000000000000f8c      0x1a9 /home/qemu-sgx/devel/optee/optee_os/out/arm/export-ta_arm32/lib/libutee.a(tcb.o)
 .debug_abbrev  0x0000000000001135       0x87 /home/qemu-sgx/devel/optee/optee_os/out/arm/export-ta_arm32/lib/libutee.a(assert.o)
 .debug_abbrev  0x00000000000011bc      0x2d5 /home/qemu-sgx/devel/optee/optee_os/out/arm/export-ta_arm32/lib/libmbedtls.a(bignum.o)
 .debug_abbrev  0x0000000000001491       0xa8 /home/qemu-sgx/devel/optee/optee_os/out/arm/export-ta_arm32/lib/libmbedtls.a(platform_util.o)
 .debug_abbrev  0x0000000000001539      0x315 /home/qemu-sgx/devel/optee/optee_os/out/arm/export-ta_arm32/lib/libutils.a(bget_malloc.o)
 .debug_abbrev  0x000000000000184e       0xf2 /home/qemu-sgx/devel/optee/optee_os/out/arm/export-ta_arm32/lib/libutils.a(snprintf.o)
 .debug_abbrev  0x0000000000001940       0xa9 /home/qemu-sgx/devel/optee/optee_os/out/arm/export-ta_arm32/lib/libutils.a(memcpy.o)
 .debug_abbrev  0x00000000000019e9       0xa9 /home/qemu-sgx/devel/optee/optee_os/out/arm/export-ta_arm32/lib/libutils.a(memmove.o)
 .debug_abbrev  0x0000000000001a92       0x9d /home/qemu-sgx/devel/optee/optee_os/out/arm/export-ta_arm32/lib/libutils.a(memset.o)
 .debug_abbrev  0x0000000000001b2f       0x8c /home/qemu-sgx/devel/optee/optee_os/out/arm/export-ta_arm32/lib/libutils.a(strlen.o)