Archive member included to satisfy reference by file (symbol)

/home/qemu-sgx/devel/optee/optee_os/out/arm/export-ta_arm32/lib/libutils.a(trace.o)
                              out/storage.o (trace_printf)
/home/qemu-sgx/devel/optee/optee_os/out/arm/export-ta_arm32/lib/libutils.a(aeabi_unwind.o)
                              out/ta_entry.o (__aeabi_unwind_cpp_pr0)
/home/qemu-sgx/devel/optee/optee_os/out/arm/export-ta_arm32/lib/libutils.a(snprintk.o)
                              /home/qemu-sgx/devel/optee/optee_os/out/arm/export-ta_arm32/lib/libutils.a(trace.o) (snprintk)
/home/qemu-sgx/devel/optee/optee_os/out/arm/export-ta_arm32/lib/libutils.a(memchr.o)
                              /home/qemu-sgx/devel/optee/optee_os/out/arm/export-ta_arm32/lib/libutils.a(snprintk.o) (memchr)
/home/qemu-sgx/devel/optee/optee_os/out/arm/export-ta_arm32/lib/libutils.a(strlen.o)
                              /home/qemu-sgx/devel/optee/optee_os/out/arm/export-ta_arm32/lib/libutils.a(snprintk.o) (strlen)
/home/qemu-sgx/devel/optee/optee_os/out/arm/export-ta_arm32/lib/libutils.a(arm32_aeabi_ldivmod_a32.o)
                              /home/qemu-sgx/devel/optee/optee_os/out/arm/export-ta_arm32/lib/libutils.a(snprintk.o) (__aeabi_uldivmod)
/home/qemu-sgx/devel/optee/optee_os/out/arm/export-ta_arm32/lib/libutils.a(arm32_aeabi_ldivmod.o)
                              /home/qemu-sgx/devel/optee/optee_os/out/arm/export-ta_arm32/lib/libutils.a(arm32_aeabi_ldivmod_a32.o) (__ul_divmod)
/home/qemu-sgx/devel/optee/optee_os/out/arm/export-ta_arm32/lib/libutee.a(trace_ext.o)
                              /home/qemu-sgx/devel/optee/optee_os/out/arm/export-ta_arm32/lib/libutils.a(trace.o) (trace_ext_puts)
/home/qemu-sgx/devel/optee/optee_os/out/arm/export-ta_arm32/lib/libutee.a(tee_api.o)
                              out/storage.o (TEE_MemMove)
/home/qemu-sgx/devel/optee/optee_os/out/arm/export-ta_arm32/lib/libutee.a(tee_api_objects.o)
                              out/storage.o (TEE_GetObjectInfo)
/home/qemu-sgx/devel/optee/optee_os/out/arm/export-ta_arm32/lib/libutee.a(tee_api_operations.o)
                              out/storage.o (TEE_AllocateOperation)
/home/qemu-sgx/devel/optee/optee_os/out/arm/export-ta_arm32/lib/libutee.a(tee_api_panic.o)
                              /home/qemu-sgx/devel/optee/optee_os/out/arm/export-ta_arm32/lib/libutee.a(tee_api.o) (TEE_Panic)
/home/qemu-sgx/devel/optee/optee_os/out/arm/export-ta_arm32/lib/libutee.a(tee_system_pta.o)
                              /home/qemu-sgx/devel/optee/optee_os/out/arm/export-ta_arm32/lib/libutee.a(tee_api.o) (tee_map_zi)
/home/qemu-sgx/devel/optee/optee_os/out/arm/export-ta_arm32/lib/libutee.a(utee_syscalls_a32.o)
                              /home/qemu-sgx/devel/optee/optee_os/out/arm/export-ta_arm32/lib/libutee.a(tee_api_panic.o) (_utee_panic)
/home/qemu-sgx/devel/optee/optee_os/out/arm/export-ta_arm32/lib/libutee.a(user_ta_entry.o)
                              out/user_ta_header.o (__utee_entry)
/home/qemu-sgx/devel/optee/optee_os/out/arm/export-ta_arm32/lib/libutee.a(abort.o)
                              /home/qemu-sgx/devel/optee/optee_os/out/arm/export-ta_arm32/lib/libutee.a(user_ta_entry.o) (abort)
/home/qemu-sgx/devel/optee/optee_os/out/arm/export-ta_arm32/lib/libutee.a(tee_api_arith_mpi.o)
                              /home/qemu-sgx/devel/optee/optee_os/out/arm/export-ta_arm32/lib/libutee.a(user_ta_entry.o) (_TEE_MathAPI_Init)
/home/qemu-sgx/devel/optee/optee_os/out/arm/export-ta_arm32/lib/libutee.a(tcb.o)
                              /home/qemu-sgx/devel/optee/optee_os/out/arm/export-ta_arm32/lib/libutee.a(user_ta_entry.o) (__utee_tcb_init)
/home/qemu-sgx/devel/optee/optee_os/out/arm/export-ta_arm32/lib/libutee.a(assert.o)
                              /home/qemu-sgx/devel/optee/optee_os/out/arm/export-ta_arm32/lib/libutee.a(tcb.o) (_assert_log)
/home/qemu-sgx/devel/optee/optee_os/out/arm/export-ta_arm32/lib/libmbedtls.a(bignum.o)
                              /home/qemu-sgx/devel/optee/optee_os/out/arm/export-ta_arm32/lib/libutee.a(tee_api_arith_mpi.o) (mbedtls_mpi_mempool)
/home/qemu-sgx/devel/optee/optee_os/out/arm/export-ta_arm32/lib/libmbedtls.a(platform_util.o)
                              /home/qemu-sgx/devel/optee/optee_os/out/arm/export-ta_arm32/lib/libmbedtls.a(bignum.o) (mbedtls_platform_zeroize)
/home/qemu-sgx/devel/optee/optee_os/out/arm/export-ta_arm32/lib/libutils.a(bget_malloc.o)
                              /home/qemu-sgx/devel/optee/optee_os/out/arm/export-ta_arm32/lib/libutee.a(tee_api.o) (malloc)
/home/qemu-sgx/devel/optee/optee_os/out/arm/export-ta_arm32/lib/libutils.a(snprintf.o)
                              /home/qemu-sgx/devel/optee/optee_os/out/arm/export-ta_arm32/lib/libutee.a(trace_ext.o) (vsnprintf)
/home/qemu-sgx/devel/optee/optee_os/out/arm/export-ta_arm32/lib/libutils.a(memcpy.o)
                              /home/qemu-sgx/devel/optee/optee_os/out/arm/export-ta_arm32/lib/libutee.a(tee_api.o) (memcpy)
[...]
Memory Configuration

Name             Origin             Length             Attributes
*default*        0x0000000000000000 0xffffffffffffffff

Linker script and memory map


.ta_head        0x0000000000000000       0x20
 *(SORT_BY_ALIGNMENT(.ta_head))
 .ta_head       0x0000000000000000       0x20 out/user_ta_header.o
                0x0000000000000000                ta_head

.text           0x0000000000000020    0x143dc
                0x0000000000000020                __text_start = .
 *(SORT_BY_ALIGNMENT(.text) SORT_BY_ALIGNMENT(.text.*))
 .text          0x0000000000000020      0xeb0 out/storage.o
                0x0000000000000020                ta_storage_cmd_open
                0x00000000000000f0                ta_storage_cmd_create
                0x00000000000001f4                ta_storage_cmd_create_overwrite
                0x00000000000002ca                ta_storage_cmd_close
                0x00000000000002fe                ta_storage_cmd_read
                0x0000000000000390                ta_storage_cmd_write
                0x0000000000000414                ta_storage_cmd_seek
                0x0000000000000492                ta_storage_cmd_unlink
                0x00000000000004c8                ta_storage_cmd_rename
                0x000000000000058a                ta_storage_cmd_trunc
                0x00000000000005c4                ta_storage_cmd_alloc_enum
                0x0000000000000610                ta_storage_cmd_free_enum
                0x0000000000000646                ta_storage_cmd_reset_enum
                0x000000000000067c                ta_storage_cmd_start_enum
                0x00000000000006b6                ta_storage_cmd_next_enum
                0x000000000000089a                ta_storage_cmd_key_in_persistent
                0x0000000000000c28                ta_storage_cmd_loop
                0x0000000000000d24                ta_storage_cmd_restrict_usage
                0x0000000000000d66                ta_storage_cmd_alloc_obj
                0x0000000000000dbc                ta_storage_cmd_free_obj
                0x0000000000000df8                ta_storage_cmd_reset_obj
                0x0000000000000e34                ta_storage_cmd_get_obj_info
 .text          0x0000000000000ed0      0x20c out/ta_entry.o
                0x0000000000000ed0                TA_CreateEntryPoint
                0x0000000000000ee4                TA_DestroyEntryPoint
                0x0000000000000ef4                TA_OpenSessionEntryPoint
                0x0000000000000f14                TA_CloseSessionEntryPoint
                0x0000000000000f2c                TA_InvokeCommandEntryPoint
 .text.__ta_entry
                0x00000000000010dc        0x4 out/ta_entry_a32.o
                0x00000000000010dc                __ta_entry
 .text          0x00000000000010e0      0x4a0 /home/qemu-sgx/devel/optee/optee_os/out/arm/export-ta_arm32/lib/libutils.a(trace.o)
                0x00000000000010e0                trace_set_level
                0x0000000000001128                trace_get_level
                0x000000000000121e                trace_printf
                0x0000000000001254                trace_vprintf
                0x0000000000001560                dhex_dump
 .text          0x0000000000001580     0x1188 /home/qemu-sgx/devel/optee/optee_os/out/arm/export-ta_arm32/lib/libutils.a(snprintk.o)
                0x0000000000001580                snprintk
                0x00000000000015b6                vsnprintk
                0x00000000000015e4                __vsnprintf
                0x0000000000001656                __vsprintf
 .text.__aeabi_ldivmod
                0x0000000000002708       0x18 /home/qemu-sgx/devel/optee/optee_os/out/arm/export-ta_arm32/lib/libutils.a(arm32_aeabi_ldivmod_a32.o)
                0x0000000000002708                __aeabi_ldivmod
 .text.__aeabi_uldivmod
                0x0000000000002720       0x18 /home/qemu-sgx/devel/optee/optee_os/out/arm/export-ta_arm32/lib/libutils.a(arm32_aeabi_ldivmod_a32.o)
                0x0000000000002720                __aeabi_uldivmod
 .text          0x0000000000002738      0x11c /home/qemu-sgx/devel/optee/optee_os/out/arm/export-ta_arm32/lib/libutee.a(trace_ext.o)
                0x0000000000002738                trace_ext_puts
                0x000000000000275c                trace_ext_get_thread_id
                0x0000000000002770                printf
                0x00000000000027e4                puts
                0x000000000000281c                putchar
 .text          0x0000000000002854      0xa80 /home/qemu-sgx/devel/optee/optee_os/out/arm/export-ta_arm32/lib/libutee.a(tee_api.o)
                0x0000000000002c62                TEE_OpenTASession
                0x0000000000002d50                TEE_CloseTASession
                0x0000000000002d80                TEE_InvokeTACommand
                0x0000000000002ea6                TEE_GetCancellationFlag
                0x0000000000002eda                TEE_UnmaskCancellation
                0x0000000000002f0e                TEE_MaskCancellation
                0x0000000000002f42                TEE_CheckMemoryAccessRights
                0x0000000000002f84                TEE_SetInstanceData
                0x0000000000002fa8                TEE_GetInstanceData
                0x0000000000002fc4                TEE_MemMove
                0x0000000000002fe8                TEE_MemCompare
                0x000000000000300c                TEE_MemFill
                0x0000000000003032                TEE_GetSystemTime
                0x000000000000305e                TEE_Wait
                0x0000000000003096                TEE_GetTAPersistentTime
                0x000000000000311a                TEE_SetTAPersistentTime
                0x0000000000003160                TEE_GetREETime
                0x000000000000318c                TEE_Malloc
                0x0000000000003200                TEE_Realloc
                0x0000000000003246                TEE_Free
                0x0000000000003266                TEE_CacheClean
                0x000000000000328a                TEE_CacheFlush
                0x00000000000032ae                TEE_CacheInvalidate
 .text          0x00000000000032d4     0x3ae4 /home/qemu-sgx/devel/optee/optee_os/out/arm/export-ta_arm32/lib/libutee.a(tee_api_operations.o)
                0x00000000000035ec                TEE_AllocateOperation
                0x00000000000043e8                TEE_FreeOperation
                0x0000000000004432                TEE_GetOperationInfo
                0x00000000000044a0                TEE_GetOperationInfoMultiple
                0x000000000000466c                TEE_ResetOperation
                0x00000000000046ec                TEE_SetOperationKey
                0x0000000000004836                TEE_SetOperationKey2
                0x0000000000004a68                TEE_CopyOperation
                0x0000000000004bf4                TEE_DigestUpdate
                0x0000000000004c50                TEE_DigestDoFinal
                0x0000000000004d0e                TEE_CipherInit
                0x00000000000050d6                TEE_CipherUpdate
                0x000000000000528c                TEE_CipherDoFinal
                0x0000000000005544                TEE_MACInit
                0x00000000000055b6                TEE_MACUpdate
                0x0000000000005638                TEE_MACComputeFinal
                0x000000000000572c                TEE_MACCompareFinal
                0x000000000000581e                TEE_AEInit
                0x000000000000590c                TEE_AEUpdateAAD
                0x0000000000005986                TEE_AEUpdate
                0x0000000000005b2c                TEE_AEEncryptFinal
                0x0000000000005d50                TEE_AEDecryptFinal
                0x0000000000005f30                TEE_AsymmetricEncrypt
                0x00000000000060f2                TEE_AsymmetricDecrypt
                0x00000000000062b4                TEE_AsymmetricSignDigest
                0x0000000000006468                TEE_AsymmetricVerifyDigest
                0x00000000000065f2                TEE_DeriveKey
                0x00000000000067b8                TEE_GenerateRandom
                0x00000000000067e4                rand
                0x000000000000680a                TEE_IsAlgorithmSupported
 .text          0x0000000000006db8      0x21c /home/qemu-sgx/devel/optee/optee_os/out/arm/export-ta_arm32/lib/libutee.a(tee_api_panic.o)
                0x0000000000006db8                TEE_Panic
                0x0000000000006e36                __utee_check_outbuf_annotation
                0x0000000000006e90                __utee_check_instring_annotation
                0x0000000000006ed0                __utee_check_outstring_annotation
                0x0000000000006f28                __utee_check_out_annotation
                0x0000000000006f5c                __utee_check_attr_in_annotation
                0x0000000000006fa0                __utee_check_inout_annotation
 .text          0x0000000000006fd4      0x330 /home/qemu-sgx/devel/optee/optee_os/out/arm/export-ta_arm32/lib/libutee.a(tee_system_pta.o)
                0x00000000000070f0                tee_map_zi
                0x0000000000007188                tee_unmap
                0x0000000000007238                tee_invoke_supp_plugin
 .text          0x0000000000007304        0x0 /home/qemu-sgx/devel/optee/optee_os/out/arm/export-ta_arm32/lib/libutee.a(utee_syscalls_a32.o)
 .text._utee_panic
                0x0000000000007304       0x14 /home/qemu-sgx/devel/optee/optee_os/out/arm/export-ta_arm32/lib/libutee.a(utee_syscalls_a32.o)
                0x0000000000007304                _utee_panic
 .text._utee_return
                0x0000000000007318       0x14 /home/qemu-sgx/devel/optee/optee_os/out/arm/export-ta_arm32/lib/libutee.a(utee_syscalls_a32.o)
                0x0000000000007318                _utee_return
 .text._utee_log
                0x000000000000732c       0x14 /home/qemu-sgx/devel/optee/optee_os/out/arm/export-ta_arm32/lib/libutee.a(utee_syscalls_a32.o)
                0x000000000000732c                _utee_log
 .text.__utee_panic
                0x0000000000007340       0x14 /home/qemu-sgx/devel/optee/optee_os/out/arm/export-ta_arm32/lib/libutee.a(utee_syscalls_a32.o)
                0x0000000000007340                __utee_panic
 .text._utee_get_property
                0x0000000000007354       0x18 /home/qemu-sgx/devel/optee/optee_os/out/arm/export-ta_arm32/lib/libutee.a(utee_syscalls_a32.o)
                0x0000000000007354                _utee_get_property
 .text._utee_get_property_name_to_index
                0x000000000000736c       0x14 /home/qemu-sgx/devel/optee/optee_os/out/arm/export-ta_arm32/lib/libutee.a(utee_syscalls_a32.o)
                0x000000000000736c                _utee_get_property_name_to_index
 .text._utee_open_ta_session
                0x0000000000007380       0x18 /home/qemu-sgx/devel/optee/optee_os/out/arm/export-ta_arm32/lib/libutee.a(utee_syscalls_a32.o)
                0x0000000000007380                _utee_open_ta_session
 .text._utee_close_ta_session
                0x0000000000007398       0x14 /home/qemu-sgx/devel/optee/optee_os/out/arm/export-ta_arm32/lib/libutee.a(utee_syscalls_a32.o)
                0x0000000000007398                _utee_close_ta_session
 .text._utee_invoke_ta_command
                0x00000000000073ac       0x18 /home/qemu-sgx/devel/optee/optee_os/out/arm/export-ta_arm32/lib/libutee.a(utee_syscalls_a32.o)
                0x00000000000073ac                _utee_invoke_ta_command
 .text._utee_get_cancellation_flag
                0x00000000000073c4       0x14 /home/qemu-sgx/devel/optee/optee_os/out/arm/export-ta_arm32/lib/libutee.a(utee_syscalls_a32.o)
                0x00000000000073c4                _utee_get_cancellation_flag
 .text._utee_check_access_rights
                0x00000000000073d8       0x14 /home/qemu-sgx/devel/optee/optee_os/out/arm/export-ta_arm32/lib/libutee.a(utee_syscalls_a32.o)
                0x00000000000073d8                _utee_check_access_rights
 .text._utee_unmask_cancellation
                0x00000000000073ec       0x14 /home/qemu-sgx/devel/optee/optee_os/out/arm/export-ta_arm32/lib/libutee.a(utee_syscalls_a32.o)
                0x00000000000073ec                _utee_unmask_cancellation
 .text._utee_mask_cancellation
                0x0000000000007400       0x14 /home/qemu-sgx/devel/optee/optee_os/out/arm/export-ta_arm32/lib/libutee.a(utee_syscalls_a32.o)
                0x0000000000007400                _utee_mask_cancellation
 .text._utee_wait
                0x0000000000007414       0x14 /home/qemu-sgx/devel/optee/optee_os/out/arm/export-ta_arm32/lib/libutee.a(utee_syscalls_a32.o)
                0x0000000000007414                _utee_wait
 .text._utee_get_time
                0x0000000000007428       0x14 /home/qemu-sgx/devel/optee/optee_os/out/arm/export-ta_arm32/lib/libutee.a(utee_syscalls_a32.o)
                0x0000000000007428                _utee_get_time
 .text._utee_set_ta_time
                0x000000000000743c       0x14 /home/qemu-sgx/devel/optee/optee_os/out/arm/export-ta_arm32/lib/libutee.a(utee_syscalls_a32.o)
                0x000000000000743c                _utee_set_ta_time
 .text._utee_cryp_state_alloc
                0x0000000000007450       0x18 /home/qemu-sgx/devel/optee/optee_os/out/arm/export-ta_arm32/lib/libutee.a(utee_syscalls_a32.o)
                0x0000000000007450                _utee_cryp_state_alloc
 .text._utee_cryp_state_copy
                0x0000000000007468       0x14 /home/qemu-sgx/devel/optee/optee_os/out/arm/export-ta_arm32/lib/libutee.a(utee_syscalls_a32.o)
                0x0000000000007468                _utee_cryp_state_copy
 .text._utee_cryp_state_free
                0x000000000000747c       0x14 /home/qemu-sgx/devel/optee/optee_os/out/arm/export-ta_arm32/lib/libutee.a(utee_syscalls_a32.o)
                0x000000000000747c                _utee_cryp_state_free
 .text._utee_hash_init
                0x0000000000007490       0x14 /home/qemu-sgx/devel/optee/optee_os/out/arm/export-ta_arm32/lib/libutee.a(utee_syscalls_a32.o)
                0x0000000000007490                _utee_hash_init
 .text._utee_hash_update
                0x00000000000074a4       0x14 /home/qemu-sgx/devel/optee/optee_os/out/arm/export-ta_arm32/lib/libutee.a(utee_syscalls_a32.o)
                0x00000000000074a4                _utee_hash_update
 .text._utee_hash_final
                0x00000000000074b8       0x18 /home/qemu-sgx/devel/optee/optee_os/out/arm/export-ta_arm32/lib/libutee.a(utee_syscalls_a32.o)
                0x00000000000074b8                _utee_hash_final
 .text._utee_cipher_init
                0x00000000000074d0       0x14 /home/qemu-sgx/devel/optee/optee_os/out/arm/export-ta_arm32/lib/libutee.a(utee_syscalls_a32.o)
                0x00000000000074d0                _utee_cipher_init
 .text._utee_cipher_update
                0x00000000000074e4       0x18 /home/qemu-sgx/devel/optee/optee_os/out/arm/export-ta_arm32/lib/libutee.a(utee_syscalls_a32.o)
                0x00000000000074e4                _utee_cipher_update
 .text._utee_cipher_final
                0x00000000000074fc       0x18 /home/qemu-sgx/devel/optee/optee_os/out/arm/export-ta_arm32/lib/libutee.a(utee_syscalls_a32.o)
                0x00000000000074fc                _utee_cipher_final
 .text._utee_cryp_obj_get_info
                0x0000000000007514       0x14 /home/qemu-sgx/devel/optee/optee_os/out/arm/export-ta_arm32/lib/libutee.a(utee_syscalls_a32.o)
                0x0000000000007514                _utee_cryp_obj_get_info
 .text._utee_cryp_obj_restrict_usage
                0x0000000000007528       0x14 /home/qemu-sgx/devel/optee/optee_os/out/arm/export-ta_arm32/lib/libutee.a(utee_syscalls_a32.o)
                0x0000000000007528                _utee_cryp_obj_restrict_usage
 .text._utee_cryp_obj_get_attr
                0x000000000000753c       0x14 /home/qemu-sgx/devel/optee/optee_os/out/arm/export-ta_arm32/lib/libutee.a(utee_syscalls_a32.o)
                0x000000000000753c                _utee_cryp_obj_get_attr
 .text._utee_cryp_obj_alloc
                0x0000000000007550       0x14 /home/qemu-sgx/devel/optee/optee_os/out/arm/export-ta_arm32/lib/libutee.a(utee_syscalls_a32.o)
                0x0000000000007550                _utee_cryp_obj_alloc
 .text._utee_cryp_obj_close
                0x0000000000007564       0x14 /home/qemu-sgx/devel/optee/optee_os/out/arm/export-ta_arm32/lib/libutee.a(utee_syscalls_a32.o)
                0x0000000000007564                _utee_cryp_obj_close
 .text._utee_cryp_obj_reset
                0x0000000000007578       0x14 /home/qemu-sgx/devel/optee/optee_os/out/arm/export-ta_arm32/lib/libutee.a(utee_syscalls_a32.o)
                0x0000000000007578                _utee_cryp_obj_reset
 .text._utee_cryp_obj_populate
                0x000000000000758c       0x14 /home/qemu-sgx/devel/optee/optee_os/out/arm/export-ta_arm32/lib/libutee.a(utee_syscalls_a32.o)
                0x000000000000758c                _utee_cryp_obj_populate
 .text._utee_cryp_obj_copy
                0x00000000000075a0       0x14 /home/qemu-sgx/devel/optee/optee_os/out/arm/export-ta_arm32/lib/libutee.a(utee_syscalls_a32.o)
                0x00000000000075a0                _utee_cryp_obj_copy
 .text._utee_cryp_derive_key
                0x00000000000075b4       0x14 /home/qemu-sgx/devel/optee/optee_os/out/arm/export-ta_arm32/lib/libutee.a(utee_syscalls_a32.o)
                0x00000000000075b4                _utee_cryp_derive_key
 .text._utee_cryp_random_number_generate
                0x00000000000075c8       0x14 /home/qemu-sgx/devel/optee/optee_os/out/arm/export-ta_arm32/lib/libutee.a(utee_syscalls_a32.o)
                0x00000000000075c8                _utee_cryp_random_number_generate
 .text._utee_authenc_init
                0x00000000000075dc       0x18 /home/qemu-sgx/devel/optee/optee_os/out/arm/export-ta_arm32/lib/libutee.a(utee_syscalls_a32.o)
                0x00000000000075dc                _utee_authenc_init
 .text._utee_authenc_update_aad
                0x00000000000075f4       0x14 /home/qemu-sgx/devel/optee/optee_os/out/arm/export-ta_arm32/lib/libutee.a(utee_syscalls_a32.o)
                0x00000000000075f4                _utee_authenc_update_aad
 .text._utee_authenc_update_payload
                0x0000000000007608       0x18 /home/qemu-sgx/devel/optee/optee_os/out/arm/export-ta_arm32/lib/libutee.a(utee_syscalls_a32.o)
                0x0000000000007608                _utee_authenc_update_payload
 .text._utee_authenc_enc_final
                0x0000000000007620       0x18 /home/qemu-sgx/devel/optee/optee_os/out/arm/export-ta_arm32/lib/libutee.a(utee_syscalls_a32.o)
                0x0000000000007620                _utee_authenc_enc_final
 .text._utee_authenc_dec_final
                0x0000000000007638       0x18 /home/qemu-sgx/devel/optee/optee_os/out/arm/export-ta_arm32/lib/libutee.a(utee_syscalls_a32.o)
                0x0000000000007638                _utee_authenc_dec_final
 .text._utee_asymm_operate
                0x0000000000007650       0x18 /home/qemu-sgx/devel/optee/optee_os/out/arm/export-ta_arm32/lib/libutee.a(utee_syscalls_a32.o)
                0x0000000000007650                _utee_asymm_operate
 .text._utee_asymm_verify
                0x0000000000007668       0x18 /home/qemu-sgx/devel/optee/optee_os/out/arm/export-ta_arm32/lib/libutee.a(utee_syscalls_a32.o)
                0x0000000000007668                _utee_asymm_verify
 .text._utee_storage_obj_open
                0x0000000000007680       0x18 /home/qemu-sgx/devel/optee/optee_os/out/arm/export-ta_arm32/lib/libutee.a(utee_syscalls_a32.o)
                0x0000000000007680                _utee_storage_obj_open
 .text._utee_storage_obj_create
                0x0000000000007698       0x18 /home/qemu-sgx/devel/optee/optee_os/out/arm/export-ta_arm32/lib/libutee.a(utee_syscalls_a32.o)
                0x0000000000007698                _utee_storage_obj_create
 .text._utee_storage_obj_del
                0x00000000000076b0       0x14 /home/qemu-sgx/devel/optee/optee_os/out/arm/export-ta_arm32/lib/libutee.a(utee_syscalls_a32.o)
                0x00000000000076b0                _utee_storage_obj_del
 .text._utee_storage_obj_rename
                0x00000000000076c4       0x14 /home/qemu-sgx/devel/optee/optee_os/out/arm/export-ta_arm32/lib/libutee.a(utee_syscalls_a32.o)
                0x00000000000076c4                _utee_storage_obj_rename
 .text._utee_storage_alloc_enum
                0x00000000000076d8       0x14 /home/qemu-sgx/devel/optee/optee_os/out/arm/export-ta_arm32/lib/libutee.a(utee_syscalls_a32.o)
                0x00000000000076d8                _utee_storage_alloc_enum
 .text._utee_storage_free_enum
                0x00000000000076ec       0x14 /home/qemu-sgx/devel/optee/optee_os/out/arm/export-ta_arm32/lib/libutee.a(utee_syscalls_a32.o)
                0x00000000000076ec                _utee_storage_free_enum
 .text._utee_storage_reset_enum
                0x0000000000007700       0x14 /home/qemu-sgx/devel/optee/optee_os/out/arm/export-ta_arm32/lib/libutee.a(utee_syscalls_a32.o)
                0x0000000000007700                _utee_storage_reset_enum
 .text._utee_storage_start_enum
                0x0000000000007714       0x14 /home/qemu-sgx/devel/optee/optee_os/out/arm/export-ta_arm32/lib/libutee.a(utee_syscalls_a32.o)
                0x0000000000007714                _utee_storage_start_enum
 .text._utee_storage_next_enum
                0x0000000000007728       0x14 /home/qemu-sgx/devel/optee/optee_os/out/arm/export-ta_arm32/lib/libutee.a(utee_syscalls_a32.o)
                0x0000000000007728                _utee_storage_next_enum
 .text._utee_storage_obj_read
                0x000000000000773c       0x14 /home/qemu-sgx/devel/optee/optee_os/out/arm/export-ta_arm32/lib/libutee.a(utee_syscalls_a32.o)
                0x000000000000773c                _utee_storage_obj_read
 .text._utee_storage_obj_write
                0x0000000000007750       0x14 /home/qemu-sgx/devel/optee/optee_os/out/arm/export-ta_arm32/lib/libutee.a(utee_syscalls_a32.o)
                0x0000000000007750                _utee_storage_obj_write
 .text._utee_storage_obj_trunc
                0x0000000000007764       0x14 /home/qemu-sgx/devel/optee/optee_os/out/arm/export-ta_arm32/lib/libutee.a(utee_syscalls_a32.o)
                0x0000000000007764                _utee_storage_obj_trunc
 .text._utee_storage_obj_seek
                0x0000000000007778       0x14 /home/qemu-sgx/devel/optee/optee_os/out/arm/export-ta_arm32/lib/libutee.a(utee_syscalls_a32.o)
                0x0000000000007778                _utee_storage_obj_seek
 .text._utee_cryp_obj_generate_key
                0x000000000000778c       0x14 /home/qemu-sgx/devel/optee/optee_os/out/arm/export-ta_arm32/lib/libutee.a(utee_syscalls_a32.o)
                0x000000000000778c                _utee_cryp_obj_generate_key
 .text._utee_cache_operation
                0x00000000000077a0       0x14 /home/qemu-sgx/devel/optee/optee_os/out/arm/export-ta_arm32/lib/libutee.a(utee_syscalls_a32.o)
                0x00000000000077a0                _utee_cache_operation
 .text          0x00000000000077b4      0xa84 /home/qemu-sgx/devel/optee/optee_os/out/arm/export-ta_arm32/lib/libutee.a(user_ta_entry.o)
                0x000000000000799c                __utee_call_elf_init_fn
                0x0000000000007b5c                __utee_call_elf_fini_fn
                0x00000000000081c2                __utee_entry
 .text          0x0000000000008238       0x20 /home/qemu-sgx/devel/optee/optee_os/out/arm/export-ta_arm32/lib/libutee.a(abort.o)
                0x0000000000008238                abort
 .text          0x0000000000008258     0x1de4 /home/qemu-sgx/devel/optee/optee_os/out/arm/export-ta_arm32/lib/libutee.a(tee_api_arith_mpi.o)
                0x00000000000082b8                _TEE_MathAPI_Init
                0x0000000000008450                TEE_BigIntInit
                0x00000000000084bc                TEE_BigIntConvertFromOctetString
                0x0000000000008536                TEE_BigIntConvertToOctetString
                0x00000000000085bc                TEE_BigIntConvertFromS32
                0x000000000000863c                TEE_BigIntConvertToS32
                0x0000000000008710                TEE_BigIntCmp
                0x0000000000008766                TEE_BigIntCmpS32
                0x00000000000087a2                TEE_BigIntShiftRight
                0x000000000000895c                TEE_BigIntGetBit
                0x00000000000089a2                TEE_BigIntGetBitCount
                0x0000000000008c5c                TEE_BigIntAdd
                0x0000000000008c90                TEE_BigIntSub
                0x0000000000008cc4                TEE_BigIntNeg
                0x0000000000008d74                TEE_BigIntMul
                0x0000000000008e54                TEE_BigIntSquare
                0x0000000000008e74                TEE_BigIntDiv
                0x0000000000008fe0                TEE_BigIntMod
                0x000000000000904c                TEE_BigIntAddMod
                0x0000000000009084                TEE_BigIntSubMod
                0x00000000000090bc                TEE_BigIntMulMod
                0x00000000000090f4                TEE_BigIntSquareMod
                0x0000000000009118                TEE_BigIntInvMod
                0x0000000000009224                TEE_BigIntRelativePrime
                0x0000000000009adc                TEE_BigIntComputeExtendedGcd
                0x0000000000009d9c                TEE_BigIntIsProbablePrime
                0x0000000000009df0                TEE_BigIntInitFMM
                0x0000000000009e0e                TEE_BigIntInitFMMContext
                0x0000000000009e2a                TEE_BigIntFMMSizeInU32
                0x0000000000009e50                TEE_BigIntFMMContextSizeInU32
                0x0000000000009e6c                TEE_BigIntConvertToFMM
                0x0000000000009e90                TEE_BigIntConvertFromFMM
                0x0000000000009f2c                TEE_BigIntComputeFMM
 .text          0x000000000000a03c      0x44c /home/qemu-sgx/devel/optee/optee_os/out/arm/export-ta_arm32/lib/libutee.a(tcb.o)
                0x000000000000a03c                __utee_tcb_init
                0x000000000000a348                __tls_get_addr
                0x000000000000a380                dl_iterate_phdr
 .text          0x000000000000a488       0x5c /home/qemu-sgx/devel/optee/optee_os/out/arm/export-ta_arm32/lib/libutee.a(assert.o)
                0x000000000000a488                _assert_log
                0x000000000000a4d0                _assert_break
 .text          0x000000000000a4e4     0x6704 /home/qemu-sgx/devel/optee/optee_os/out/arm/export-ta_arm32/lib/libmbedtls.a(bignum.o)
                0x000000000000a542                mbedtls_mpi_init
                0x000000000000a560                mbedtls_mpi_init_mempool
                0x000000000000a59c                mbedtls_mpi_free
                0x000000000000a628                mbedtls_mpi_grow
                0x000000000000a730                mbedtls_mpi_shrink
                0x000000000000a8e8                mbedtls_mpi_copy
                0x000000000000a9e0                mbedtls_mpi_swap
                0x000000000000aaf0                mbedtls_mpi_safe_cond_assign
                0x000000000000abba                mbedtls_mpi_safe_cond_swap
                0x000000000000ad0e                mbedtls_mpi_lset
                0x000000000000ad7c                mbedtls_mpi_get_bit
                0x000000000000adca                mbedtls_mpi_set_bit
                0x000000000000ae98                mbedtls_mpi_lsb
                0x000000000000af60                mbedtls_mpi_bitlen
                0x000000000000afd8                mbedtls_mpi_size
                0x000000000000b07e                mbedtls_mpi_read_string
                0x000000000000b356                mbedtls_mpi_write_string
                0x000000000000b638                mbedtls_mpi_read_binary_le
                0x000000000000b6d6                mbedtls_mpi_read_binary
                0x000000000000b75e                mbedtls_mpi_write_binary_le
                0x000000000000b834                mbedtls_mpi_write_binary
                0x000000000000b918                mbedtls_mpi_shift_l
                0x000000000000ba9a                mbedtls_mpi_shift_r
                0x000000000000bc04                mbedtls_mpi_cmp_abs
                0x000000000000bd32                mbedtls_mpi_cmp_mpi
                0x000000000000bef6                mbedtls_mpi_lt_mpi_ct
                0x000000000000c034                mbedtls_mpi_cmp_int
                0x000000000000c080                mbedtls_mpi_add_abs
                0x000000000000c2b6                mbedtls_mpi_sub_abs
                0x000000000000c426                mbedtls_mpi_add_mpi
                0x000000000000c4d2                mbedtls_mpi_sub_mpi
                0x000000000000c57e                mbedtls_mpi_add_int
                0x000000000000c5ce                mbedtls_mpi_sub_int
                0x000000000000e03e                mbedtls_mpi_mul_mpi
                0x000000000000e200                mbedtls_mpi_mul_int
                0x000000000000e382                mbedtls_mpi_div_mpi
                0x000000000000e9ce                mbedtls_mpi_div_int
                0x000000000000ea20                mbedtls_mpi_mod_mpi
                0x000000000000eabe                mbedtls_mpi_mod_int
                0x000000000000ec46                mbedtls_mpi_montg_init
                0x000000000000ed9e                mbedtls_mpi_montmul
                0x000000000000ee0c                mbedtls_mpi_montred
                0x000000000000eef0                mbedtls_mpi_exp_mod
                0x000000000000f638                mbedtls_mpi_gcd
                0x000000000000f8d0                mbedtls_mpi_fill_random
                0x000000000000f93a                mbedtls_mpi_random
                0x000000000000fa9e                mbedtls_mpi_inv_mod
                0x00000000000102e2                mbedtls_mpi_is_prime_ext
                0x000000000001038e                mbedtls_mpi_is_prime
                0x00000000000103b6                mbedtls_mpi_gen_prime
                0x00000000000106ca                mbedtls_mpi_self_test
 .text          0x0000000000010be8       0x30 /home/qemu-sgx/devel/optee/optee_os/out/arm/export-ta_arm32/lib/libmbedtls.a(platform_util.o)
                0x0000000000010be8                mbedtls_platform_zeroize
 .text          0x0000000000010c18     0x1b2c /home/qemu-sgx/devel/optee/optee_os/out/arm/export-ta_arm32/lib/libutils.a(bget_malloc.o)
                0x0000000000010d24                bget
                0x00000000000110b0                bgetz
                0x0000000000011158                bgetr
                0x0000000000011220                brel
                0x0000000000011558                bpool
                0x0000000000011654                bstats
                0x000000000001180e                bget_main_test
                0x0000000000011d1c                malloc_reset_stats
                0x0000000000011d7a                malloc_get_stats
                0x0000000000012200                malloc
                0x000000000001229c                calloc
                0x000000000001231e                realloc
                0x000000000001236c                memalign
                0x00000000000123e6                free
                0x0000000000012404                free_wipe
                0x00000000000126c2                malloc_add_pool
                0x00000000000126ec                malloc_buffer_is_within_alloced
                0x0000000000012718                malloc_buffer_overlaps_heap
 .text          0x0000000000012744      0x290 /home/qemu-sgx/devel/optee/optee_os/out/arm/export-ta_arm32/lib/libutils.a(mempool.o)
                0x0000000000012774                mempool_alloc_pool
                0x00000000000127e8                mempool_alloc
                0x00000000000128dc                mempool_calloc
                0x0000000000012958                mempool_free
 .text          0x00000000000129d4       0x38 out/user_ta_header.o
                0x00000000000129d4                __ta_entry_c
                0x00000000000129f8                tahead_get_trace_level
 .text          0x0000000000012a0c       0x30 /home/qemu-sgx/devel/optee/optee_os/out/arm/export-ta_arm32/lib/libutils.a(aeabi_unwind.o)
                0x0000000000012a0c                __aeabi_unwind_cpp_pr0
                0x0000000000012a1c                __aeabi_unwind_cpp_pr1
                0x0000000000012a2c                __aeabi_unwind_cpp_pr2
 .text          0x0000000000012a3c      0x114 /home/qemu-sgx/devel/optee/optee_os/out/arm/export-ta_arm32/lib/libutils.a(memchr.o)
                0x0000000000012a3c                memchr
 .text          0x0000000000012b50       0x8a /home/qemu-sgx/devel/optee/optee_os/out/arm/export-ta_arm32/lib/libutils.a(strlen.o)
                0x0000000000012b50                strlen
 .text          0x0000000000012bda      0x2e8 /home/qemu-sgx/devel/optee/optee_os/out/arm/export-ta_arm32/lib/libutils.a(arm32_aeabi_ldivmod.o)
                0x0000000000012d80                __ul_divmod
                0x0000000000012de2                __l_divmod
 .text          0x0000000000012ec2     0x10d0 /home/qemu-sgx/devel/optee/optee_os/out/arm/export-ta_arm32/lib/libutee.a(tee_api_objects.o)
                0x0000000000012ec2                __utee_from_attr
                0x0000000000013040                TEE_GetObjectInfo
                0x00000000000130ae                TEE_GetObjectInfo1
                0x00000000000130fa                TEE_RestrictObjectUsage
                0x0000000000013146                TEE_RestrictObjectUsage1
                0x0000000000013192                TEE_GetObjectBufferAttribute
                0x000000000001325e                TEE_GetObjectValueAttribute
                0x0000000000013350                TEE_CloseObject
                0x0000000000013382                TEE_AllocateTransientObject
                0x00000000000133ec                TEE_FreeTransientObject
                0x000000000001344c                TEE_ResetTransientObject
                0x00000000000134ac                TEE_PopulateTransientObject
                0x0000000000013610                TEE_InitRefAttribute
                0x0000000000013658                TEE_InitValueAttribute
                0x00000000000136a0                TEE_CopyObjectAttributes
                0x00000000000136ec                TEE_CopyObjectAttributes1
                0x00000000000137a4                TEE_GenerateKey
                0x00000000000138ca                TEE_OpenPersistentObject
                0x0000000000013988                TEE_CreatePersistentObject
                0x0000000000013a60                TEE_CloseAndDeletePersistentObject
                0x0000000000013a92                TEE_CloseAndDeletePersistentObject1
                0x0000000000013ad8                TEE_RenamePersistentObject
                0x0000000000013b48                TEE_AllocatePersistentObjectEnumerator
                0x0000000000013ba2                TEE_FreePersistentObjectEnumerator
                0x0000000000013bd4                TEE_ResetPersistentObjectEnumerator
                0x0000000000013c06                TEE_StartPersistentObjectEnumerator
                0x0000000000013c60                TEE_GetNextPersistentObject
                0x0000000000013d22                TEE_ReadObjectData
                0x0000000000013db4                TEE_WriteObjectData
                0x0000000000013e32                TEE_TruncateObjectData
                0x0000000000013e9e                TEE_SeekObjectData
 .text          0x0000000000013f92       0x6a /home/qemu-sgx/devel/optee/optee_os/out/arm/export-ta_arm32/lib/libutils.a(snprintf.o)
                0x0000000000013f92                snprintf
                0x0000000000013fce                vsnprintf
 .text          0x0000000000013ffc       0xf2 /home/qemu-sgx/devel/optee/optee_os/out/arm/export-ta_arm32/lib/libutils.a(memcpy.o)
                0x0000000000013ffc                memcpy
 .text          0x00000000000140ee      0x13e /home/qemu-sgx/devel/optee/optee_os/out/arm/export-ta_arm32/lib/libutils.a(memmove.o)
                0x00000000000140ee                memmove
 .text          0x000000000001422c      0x11c /home/qemu-sgx/devel/optee/optee_os/out/arm/export-ta_arm32/lib/libutils.a(memset.o)
                0x000000000001422c                memset
 .text          0x0000000000014348       0xb4 /home/qemu-sgx/devel/optee/optee_os/out/arm/export-ta_arm32/lib/libutils.a(consttime_memcmp.o)
                0x0000000000014348                consttime_memcmp
 .text          0x00000000000143fc        0x0 out/ta_entry_a32.o
 .text          0x00000000000143fc        0x0 /home/qemu-sgx/devel/optee/optee_os/out/arm/export-ta_arm32/lib/libutils.a(arm32_aeabi_ldivmod_a32.o)
 *(SORT_BY_ALIGNMENT(.stub))
 *(SORT_BY_ALIGNMENT(.glue_7))
 .glue_7        0x00000000000143fc        0x0 linker stubs
 *(SORT_BY_ALIGNMENT(.glue_7t))
 .glue_7t       0x00000000000143fc        0x0 linker stubs
 *(SORT_BY_ALIGNMENT(.gnu.linkonce.t.*))
 *(SORT_BY_ALIGNMENT(.vfp11_veneer))
 .vfp11_veneer  0x00000000000143fc        0x0 linker stubs
                0x00000000000143fc                __text_end = .

.v4_bx          0x00000000000143fc        0x0
 .v4_bx         0x00000000000143fc        0x0 linker stubs

.iplt           0x00000000000143fc        0x0
 .iplt          0x00000000000143fc        0x0 out/storage.o

.plt            0x00000000000143fc        0x0
 *(SORT_BY_ALIGNMENT(.plt))
 .plt           0x00000000000143fc        0x0 out/storage.o

.eh_frame_hdr
 *(SORT_BY_ALIGNMENT(.eh_frame_hdr))
 *(SORT_BY_ALIGNMENT(.eh_frame_entry) SORT_BY_ALIGNMENT(.eh_frame_entry.*))

.eh_frame
 *(SORT_BY_ALIGNMENT(.eh_frame))
 *(SORT_BY_ALIGNMENT(.eh_frame.*))

.gcc_except_table
 *(SORT_BY_ALIGNMENT(.gcc_except_table) SORT_BY_ALIGNMENT(.gcc_except_table.*))

.rodata         0x00000000000143fc     0x13ce
 *(SORT_BY_ALIGNMENT(.gnu.linkonce.r.*))
 *(SORT_BY_ALIGNMENT(.rodata) SORT_BY_ALIGNMENT(.rodata.*))
 .rodata.storage.c
                0x00000000000143fc      0x198 out/storage.o
 .rodata.user_ta_header.c
                0x0000000000014594       0xd4 out/user_ta_header.o
                0x0000000000014594                trace_ext_prefix
                0x0000000000014598                ta_heap_size
                0x0000000000014664                ta_num_props
 .rodata.lib/libutils/ext/trace.c
                0x0000000000014668       0x29 /home/qemu-sgx/devel/optee/optee_os/out/arm/export-ta_arm32/lib/libutils.a(trace.o)
 *fill*         0x0000000000014691        0x3 
 .rodata.lib/libutils/ext/snprintk.c
                0x0000000000014694       0x7d /home/qemu-sgx/devel/optee/optee_os/out/arm/export-ta_arm32/lib/libutils.a(snprintk.o)
 *fill*         0x0000000000014711        0x3 
 .rodata.lib/libutee/trace_ext.c
                0x0000000000014714        0x2 /home/qemu-sgx/devel/optee/optee_os/out/arm/export-ta_arm32/lib/libutee.a(trace_ext.o)
 *fill*         0x0000000000014716        0x2 
 .rodata.lib/libutee/tee_api.c
                0x0000000000014718       0x1f /home/qemu-sgx/devel/optee/optee_os/out/arm/export-ta_arm32/lib/libutee.a(tee_api.o)
 *fill*         0x0000000000014737        0x1 
 .rodata.lib/libutee/tee_api_panic.c
                0x0000000000014738       0x68 /home/qemu-sgx/devel/optee/optee_os/out/arm/export-ta_arm32/lib/libutee.a(tee_api_panic.o)
 .rodata.lib/libutee/tee_system_pta.c
                0x00000000000147a0       0x8b /home/qemu-sgx/devel/optee/optee_os/out/arm/export-ta_arm32/lib/libutee.a(tee_system_pta.o)
 *fill*         0x000000000001482b        0x1 
 .rodata.lib/libutee/arch/arm/user_ta_entry.c
                0x000000000001482c       0x32 /home/qemu-sgx/devel/optee/optee_os/out/arm/export-ta_arm32/lib/libutee.a(user_ta_entry.o)
 *fill*         0x000000000001485e        0x2 
 .rodata.lib/libutee/abort.c
                0x0000000000014860        0x7 /home/qemu-sgx/devel/optee/optee_os/out/arm/export-ta_arm32/lib/libutee.a(abort.o)
 *fill*         0x0000000000014867        0x1 
 .rodata.lib/libutee/tee_api_arith_mpi.c
                0x0000000000014868      0x221 /home/qemu-sgx/devel/optee/optee_os/out/arm/export-ta_arm32/lib/libutee.a(tee_api_arith_mpi.o)
 *fill*         0x0000000000014a89        0x3 
 .rodata.lib/libutee/arch/arm/tcb.c
                0x0000000000014a8c       0xbc /home/qemu-sgx/devel/optee/optee_os/out/arm/export-ta_arm32/lib/libutee.a(tcb.o)
 .rodata.lib/libutee/assert.c
                0x0000000000014b48       0x27 /home/qemu-sgx/devel/optee/optee_os/out/arm/export-ta_arm32/lib/libutee.a(assert.o)
 *fill*         0x0000000000014b6f        0x1 
 .rodata.lib/libmbedtls/mbedtls/library/bignum.c
                0x0000000000014b70      0x742 /home/qemu-sgx/devel/optee/optee_os/out/arm/export-ta_arm32/lib/libmbedtls.a(bignum.o)
 *fill*         0x00000000000152b2        0x2 
 .rodata.lib/libutils/isoc/bget_malloc.c
                0x00000000000152b4      0x478 /home/qemu-sgx/devel/optee/optee_os/out/arm/export-ta_arm32/lib/libutils.a(bget_malloc.o)
 .rodata.lib/libutils/ext/mempool.c
                0x000000000001572c       0x9e /home/qemu-sgx/devel/optee/optee_os/out/arm/export-ta_arm32/lib/libutils.a(mempool.o)

.gnu.version_d  0x00000000000157cc        0x0
 .gnu.version_d
                0x00000000000157cc        0x0 out/storage.o

.gnu.version    0x00000000000157ca        0x0
 .gnu.version   0x00000000000157ca        0x0 out/storage.o

.gnu.version_r  0x00000000000157cc        0x0
 .gnu.version_r
                0x00000000000157cc        0x0 out/storage.o

.gnu.hash       0x00000000000157cc       0x2c
 .gnu.hash      0x00000000000157cc       0x2c out/storage.o

.ARM.extab      0x00000000000157f8      0xff4
 *(SORT_BY_ALIGNMENT(.ARM.extab*) SORT_BY_ALIGNMENT(.gnu.linkonce.armextab.*))
 .ARM.extab     0x00000000000157f8      0x114 out/storage.o
 .ARM.extab     0x000000000001590c       0x24 out/ta_entry.o
 .ARM.extab     0x0000000000015930        0xc out/user_ta_header.o
 .ARM.extab     0x000000000001593c       0x54 /home/qemu-sgx/devel/optee/optee_os/out/arm/export-ta_arm32/lib/libutils.a(trace.o)
 .ARM.extab     0x0000000000015990       0x3c /home/qemu-sgx/devel/optee/optee_os/out/arm/export-ta_arm32/lib/libutils.a(snprintk.o)
 .ARM.extab     0x00000000000159cc        0xc /home/qemu-sgx/devel/optee/optee_os/out/arm/export-ta_arm32/lib/libutils.a(memchr.o)
 .ARM.extab     0x00000000000159d8        0xc /home/qemu-sgx/devel/optee/optee_os/out/arm/export-ta_arm32/lib/libutils.a(strlen.o)
 .ARM.extab.text.__aeabi_ldivmod
                0x00000000000159e4        0xc /home/qemu-sgx/devel/optee/optee_os/out/arm/export-ta_arm32/lib/libutils.a(arm32_aeabi_ldivmod_a32.o)
 .ARM.extab.text.__aeabi_uldivmod
                0x00000000000159f0        0xc /home/qemu-sgx/devel/optee/optee_os/out/arm/export-ta_arm32/lib/libutils.a(arm32_aeabi_ldivmod_a32.o)
 .ARM.extab     0x00000000000159fc       0x30 /home/qemu-sgx/devel/optee/optee_os/out/arm/export-ta_arm32/lib/libutils.a(arm32_aeabi_ldivmod.o)
 .ARM.extab     0x0000000000015a2c       0x34 /home/qemu-sgx/devel/optee/optee_os/out/arm/export-ta_arm32/lib/libutee.a(trace_ext.o)
 .ARM.extab     0x0000000000015a60      0x120 /home/qemu-sgx/devel/optee/optee_os/out/arm/export-ta_arm32/lib/libutee.a(tee_api.o)
 .ARM.extab     0x0000000000015b80      0x15c /home/qemu-sgx/devel/optee/optee_os/out/arm/export-ta_arm32/lib/libutee.a(tee_api_objects.o)
 .ARM.extab     0x0000000000015cdc      0x12c /home/qemu-sgx/devel/optee/optee_os/out/arm/export-ta_arm32/lib/libutee.a(tee_api_operations.o)
 .ARM.extab     0x0000000000015e08       0x6c /home/qemu-sgx/devel/optee/optee_os/out/arm/export-ta_arm32/lib/libutee.a(tee_api_panic.o)
 .ARM.extab     0x0000000000015e74       0x48 /home/qemu-sgx/devel/optee/optee_os/out/arm/export-ta_arm32/lib/libutee.a(tee_system_pta.o)
 .ARM.extab.text._utee_panic
                0x0000000000015ebc        0xc /home/qemu-sgx/devel/optee/optee_os/out/arm/export-ta_arm32/lib/libutee.a(utee_syscalls_a32.o)
 .ARM.extab     0x0000000000015ec8       0xb4 /home/qemu-sgx/devel/optee/optee_os/out/arm/export-ta_arm32/lib/libutee.a(user_ta_entry.o)
 .ARM.extab     0x0000000000015f7c      0x204 /home/qemu-sgx/devel/optee/optee_os/out/arm/export-ta_arm32/lib/libutee.a(tee_api_arith_mpi.o)
 .ARM.extab     0x0000000000016180       0x24 /home/qemu-sgx/devel/optee/optee_os/out/arm/export-ta_arm32/lib/libutee.a(tcb.o)
 .ARM.extab     0x00000000000161a4        0xc /home/qemu-sgx/devel/optee/optee_os/out/arm/export-ta_arm32/lib/libutee.a(assert.o)
 .ARM.extab     0x00000000000161b0      0x36c /home/qemu-sgx/devel/optee/optee_os/out/arm/export-ta_arm32/lib/libmbedtls.a(bignum.o)
 .ARM.extab     0x000000000001651c        0xc /home/qemu-sgx/devel/optee/optee_os/out/arm/export-ta_arm32/lib/libmbedtls.a(platform_util.o)
 .ARM.extab     0x0000000000016528      0x234 /home/qemu-sgx/devel/optee/optee_os/out/arm/export-ta_arm32/lib/libutils.a(bget_malloc.o)
 .ARM.extab     0x000000000001675c       0x18 /home/qemu-sgx/devel/optee/optee_os/out/arm/export-ta_arm32/lib/libutils.a(snprintf.o)
 .ARM.extab     0x0000000000016774        0xc /home/qemu-sgx/devel/optee/optee_os/out/arm/export-ta_arm32/lib/libutils.a(memcpy.o)
 .ARM.extab     0x0000000000016780        0xc /home/qemu-sgx/devel/optee/optee_os/out/arm/export-ta_arm32/lib/libutils.a(memmove.o)
 .ARM.extab     0x000000000001678c        0xc /home/qemu-sgx/devel/optee/optee_os/out/arm/export-ta_arm32/lib/libutils.a(memset.o)
 .ARM.extab     0x0000000000016798       0x48 /home/qemu-sgx/devel/optee/optee_os/out/arm/export-ta_arm32/lib/libutils.a(mempool.o)
 .ARM.extab     0x00000000000167e0        0xc /home/qemu-sgx/devel/optee/optee_os/out/arm/export-ta_arm32/lib/libutils.a(consttime_memcmp.o)
 .ARM.extab.text.__ta_entry
                0x00000000000167ec        0x0 out/ta_entry_a32.o
 .ARM.extab     0x00000000000167ec        0x0 /home/qemu-sgx/devel/optee/optee_os/out/arm/export-ta_arm32/lib/libutils.a(aeabi_unwind.o)
 .ARM.extab.text._utee_return
                0x00000000000167ec        0x0 /home/qemu-sgx/devel/optee/optee_os/out/arm/export-ta_arm32/lib/libutee.a(utee_syscalls_a32.o)
 .ARM.extab.text._utee_log
                0x00000000000167ec        0x0 /home/qemu-sgx/devel/optee/optee_os/out/arm/export-ta_arm32/lib/libutee.a(utee_syscalls_a32.o)
 .ARM.extab.text.__utee_panic
                0x00000000000167ec        0x0 /home/qemu-sgx/devel/optee/optee_os/out/arm/export-ta_arm32/lib/libutee.a(utee_syscalls_a32.o)
 .ARM.extab.text._utee_get_property
                0x00000000000167ec        0x0 /home/qemu-sgx/devel/optee/optee_os/out/arm/export-ta_arm32/lib/libutee.a(utee_syscalls_a32.o)
 .ARM.extab.text._utee_get_property_name_to_index
                0x00000000000167ec        0x0 /home/qemu-sgx/devel/optee/optee_os/out/arm/export-ta_arm32/lib/libutee.a(utee_syscalls_a32.o)
 .ARM.extab.text._utee_open_ta_session
                0x00000000000167ec        0x0 /home/qemu-sgx/devel/optee/optee_os/out/arm/export-ta_arm32/lib/libutee.a(utee_syscalls_a32.o)
 .ARM.extab.text._utee_close_ta_session
                0x00000000000167ec        0x0 /home/qemu-sgx/devel/optee/optee_os/out/arm/export-ta_arm32/lib/libutee.a(utee_syscalls_a32.o)
 .ARM.extab.text._utee_invoke_ta_command
                0x00000000000167ec        0x0 /home/qemu-sgx/devel/optee/optee_os/out/arm/export-ta_arm32/lib/libutee.a(utee_syscalls_a32.o)
 .ARM.extab.text._utee_get_cancellation_flag
                0x00000000000167ec        0x0 /home/qemu-sgx/devel/optee/optee_os/out/arm/export-ta_arm32/lib/libutee.a(utee_syscalls_a32.o)
 .ARM.extab.text._utee_check_access_rights
                0x00000000000167ec        0x0 /home/qemu-sgx/devel/optee/optee_os/out/arm/export-ta_arm32/lib/libutee.a(utee_syscalls_a32.o)
 .ARM.extab.text._utee_unmask_cancellation
                0x00000000000167ec        0x0 /home/qemu-sgx/devel/optee/optee_os/out/arm/export-ta_arm32/lib/libutee.a(utee_syscalls_a32.o)
 .ARM.extab.text._utee_mask_cancellation
                0x00000000000167ec        0x0 /home/qemu-sgx/devel/optee/optee_os/out/arm/export-ta_arm32/lib/libutee.a(utee_syscalls_a32.o)
 .ARM.extab.text._utee_wait
                0x00000000000167ec        0x0 /home/qemu-sgx/devel/optee/optee_os/out/arm/export-ta_arm32/lib/libutee.a(utee_syscalls_a32.o)
 .ARM.extab.text._utee_get_time
                0x00000000000167ec        0x0 /home/qemu-sgx/devel/optee/optee_os/out/arm/export-ta_arm32/lib/libutee.a(utee_syscalls_a32.o)
 .ARM.extab.text._utee_set_ta_time
                0x00000000000167ec        0x0 /home/qemu-sgx/devel/optee/optee_os/out/arm/export-ta_arm32/lib/libutee.a(utee_syscalls_a32.o)
 .ARM.extab.text._utee_cryp_state_alloc
                0x00000000000167ec        0x0 /home/qemu-sgx/devel/optee/optee_os/out/arm/export-ta_arm32/lib/libutee.a(utee_syscalls_a32.o)
 .ARM.extab.text._utee_cryp_state_copy
                0x00000000000167ec        0x0 /home/qemu-sgx/devel/optee/optee_os/out/arm/export-ta_arm32/lib/libutee.a(utee_syscalls_a32.o)
 .ARM.extab.text._utee_cryp_state_free
                0x00000000000167ec        0x0 /home/qemu-sgx/devel/optee/optee_os/out/arm/export-ta_arm32/lib/libutee.a(utee_syscalls_a32.o)
 .ARM.extab.text._utee_hash_init
                0x00000000000167ec        0x0 /home/qemu-sgx/devel/optee/optee_os/out/arm/export-ta_arm32/lib/libutee.a(utee_syscalls_a32.o)
 .ARM.extab.text._utee_hash_update
                0x00000000000167ec        0x0 /home/qemu-sgx/devel/optee/optee_os/out/arm/export-ta_arm32/lib/libutee.a(utee_syscalls_a32.o)
 .ARM.extab.text._utee_hash_final
                0x00000000000167ec        0x0 /home/qemu-sgx/devel/optee/optee_os/out/arm/export-ta_arm32/lib/libutee.a(utee_syscalls_a32.o)
 .ARM.extab.text._utee_cipher_init
                0x00000000000167ec        0x0 /home/qemu-sgx/devel/optee/optee_os/out/arm/export-ta_arm32/lib/libutee.a(utee_syscalls_a32.o)
 .ARM.extab.text._utee_cipher_update
                0x00000000000167ec        0x0 /home/qemu-sgx/devel/optee/optee_os/out/arm/export-ta_arm32/lib/libutee.a(utee_syscalls_a32.o)
 .ARM.extab.text._utee_cipher_final
                0x00000000000167ec        0x0 /home/qemu-sgx/devel/optee/optee_os/out/arm/export-ta_arm32/lib/libutee.a(utee_syscalls_a32.o)
 .ARM.extab.text._utee_cryp_obj_get_info
                0x00000000000167ec        0x0 /home/qemu-sgx/devel/optee/optee_os/out/arm/export-ta_arm32/lib/libutee.a(utee_syscalls_a32.o)
 .ARM.extab.text._utee_cryp_obj_restrict_usage
                0x00000000000167ec        0x0 /home/qemu-sgx/devel/optee/optee_os/out/arm/export-ta_arm32/lib/libutee.a(utee_syscalls_a32.o)
 .ARM.extab.text._utee_cryp_obj_get_attr
                0x00000000000167ec        0x0 /home/qemu-sgx/devel/optee/optee_os/out/arm/export-ta_arm32/lib/libutee.a(utee_syscalls_a32.o)
 .ARM.extab.text._utee_cryp_obj_alloc
                0x00000000000167ec        0x0 /home/qemu-sgx/devel/optee/optee_os/out/arm/export-ta_arm32/lib/libutee.a(utee_syscalls_a32.o)
 .ARM.extab.text._utee_cryp_obj_close
                0x00000000000167ec        0x0 /home/qemu-sgx/devel/optee/optee_os/out/arm/export-ta_arm32/lib/libutee.a(utee_syscalls_a32.o)
 .ARM.extab.text._utee_cryp_obj_reset
                0x00000000000167ec        0x0 /home/qemu-sgx/devel/optee/optee_os/out/arm/export-ta_arm32/lib/libutee.a(utee_syscalls_a32.o)
 .ARM.extab.text._utee_cryp_obj_populate
                0x00000000000167ec        0x0 /home/qemu-sgx/devel/optee/optee_os/out/arm/export-ta_arm32/lib/libutee.a(utee_syscalls_a32.o)
 .ARM.extab.text._utee_cryp_obj_copy
                0x00000000000167ec        0x0 /home/qemu-sgx/devel/optee/optee_os/out/arm/export-ta_arm32/lib/libutee.a(utee_syscalls_a32.o)
 .ARM.extab.text._utee_cryp_derive_key
                0x00000000000167ec        0x0 /home/qemu-sgx/devel/optee/optee_os/out/arm/export-ta_arm32/lib/libutee.a(utee_syscalls_a32.o)
 .ARM.extab.text._utee_cryp_random_number_generate
                0x00000000000167ec        0x0 /home/qemu-sgx/devel/optee/optee_os/out/arm/export-ta_arm32/lib/libutee.a(utee_syscalls_a32.o)
 .ARM.extab.text._utee_authenc_init
                0x00000000000167ec        0x0 /home/qemu-sgx/devel/optee/optee_os/out/arm/export-ta_arm32/lib/libutee.a(utee_syscalls_a32.o)
 .ARM.extab.text._utee_authenc_update_aad
                0x00000000000167ec        0x0 /home/qemu-sgx/devel/optee/optee_os/out/arm/export-ta_arm32/lib/libutee.a(utee_syscalls_a32.o)
 .ARM.extab.text._utee_authenc_update_payload
                0x00000000000167ec        0x0 /home/qemu-sgx/devel/optee/optee_os/out/arm/export-ta_arm32/lib/libutee.a(utee_syscalls_a32.o)
 .ARM.extab.text._utee_authenc_enc_final
                0x00000000000167ec        0x0 /home/qemu-sgx/devel/optee/optee_os/out/arm/export-ta_arm32/lib/libutee.a(utee_syscalls_a32.o)
 .ARM.extab.text._utee_authenc_dec_final
                0x00000000000167ec        0x0 /home/qemu-sgx/devel/optee/optee_os/out/arm/export-ta_arm32/lib/libutee.a(utee_syscalls_a32.o)
 .ARM.extab.text._utee_asymm_operate
                0x00000000000167ec        0x0 /home/qemu-sgx/devel/optee/optee_os/out/arm/export-ta_arm32/lib/libutee.a(utee_syscalls_a32.o)
 .ARM.extab.text._utee_asymm_verify
                0x00000000000167ec        0x0 /home/qemu-sgx/devel/optee/optee_os/out/arm/export-ta_arm32/lib/libutee.a(utee_syscalls_a32.o)
 .ARM.extab.text._utee_storage_obj_open
                0x00000000000167ec        0x0 /home/qemu-sgx/devel/optee/optee_os/out/arm/export-ta_arm32/lib/libutee.a(utee_syscalls_a32.o)
 .ARM.extab.text._utee_storage_obj_create
                0x00000000000167ec        0x0 /home/qemu-sgx/devel/optee/optee_os/out/arm/export-ta_arm32/lib/libutee.a(utee_syscalls_a32.o)
 .ARM.extab.text._utee_storage_obj_del
                0x00000000000167ec        0x0 /home/qemu-sgx/devel/optee/optee_os/out/arm/export-ta_arm32/lib/libutee.a(utee_syscalls_a32.o)
 .ARM.extab.text._utee_storage_obj_rename
                0x00000000000167ec        0x0 /home/qemu-sgx/devel/optee/optee_os/out/arm/export-ta_arm32/lib/libutee.a(utee_syscalls_a32.o)
 .ARM.extab.text._utee_storage_alloc_enum
                0x00000000000167ec        0x0 /home/qemu-sgx/devel/optee/optee_os/out/arm/export-ta_arm32/lib/libutee.a(utee_syscalls_a32.o)
 .ARM.extab.text._utee_storage_free_enum
                0x00000000000167ec        0x0 /home/qemu-sgx/devel/optee/optee_os/out/arm/export-ta_arm32/lib/libutee.a(utee_syscalls_a32.o)
 .ARM.extab.text._utee_storage_reset_enum
                0x00000000000167ec        0x0 /home/qemu-sgx/devel/optee/optee_os/out/arm/export-ta_arm32/lib/libutee.a(utee_syscalls_a32.o)
 .ARM.extab.text._utee_storage_start_enum
                0x00000000000167ec        0x0 /home/qemu-sgx/devel/optee/optee_os/out/arm/export-ta_arm32/lib/libutee.a(utee_syscalls_a32.o)
 .ARM.extab.text._utee_storage_next_enum
                0x00000000000167ec        0x0 /home/qemu-sgx/devel/optee/optee_os/out/arm/export-ta_arm32/lib/libutee.a(utee_syscalls_a32.o)
 .ARM.extab.text._utee_storage_obj_read
                0x00000000000167ec        0x0 /home/qemu-sgx/devel/optee/optee_os/out/arm/export-ta_arm32/lib/libutee.a(utee_syscalls_a32.o)
 .ARM.extab.text._utee_storage_obj_write
                0x00000000000167ec        0x0 /home/qemu-sgx/devel/optee/optee_os/out/arm/export-ta_arm32/lib/libutee.a(utee_syscalls_a32.o)
 .ARM.extab.text._utee_storage_obj_trunc
                0x00000000000167ec        0x0 /home/qemu-sgx/devel/optee/optee_os/out/arm/export-ta_arm32/lib/libutee.a(utee_syscalls_a32.o)
 .ARM.extab.text._utee_storage_obj_seek
                0x00000000000167ec        0x0 /home/qemu-sgx/devel/optee/optee_os/out/arm/export-ta_arm32/lib/libutee.a(utee_syscalls_a32.o)
 .ARM.extab.text._utee_cryp_obj_generate_key
                0x00000000000167ec        0x0 /home/qemu-sgx/devel/optee/optee_os/out/arm/export-ta_arm32/lib/libutee.a(utee_syscalls_a32.o)
 .ARM.extab.text._utee_cache_operation
                0x00000000000167ec        0x0 /home/qemu-sgx/devel/optee/optee_os/out/arm/export-ta_arm32/lib/libutee.a(utee_syscalls_a32.o)
 .ARM.extab     0x00000000000167ec        0x0 /home/qemu-sgx/devel/optee/optee_os/out/arm/export-ta_arm32/lib/libutee.a(abort.o)
                [!provide]                        PROVIDE (__exidx_start = .)

.ARM.exidx      0x00000000000167ec      0xb80
 *(SORT_BY_ALIGNMENT(.ARM.exidx*) SORT_BY_ALIGNMENT(.gnu.linkonce.armexidx.*))
 .ARM.exidx     0x00000000000167ec       0xb8 out/storage.o
 .ARM.exidx     0x00000000000168a4       0x20 out/ta_entry.o
                                         0x28 (size before relaxing)
 .ARM.exidx     0x00000000000171fc       0x10 out/user_ta_header.o
 .ARM.exidx.text.__ta_entry
                0x00000000000168c4        0x8 out/ta_entry_a32.o
 .ARM.exidx     0x00000000000168cc       0x40 /home/qemu-sgx/devel/optee/optee_os/out/arm/export-ta_arm32/lib/libutils.a(trace.o)
 .ARM.exidx     0x000000000001720c        0x0 /home/qemu-sgx/devel/optee/optee_os/out/arm/export-ta_arm32/lib/libutils.a(aeabi_unwind.o)
                                         0x18 (size before relaxing)
 .ARM.exidx     0x000000000001690c       0x30 /home/qemu-sgx/devel/optee/optee_os/out/arm/export-ta_arm32/lib/libutils.a(snprintk.o)
 .ARM.exidx     0x000000000001720c        0x8 /home/qemu-sgx/devel/optee/optee_os/out/arm/export-ta_arm32/lib/libutils.a(memchr.o)
 .ARM.exidx     0x0000000000017214        0x8 /home/qemu-sgx/devel/optee/optee_os/out/arm/export-ta_arm32/lib/libutils.a(strlen.o)
 .ARM.exidx.text.__aeabi_ldivmod
                0x000000000001693c        0x8 /home/qemu-sgx/devel/optee/optee_os/out/arm/export-ta_arm32/lib/libutils.a(arm32_aeabi_ldivmod_a32.o)
 .ARM.exidx.text.__aeabi_uldivmod
                0x0000000000016944        0x8 /home/qemu-sgx/devel/optee/optee_os/out/arm/export-ta_arm32/lib/libutils.a(arm32_aeabi_ldivmod_a32.o)
 .ARM.exidx     0x000000000001721c       0x20 /home/qemu-sgx/devel/optee/optee_os/out/arm/export-ta_arm32/lib/libutils.a(arm32_aeabi_ldivmod.o)
 .ARM.exidx     0x000000000001694c       0x28 /home/qemu-sgx/devel/optee/optee_os/out/arm/export-ta_arm32/lib/libutee.a(trace_ext.o)
 .ARM.exidx     0x0000000000016974       0xc8 /home/qemu-sgx/devel/optee/optee_os/out/arm/export-ta_arm32/lib/libutee.a(tee_api.o)
 .ARM.exidx     0x000000000001723c       0xf8 /home/qemu-sgx/devel/optee/optee_os/out/arm/export-ta_arm32/lib/libutee.a(tee_api_objects.o)
 .ARM.exidx     0x0000000000016a3c      0x110 /home/qemu-sgx/devel/optee/optee_os/out/arm/export-ta_arm32/lib/libutee.a(tee_api_operations.o)
                                        0x120 (size before relaxing)
 .ARM.exidx     0x0000000000016b4c       0x48 /home/qemu-sgx/devel/optee/optee_os/out/arm/export-ta_arm32/lib/libutee.a(tee_api_panic.o)
 .ARM.exidx     0x0000000000016b94       0x30 /home/qemu-sgx/devel/optee/optee_os/out/arm/export-ta_arm32/lib/libutee.a(tee_system_pta.o)
 .ARM.exidx.text._utee_panic
                0x0000000000016bc4        0x8 /home/qemu-sgx/devel/optee/optee_os/out/arm/export-ta_arm32/lib/libutee.a(utee_syscalls_a32.o)
 .ARM.exidx.text._utee_return
                0x0000000000016bcc        0x8 /home/qemu-sgx/devel/optee/optee_os/out/arm/export-ta_arm32/lib/libutee.a(utee_syscalls_a32.o)
 .ARM.exidx.text._utee_log
                0x0000000000016bd4        0x0 /home/qemu-sgx/devel/optee/optee_os/out/arm/export-ta_arm32/lib/libutee.a(utee_syscalls_a32.o)
                                          0x8 (size before relaxing)
 .ARM.exidx.text.__utee_panic
                0x0000000000016bd4        0x0 /home/qemu-sgx/devel/optee/optee_os/out/arm/export-ta_arm32/lib/libutee.a(utee_syscalls_a32.o)
                                          0x8 (size before relaxing)
 .ARM.exidx.text._utee_get_property
                0x0000000000016bd4        0x0 /home/qemu-sgx/devel/optee/optee_os/out/arm/export-ta_arm32/lib/libutee.a(utee_syscalls_a32.o)
                                          0x8 (size before relaxing)
 .ARM.exidx.text._utee_get_property_name_to_index
                0x0000000000016bd4        0x0 /home/qemu-sgx/devel/optee/optee_os/out/arm/export-ta_arm32/lib/libutee.a(utee_syscalls_a32.o)
                                          0x8 (size before relaxing)
 .ARM.exidx.text._utee_open_ta_session
                0x0000000000016bd4        0x0 /home/qemu-sgx/devel/optee/optee_os/out/arm/export-ta_arm32/lib/libutee.a(utee_syscalls_a32.o)
                                          0x8 (size before relaxing)
 .ARM.exidx.text._utee_close_ta_session
                0x0000000000016bd4        0x0 /home/qemu-sgx/devel/optee/optee_os/out/arm/export-ta_arm32/lib/libutee.a(utee_syscalls_a32.o)
                                          0x8 (size before relaxing)
 .ARM.exidx.text._utee_invoke_ta_command
                0x0000000000016bd4        0x0 /home/qemu-sgx/devel/optee/optee_os/out/arm/export-ta_arm32/lib/libutee.a(utee_syscalls_a32.o)
                                          0x8 (size before relaxing)
 .ARM.exidx.text._utee_get_cancellation_flag
                0x0000000000016bd4        0x0 /home/qemu-sgx/devel/optee/optee_os/out/arm/export-ta_arm32/lib/libutee.a(utee_syscalls_a32.o)
                                          0x8 (size before relaxing)
 .ARM.exidx.text._utee_check_access_rights
                0x0000000000016bd4        0x0 /home/qemu-sgx/devel/optee/optee_os/out/arm/export-ta_arm32/lib/libutee.a(utee_syscalls_a32.o)
                                          0x8 (size before relaxing)
 .ARM.exidx.text._utee_unmask_cancellation
                0x0000000000016bd4        0x0 /home/qemu-sgx/devel/optee/optee_os/out/arm/export-ta_arm32/lib/libutee.a(utee_syscalls_a32.o)
                                          0x8 (size before relaxing)
 .ARM.exidx.text._utee_mask_cancellation
                0x0000000000016bd4        0x0 /home/qemu-sgx/devel/optee/optee_os/out/arm/export-ta_arm32/lib/libutee.a(utee_syscalls_a32.o)
                                          0x8 (size before relaxing)
 .ARM.exidx.text._utee_wait
                0x0000000000016bd4        0x0 /home/qemu-sgx/devel/optee/optee_os/out/arm/export-ta_arm32/lib/libutee.a(utee_syscalls_a32.o)
                                          0x8 (size before relaxing)
 .ARM.exidx.text._utee_get_time
                0x0000000000016bd4        0x0 /home/qemu-sgx/devel/optee/optee_os/out/arm/export-ta_arm32/lib/libutee.a(utee_syscalls_a32.o)
                                          0x8 (size before relaxing)
 .ARM.exidx.text._utee_set_ta_time
                0x0000000000016bd4        0x0 /home/qemu-sgx/devel/optee/optee_os/out/arm/export-ta_arm32/lib/libutee.a(utee_syscalls_a32.o)
                                          0x8 (size before relaxing)
 .ARM.exidx.text._utee_cryp_state_alloc
                0x0000000000016bd4        0x0 /home/qemu-sgx/devel/optee/optee_os/out/arm/export-ta_arm32/lib/libutee.a(utee_syscalls_a32.o)
                                          0x8 (size before relaxing)
 .ARM.exidx.text._utee_cryp_state_copy
                0x0000000000016bd4        0x0 /home/qemu-sgx/devel/optee/optee_os/out/arm/export-ta_arm32/lib/libutee.a(utee_syscalls_a32.o)
                                          0x8 (size before relaxing)
 .ARM.exidx.text._utee_cryp_state_free
                0x0000000000016bd4        0x0 /home/qemu-sgx/devel/optee/optee_os/out/arm/export-ta_arm32/lib/libutee.a(utee_syscalls_a32.o)
                                          0x8 (size before relaxing)
 .ARM.exidx.text._utee_hash_init
                0x0000000000016bd4        0x0 /home/qemu-sgx/devel/optee/optee_os/out/arm/export-ta_arm32/lib/libutee.a(utee_syscalls_a32.o)
                                          0x8 (size before relaxing)
 .ARM.exidx.text._utee_hash_update
                0x0000000000016bd4        0x0 /home/qemu-sgx/devel/optee/optee_os/out/arm/export-ta_arm32/lib/libutee.a(utee_syscalls_a32.o)
                                          0x8 (size before relaxing)
 .ARM.exidx.text._utee_hash_final
                0x0000000000016bd4        0x0 /home/qemu-sgx/devel/optee/optee_os/out/arm/export-ta_arm32/lib/libutee.a(utee_syscalls_a32.o)
                                          0x8 (size before relaxing)
 .ARM.exidx.text._utee_cipher_init
                0x0000000000016bd4        0x0 /home/qemu-sgx/devel/optee/optee_os/out/arm/export-ta_arm32/lib/libutee.a(utee_syscalls_a32.o)
                                          0x8 (size before relaxing)
 .ARM.exidx.text._utee_cipher_update
                0x0000000000016bd4        0x0 /home/qemu-sgx/devel/optee/optee_os/out/arm/export-ta_arm32/lib/libutee.a(utee_syscalls_a32.o)
                                          0x8 (size before relaxing)
 .ARM.exidx.text._utee_cipher_final
                0x0000000000016bd4        0x0 /home/qemu-sgx/devel/optee/optee_os/out/arm/export-ta_arm32/lib/libutee.a(utee_syscalls_a32.o)
                                          0x8 (size before relaxing)
 .ARM.exidx.text._utee_cryp_obj_get_info
                0x0000000000016bd4        0x0 /home/qemu-sgx/devel/optee/optee_os/out/arm/export-ta_arm32/lib/libutee.a(utee_syscalls_a32.o)
                                          0x8 (size before relaxing)
 .ARM.exidx.text._utee_cryp_obj_restrict_usage
                0x0000000000016bd4        0x0 /home/qemu-sgx/devel/optee/optee_os/out/arm/export-ta_arm32/lib/libutee.a(utee_syscalls_a32.o)
                                          0x8 (size before relaxing)
 .ARM.exidx.text._utee_cryp_obj_get_attr
                0x0000000000016bd4        0x0 /home/qemu-sgx/devel/optee/optee_os/out/arm/export-ta_arm32/lib/libutee.a(utee_syscalls_a32.o)
                                          0x8 (size before relaxing)
 .ARM.exidx.text._utee_cryp_obj_alloc
                0x0000000000016bd4        0x0 /home/qemu-sgx/devel/optee/optee_os/out/arm/export-ta_arm32/lib/libutee.a(utee_syscalls_a32.o)
                                          0x8 (size before relaxing)
 .ARM.exidx.text._utee_cryp_obj_close
                0x0000000000016bd4        0x0 /home/qemu-sgx/devel/optee/optee_os/out/arm/export-ta_arm32/lib/libutee.a(utee_syscalls_a32.o)
                                          0x8 (size before relaxing)
 .ARM.exidx.text._utee_cryp_obj_reset
                0x0000000000016bd4        0x0 /home/qemu-sgx/devel/optee/optee_os/out/arm/export-ta_arm32/lib/libutee.a(utee_syscalls_a32.o)
                                          0x8 (size before relaxing)
 .ARM.exidx.text._utee_cryp_obj_populate
                0x0000000000016bd4        0x0 /home/qemu-sgx/devel/optee/optee_os/out/arm/export-ta_arm32/lib/libutee.a(utee_syscalls_a32.o)
                                          0x8 (size before relaxing)
 .ARM.exidx.text._utee_cryp_obj_copy
                0x0000000000016bd4        0x0 /home/qemu-sgx/devel/optee/optee_os/out/arm/export-ta_arm32/lib/libutee.a(utee_syscalls_a32.o)
                                          0x8 (size before relaxing)
 .ARM.exidx.text._utee_cryp_derive_key
                0x0000000000016bd4        0x0 /home/qemu-sgx/devel/optee/optee_os/out/arm/export-ta_arm32/lib/libutee.a(utee_syscalls_a32.o)
                                          0x8 (size before relaxing)
 .ARM.exidx.text._utee_cryp_random_number_generate
                0x0000000000016bd4        0x0 /home/qemu-sgx/devel/optee/optee_os/out/arm/export-ta_arm32/lib/libutee.a(utee_syscalls_a32.o)
                                          0x8 (size before relaxing)
 .ARM.exidx.text._utee_authenc_init
                0x0000000000016bd4        0x0 /home/qemu-sgx/devel/optee/optee_os/out/arm/export-ta_arm32/lib/libutee.a(utee_syscalls_a32.o)
                                          0x8 (size before relaxing)
 .ARM.exidx.text._utee_authenc_update_aad
                0x0000000000016bd4        0x0 /home/qemu-sgx/devel/optee/optee_os/out/arm/export-ta_arm32/lib/libutee.a(utee_syscalls_a32.o)
                                          0x8 (size before relaxing)
 .ARM.exidx.text._utee_authenc_update_payload
                0x0000000000016bd4        0x0 /home/qemu-sgx/devel/optee/optee_os/out/arm/export-ta_arm32/lib/libutee.a(utee_syscalls_a32.o)
                                          0x8 (size before relaxing)
 .ARM.exidx.text._utee_authenc_enc_final
                0x0000000000016bd4        0x0 /home/qemu-sgx/devel/optee/optee_os/out/arm/export-ta_arm32/lib/libutee.a(utee_syscalls_a32.o)
                                          0x8 (size before relaxing)
 .ARM.exidx.text._utee_authenc_dec_final
                0x0000000000016bd4        0x0 /home/qemu-sgx/devel/optee/optee_os/out/arm/export-ta_arm32/lib/libutee.a(utee_syscalls_a32.o)
                                          0x8 (size before relaxing)
 .ARM.exidx.text._utee_asymm_operate
                0x0000000000016bd4        0x0 /home/qemu-sgx/devel/optee/optee_os/out/arm/export-ta_arm32/lib/libutee.a(utee_syscalls_a32.o)
                                          0x8 (size before relaxing)
 .ARM.exidx.text._utee_asymm_verify
                0x0000000000016bd4        0x0 /home/qemu-sgx/devel/optee/optee_os/out/arm/export-ta_arm32/lib/libutee.a(utee_syscalls_a32.o)
                                          0x8 (size before relaxing)
 .ARM.exidx.text._utee_storage_obj_open
                0x0000000000016bd4        0x0 /home/qemu-sgx/devel/optee/optee_os/out/arm/export-ta_arm32/lib/libutee.a(utee_syscalls_a32.o)
                                          0x8 (size before relaxing)
 .ARM.exidx.text._utee_storage_obj_create
                0x0000000000016bd4        0x0 /home/qemu-sgx/devel/optee/optee_os/out/arm/export-ta_arm32/lib/libutee.a(utee_syscalls_a32.o)
                                          0x8 (size before relaxing)
 .ARM.exidx.text._utee_storage_obj_del
                0x0000000000016bd4        0x0 /home/qemu-sgx/devel/optee/optee_os/out/arm/export-ta_arm32/lib/libutee.a(utee_syscalls_a32.o)
                                          0x8 (size before relaxing)
 .ARM.exidx.text._utee_storage_obj_rename
                0x0000000000016bd4        0x0 /home/qemu-sgx/devel/optee/optee_os/out/arm/export-ta_arm32/lib/libutee.a(utee_syscalls_a32.o)
                                          0x8 (size before relaxing)
 .ARM.exidx.text._utee_storage_alloc_enum
                0x0000000000016bd4        0x0 /home/qemu-sgx/devel/optee/optee_os/out/arm/export-ta_arm32/lib/libutee.a(utee_syscalls_a32.o)
                                          0x8 (size before relaxing)
 .ARM.exidx.text._utee_storage_free_enum
                0x0000000000016bd4        0x0 /home/qemu-sgx/devel/optee/optee_os/out/arm/export-ta_arm32/lib/libutee.a(utee_syscalls_a32.o)
                                          0x8 (size before relaxing)
 .ARM.exidx.text._utee_storage_reset_enum
                0x0000000000016bd4        0x0 /home/qemu-sgx/devel/optee/optee_os/out/arm/export-ta_arm32/lib/libutee.a(utee_syscalls_a32.o)
                                          0x8 (size before relaxing)
 .ARM.exidx.text._utee_storage_start_enum
                0x0000000000016bd4        0x0 /home/qemu-sgx/devel/optee/optee_os/out/arm/export-ta_arm32/lib/libutee.a(utee_syscalls_a32.o)
                                          0x8 (size before relaxing)
 .ARM.exidx.text._utee_storage_next_enum
                0x0000000000016bd4        0x0 /home/qemu-sgx/devel/optee/optee_os/out/arm/export-ta_arm32/lib/libutee.a(utee_syscalls_a32.o)
                                          0x8 (size before relaxing)
 .ARM.exidx.text._utee_storage_obj_read
                0x0000000000016bd4        0x0 /home/qemu-sgx/devel/optee/optee_os/out/arm/export-ta_arm32/lib/libutee.a(utee_syscalls_a32.o)
                                          0x8 (size before relaxing)
 .ARM.exidx.text._utee_storage_obj_write
                0x0000000000016bd4        0x0 /home/qemu-sgx/devel/optee/optee_os/out/arm/export-ta_arm32/lib/libutee.a(utee_syscalls_a32.o)
                                          0x8 (size before relaxing)
 .ARM.exidx.text._utee_storage_obj_trunc
                0x0000000000016bd4        0x0 /home/qemu-sgx/devel/optee/optee_os/out/arm/export-ta_arm32/lib/libutee.a(utee_syscalls_a32.o)
                                          0x8 (size before relaxing)
 .ARM.exidx.text._utee_storage_obj_seek
                0x0000000000016bd4        0x0 /home/qemu-sgx/devel/optee/optee_os/out/arm/export-ta_arm32/lib/libutee.a(utee_syscalls_a32.o)
                                          0x8 (size before relaxing)
 .ARM.exidx.text._utee_cryp_obj_generate_key
                0x0000000000016bd4        0x0 /home/qemu-sgx/devel/optee/optee_os/out/arm/export-ta_arm32/lib/libutee.a(utee_syscalls_a32.o)
                                          0x8 (size before relaxing)
 .ARM.exidx.text._utee_cache_operation
                0x0000000000016bd4        0x0 /home/qemu-sgx/devel/optee/optee_os/out/arm/export-ta_arm32/lib/libutee.a(utee_syscalls_a32.o)
                                          0x8 (size before relaxing)
 .ARM.exidx     0x0000000000016bd4       0x90 /home/qemu-sgx/devel/optee/optee_os/out/arm/export-ta_arm32/lib/libutee.a(user_ta_entry.o)
                                         0x98 (size before relaxing)
 .ARM.exidx     0x0000000000016c64        0x8 /home/qemu-sgx/devel/optee/optee_os/out/arm/export-ta_arm32/lib/libutee.a(abort.o)
 .ARM.exidx     0x0000000000016c6c      0x158 /home/qemu-sgx/devel/optee/optee_os/out/arm/export-ta_arm32/lib/libutee.a(tee_api_arith_mpi.o)
 .ARM.exidx     0x0000000000016dc4       0x18 /home/qemu-sgx/devel/optee/optee_os/out/arm/export-ta_arm32/lib/libutee.a(tcb.o)
 .ARM.exidx     0x0000000000016ddc       0x10 /home/qemu-sgx/devel/optee/optee_os/out/arm/export-ta_arm32/lib/libutee.a(assert.o)
 .ARM.exidx     0x0000000000016dec      0x250 /home/qemu-sgx/devel/optee/optee_os/out/arm/export-ta_arm32/lib/libmbedtls.a(bignum.o)
 .ARM.exidx     0x000000000001703c        0x8 /home/qemu-sgx/devel/optee/optee_os/out/arm/export-ta_arm32/lib/libmbedtls.a(platform_util.o)
 .ARM.exidx     0x0000000000017044      0x188 /home/qemu-sgx/devel/optee/optee_os/out/arm/export-ta_arm32/lib/libutils.a(bget_malloc.o)
 .ARM.exidx     0x0000000000017334       0x10 /home/qemu-sgx/devel/optee/optee_os/out/arm/export-ta_arm32/lib/libutils.a(snprintf.o)
 .ARM.exidx     0x0000000000017344        0x8 /home/qemu-sgx/devel/optee/optee_os/out/arm/export-ta_arm32/lib/libutils.a(memcpy.o)
 .ARM.exidx     0x000000000001734c        0x8 /home/qemu-sgx/devel/optee/optee_os/out/arm/export-ta_arm32/lib/libutils.a(memmove.o)
 .ARM.exidx     0x0000000000017354        0x8 /home/qemu-sgx/devel/optee/optee_os/out/arm/export-ta_arm32/lib/libutils.a(memset.o)
 .ARM.exidx     0x00000000000171cc       0x30 /home/qemu-sgx/devel/optee/optee_os/out/arm/export-ta_arm32/lib/libutils.a(mempool.o)
 .ARM.exidx     0x000000000001735c       0x10 /home/qemu-sgx/devel/optee/optee_os/out/arm/export-ta_arm32/lib/libutils.a(consttime_memcmp.o)
                                          0x8 (size before relaxing)
                [!provide]                        PROVIDE (__exidx_end = .)

.ctors
 *(SORT_BY_ALIGNMENT(.ctors))

.dtors
 *(SORT_BY_ALIGNMENT(.dtors))

.dynsym         0x000000000001736c       0x60
 *(SORT_BY_ALIGNMENT(.dynsym))
 .dynsym        0x000000000001736c       0x60 out/storage.o

.dynstr         0x00000000000173cc       0x2e
 *(SORT_BY_ALIGNMENT(.dynstr))
 .dynstr        0x00000000000173cc       0x2e out/storage.o

.hash           0x00000000000173fc       0x2c
 *(SORT_BY_ALIGNMENT(.hash))
 .hash          0x00000000000173fc       0x2c out/storage.o
                0x0000000000018000                . = ALIGN (0x1000)

.dynamic        0x0000000000018000       0x88
 *(SORT_BY_ALIGNMENT(.dynamic))
 .dynamic       0x0000000000018000       0x88 out/storage.o
                0x0000000000018000                _DYNAMIC

.tdata
 *(SORT_BY_ALIGNMENT(.tdata) SORT_BY_ALIGNMENT(.tdata.*) SORT_BY_ALIGNMENT(.gnu.linkonce.td.*))

.tbss
 *(SORT_BY_ALIGNMENT(.tbss) SORT_BY_ALIGNMENT(.tbss.*) SORT_BY_ALIGNMENT(.gnu.linkonce.tb.*))
 *(SORT_BY_ALIGNMENT(.tcommon))

.got            0x0000000000018088       0x48
 *(SORT_BY_ALIGNMENT(.got.plt))
 .got.plt       0x0000000000018088        0xc out/storage.o
                0x0000000000018088                _GLOBAL_OFFSET_TABLE_
 *(SORT_BY_ALIGNMENT(.got))
 .got           0x0000000000018094       0x3c out/storage.o

.rel.text
 *(SORT_BY_ALIGNMENT(.rel.text))
 *(SORT_BY_ALIGNMENT(.rel.gnu.linkonce.t*))

.rela.text
 *(SORT_BY_ALIGNMENT(.rela.text))
 *(SORT_BY_ALIGNMENT(.rela.gnu.linkonce.t*))

.rel.data
 *(SORT_BY_ALIGNMENT(.rel.data))
 *(SORT_BY_ALIGNMENT(.rel.gnu.linkonce.d*))

.rela.data
 *(SORT_BY_ALIGNMENT(.rela.data))
 *(SORT_BY_ALIGNMENT(.rela.gnu.linkonce.d*))

.rel.tdata
 *(SORT_BY_ALIGNMENT(.rel.tdata) SORT_BY_ALIGNMENT(.rel.tdata.*) SORT_BY_ALIGNMENT(.rel.gnu.linkonce.td.*))

.rela.tdata
 *(SORT_BY_ALIGNMENT(.rela.tdata) SORT_BY_ALIGNMENT(.rela.tdata.*) SORT_BY_ALIGNMENT(.rela.gnu.linkonce.td.*))

.rel.tbss
 *(SORT_BY_ALIGNMENT(.rel.tbss) SORT_BY_ALIGNMENT(.rel.tbss.*) SORT_BY_ALIGNMENT(.rel.gnu.linkonce.tb.*))

.rela.tbss
 *(SORT_BY_ALIGNMENT(.rela.tbss) SORT_BY_ALIGNMENT(.rela.tbss.*) SORT_BY_ALIGNMENT(.rela.gnu.linkonce.tb.*))

.rel.rodata
 *(SORT_BY_ALIGNMENT(.rel.rodata))
 *(SORT_BY_ALIGNMENT(.rel.gnu.linkonce.r*))

.rela.rodata
 *(SORT_BY_ALIGNMENT(.rela.rodata))
 *(SORT_BY_ALIGNMENT(.rela.gnu.linkonce.r*))

.rel.dyn        0x00000000000180d0       0xa8
 *(SORT_BY_ALIGNMENT(.rel.dyn))
 .rel.data.rel.ro
                0x00000000000180d0        0x0 out/storage.o
 .rel.iplt      0x00000000000180d0        0x0 out/storage.o
 .rel.data.rel.ro.local
                0x00000000000180d0       0x70 out/storage.o
 .rel.data.rel.local
                0x0000000000018140       0x30 out/storage.o
 .rel.data.rel  0x0000000000018170        0x8 out/storage.o

.rel.got        0x0000000000018178       0x78
 *(SORT_BY_ALIGNMENT(.rel.got))
 .rel.got       0x0000000000018178       0x78 out/storage.o

.rela.got
 *(SORT_BY_ALIGNMENT(.rela.got))

.rel.ctors
 *(SORT_BY_ALIGNMENT(.rel.ctors))

.rela.ctors
 *(SORT_BY_ALIGNMENT(.rela.ctors))

.rel.dtors
 *(SORT_BY_ALIGNMENT(.rel.dtors))

.rela.dtors
 *(SORT_BY_ALIGNMENT(.rela.dtors))

.rel.init
 *(SORT_BY_ALIGNMENT(.rel.init))

.rela.init
 *(SORT_BY_ALIGNMENT(.rela.init))

.rel.fini
 *(SORT_BY_ALIGNMENT(.rel.fini))

.rela.fini
 *(SORT_BY_ALIGNMENT(.rela.fini))

.rel.bss        0x00000000000181f0        0x0
 *(SORT_BY_ALIGNMENT(.rel.bss))
 .rel.bss       0x00000000000181f0        0x0 out/storage.o

.rela.bss
 *(SORT_BY_ALIGNMENT(.rela.bss))

.rel.plt        0x00000000000181f0        0x0
 *(SORT_BY_ALIGNMENT(.rel.plt))
 .rel.plt       0x00000000000181f0        0x0 out/storage.o

.rela.plt
 *(SORT_BY_ALIGNMENT(.rela.plt))

.data           0x00000000000181f0       0xe8
 *(SORT_BY_ALIGNMENT(.data) SORT_BY_ALIGNMENT(.data.*) SORT_BY_ALIGNMENT(.gnu.linkonce.d.*))
 .data          0x00000000000181f0        0x4 out/user_ta_header.o
                0x00000000000181f0                trace_level
 .data.rel.ro.local
                0x00000000000181f4       0x54 out/user_ta_header.o
                0x00000000000181f4                ta_props
 .data.rel.local
                0x0000000000018248       0x10 /home/qemu-sgx/devel/optee/optee_os/out/arm/export-ta_arm32/lib/libutee.a(user_ta_entry.o)
 .data.rel      0x0000000000018258        0x4 /home/qemu-sgx/devel/optee/optee_os/out/arm/export-ta_arm32/lib/libmbedtls.a(platform_util.o)
 .data          0x000000000001825c        0x4 /home/qemu-sgx/devel/optee/optee_os/out/arm/export-ta_arm32/lib/libutils.a(bget_malloc.o)
 .data.rel.local
                0x0000000000018260       0x78 /home/qemu-sgx/devel/optee/optee_os/out/arm/export-ta_arm32/lib/libutils.a(bget_malloc.o)
 .data          0x00000000000182d8        0x0 out/storage.o
 .data.rel.ro   0x00000000000182d8        0x0 out/storage.o
 .data          0x00000000000182d8        0x0 out/ta_entry.o
 .data          0x00000000000182d8        0x0 out/ta_entry_a32.o
 .data          0x00000000000182d8        0x0 /home/qemu-sgx/devel/optee/optee_os/out/arm/export-ta_arm32/lib/libutils.a(trace.o)
 .data          0x00000000000182d8        0x0 /home/qemu-sgx/devel/optee/optee_os/out/arm/export-ta_arm32/lib/libutils.a(aeabi_unwind.o)
 .data          0x00000000000182d8        0x0 /home/qemu-sgx/devel/optee/optee_os/out/arm/export-ta_arm32/lib/libutils.a(snprintk.o)
 .data          0x00000000000182d8        0x0 /home/qemu-sgx/devel/optee/optee_os/out/arm/export-ta_arm32/lib/libutils.a(memchr.o)
 .data          0x00000000000182d8        0x0 /home/qemu-sgx/devel/optee/optee_os/out/arm/export-ta_arm32/lib/libutils.a(strlen.o)
 .data          0x00000000000182d8        0x0 /home/qemu-sgx/devel/optee/optee_os/out/arm/export-ta_arm32/lib/libutils.a(arm32_aeabi_ldivmod_a32.o)
 .data          0x00000000000182d8        0x0 /home/qemu-sgx/devel/optee/optee_os/out/arm/export-ta_arm32/lib/libutils.a(arm32_aeabi_ldivmod.o)
 .data          0x00000000000182d8        0x0 /home/qemu-sgx/devel/optee/optee_os/out/arm/export-ta_arm32/lib/libutee.a(trace_ext.o)
 .data          0x00000000000182d8        0x0 /home/qemu-sgx/devel/optee/optee_os/out/arm/export-ta_arm32/lib/libutee.a(tee_api.o)
 .data          0x00000000000182d8        0x0 /home/qemu-sgx/devel/optee/optee_os/out/arm/export-ta_arm32/lib/libutee.a(tee_api_objects.o)
 .data          0x00000000000182d8        0x0 /home/qemu-sgx/devel/optee/optee_os/out/arm/export-ta_arm32/lib/libutee.a(tee_api_operations.o)
 .data          0x00000000000182d8        0x0 /home/qemu-sgx/devel/optee/optee_os/out/arm/export-ta_arm32/lib/libutee.a(tee_api_panic.o)
 .data          0x00000000000182d8        0x0 /home/qemu-sgx/devel/optee/optee_os/out/arm/export-ta_arm32/lib/libutee.a(tee_system_pta.o)
 .data          0x00000000000182d8        0x0 /home/qemu-sgx/devel/optee/optee_os/out/arm/export-ta_arm32/lib/libutee.a(utee_syscalls_a32.o)
 .data          0x00000000000182d8        0x0 /home/qemu-sgx/devel/optee/optee_os/out/arm/export-ta_arm32/lib/libutee.a(user_ta_entry.o)
 .data          0x00000000000182d8        0x0 /home/qemu-sgx/devel/optee/optee_os/out/arm/export-ta_arm32/lib/libutee.a(abort.o)
 .data          0x00000000000182d8        0x0 /home/qemu-sgx/devel/optee/optee_os/out/arm/export-ta_arm32/lib/libutee.a(tee_api_arith_mpi.o)
 .data          0x00000000000182d8        0x0 /home/qemu-sgx/devel/optee/optee_os/out/arm/export-ta_arm32/lib/libutee.a(tcb.o)
 .data          0x00000000000182d8        0x0 /home/qemu-sgx/devel/optee/optee_os/out/arm/export-ta_arm32/lib/libutee.a(assert.o)
 .data          0x00000000000182d8        0x0 /home/qemu-sgx/devel/optee/optee_os/out/arm/export-ta_arm32/lib/libmbedtls.a(bignum.o)
 .data          0x00000000000182d8        0x0 /home/qemu-sgx/devel/optee/optee_os/out/arm/export-ta_arm32/lib/libmbedtls.a(platform_util.o)
 .data          0x00000000000182d8        0x0 /home/qemu-sgx/devel/optee/optee_os/out/arm/export-ta_arm32/lib/libutils.a(snprintf.o)
 .data          0x00000000000182d8        0x0 /home/qemu-sgx/devel/optee/optee_os/out/arm/export-ta_arm32/lib/libutils.a(memcpy.o)
 .data          0x00000000000182d8        0x0 /home/qemu-sgx/devel/optee/optee_os/out/arm/export-ta_arm32/lib/libutils.a(memmove.o)
 .data          0x00000000000182d8        0x0 /home/qemu-sgx/devel/optee/optee_os/out/arm/export-ta_arm32/lib/libutils.a(memset.o)
 .data          0x00000000000182d8        0x0 /home/qemu-sgx/devel/optee/optee_os/out/arm/export-ta_arm32/lib/libutils.a(mempool.o)
 .data          0x00000000000182d8        0x0 /home/qemu-sgx/devel/optee/optee_os/out/arm/export-ta_arm32/lib/libutils.a(consttime_memcmp.o)

.igot.plt       0x00000000000182d8        0x0
 .igot.plt      0x00000000000182d8        0x0 out/storage.o

.bss            0x00000000000182d8     0xb060
 *(SORT_BY_ALIGNMENT(.bss) SORT_BY_ALIGNMENT(.bss.*) SORT_BY_ALIGNMENT(.gnu.linkonce.b.*) SORT_BY_ALIGNMENT(COMMON))
 .bss           0x00000000000182d8     0x8000 out/user_ta_header.o
                0x00000000000182d8                ta_heap
 .bss           0x00000000000202d8        0x4 /home/qemu-sgx/devel/optee/optee_os/out/arm/export-ta_arm32/lib/libutee.a(tee_api.o)
 .bss           0x00000000000202dc        0x4 /home/qemu-sgx/devel/optee/optee_os/out/arm/export-ta_arm32/lib/libutee.a(tee_system_pta.o)
 .bss           0x00000000000202e0       0x38 /home/qemu-sgx/devel/optee/optee_os/out/arm/export-ta_arm32/lib/libutee.a(user_ta_entry.o)
                0x00000000000202e0                ta_param_types
                0x00000000000202e4                ta_params
                0x0000000000020304                __elf_phdr_info
 .bss           0x0000000000020318     0x3000 /home/qemu-sgx/devel/optee/optee_os/out/arm/export-ta_arm32/lib/libutee.a(tee_api_arith_mpi.o)
 .bss           0x0000000000023318        0x8 /home/qemu-sgx/devel/optee/optee_os/out/arm/export-ta_arm32/lib/libutee.a(tcb.o)
 .bss           0x0000000000023320        0x4 /home/qemu-sgx/devel/optee/optee_os/out/arm/export-ta_arm32/lib/libmbedtls.a(bignum.o)
                0x0000000000023320                mbedtls_mpi_mempool
 .bss           0x0000000000023324       0x10 /home/qemu-sgx/devel/optee/optee_os/out/arm/export-ta_arm32/lib/libutils.a(bget_malloc.o)
 .bss           0x0000000000023334        0x0 out/storage.o
 .bss           0x0000000000023334        0x0 out/ta_entry.o
 .bss           0x0000000000023334        0x0 out/ta_entry_a32.o
 .bss           0x0000000000023334        0x0 /home/qemu-sgx/devel/optee/optee_os/out/arm/export-ta_arm32/lib/libutils.a(trace.o)
 .bss           0x0000000000023334        0x0 /home/qemu-sgx/devel/optee/optee_os/out/arm/export-ta_arm32/lib/libutils.a(aeabi_unwind.o)
 .bss           0x0000000000023334        0x0 /home/qemu-sgx/devel/optee/optee_os/out/arm/export-ta_arm32/lib/libutils.a(snprintk.o)
 .bss           0x0000000000023334        0x0 /home/qemu-sgx/devel/optee/optee_os/out/arm/export-ta_arm32/lib/libutils.a(memchr.o)
 .bss           0x0000000000023334        0x0 /home/qemu-sgx/devel/optee/optee_os/out/arm/export-ta_arm32/lib/libutils.a(strlen.o)
 .bss           0x0000000000023334        0x0 /home/qemu-sgx/devel/optee/optee_os/out/arm/export-ta_arm32/lib/libutils.a(arm32_aeabi_ldivmod_a32.o)
 .bss           0x0000000000023334        0x0 /home/qemu-sgx/devel/optee/optee_os/out/arm/export-ta_arm32/lib/libutils.a(arm32_aeabi_ldivmod.o)
 .bss           0x0000000000023334        0x0 /home/qemu-sgx/devel/optee/optee_os/out/arm/export-ta_arm32/lib/libutee.a(trace_ext.o)
 .bss           0x0000000000023334        0x0 /home/qemu-sgx/devel/optee/optee_os/out/arm/export-ta_arm32/lib/libutee.a(tee_api_objects.o)
 .bss           0x0000000000023334        0x0 /home/qemu-sgx/devel/optee/optee_os/out/arm/export-ta_arm32/lib/libutee.a(tee_api_operations.o)
 .bss           0x0000000000023334        0x0 /home/qemu-sgx/devel/optee/optee_os/out/arm/export-ta_arm32/lib/libutee.a(tee_api_panic.o)
 .bss           0x0000000000023334        0x0 /home/qemu-sgx/devel/optee/optee_os/out/arm/export-ta_arm32/lib/libutee.a(utee_syscalls_a32.o)
 .bss           0x0000000000023334        0x0 /home/qemu-sgx/devel/optee/optee_os/out/arm/export-ta_arm32/lib/libutee.a(abort.o)
 .bss           0x0000000000023334        0x0 /home/qemu-sgx/devel/optee/optee_os/out/arm/export-ta_arm32/lib/libutee.a(assert.o)
 .bss           0x0000000000023334        0x0 /home/qemu-sgx/devel/optee/optee_os/out/arm/export-ta_arm32/lib/libmbedtls.a(platform_util.o)
 .bss           0x0000000000023334        0x0 /home/qemu-sgx/devel/optee/optee_os/out/arm/export-ta_arm32/lib/libutils.a(snprintf.o)
 .bss           0x0000000000023334        0x0 /home/qemu-sgx/devel/optee/optee_os/out/arm/export-ta_arm32/lib/libutils.a(memcpy.o)
 .bss           0x0000000000023334        0x0 /home/qemu-sgx/devel/optee/optee_os/out/arm/export-ta_arm32/lib/libutils.a(memmove.o)
 .bss           0x0000000000023334        0x0 /home/qemu-sgx/devel/optee/optee_os/out/arm/export-ta_arm32/lib/libutils.a(memset.o)
 .bss           0x0000000000023334        0x0 /home/qemu-sgx/devel/optee/optee_os/out/arm/export-ta_arm32/lib/libutils.a(mempool.o)
 .bss           0x0000000000023334        0x0 /home/qemu-sgx/devel/optee/optee_os/out/arm/export-ta_arm32/lib/libutils.a(consttime_memcmp.o)
                0x0000000000023338                . = ALIGN (0x8)
 *fill*         0x0000000000023334        0x4 
                0x0000000000023338                __ftrace_buf_start = .
                0x0000000000023338                . = (. + DEFINED (__gnu_mcount_nc)?0x800:0x0)
                0x0000000000023338                __ftrace_buf_end = .

.dynbss         0x0000000000023338        0x0
 .dynbss        0x0000000000023338        0x0 out/storage.o

/DISCARD/
 *(SORT_BY_ALIGNMENT(.interp))
LOAD out/storage.o
LOAD out/ta_entry.o
LOAD out/user_ta_header.o
LOAD out/ta_entry_a32.o
START GROUP
LOAD /home/qemu-sgx/devel/optee/optee_os/out/arm/export-ta_arm32/lib/libutils.a
LOAD /home/qemu-sgx/devel/optee/optee_os/out/arm/export-ta_arm32/lib/libutee.a
LOAD /home/qemu-sgx/devel/optee/optee_os/out/arm/export-ta_arm32/lib/libmbedtls.a
LOAD /home/qemu-sgx/devel/optee/optee_os/out/arm/export-ta_arm32/lib/libdl.a
END GROUP
LOAD /home/qemu-sgx/devel/optee/toolchains/aarch32/bin/../lib/gcc/arm-none-linux-gnueabihf/10.2.1/libgcc.a
LOAD /home/qemu-sgx/devel/optee/optee_os/out/arm/export-ta_arm32/lib/libutils.a
OUTPUT(out/731e279e-aafb-4575-a771-38caa6f0cca6.elf elf32-littlearm)
LOAD linker stubs

.debug_info     0x0000000000000000     0xd3d9
 .debug_info    0x0000000000000000      0xc03 out/storage.o
 .debug_info    0x0000000000000c03      0x203 out/ta_entry.o
 .debug_info    0x0000000000000e06      0x3a5 out/user_ta_header.o
 .debug_info    0x00000000000011ab       0x26 out/ta_entry_a32.o
 .debug_info    0x00000000000011d1      0x3b9 /home/qemu-sgx/devel/optee/optee_os/out/arm/export-ta_arm32/lib/libutils.a(trace.o)
 .debug_info    0x000000000000158a       0x60 /home/qemu-sgx/devel/optee/optee_os/out/arm/export-ta_arm32/lib/libutils.a(aeabi_unwind.o)
 .debug_info    0x00000000000015ea      0x58e /home/qemu-sgx/devel/optee/optee_os/out/arm/export-ta_arm32/lib/libutils.a(snprintk.o)
 .debug_info    0x0000000000001b78       0xf9 /home/qemu-sgx/devel/optee/optee_os/out/arm/export-ta_arm32/lib/libutils.a(memchr.o)
 .debug_info    0x0000000000001c71       0xab /home/qemu-sgx/devel/optee/optee_os/out/arm/export-ta_arm32/lib/libutils.a(strlen.o)
 .debug_info    0x0000000000001d1c       0x22 /home/qemu-sgx/devel/optee/optee_os/out/arm/export-ta_arm32/lib/libutils.a(arm32_aeabi_ldivmod_a32.o)
 .debug_info    0x0000000000001d3e      0x218 /home/qemu-sgx/devel/optee/optee_os/out/arm/export-ta_arm32/lib/libutils.a(arm32_aeabi_ldivmod.o)
 .debug_info    0x0000000000001f56      0x1ca /home/qemu-sgx/devel/optee/optee_os/out/arm/export-ta_arm32/lib/libutee.a(trace_ext.o)
 .debug_info    0x0000000000002120      0xbc0 /home/qemu-sgx/devel/optee/optee_os/out/arm/export-ta_arm32/lib/libutee.a(tee_api.o)
 .debug_info    0x0000000000002ce0      0xf06 /home/qemu-sgx/devel/optee/optee_os/out/arm/export-ta_arm32/lib/libutee.a(tee_api_objects.o)
 .debug_info    0x0000000000003be6     0x187d /home/qemu-sgx/devel/optee/optee_os/out/arm/export-ta_arm32/lib/libutee.a(tee_api_operations.o)
 .debug_info    0x0000000000005463      0x32f /home/qemu-sgx/devel/optee/optee_os/out/arm/export-ta_arm32/lib/libutee.a(tee_api_panic.o)
 .debug_info    0x0000000000005792      0x4a9 /home/qemu-sgx/devel/optee/optee_os/out/arm/export-ta_arm32/lib/libutee.a(tee_system_pta.o)
 .debug_info    0x0000000000005c3b       0x22 /home/qemu-sgx/devel/optee/optee_os/out/arm/export-ta_arm32/lib/libutee.a(utee_syscalls_a32.o)
 .debug_info    0x0000000000005c5d      0xca2 /home/qemu-sgx/devel/optee/optee_os/out/arm/export-ta_arm32/lib/libutee.a(user_ta_entry.o)
 .debug_info    0x00000000000068ff       0x90 /home/qemu-sgx/devel/optee/optee_os/out/arm/export-ta_arm32/lib/libutee.a(abort.o)
 .debug_info    0x000000000000698f     0x1d3a /home/qemu-sgx/devel/optee/optee_os/out/arm/export-ta_arm32/lib/libutee.a(tee_api_arith_mpi.o)
 .debug_info    0x00000000000086c9      0x492 /home/qemu-sgx/devel/optee/optee_os/out/arm/export-ta_arm32/lib/libutee.a(tcb.o)
 .debug_info    0x0000000000008b5b       0xf3 /home/qemu-sgx/devel/optee/optee_os/out/arm/export-ta_arm32/lib/libutee.a(assert.o)
 .debug_info    0x0000000000008c4e     0x2678 /home/qemu-sgx/devel/optee/optee_os/out/arm/export-ta_arm32/lib/libmbedtls.a(bignum.o)
 .debug_info    0x000000000000b2c6       0xf1 /home/qemu-sgx/devel/optee/optee_os/out/arm/export-ta_arm32/lib/libmbedtls.a(platform_util.o)
 .debug_info    0x000000000000b3b7     0x1791 /home/qemu-sgx/devel/optee/optee_os/out/arm/export-ta_arm32/lib/libutils.a(bget_malloc.o)
 .debug_info    0x000000000000cb48      0x143 /home/qemu-sgx/devel/optee/optee_os/out/arm/export-ta_arm32/lib/libutils.a(snprintf.o)
 .debug_info    0x000000000000cc8b      0x101 /home/qemu-sgx/devel/optee/optee_os/out/arm/export-ta_arm32/lib/libutils.a(memcpy.o)
 .debug_info    0x000000000000cd8c      0x101 /home/qemu-sgx/devel/optee/optee_os/out/arm/export-ta_arm32/lib/libutils.a(memmove.o)
 .debug_info    0x000000000000ce8d       0xe7 /home/qemu-sgx/devel/optee/optee_os/out/arm/export-ta_arm32/lib/libutils.a(memset.o)
 .debug_info    0x000000000000cf74      0x373 /home/qemu-sgx/devel/optee/optee_os/out/arm/export-ta_arm32/lib/libutils.a(mempool.o)
 .debug_info    0x000000000000d2e7       0xf2 /home/qemu-sgx/devel/optee/optee_os/out/arm/export-ta_arm32/lib/libutils.a(consttime_memcmp.o)

.debug_abbrev   0x0000000000000000     0x2a19
 .debug_abbrev  0x0000000000000000      0x1f8 out/storage.o
 .debug_abbrev  0x00000000000001f8      0x13a out/ta_entry.o
 .debug_abbrev  0x0000000000000332      0x174 out/user_ta_header.o
 .debug_abbrev  0x00000000000004a6       0x14 out/ta_entry_a32.o
 .debug_abbrev  0x00000000000004ba      0x1af /home/qemu-sgx/devel/optee/optee_os/out/arm/export-ta_arm32/lib/libutils.a(trace.o)
 .debug_abbrev  0x0000000000000669       0x31 /home/qemu-sgx/devel/optee/optee_os/out/arm/export-ta_arm32/lib/libutils.a(aeabi_unwind.o)
 .debug_abbrev  0x000000000000069a      0x1b6 /home/qemu-sgx/devel/optee/optee_os/out/arm/export-ta_arm32/lib/libutils.a(snprintk.o)