Archive member included to satisfy reference by file (symbol)

/home/qemu-sgx/devel/optee/optee_os/out/arm/export-ta_arm32/lib/libutils.a(aeabi_unwind.o)
                              out/ta_entry.o (__aeabi_unwind_cpp_pr0)
/home/qemu-sgx/devel/optee/optee_os/out/arm/export-ta_arm32/lib/libutee.a(utee_syscalls_a32.o)
                              out/user_ta_header.o (_utee_return)
/home/qemu-sgx/devel/optee/optee_os/out/arm/export-ta_arm32/lib/libutee.a(user_ta_entry.o)
                              out/user_ta_header.o (__utee_entry)
/home/qemu-sgx/devel/optee/optee_os/out/arm/export-ta_arm32/lib/libutee.a(abort.o)
                              /home/qemu-sgx/devel/optee/optee_os/out/arm/export-ta_arm32/lib/libutee.a(user_ta_entry.o) (abort)
/home/qemu-sgx/devel/optee/optee_os/out/arm/export-ta_arm32/lib/libutee.a(trace_ext.o)
                              /home/qemu-sgx/devel/optee/optee_os/out/arm/export-ta_arm32/lib/libutee.a(abort.o) (puts)
/home/qemu-sgx/devel/optee/optee_os/out/arm/export-ta_arm32/lib/libutee.a(tee_api.o)
                              /home/qemu-sgx/devel/optee/optee_os/out/arm/export-ta_arm32/lib/libutee.a(user_ta_entry.o) (TEE_Malloc)
/home/qemu-sgx/devel/optee/optee_os/out/arm/export-ta_arm32/lib/libutee.a(tee_api_arith_mpi.o)
                              /home/qemu-sgx/devel/optee/optee_os/out/arm/export-ta_arm32/lib/libutee.a(user_ta_entry.o) (_TEE_MathAPI_Init)
/home/qemu-sgx/devel/optee/optee_os/out/arm/export-ta_arm32/lib/libutee.a(tee_api_panic.o)
                              /home/qemu-sgx/devel/optee/optee_os/out/arm/export-ta_arm32/lib/libutee.a(user_ta_entry.o) (TEE_Panic)
/home/qemu-sgx/devel/optee/optee_os/out/arm/export-ta_arm32/lib/libutee.a(tee_system_pta.o)
                              /home/qemu-sgx/devel/optee/optee_os/out/arm/export-ta_arm32/lib/libutee.a(tee_api.o) (tee_map_zi)
/home/qemu-sgx/devel/optee/optee_os/out/arm/export-ta_arm32/lib/libutee.a(tcb.o)
                              /home/qemu-sgx/devel/optee/optee_os/out/arm/export-ta_arm32/lib/libutee.a(user_ta_entry.o) (__utee_tcb_init)
/home/qemu-sgx/devel/optee/optee_os/out/arm/export-ta_arm32/lib/libutee.a(assert.o)
                              /home/qemu-sgx/devel/optee/optee_os/out/arm/export-ta_arm32/lib/libutee.a(tcb.o) (_assert_log)
/home/qemu-sgx/devel/optee/optee_os/out/arm/export-ta_arm32/lib/libmbedtls.a(bignum.o)
                              /home/qemu-sgx/devel/optee/optee_os/out/arm/export-ta_arm32/lib/libutee.a(tee_api_arith_mpi.o) (mbedtls_mpi_mempool)
/home/qemu-sgx/devel/optee/optee_os/out/arm/export-ta_arm32/lib/libmbedtls.a(platform_util.o)
                              /home/qemu-sgx/devel/optee/optee_os/out/arm/export-ta_arm32/lib/libmbedtls.a(bignum.o) (mbedtls_platform_zeroize)
/home/qemu-sgx/devel/optee/optee_os/out/arm/export-ta_arm32/lib/libutils.a(bget_malloc.o)
                              /home/qemu-sgx/devel/optee/optee_os/out/arm/export-ta_arm32/lib/libutee.a(user_ta_entry.o) (malloc)
/home/qemu-sgx/devel/optee/optee_os/out/arm/export-ta_arm32/lib/libutils.a(snprintf.o)
                              /home/qemu-sgx/devel/optee/optee_os/out/arm/export-ta_arm32/lib/libutee.a(trace_ext.o) (vsnprintf)
/home/qemu-sgx/devel/optee/optee_os/out/arm/export-ta_arm32/lib/libutils.a(memcpy.o)
                              /home/qemu-sgx/devel/optee/optee_os/out/arm/export-ta_arm32/lib/libutee.a(user_ta_entry.o) (memcpy)
/home/qemu-sgx/devel/optee/optee_os/out/arm/export-ta_arm32/lib/libutils.a(memmove.o)
                              /home/qemu-sgx/devel/optee/optee_os/out/arm/export-ta_arm32/lib/libutee.a(tee_api.o) (memmove)
/home/qemu-sgx/devel/optee/optee_os/out/arm/export-ta_arm32/lib/libutils.a(memset.o)
                              /home/qemu-sgx/devel/optee/optee_os/out/arm/export-ta_arm32/lib/libutee.a(user_ta_entry.o) (memset)
/home/qemu-sgx/devel/optee/optee_os/out/arm/export-ta_arm32/lib/libutils.a(strlen.o)
                              /home/qemu-sgx/devel/optee/optee_os/out/arm/export-ta_arm32/lib/libutee.a(trace_ext.o) (strlen)
/home/qemu-sgx/devel/optee/optee_os/out/arm/export-ta_arm32/lib/libutils.a(arm32_aeabi_ldivmod_a32.o)
                              /home/qemu-sgx/devel/optee/optee_os/out/arm/export-ta_arm32/lib/libmbedtls.a(bignum.o) (__aeabi_uldivmod)
/home/qemu-sgx/devel/optee/optee_os/out/arm/export-ta_arm32/lib/libutils.a(arm32_aeabi_ldivmod.o)
                              /home/qemu-sgx/devel/optee/optee_os/out/arm/export-ta_arm32/lib/libutils.a(arm32_aeabi_ldivmod_a32.o) (__ul_divmod)
/home/qemu-sgx/devel/optee/optee_os/out/arm/export-ta_arm32/lib/libutils.a(snprintk.o)
                              /home/qemu-sgx/devel/optee/optee_os/out/arm/export-ta_arm32/lib/libutils.a(snprintf.o) (__vsnprintf)
/home/qemu-sgx/devel/optee/optee_os/out/arm/export-ta_arm32/lib/libutils.a(trace.o)
                              /home/qemu-sgx/devel/optee/optee_os/out/arm/export-ta_arm32/lib/libutee.a(user_ta_entry.o) (trace_set_level)
[...]
Memory Configuration

Name             Origin             Length             Attributes
*default*        0x0000000000000000 0xffffffffffffffff

Linker script and memory map


.ta_head        0x0000000000000000       0x20
 *(SORT_BY_ALIGNMENT(.ta_head))
 .ta_head       0x0000000000000000       0x20 out/user_ta_header.o
                0x0000000000000000                ta_head

.text           0x0000000000000020    0x133b0
                0x0000000000000020                __text_start = .
 *(SORT_BY_ALIGNMENT(.text) SORT_BY_ALIGNMENT(.text.*))
 .text          0x0000000000000020       0x90 out/ta_entry.o
                0x0000000000000020                TA_CreateEntryPoint
                0x0000000000000034                TA_DestroyEntryPoint
                0x0000000000000044                TA_OpenSessionEntryPoint
                0x0000000000000070                TA_CloseSessionEntryPoint
                0x0000000000000088                TA_InvokeCommandEntryPoint
 .text.__ta_entry
                0x00000000000000b0        0x4 out/ta_entry_a32.o
                0x00000000000000b0                __ta_entry
 .text          0x00000000000000b4        0x0 /home/qemu-sgx/devel/optee/optee_os/out/arm/export-ta_arm32/lib/libutee.a(utee_syscalls_a32.o)
 .text._utee_panic
                0x00000000000000b4       0x14 /home/qemu-sgx/devel/optee/optee_os/out/arm/export-ta_arm32/lib/libutee.a(utee_syscalls_a32.o)
                0x00000000000000b4                _utee_panic
 .text._utee_return
                0x00000000000000c8       0x14 /home/qemu-sgx/devel/optee/optee_os/out/arm/export-ta_arm32/lib/libutee.a(utee_syscalls_a32.o)
                0x00000000000000c8                _utee_return
 .text._utee_log
                0x00000000000000dc       0x14 /home/qemu-sgx/devel/optee/optee_os/out/arm/export-ta_arm32/lib/libutee.a(utee_syscalls_a32.o)
                0x00000000000000dc                _utee_log
 .text.__utee_panic
                0x00000000000000f0       0x14 /home/qemu-sgx/devel/optee/optee_os/out/arm/export-ta_arm32/lib/libutee.a(utee_syscalls_a32.o)
                0x00000000000000f0                __utee_panic
 .text._utee_get_property
                0x0000000000000104       0x18 /home/qemu-sgx/devel/optee/optee_os/out/arm/export-ta_arm32/lib/libutee.a(utee_syscalls_a32.o)
                0x0000000000000104                _utee_get_property
 .text._utee_get_property_name_to_index
                0x000000000000011c       0x14 /home/qemu-sgx/devel/optee/optee_os/out/arm/export-ta_arm32/lib/libutee.a(utee_syscalls_a32.o)
                0x000000000000011c                _utee_get_property_name_to_index
 .text._utee_open_ta_session
                0x0000000000000130       0x18 /home/qemu-sgx/devel/optee/optee_os/out/arm/export-ta_arm32/lib/libutee.a(utee_syscalls_a32.o)
                0x0000000000000130                _utee_open_ta_session
 .text._utee_close_ta_session
                0x0000000000000148       0x14 /home/qemu-sgx/devel/optee/optee_os/out/arm/export-ta_arm32/lib/libutee.a(utee_syscalls_a32.o)
                0x0000000000000148                _utee_close_ta_session
 .text._utee_invoke_ta_command
                0x000000000000015c       0x18 /home/qemu-sgx/devel/optee/optee_os/out/arm/export-ta_arm32/lib/libutee.a(utee_syscalls_a32.o)
                0x000000000000015c                _utee_invoke_ta_command
 .text._utee_get_cancellation_flag
                0x0000000000000174       0x14 /home/qemu-sgx/devel/optee/optee_os/out/arm/export-ta_arm32/lib/libutee.a(utee_syscalls_a32.o)
                0x0000000000000174                _utee_get_cancellation_flag
 .text._utee_check_access_rights
                0x0000000000000188       0x14 /home/qemu-sgx/devel/optee/optee_os/out/arm/export-ta_arm32/lib/libutee.a(utee_syscalls_a32.o)
                0x0000000000000188                _utee_check_access_rights
 .text._utee_unmask_cancellation
                0x000000000000019c       0x14 /home/qemu-sgx/devel/optee/optee_os/out/arm/export-ta_arm32/lib/libutee.a(utee_syscalls_a32.o)
                0x000000000000019c                _utee_unmask_cancellation
 .text._utee_mask_cancellation
                0x00000000000001b0       0x14 /home/qemu-sgx/devel/optee/optee_os/out/arm/export-ta_arm32/lib/libutee.a(utee_syscalls_a32.o)
                0x00000000000001b0                _utee_mask_cancellation
 .text._utee_wait
                0x00000000000001c4       0x14 /home/qemu-sgx/devel/optee/optee_os/out/arm/export-ta_arm32/lib/libutee.a(utee_syscalls_a32.o)
                0x00000000000001c4                _utee_wait
 .text._utee_get_time
                0x00000000000001d8       0x14 /home/qemu-sgx/devel/optee/optee_os/out/arm/export-ta_arm32/lib/libutee.a(utee_syscalls_a32.o)
                0x00000000000001d8                _utee_get_time
 .text._utee_set_ta_time
                0x00000000000001ec       0x14 /home/qemu-sgx/devel/optee/optee_os/out/arm/export-ta_arm32/lib/libutee.a(utee_syscalls_a32.o)
                0x00000000000001ec                _utee_set_ta_time
 .text._utee_cryp_state_alloc
                0x0000000000000200       0x18 /home/qemu-sgx/devel/optee/optee_os/out/arm/export-ta_arm32/lib/libutee.a(utee_syscalls_a32.o)
                0x0000000000000200                _utee_cryp_state_alloc
 .text._utee_cryp_state_copy
                0x0000000000000218       0x14 /home/qemu-sgx/devel/optee/optee_os/out/arm/export-ta_arm32/lib/libutee.a(utee_syscalls_a32.o)
                0x0000000000000218                _utee_cryp_state_copy
 .text._utee_cryp_state_free
                0x000000000000022c       0x14 /home/qemu-sgx/devel/optee/optee_os/out/arm/export-ta_arm32/lib/libutee.a(utee_syscalls_a32.o)
                0x000000000000022c                _utee_cryp_state_free
 .text._utee_hash_init
                0x0000000000000240       0x14 /home/qemu-sgx/devel/optee/optee_os/out/arm/export-ta_arm32/lib/libutee.a(utee_syscalls_a32.o)
                0x0000000000000240                _utee_hash_init
 .text._utee_hash_update
                0x0000000000000254       0x14 /home/qemu-sgx/devel/optee/optee_os/out/arm/export-ta_arm32/lib/libutee.a(utee_syscalls_a32.o)
                0x0000000000000254                _utee_hash_update
 .text._utee_hash_final
                0x0000000000000268       0x18 /home/qemu-sgx/devel/optee/optee_os/out/arm/export-ta_arm32/lib/libutee.a(utee_syscalls_a32.o)
                0x0000000000000268                _utee_hash_final
 .text._utee_cipher_init
                0x0000000000000280       0x14 /home/qemu-sgx/devel/optee/optee_os/out/arm/export-ta_arm32/lib/libutee.a(utee_syscalls_a32.o)
                0x0000000000000280                _utee_cipher_init
 .text._utee_cipher_update
                0x0000000000000294       0x18 /home/qemu-sgx/devel/optee/optee_os/out/arm/export-ta_arm32/lib/libutee.a(utee_syscalls_a32.o)
                0x0000000000000294                _utee_cipher_update
 .text._utee_cipher_final
                0x00000000000002ac       0x18 /home/qemu-sgx/devel/optee/optee_os/out/arm/export-ta_arm32/lib/libutee.a(utee_syscalls_a32.o)
                0x00000000000002ac                _utee_cipher_final
 .text._utee_cryp_obj_get_info
                0x00000000000002c4       0x14 /home/qemu-sgx/devel/optee/optee_os/out/arm/export-ta_arm32/lib/libutee.a(utee_syscalls_a32.o)
                0x00000000000002c4                _utee_cryp_obj_get_info
 .text._utee_cryp_obj_restrict_usage
                0x00000000000002d8       0x14 /home/qemu-sgx/devel/optee/optee_os/out/arm/export-ta_arm32/lib/libutee.a(utee_syscalls_a32.o)
                0x00000000000002d8                _utee_cryp_obj_restrict_usage
 .text._utee_cryp_obj_get_attr
                0x00000000000002ec       0x14 /home/qemu-sgx/devel/optee/optee_os/out/arm/export-ta_arm32/lib/libutee.a(utee_syscalls_a32.o)
                0x00000000000002ec                _utee_cryp_obj_get_attr
 .text._utee_cryp_obj_alloc
                0x0000000000000300       0x14 /home/qemu-sgx/devel/optee/optee_os/out/arm/export-ta_arm32/lib/libutee.a(utee_syscalls_a32.o)
                0x0000000000000300                _utee_cryp_obj_alloc
 .text._utee_cryp_obj_close
                0x0000000000000314       0x14 /home/qemu-sgx/devel/optee/optee_os/out/arm/export-ta_arm32/lib/libutee.a(utee_syscalls_a32.o)
                0x0000000000000314                _utee_cryp_obj_close
 .text._utee_cryp_obj_reset
                0x0000000000000328       0x14 /home/qemu-sgx/devel/optee/optee_os/out/arm/export-ta_arm32/lib/libutee.a(utee_syscalls_a32.o)
                0x0000000000000328                _utee_cryp_obj_reset
 .text._utee_cryp_obj_populate
                0x000000000000033c       0x14 /home/qemu-sgx/devel/optee/optee_os/out/arm/export-ta_arm32/lib/libutee.a(utee_syscalls_a32.o)
                0x000000000000033c                _utee_cryp_obj_populate
 .text._utee_cryp_obj_copy
                0x0000000000000350       0x14 /home/qemu-sgx/devel/optee/optee_os/out/arm/export-ta_arm32/lib/libutee.a(utee_syscalls_a32.o)
                0x0000000000000350                _utee_cryp_obj_copy
 .text._utee_cryp_derive_key
                0x0000000000000364       0x14 /home/qemu-sgx/devel/optee/optee_os/out/arm/export-ta_arm32/lib/libutee.a(utee_syscalls_a32.o)
                0x0000000000000364                _utee_cryp_derive_key
 .text._utee_cryp_random_number_generate
                0x0000000000000378       0x14 /home/qemu-sgx/devel/optee/optee_os/out/arm/export-ta_arm32/lib/libutee.a(utee_syscalls_a32.o)
                0x0000000000000378                _utee_cryp_random_number_generate
 .text._utee_authenc_init
                0x000000000000038c       0x18 /home/qemu-sgx/devel/optee/optee_os/out/arm/export-ta_arm32/lib/libutee.a(utee_syscalls_a32.o)
                0x000000000000038c                _utee_authenc_init
 .text._utee_authenc_update_aad
                0x00000000000003a4       0x14 /home/qemu-sgx/devel/optee/optee_os/out/arm/export-ta_arm32/lib/libutee.a(utee_syscalls_a32.o)
                0x00000000000003a4                _utee_authenc_update_aad
 .text._utee_authenc_update_payload
                0x00000000000003b8       0x18 /home/qemu-sgx/devel/optee/optee_os/out/arm/export-ta_arm32/lib/libutee.a(utee_syscalls_a32.o)
                0x00000000000003b8                _utee_authenc_update_payload
 .text._utee_authenc_enc_final
                0x00000000000003d0       0x18 /home/qemu-sgx/devel/optee/optee_os/out/arm/export-ta_arm32/lib/libutee.a(utee_syscalls_a32.o)
                0x00000000000003d0                _utee_authenc_enc_final
 .text._utee_authenc_dec_final
                0x00000000000003e8       0x18 /home/qemu-sgx/devel/optee/optee_os/out/arm/export-ta_arm32/lib/libutee.a(utee_syscalls_a32.o)
                0x00000000000003e8                _utee_authenc_dec_final
 .text._utee_asymm_operate
                0x0000000000000400       0x18 /home/qemu-sgx/devel/optee/optee_os/out/arm/export-ta_arm32/lib/libutee.a(utee_syscalls_a32.o)
                0x0000000000000400                _utee_asymm_operate
 .text._utee_asymm_verify
                0x0000000000000418       0x18 /home/qemu-sgx/devel/optee/optee_os/out/arm/export-ta_arm32/lib/libutee.a(utee_syscalls_a32.o)
                0x0000000000000418                _utee_asymm_verify
 .text._utee_storage_obj_open
                0x0000000000000430       0x18 /home/qemu-sgx/devel/optee/optee_os/out/arm/export-ta_arm32/lib/libutee.a(utee_syscalls_a32.o)
                0x0000000000000430                _utee_storage_obj_open
 .text._utee_storage_obj_create
                0x0000000000000448       0x18 /home/qemu-sgx/devel/optee/optee_os/out/arm/export-ta_arm32/lib/libutee.a(utee_syscalls_a32.o)
                0x0000000000000448                _utee_storage_obj_create
 .text._utee_storage_obj_del
                0x0000000000000460       0x14 /home/qemu-sgx/devel/optee/optee_os/out/arm/export-ta_arm32/lib/libutee.a(utee_syscalls_a32.o)
                0x0000000000000460                _utee_storage_obj_del
 .text._utee_storage_obj_rename
                0x0000000000000474       0x14 /home/qemu-sgx/devel/optee/optee_os/out/arm/export-ta_arm32/lib/libutee.a(utee_syscalls_a32.o)
                0x0000000000000474                _utee_storage_obj_rename
 .text._utee_storage_alloc_enum
                0x0000000000000488       0x14 /home/qemu-sgx/devel/optee/optee_os/out/arm/export-ta_arm32/lib/libutee.a(utee_syscalls_a32.o)
                0x0000000000000488                _utee_storage_alloc_enum
 .text._utee_storage_free_enum
                0x000000000000049c       0x14 /home/qemu-sgx/devel/optee/optee_os/out/arm/export-ta_arm32/lib/libutee.a(utee_syscalls_a32.o)
                0x000000000000049c                _utee_storage_free_enum
 .text._utee_storage_reset_enum
                0x00000000000004b0       0x14 /home/qemu-sgx/devel/optee/optee_os/out/arm/export-ta_arm32/lib/libutee.a(utee_syscalls_a32.o)
                0x00000000000004b0                _utee_storage_reset_enum
 .text._utee_storage_start_enum
                0x00000000000004c4       0x14 /home/qemu-sgx/devel/optee/optee_os/out/arm/export-ta_arm32/lib/libutee.a(utee_syscalls_a32.o)
                0x00000000000004c4                _utee_storage_start_enum
 .text._utee_storage_next_enum
                0x00000000000004d8       0x14 /home/qemu-sgx/devel/optee/optee_os/out/arm/export-ta_arm32/lib/libutee.a(utee_syscalls_a32.o)
                0x00000000000004d8                _utee_storage_next_enum
 .text._utee_storage_obj_read
                0x00000000000004ec       0x14 /home/qemu-sgx/devel/optee/optee_os/out/arm/export-ta_arm32/lib/libutee.a(utee_syscalls_a32.o)
                0x00000000000004ec                _utee_storage_obj_read
 .text._utee_storage_obj_write
                0x0000000000000500       0x14 /home/qemu-sgx/devel/optee/optee_os/out/arm/export-ta_arm32/lib/libutee.a(utee_syscalls_a32.o)
                0x0000000000000500                _utee_storage_obj_write
 .text._utee_storage_obj_trunc
                0x0000000000000514       0x14 /home/qemu-sgx/devel/optee/optee_os/out/arm/export-ta_arm32/lib/libutee.a(utee_syscalls_a32.o)
                0x0000000000000514                _utee_storage_obj_trunc
 .text._utee_storage_obj_seek
                0x0000000000000528       0x14 /home/qemu-sgx/devel/optee/optee_os/out/arm/export-ta_arm32/lib/libutee.a(utee_syscalls_a32.o)
                0x0000000000000528                _utee_storage_obj_seek
 .text._utee_cryp_obj_generate_key
                0x000000000000053c       0x14 /home/qemu-sgx/devel/optee/optee_os/out/arm/export-ta_arm32/lib/libutee.a(utee_syscalls_a32.o)
                0x000000000000053c                _utee_cryp_obj_generate_key
 .text._utee_cache_operation
                0x0000000000000550       0x14 /home/qemu-sgx/devel/optee/optee_os/out/arm/export-ta_arm32/lib/libutee.a(utee_syscalls_a32.o)
                0x0000000000000550                _utee_cache_operation
 .text          0x0000000000000564      0xa84 /home/qemu-sgx/devel/optee/optee_os/out/arm/export-ta_arm32/lib/libutee.a(user_ta_entry.o)
                0x000000000000074c                __utee_call_elf_init_fn
                0x000000000000090c                __utee_call_elf_fini_fn
                0x0000000000000f72                __utee_entry
 .text          0x0000000000000fe8       0x20 /home/qemu-sgx/devel/optee/optee_os/out/arm/export-ta_arm32/lib/libutee.a(abort.o)
                0x0000000000000fe8                abort
 .text          0x0000000000001008      0x11c /home/qemu-sgx/devel/optee/optee_os/out/arm/export-ta_arm32/lib/libutee.a(trace_ext.o)
                0x0000000000001008                trace_ext_puts
                0x000000000000102c                trace_ext_get_thread_id
                0x0000000000001040                printf
                0x00000000000010b4                puts
                0x00000000000010ec                putchar
 .text          0x0000000000001124      0xa80 /home/qemu-sgx/devel/optee/optee_os/out/arm/export-ta_arm32/lib/libutee.a(tee_api.o)
                0x0000000000001532                TEE_OpenTASession
                0x0000000000001620                TEE_CloseTASession
                0x0000000000001650                TEE_InvokeTACommand
                0x0000000000001776                TEE_GetCancellationFlag
                0x00000000000017aa                TEE_UnmaskCancellation
                0x00000000000017de                TEE_MaskCancellation
                0x0000000000001812                TEE_CheckMemoryAccessRights
                0x0000000000001854                TEE_SetInstanceData
                0x0000000000001878                TEE_GetInstanceData
                0x0000000000001894                TEE_MemMove
                0x00000000000018b8                TEE_MemCompare
                0x00000000000018dc                TEE_MemFill
                0x0000000000001902                TEE_GetSystemTime
                0x000000000000192e                TEE_Wait
                0x0000000000001966                TEE_GetTAPersistentTime
                0x00000000000019ea                TEE_SetTAPersistentTime
                0x0000000000001a30                TEE_GetREETime
                0x0000000000001a5c                TEE_Malloc
                0x0000000000001ad0                TEE_Realloc
                0x0000000000001b16                TEE_Free
                0x0000000000001b36                TEE_CacheClean
                0x0000000000001b5a                TEE_CacheFlush
                0x0000000000001b7e                TEE_CacheInvalidate
 .text          0x0000000000001ba4     0x1de4 /home/qemu-sgx/devel/optee/optee_os/out/arm/export-ta_arm32/lib/libutee.a(tee_api_arith_mpi.o)
                0x0000000000001c04                _TEE_MathAPI_Init
                0x0000000000001d9c                TEE_BigIntInit
                0x0000000000001e08                TEE_BigIntConvertFromOctetString
                0x0000000000001e82                TEE_BigIntConvertToOctetString
                0x0000000000001f08                TEE_BigIntConvertFromS32
                0x0000000000001f88                TEE_BigIntConvertToS32
                0x000000000000205c                TEE_BigIntCmp
                0x00000000000020b2                TEE_BigIntCmpS32
                0x00000000000020ee                TEE_BigIntShiftRight
                0x00000000000022a8                TEE_BigIntGetBit
                0x00000000000022ee                TEE_BigIntGetBitCount
                0x00000000000025a8                TEE_BigIntAdd
                0x00000000000025dc                TEE_BigIntSub
                0x0000000000002610                TEE_BigIntNeg
                0x00000000000026c0                TEE_BigIntMul
                0x00000000000027a0                TEE_BigIntSquare
                0x00000000000027c0                TEE_BigIntDiv
                0x000000000000292c                TEE_BigIntMod
                0x0000000000002998                TEE_BigIntAddMod
                0x00000000000029d0                TEE_BigIntSubMod
                0x0000000000002a08                TEE_BigIntMulMod
                0x0000000000002a40                TEE_BigIntSquareMod
                0x0000000000002a64                TEE_BigIntInvMod
                0x0000000000002b70                TEE_BigIntRelativePrime
                0x0000000000003428                TEE_BigIntComputeExtendedGcd
                0x00000000000036e8                TEE_BigIntIsProbablePrime
                0x000000000000373c                TEE_BigIntInitFMM
                0x000000000000375a                TEE_BigIntInitFMMContext
                0x0000000000003776                TEE_BigIntFMMSizeInU32
                0x000000000000379c                TEE_BigIntFMMContextSizeInU32
                0x00000000000037b8                TEE_BigIntConvertToFMM
                0x00000000000037dc                TEE_BigIntConvertFromFMM
                0x0000000000003878                TEE_BigIntComputeFMM
 .text          0x0000000000003988      0x21c /home/qemu-sgx/devel/optee/optee_os/out/arm/export-ta_arm32/lib/libutee.a(tee_api_panic.o)
                0x0000000000003988                TEE_Panic
                0x0000000000003a06                __utee_check_outbuf_annotation
                0x0000000000003a60                __utee_check_instring_annotation
                0x0000000000003aa0                __utee_check_outstring_annotation
                0x0000000000003af8                __utee_check_out_annotation
                0x0000000000003b2c                __utee_check_attr_in_annotation
                0x0000000000003b70                __utee_check_inout_annotation
 .text          0x0000000000003ba4      0x330 /home/qemu-sgx/devel/optee/optee_os/out/arm/export-ta_arm32/lib/libutee.a(tee_system_pta.o)
                0x0000000000003cc0                tee_map_zi
                0x0000000000003d58                tee_unmap
                0x0000000000003e08                tee_invoke_supp_plugin
 .text          0x0000000000003ed4      0x44c /home/qemu-sgx/devel/optee/optee_os/out/arm/export-ta_arm32/lib/libutee.a(tcb.o)
                0x0000000000003ed4                __utee_tcb_init
                0x00000000000041e0                __tls_get_addr
                0x0000000000004218                dl_iterate_phdr
 .text          0x0000000000004320       0x5c /home/qemu-sgx/devel/optee/optee_os/out/arm/export-ta_arm32/lib/libutee.a(assert.o)
                0x0000000000004320                _assert_log
                0x0000000000004368                _assert_break
 .text          0x000000000000437c     0x6704 /home/qemu-sgx/devel/optee/optee_os/out/arm/export-ta_arm32/lib/libmbedtls.a(bignum.o)
                0x00000000000043da                mbedtls_mpi_init
                0x00000000000043f8                mbedtls_mpi_init_mempool
                0x0000000000004434                mbedtls_mpi_free
                0x00000000000044c0                mbedtls_mpi_grow
                0x00000000000045c8                mbedtls_mpi_shrink
                0x0000000000004780                mbedtls_mpi_copy
                0x0000000000004878                mbedtls_mpi_swap
                0x0000000000004988                mbedtls_mpi_safe_cond_assign
                0x0000000000004a52                mbedtls_mpi_safe_cond_swap
                0x0000000000004ba6                mbedtls_mpi_lset
                0x0000000000004c14                mbedtls_mpi_get_bit
                0x0000000000004c62                mbedtls_mpi_set_bit
                0x0000000000004d30                mbedtls_mpi_lsb
                0x0000000000004df8                mbedtls_mpi_bitlen
                0x0000000000004e70                mbedtls_mpi_size
                0x0000000000004f16                mbedtls_mpi_read_string
                0x00000000000051ee                mbedtls_mpi_write_string
                0x00000000000054d0                mbedtls_mpi_read_binary_le
                0x000000000000556e                mbedtls_mpi_read_binary
                0x00000000000055f6                mbedtls_mpi_write_binary_le
                0x00000000000056cc                mbedtls_mpi_write_binary
                0x00000000000057b0                mbedtls_mpi_shift_l
                0x0000000000005932                mbedtls_mpi_shift_r
                0x0000000000005a9c                mbedtls_mpi_cmp_abs
                0x0000000000005bca                mbedtls_mpi_cmp_mpi
                0x0000000000005d8e                mbedtls_mpi_lt_mpi_ct
                0x0000000000005ecc                mbedtls_mpi_cmp_int
                0x0000000000005f18                mbedtls_mpi_add_abs
                0x000000000000614e                mbedtls_mpi_sub_abs
                0x00000000000062be                mbedtls_mpi_add_mpi
                0x000000000000636a                mbedtls_mpi_sub_mpi
                0x0000000000006416                mbedtls_mpi_add_int
                0x0000000000006466                mbedtls_mpi_sub_int
                0x0000000000007ed6                mbedtls_mpi_mul_mpi
                0x0000000000008098                mbedtls_mpi_mul_int
                0x000000000000821a                mbedtls_mpi_div_mpi
                0x0000000000008866                mbedtls_mpi_div_int
                0x00000000000088b8                mbedtls_mpi_mod_mpi
                0x0000000000008956                mbedtls_mpi_mod_int
                0x0000000000008ade                mbedtls_mpi_montg_init
                0x0000000000008c36                mbedtls_mpi_montmul
                0x0000000000008ca4                mbedtls_mpi_montred
                0x0000000000008d88                mbedtls_mpi_exp_mod
                0x00000000000094d0                mbedtls_mpi_gcd
                0x0000000000009768                mbedtls_mpi_fill_random
                0x00000000000097d2                mbedtls_mpi_random
                0x0000000000009936                mbedtls_mpi_inv_mod
                0x000000000000a17a                mbedtls_mpi_is_prime_ext
                0x000000000000a226                mbedtls_mpi_is_prime
                0x000000000000a24e                mbedtls_mpi_gen_prime
                0x000000000000a562                mbedtls_mpi_self_test
 .text          0x000000000000aa80       0x30 /home/qemu-sgx/devel/optee/optee_os/out/arm/export-ta_arm32/lib/libmbedtls.a(platform_util.o)
                0x000000000000aa80                mbedtls_platform_zeroize
 .text          0x000000000000aab0     0x1b2c /home/qemu-sgx/devel/optee/optee_os/out/arm/export-ta_arm32/lib/libutils.a(bget_malloc.o)
                0x000000000000abbc                bget
                0x000000000000af48                bgetz
                0x000000000000aff0                bgetr
                0x000000000000b0b8                brel
                0x000000000000b3f0                bpool
                0x000000000000b4ec                bstats
                0x000000000000b6a6                bget_main_test
                0x000000000000bbb4                malloc_reset_stats
                0x000000000000bc12                malloc_get_stats
                0x000000000000c098                malloc
                0x000000000000c134                calloc
                0x000000000000c1b6                realloc
                0x000000000000c204                memalign
                0x000000000000c27e                free
                0x000000000000c29c                free_wipe
                0x000000000000c55a                malloc_add_pool
                0x000000000000c584                malloc_buffer_is_within_alloced
                0x000000000000c5b0                malloc_buffer_overlaps_heap
 .text.__aeabi_ldivmod
                0x000000000000c5dc       0x18 /home/qemu-sgx/devel/optee/optee_os/out/arm/export-ta_arm32/lib/libutils.a(arm32_aeabi_ldivmod_a32.o)
                0x000000000000c5dc                __aeabi_ldivmod
 .text.__aeabi_uldivmod
                0x000000000000c5f4       0x18 /home/qemu-sgx/devel/optee/optee_os/out/arm/export-ta_arm32/lib/libutils.a(arm32_aeabi_ldivmod_a32.o)
                0x000000000000c5f4                __aeabi_uldivmod
 .text          0x000000000000c60c     0x1188 /home/qemu-sgx/devel/optee/optee_os/out/arm/export-ta_arm32/lib/libutils.a(snprintk.o)
                0x000000000000c60c                snprintk
                0x000000000000c642                vsnprintk
                0x000000000000c670                __vsnprintf
                0x000000000000c6e2                __vsprintf
 .text          0x000000000000d794      0x4a0 /home/qemu-sgx/devel/optee/optee_os/out/arm/export-ta_arm32/lib/libutils.a(trace.o)
                0x000000000000d794                trace_set_level
                0x000000000000d7dc                trace_get_level
                0x000000000000d8d2                trace_printf
                0x000000000000d908                trace_vprintf
                0x000000000000dc14                dhex_dump
 .text          0x000000000000dc34      0x290 /home/qemu-sgx/devel/optee/optee_os/out/arm/export-ta_arm32/lib/libutils.a(mempool.o)
                0x000000000000dc64                mempool_alloc_pool
                0x000000000000dcd8                mempool_alloc
                0x000000000000ddcc                mempool_calloc
                0x000000000000de48                mempool_free
 .text          0x000000000000dec4     0x3ae4 /home/qemu-sgx/devel/optee/optee_os/out/arm/export-ta_arm32/lib/libutee.a(tee_api_operations.o)
                0x000000000000e1dc                TEE_AllocateOperation
                0x000000000000efd8                TEE_FreeOperation
                0x000000000000f022                TEE_GetOperationInfo
                0x000000000000f090                TEE_GetOperationInfoMultiple
                0x000000000000f25c                TEE_ResetOperation
                0x000000000000f2dc                TEE_SetOperationKey
                0x000000000000f426                TEE_SetOperationKey2
                0x000000000000f658                TEE_CopyOperation
                0x000000000000f7e4                TEE_DigestUpdate
                0x000000000000f840                TEE_DigestDoFinal
                0x000000000000f8fe                TEE_CipherInit
                0x000000000000fcc6                TEE_CipherUpdate
                0x000000000000fe7c                TEE_CipherDoFinal
                0x0000000000010134                TEE_MACInit
                0x00000000000101a6                TEE_MACUpdate
                0x0000000000010228                TEE_MACComputeFinal
                0x000000000001031c                TEE_MACCompareFinal
                0x000000000001040e                TEE_AEInit
                0x00000000000104fc                TEE_AEUpdateAAD
                0x0000000000010576                TEE_AEUpdate
                0x000000000001071c                TEE_AEEncryptFinal
                0x0000000000010940                TEE_AEDecryptFinal
                0x0000000000010b20                TEE_AsymmetricEncrypt
                0x0000000000010ce2                TEE_AsymmetricDecrypt
                0x0000000000010ea4                TEE_AsymmetricSignDigest
                0x0000000000011058                TEE_AsymmetricVerifyDigest
                0x00000000000111e2                TEE_DeriveKey
                0x00000000000113a8                TEE_GenerateRandom
                0x00000000000113d4                rand
                0x00000000000113fa                TEE_IsAlgorithmSupported
 .text          0x00000000000119a8       0x38 out/user_ta_header.o
                0x00000000000119a8                __ta_entry_c
                0x00000000000119cc                tahead_get_trace_level
 .text          0x00000000000119e0       0x30 /home/qemu-sgx/devel/optee/optee_os/out/arm/export-ta_arm32/lib/libutils.a(aeabi_unwind.o)
                0x00000000000119e0                __aeabi_unwind_cpp_pr0
                0x00000000000119f0                __aeabi_unwind_cpp_pr1
                0x0000000000011a00                __aeabi_unwind_cpp_pr2
 .text          0x0000000000011a10       0x6a /home/qemu-sgx/devel/optee/optee_os/out/arm/export-ta_arm32/lib/libutils.a(snprintf.o)
                0x0000000000011a10                snprintf
                0x0000000000011a4c                vsnprintf
 .text          0x0000000000011a7a       0xf2 /home/qemu-sgx/devel/optee/optee_os/out/arm/export-ta_arm32/lib/libutils.a(memcpy.o)
                0x0000000000011a7a                memcpy
 .text          0x0000000000011b6c      0x13e /home/qemu-sgx/devel/optee/optee_os/out/arm/export-ta_arm32/lib/libutils.a(memmove.o)
                0x0000000000011b6c                memmove
 .text          0x0000000000011caa      0x11c /home/qemu-sgx/devel/optee/optee_os/out/arm/export-ta_arm32/lib/libutils.a(memset.o)
                0x0000000000011caa                memset
 .text          0x0000000000011dc6       0x8a /home/qemu-sgx/devel/optee/optee_os/out/arm/export-ta_arm32/lib/libutils.a(strlen.o)
                0x0000000000011dc6                strlen
 .text          0x0000000000011e50      0x2e8 /home/qemu-sgx/devel/optee/optee_os/out/arm/export-ta_arm32/lib/libutils.a(arm32_aeabi_ldivmod.o)
                0x0000000000011ff6                __ul_divmod
                0x0000000000012058                __l_divmod
 .text          0x0000000000012138       0xb4 /home/qemu-sgx/devel/optee/optee_os/out/arm/export-ta_arm32/lib/libutils.a(consttime_memcmp.o)
                0x0000000000012138                consttime_memcmp
 .text          0x00000000000121ec      0x114 /home/qemu-sgx/devel/optee/optee_os/out/arm/export-ta_arm32/lib/libutils.a(memchr.o)
                0x00000000000121ec                memchr
 .text          0x0000000000012300     0x10d0 /home/qemu-sgx/devel/optee/optee_os/out/arm/export-ta_arm32/lib/libutee.a(tee_api_objects.o)
                0x0000000000012300                __utee_from_attr
                0x000000000001247e                TEE_GetObjectInfo
                0x00000000000124ec                TEE_GetObjectInfo1
                0x0000000000012538                TEE_RestrictObjectUsage
                0x0000000000012584                TEE_RestrictObjectUsage1
                0x00000000000125d0                TEE_GetObjectBufferAttribute
                0x000000000001269c                TEE_GetObjectValueAttribute
                0x000000000001278e                TEE_CloseObject
                0x00000000000127c0                TEE_AllocateTransientObject
                0x000000000001282a                TEE_FreeTransientObject
                0x000000000001288a                TEE_ResetTransientObject
                0x00000000000128ea                TEE_PopulateTransientObject
                0x0000000000012a4e                TEE_InitRefAttribute
                0x0000000000012a96                TEE_InitValueAttribute
                0x0000000000012ade                TEE_CopyObjectAttributes
                0x0000000000012b2a                TEE_CopyObjectAttributes1
                0x0000000000012be2                TEE_GenerateKey
                0x0000000000012d08                TEE_OpenPersistentObject
                0x0000000000012dc6                TEE_CreatePersistentObject
                0x0000000000012e9e                TEE_CloseAndDeletePersistentObject
                0x0000000000012ed0                TEE_CloseAndDeletePersistentObject1
                0x0000000000012f16                TEE_RenamePersistentObject
                0x0000000000012f86                TEE_AllocatePersistentObjectEnumerator
                0x0000000000012fe0                TEE_FreePersistentObjectEnumerator
                0x0000000000013012                TEE_ResetPersistentObjectEnumerator
                0x0000000000013044                TEE_StartPersistentObjectEnumerator
                0x000000000001309e                TEE_GetNextPersistentObject
                0x0000000000013160                TEE_ReadObjectData
                0x00000000000131f2                TEE_WriteObjectData
                0x0000000000013270                TEE_TruncateObjectData
                0x00000000000132dc                TEE_SeekObjectData
 .text          0x00000000000133d0        0x0 out/ta_entry_a32.o
 .text          0x00000000000133d0        0x0 /home/qemu-sgx/devel/optee/optee_os/out/arm/export-ta_arm32/lib/libutils.a(arm32_aeabi_ldivmod_a32.o)
 *(SORT_BY_ALIGNMENT(.stub))
 *(SORT_BY_ALIGNMENT(.glue_7))
 .glue_7        0x00000000000133d0        0x0 linker stubs
 *(SORT_BY_ALIGNMENT(.glue_7t))
 .glue_7t       0x00000000000133d0        0x0 linker stubs
 *(SORT_BY_ALIGNMENT(.gnu.linkonce.t.*))
 *(SORT_BY_ALIGNMENT(.vfp11_veneer))
 .vfp11_veneer  0x00000000000133d0        0x0 linker stubs
                0x00000000000133d0                __text_end = .

.v4_bx          0x00000000000133d0        0x0
 .v4_bx         0x00000000000133d0        0x0 linker stubs

.iplt           0x00000000000133d0        0x0
 .iplt          0x00000000000133d0        0x0 out/ta_entry.o

.plt            0x00000000000133d0        0x0
 *(SORT_BY_ALIGNMENT(.plt))
 .plt           0x00000000000133d0        0x0 out/ta_entry.o

.eh_frame_hdr
 *(SORT_BY_ALIGNMENT(.eh_frame_hdr))
 *(SORT_BY_ALIGNMENT(.eh_frame_entry) SORT_BY_ALIGNMENT(.eh_frame_entry.*))

.eh_frame
 *(SORT_BY_ALIGNMENT(.eh_frame))
 *(SORT_BY_ALIGNMENT(.eh_frame.*))

.gcc_except_table
 *(SORT_BY_ALIGNMENT(.gcc_except_table) SORT_BY_ALIGNMENT(.gcc_except_table.*))

.rodata         0x00000000000133d0   0x101236
 *(SORT_BY_ALIGNMENT(.gnu.linkonce.r.*))
 *(SORT_BY_ALIGNMENT(.rodata) SORT_BY_ALIGNMENT(.rodata.*))
 .rodata.ta_entry.c
                0x00000000000133d0   0x100000 out/ta_entry.o
 .rodata.user_ta_header.c
                0x00000000001133d0       0xd4 out/user_ta_header.o
                0x00000000001133d0                trace_ext_prefix
                0x00000000001133d4                ta_heap_size
                0x00000000001134a0                ta_num_props
 .rodata.lib/libutee/arch/arm/user_ta_entry.c
                0x00000000001134a4       0x32 /home/qemu-sgx/devel/optee/optee_os/out/arm/export-ta_arm32/lib/libutee.a(user_ta_entry.o)
 *fill*         0x00000000001134d6        0x2 
 .rodata.lib/libutee/abort.c
                0x00000000001134d8        0x7 /home/qemu-sgx/devel/optee/optee_os/out/arm/export-ta_arm32/lib/libutee.a(abort.o)
 *fill*         0x00000000001134df        0x1 
 .rodata.lib/libutee/trace_ext.c
                0x00000000001134e0        0x2 /home/qemu-sgx/devel/optee/optee_os/out/arm/export-ta_arm32/lib/libutee.a(trace_ext.o)
 *fill*         0x00000000001134e2        0x2 
 .rodata.lib/libutee/tee_api.c
                0x00000000001134e4       0x1f /home/qemu-sgx/devel/optee/optee_os/out/arm/export-ta_arm32/lib/libutee.a(tee_api.o)
 *fill*         0x0000000000113503        0x1 
 .rodata.lib/libutee/tee_api_arith_mpi.c
                0x0000000000113504      0x221 /home/qemu-sgx/devel/optee/optee_os/out/arm/export-ta_arm32/lib/libutee.a(tee_api_arith_mpi.o)
 *fill*         0x0000000000113725        0x3 
 .rodata.lib/libutee/tee_api_panic.c
                0x0000000000113728       0x68 /home/qemu-sgx/devel/optee/optee_os/out/arm/export-ta_arm32/lib/libutee.a(tee_api_panic.o)
 .rodata.lib/libutee/tee_system_pta.c
                0x0000000000113790       0x8b /home/qemu-sgx/devel/optee/optee_os/out/arm/export-ta_arm32/lib/libutee.a(tee_system_pta.o)
 *fill*         0x000000000011381b        0x1 
 .rodata.lib/libutee/arch/arm/tcb.c
                0x000000000011381c       0xbc /home/qemu-sgx/devel/optee/optee_os/out/arm/export-ta_arm32/lib/libutee.a(tcb.o)
 .rodata.lib/libutee/assert.c
                0x00000000001138d8       0x27 /home/qemu-sgx/devel/optee/optee_os/out/arm/export-ta_arm32/lib/libutee.a(assert.o)
 *fill*         0x00000000001138ff        0x1 
 .rodata.lib/libmbedtls/mbedtls/library/bignum.c
                0x0000000000113900      0x742 /home/qemu-sgx/devel/optee/optee_os/out/arm/export-ta_arm32/lib/libmbedtls.a(bignum.o)
 *fill*         0x0000000000114042        0x2 
 .rodata.lib/libutils/isoc/bget_malloc.c
                0x0000000000114044      0x478 /home/qemu-sgx/devel/optee/optee_os/out/arm/export-ta_arm32/lib/libutils.a(bget_malloc.o)
 .rodata.lib/libutils/ext/snprintk.c
                0x00000000001144bc       0x7d /home/qemu-sgx/devel/optee/optee_os/out/arm/export-ta_arm32/lib/libutils.a(snprintk.o)
 *fill*         0x0000000000114539        0x3 
 .rodata.lib/libutils/ext/trace.c
                0x000000000011453c       0x29 /home/qemu-sgx/devel/optee/optee_os/out/arm/export-ta_arm32/lib/libutils.a(trace.o)
 *fill*         0x0000000000114565        0x3 
 .rodata.lib/libutils/ext/mempool.c
                0x0000000000114568       0x9e /home/qemu-sgx/devel/optee/optee_os/out/arm/export-ta_arm32/lib/libutils.a(mempool.o)

.gnu.version_d  0x0000000000114608        0x0
 .gnu.version_d
                0x0000000000114608        0x0 out/ta_entry.o

.gnu.version    0x0000000000114606        0x0
 .gnu.version   0x0000000000114606        0x0 out/ta_entry.o

.gnu.version_r  0x0000000000114608        0x0
 .gnu.version_r
                0x0000000000114608        0x0 out/ta_entry.o

.gnu.hash       0x0000000000114608       0x2c
 .gnu.hash      0x0000000000114608       0x2c out/ta_entry.o

.ARM.extab      0x0000000000114634      0xee0
 *(SORT_BY_ALIGNMENT(.ARM.extab*) SORT_BY_ALIGNMENT(.gnu.linkonce.armextab.*))
 .ARM.extab     0x0000000000114634       0x24 out/ta_entry.o
 .ARM.extab     0x0000000000114658        0xc out/user_ta_header.o
 .ARM.extab.text._utee_panic
                0x0000000000114664        0xc /home/qemu-sgx/devel/optee/optee_os/out/arm/export-ta_arm32/lib/libutee.a(utee_syscalls_a32.o)
 .ARM.extab     0x0000000000114670       0xb4 /home/qemu-sgx/devel/optee/optee_os/out/arm/export-ta_arm32/lib/libutee.a(user_ta_entry.o)
 .ARM.extab     0x0000000000114724       0x34 /home/qemu-sgx/devel/optee/optee_os/out/arm/export-ta_arm32/lib/libutee.a(trace_ext.o)
 .ARM.extab     0x0000000000114758      0x120 /home/qemu-sgx/devel/optee/optee_os/out/arm/export-ta_arm32/lib/libutee.a(tee_api.o)
 .ARM.extab     0x0000000000114878      0x204 /home/qemu-sgx/devel/optee/optee_os/out/arm/export-ta_arm32/lib/libutee.a(tee_api_arith_mpi.o)
 .ARM.extab     0x0000000000114a7c       0x6c /home/qemu-sgx/devel/optee/optee_os/out/arm/export-ta_arm32/lib/libutee.a(tee_api_panic.o)
 .ARM.extab     0x0000000000114ae8       0x48 /home/qemu-sgx/devel/optee/optee_os/out/arm/export-ta_arm32/lib/libutee.a(tee_system_pta.o)
 .ARM.extab     0x0000000000114b30       0x24 /home/qemu-sgx/devel/optee/optee_os/out/arm/export-ta_arm32/lib/libutee.a(tcb.o)
 .ARM.extab     0x0000000000114b54        0xc /home/qemu-sgx/devel/optee/optee_os/out/arm/export-ta_arm32/lib/libutee.a(assert.o)
 .ARM.extab     0x0000000000114b60      0x36c /home/qemu-sgx/devel/optee/optee_os/out/arm/export-ta_arm32/lib/libmbedtls.a(bignum.o)
 .ARM.extab     0x0000000000114ecc        0xc /home/qemu-sgx/devel/optee/optee_os/out/arm/export-ta_arm32/lib/libmbedtls.a(platform_util.o)
 .ARM.extab     0x0000000000114ed8      0x234 /home/qemu-sgx/devel/optee/optee_os/out/arm/export-ta_arm32/lib/libutils.a(bget_malloc.o)
 .ARM.extab     0x000000000011510c       0x18 /home/qemu-sgx/devel/optee/optee_os/out/arm/export-ta_arm32/lib/libutils.a(snprintf.o)
 .ARM.extab     0x0000000000115124        0xc /home/qemu-sgx/devel/optee/optee_os/out/arm/export-ta_arm32/lib/libutils.a(memcpy.o)
 .ARM.extab     0x0000000000115130        0xc /home/qemu-sgx/devel/optee/optee_os/out/arm/export-ta_arm32/lib/libutils.a(memmove.o)
 .ARM.extab     0x000000000011513c        0xc /home/qemu-sgx/devel/optee/optee_os/out/arm/export-ta_arm32/lib/libutils.a(memset.o)
 .ARM.extab     0x0000000000115148        0xc /home/qemu-sgx/devel/optee/optee_os/out/arm/export-ta_arm32/lib/libutils.a(strlen.o)
 .ARM.extab.text.__aeabi_ldivmod
                0x0000000000115154        0xc /home/qemu-sgx/devel/optee/optee_os/out/arm/export-ta_arm32/lib/libutils.a(arm32_aeabi_ldivmod_a32.o)
 .ARM.extab.text.__aeabi_uldivmod
                0x0000000000115160        0xc /home/qemu-sgx/devel/optee/optee_os/out/arm/export-ta_arm32/lib/libutils.a(arm32_aeabi_ldivmod_a32.o)
 .ARM.extab     0x000000000011516c       0x30 /home/qemu-sgx/devel/optee/optee_os/out/arm/export-ta_arm32/lib/libutils.a(arm32_aeabi_ldivmod.o)
 .ARM.extab     0x000000000011519c       0x3c /home/qemu-sgx/devel/optee/optee_os/out/arm/export-ta_arm32/lib/libutils.a(snprintk.o)
 .ARM.extab     0x00000000001151d8       0x54 /home/qemu-sgx/devel/optee/optee_os/out/arm/export-ta_arm32/lib/libutils.a(trace.o)
 .ARM.extab     0x000000000011522c       0x48 /home/qemu-sgx/devel/optee/optee_os/out/arm/export-ta_arm32/lib/libutils.a(mempool.o)
 .ARM.extab     0x0000000000115274        0xc /home/qemu-sgx/devel/optee/optee_os/out/arm/export-ta_arm32/lib/libutils.a(consttime_memcmp.o)
 .ARM.extab     0x0000000000115280        0xc /home/qemu-sgx/devel/optee/optee_os/out/arm/export-ta_arm32/lib/libutils.a(memchr.o)
 .ARM.extab     0x000000000011528c      0x12c /home/qemu-sgx/devel/optee/optee_os/out/arm/export-ta_arm32/lib/libutee.a(tee_api_operations.o)
 .ARM.extab     0x00000000001153b8      0x15c /home/qemu-sgx/devel/optee/optee_os/out/arm/export-ta_arm32/lib/libutee.a(tee_api_objects.o)
 .ARM.extab.text.__ta_entry
                0x0000000000115514        0x0 out/ta_entry_a32.o
 .ARM.extab     0x0000000000115514        0x0 /home/qemu-sgx/devel/optee/optee_os/out/arm/export-ta_arm32/lib/libutils.a(aeabi_unwind.o)
 .ARM.extab.text._utee_return
                0x0000000000115514        0x0 /home/qemu-sgx/devel/optee/optee_os/out/arm/export-ta_arm32/lib/libutee.a(utee_syscalls_a32.o)
 .ARM.extab.text._utee_log
                0x0000000000115514        0x0 /home/qemu-sgx/devel/optee/optee_os/out/arm/export-ta_arm32/lib/libutee.a(utee_syscalls_a32.o)
 .ARM.extab.text.__utee_panic
                0x0000000000115514        0x0 /home/qemu-sgx/devel/optee/optee_os/out/arm/export-ta_arm32/lib/libutee.a(utee_syscalls_a32.o)
 .ARM.extab.text._utee_get_property
                0x0000000000115514        0x0 /home/qemu-sgx/devel/optee/optee_os/out/arm/export-ta_arm32/lib/libutee.a(utee_syscalls_a32.o)
 .ARM.extab.text._utee_get_property_name_to_index
                0x0000000000115514        0x0 /home/qemu-sgx/devel/optee/optee_os/out/arm/export-ta_arm32/lib/libutee.a(utee_syscalls_a32.o)
 .ARM.extab.text._utee_open_ta_session
                0x0000000000115514        0x0 /home/qemu-sgx/devel/optee/optee_os/out/arm/export-ta_arm32/lib/libutee.a(utee_syscalls_a32.o)
 .ARM.extab.text._utee_close_ta_session
                0x0000000000115514        0x0 /home/qemu-sgx/devel/optee/optee_os/out/arm/export-ta_arm32/lib/libutee.a(utee_syscalls_a32.o)
 .ARM.extab.text._utee_invoke_ta_command
                0x0000000000115514        0x0 /home/qemu-sgx/devel/optee/optee_os/out/arm/export-ta_arm32/lib/libutee.a(utee_syscalls_a32.o)
 .ARM.extab.text._utee_get_cancellation_flag
                0x0000000000115514        0x0 /home/qemu-sgx/devel/optee/optee_os/out/arm/export-ta_arm32/lib/libutee.a(utee_syscalls_a32.o)
 .ARM.extab.text._utee_check_access_rights
                0x0000000000115514        0x0 /home/qemu-sgx/devel/optee/optee_os/out/arm/export-ta_arm32/lib/libutee.a(utee_syscalls_a32.o)
 .ARM.extab.text._utee_unmask_cancellation
                0x0000000000115514        0x0 /home/qemu-sgx/devel/optee/optee_os/out/arm/export-ta_arm32/lib/libutee.a(utee_syscalls_a32.o)
 .ARM.extab.text._utee_mask_cancellation
                0x0000000000115514        0x0 /home/qemu-sgx/devel/optee/optee_os/out/arm/export-ta_arm32/lib/libutee.a(utee_syscalls_a32.o)
 .ARM.extab.text._utee_wait
                0x0000000000115514        0x0 /home/qemu-sgx/devel/optee/optee_os/out/arm/export-ta_arm32/lib/libutee.a(utee_syscalls_a32.o)
 .ARM.extab.text._utee_get_time
                0x0000000000115514        0x0 /home/qemu-sgx/devel/optee/optee_os/out/arm/export-ta_arm32/lib/libutee.a(utee_syscalls_a32.o)
 .ARM.extab.text._utee_set_ta_time
                0x0000000000115514        0x0 /home/qemu-sgx/devel/optee/optee_os/out/arm/export-ta_arm32/lib/libutee.a(utee_syscalls_a32.o)
 .ARM.extab.text._utee_cryp_state_alloc
                0x0000000000115514        0x0 /home/qemu-sgx/devel/optee/optee_os/out/arm/export-ta_arm32/lib/libutee.a(utee_syscalls_a32.o)
 .ARM.extab.text._utee_cryp_state_copy
                0x0000000000115514        0x0 /home/qemu-sgx/devel/optee/optee_os/out/arm/export-ta_arm32/lib/libutee.a(utee_syscalls_a32.o)
 .ARM.extab.text._utee_cryp_state_free
                0x0000000000115514        0x0 /home/qemu-sgx/devel/optee/optee_os/out/arm/export-ta_arm32/lib/libutee.a(utee_syscalls_a32.o)
 .ARM.extab.text._utee_hash_init
                0x0000000000115514        0x0 /home/qemu-sgx/devel/optee/optee_os/out/arm/export-ta_arm32/lib/libutee.a(utee_syscalls_a32.o)
 .ARM.extab.text._utee_hash_update
                0x0000000000115514        0x0 /home/qemu-sgx/devel/optee/optee_os/out/arm/export-ta_arm32/lib/libutee.a(utee_syscalls_a32.o)
 .ARM.extab.text._utee_hash_final
                0x0000000000115514        0x0 /home/qemu-sgx/devel/optee/optee_os/out/arm/export-ta_arm32/lib/libutee.a(utee_syscalls_a32.o)
 .ARM.extab.text._utee_cipher_init
                0x0000000000115514        0x0 /home/qemu-sgx/devel/optee/optee_os/out/arm/export-ta_arm32/lib/libutee.a(utee_syscalls_a32.o)
 .ARM.extab.text._utee_cipher_update
                0x0000000000115514        0x0 /home/qemu-sgx/devel/optee/optee_os/out/arm/export-ta_arm32/lib/libutee.a(utee_syscalls_a32.o)
 .ARM.extab.text._utee_cipher_final
                0x0000000000115514        0x0 /home/qemu-sgx/devel/optee/optee_os/out/arm/export-ta_arm32/lib/libutee.a(utee_syscalls_a32.o)
 .ARM.extab.text._utee_cryp_obj_get_info
                0x0000000000115514        0x0 /home/qemu-sgx/devel/optee/optee_os/out/arm/export-ta_arm32/lib/libutee.a(utee_syscalls_a32.o)
 .ARM.extab.text._utee_cryp_obj_restrict_usage
                0x0000000000115514        0x0 /home/qemu-sgx/devel/optee/optee_os/out/arm/export-ta_arm32/lib/libutee.a(utee_syscalls_a32.o)
 .ARM.extab.text._utee_cryp_obj_get_attr
                0x0000000000115514        0x0 /home/qemu-sgx/devel/optee/optee_os/out/arm/export-ta_arm32/lib/libutee.a(utee_syscalls_a32.o)
 .ARM.extab.text._utee_cryp_obj_alloc
                0x0000000000115514        0x0 /home/qemu-sgx/devel/optee/optee_os/out/arm/export-ta_arm32/lib/libutee.a(utee_syscalls_a32.o)
 .ARM.extab.text._utee_cryp_obj_close
                0x0000000000115514        0x0 /home/qemu-sgx/devel/optee/optee_os/out/arm/export-ta_arm32/lib/libutee.a(utee_syscalls_a32.o)
 .ARM.extab.text._utee_cryp_obj_reset
                0x0000000000115514        0x0 /home/qemu-sgx/devel/optee/optee_os/out/arm/export-ta_arm32/lib/libutee.a(utee_syscalls_a32.o)
 .ARM.extab.text._utee_cryp_obj_populate
                0x0000000000115514        0x0 /home/qemu-sgx/devel/optee/optee_os/out/arm/export-ta_arm32/lib/libutee.a(utee_syscalls_a32.o)
 .ARM.extab.text._utee_cryp_obj_copy
                0x0000000000115514        0x0 /home/qemu-sgx/devel/optee/optee_os/out/arm/export-ta_arm32/lib/libutee.a(utee_syscalls_a32.o)
 .ARM.extab.text._utee_cryp_derive_key
                0x0000000000115514        0x0 /home/qemu-sgx/devel/optee/optee_os/out/arm/export-ta_arm32/lib/libutee.a(utee_syscalls_a32.o)
 .ARM.extab.text._utee_cryp_random_number_generate
                0x0000000000115514        0x0 /home/qemu-sgx/devel/optee/optee_os/out/arm/export-ta_arm32/lib/libutee.a(utee_syscalls_a32.o)
 .ARM.extab.text._utee_authenc_init
                0x0000000000115514        0x0 /home/qemu-sgx/devel/optee/optee_os/out/arm/export-ta_arm32/lib/libutee.a(utee_syscalls_a32.o)
 .ARM.extab.text._utee_authenc_update_aad
                0x0000000000115514        0x0 /home/qemu-sgx/devel/optee/optee_os/out/arm/export-ta_arm32/lib/libutee.a(utee_syscalls_a32.o)
 .ARM.extab.text._utee_authenc_update_payload
                0x0000000000115514        0x0 /home/qemu-sgx/devel/optee/optee_os/out/arm/export-ta_arm32/lib/libutee.a(utee_syscalls_a32.o)
 .ARM.extab.text._utee_authenc_enc_final
                0x0000000000115514        0x0 /home/qemu-sgx/devel/optee/optee_os/out/arm/export-ta_arm32/lib/libutee.a(utee_syscalls_a32.o)
 .ARM.extab.text._utee_authenc_dec_final
                0x0000000000115514        0x0 /home/qemu-sgx/devel/optee/optee_os/out/arm/export-ta_arm32/lib/libutee.a(utee_syscalls_a32.o)
 .ARM.extab.text._utee_asymm_operate
                0x0000000000115514        0x0 /home/qemu-sgx/devel/optee/optee_os/out/arm/export-ta_arm32/lib/libutee.a(utee_syscalls_a32.o)
 .ARM.extab.text._utee_asymm_verify
                0x0000000000115514        0x0 /home/qemu-sgx/devel/optee/optee_os/out/arm/export-ta_arm32/lib/libutee.a(utee_syscalls_a32.o)
 .ARM.extab.text._utee_storage_obj_open
                0x0000000000115514        0x0 /home/qemu-sgx/devel/optee/optee_os/out/arm/export-ta_arm32/lib/libutee.a(utee_syscalls_a32.o)
 .ARM.extab.text._utee_storage_obj_create
                0x0000000000115514        0x0 /home/qemu-sgx/devel/optee/optee_os/out/arm/export-ta_arm32/lib/libutee.a(utee_syscalls_a32.o)
 .ARM.extab.text._utee_storage_obj_del
                0x0000000000115514        0x0 /home/qemu-sgx/devel/optee/optee_os/out/arm/export-ta_arm32/lib/libutee.a(utee_syscalls_a32.o)
 .ARM.extab.text._utee_storage_obj_rename
                0x0000000000115514        0x0 /home/qemu-sgx/devel/optee/optee_os/out/arm/export-ta_arm32/lib/libutee.a(utee_syscalls_a32.o)
 .ARM.extab.text._utee_storage_alloc_enum
                0x0000000000115514        0x0 /home/qemu-sgx/devel/optee/optee_os/out/arm/export-ta_arm32/lib/libutee.a(utee_syscalls_a32.o)
 .ARM.extab.text._utee_storage_free_enum
                0x0000000000115514        0x0 /home/qemu-sgx/devel/optee/optee_os/out/arm/export-ta_arm32/lib/libutee.a(utee_syscalls_a32.o)
 .ARM.extab.text._utee_storage_reset_enum
                0x0000000000115514        0x0 /home/qemu-sgx/devel/optee/optee_os/out/arm/export-ta_arm32/lib/libutee.a(utee_syscalls_a32.o)
 .ARM.extab.text._utee_storage_start_enum
                0x0000000000115514        0x0 /home/qemu-sgx/devel/optee/optee_os/out/arm/export-ta_arm32/lib/libutee.a(utee_syscalls_a32.o)
 .ARM.extab.text._utee_storage_next_enum
                0x0000000000115514        0x0 /home/qemu-sgx/devel/optee/optee_os/out/arm/export-ta_arm32/lib/libutee.a(utee_syscalls_a32.o)
 .ARM.extab.text._utee_storage_obj_read
                0x0000000000115514        0x0 /home/qemu-sgx/devel/optee/optee_os/out/arm/export-ta_arm32/lib/libutee.a(utee_syscalls_a32.o)
 .ARM.extab.text._utee_storage_obj_write
                0x0000000000115514        0x0 /home/qemu-sgx/devel/optee/optee_os/out/arm/export-ta_arm32/lib/libutee.a(utee_syscalls_a32.o)
 .ARM.extab.text._utee_storage_obj_trunc
                0x0000000000115514        0x0 /home/qemu-sgx/devel/optee/optee_os/out/arm/export-ta_arm32/lib/libutee.a(utee_syscalls_a32.o)
 .ARM.extab.text._utee_storage_obj_seek
                0x0000000000115514        0x0 /home/qemu-sgx/devel/optee/optee_os/out/arm/export-ta_arm32/lib/libutee.a(utee_syscalls_a32.o)
 .ARM.extab.text._utee_cryp_obj_generate_key
                0x0000000000115514        0x0 /home/qemu-sgx/devel/optee/optee_os/out/arm/export-ta_arm32/lib/libutee.a(utee_syscalls_a32.o)
 .ARM.extab.text._utee_cache_operation
                0x0000000000115514        0x0 /home/qemu-sgx/devel/optee/optee_os/out/arm/export-ta_arm32/lib/libutee.a(utee_syscalls_a32.o)
 .ARM.extab     0x0000000000115514        0x0 /home/qemu-sgx/devel/optee/optee_os/out/arm/export-ta_arm32/lib/libutee.a(abort.o)
                [!provide]                        PROVIDE (__exidx_start = .)

.ARM.exidx      0x0000000000115514      0xac8
 *(SORT_BY_ALIGNMENT(.ARM.exidx*) SORT_BY_ALIGNMENT(.gnu.linkonce.armexidx.*))
 .ARM.exidx     0x0000000000115514       0x20 out/ta_entry.o
                                         0x28 (size before relaxing)
 .ARM.exidx     0x0000000000115e6c       0x10 out/user_ta_header.o
 .ARM.exidx.text.__ta_entry
                0x0000000000115534        0x8 out/ta_entry_a32.o
 .ARM.exidx     0x0000000000115e7c        0x0 /home/qemu-sgx/devel/optee/optee_os/out/arm/export-ta_arm32/lib/libutils.a(aeabi_unwind.o)
                                         0x18 (size before relaxing)
 .ARM.exidx.text._utee_panic
                0x000000000011553c        0x8 /home/qemu-sgx/devel/optee/optee_os/out/arm/export-ta_arm32/lib/libutee.a(utee_syscalls_a32.o)
 .ARM.exidx.text._utee_return
                0x0000000000115544        0x8 /home/qemu-sgx/devel/optee/optee_os/out/arm/export-ta_arm32/lib/libutee.a(utee_syscalls_a32.o)
 .ARM.exidx.text._utee_log
                0x000000000011554c        0x0 /home/qemu-sgx/devel/optee/optee_os/out/arm/export-ta_arm32/lib/libutee.a(utee_syscalls_a32.o)
                                          0x8 (size before relaxing)
 .ARM.exidx.text.__utee_panic
                0x000000000011554c        0x0 /home/qemu-sgx/devel/optee/optee_os/out/arm/export-ta_arm32/lib/libutee.a(utee_syscalls_a32.o)
                                          0x8 (size before relaxing)
 .ARM.exidx.text._utee_get_property
                0x000000000011554c        0x0 /home/qemu-sgx/devel/optee/optee_os/out/arm/export-ta_arm32/lib/libutee.a(utee_syscalls_a32.o)
                                          0x8 (size before relaxing)
 .ARM.exidx.text._utee_get_property_name_to_index
                0x000000000011554c        0x0 /home/qemu-sgx/devel/optee/optee_os/out/arm/export-ta_arm32/lib/libutee.a(utee_syscalls_a32.o)
                                          0x8 (size before relaxing)
 .ARM.exidx.text._utee_open_ta_session
                0x000000000011554c        0x0 /home/qemu-sgx/devel/optee/optee_os/out/arm/export-ta_arm32/lib/libutee.a(utee_syscalls_a32.o)
                                          0x8 (size before relaxing)
 .ARM.exidx.text._utee_close_ta_session
                0x000000000011554c        0x0 /home/qemu-sgx/devel/optee/optee_os/out/arm/export-ta_arm32/lib/libutee.a(utee_syscalls_a32.o)
                                          0x8 (size before relaxing)
 .ARM.exidx.text._utee_invoke_ta_command
                0x000000000011554c        0x0 /home/qemu-sgx/devel/optee/optee_os/out/arm/export-ta_arm32/lib/libutee.a(utee_syscalls_a32.o)
                                          0x8 (size before relaxing)
 .ARM.exidx.text._utee_get_cancellation_flag
                0x000000000011554c        0x0 /home/qemu-sgx/devel/optee/optee_os/out/arm/export-ta_arm32/lib/libutee.a(utee_syscalls_a32.o)
                                          0x8 (size before relaxing)
 .ARM.exidx.text._utee_check_access_rights
                0x000000000011554c        0x0 /home/qemu-sgx/devel/optee/optee_os/out/arm/export-ta_arm32/lib/libutee.a(utee_syscalls_a32.o)
                                          0x8 (size before relaxing)
 .ARM.exidx.text._utee_unmask_cancellation
                0x000000000011554c        0x0 /home/qemu-sgx/devel/optee/optee_os/out/arm/export-ta_arm32/lib/libutee.a(utee_syscalls_a32.o)
                                          0x8 (size before relaxing)
 .ARM.exidx.text._utee_mask_cancellation
                0x000000000011554c        0x0 /home/qemu-sgx/devel/optee/optee_os/out/arm/export-ta_arm32/lib/libutee.a(utee_syscalls_a32.o)
                                          0x8 (size before relaxing)
 .ARM.exidx.text._utee_wait
                0x000000000011554c        0x0 /home/qemu-sgx/devel/optee/optee_os/out/arm/export-ta_arm32/lib/libutee.a(utee_syscalls_a32.o)
                                          0x8 (size before relaxing)
 .ARM.exidx.text._utee_get_time
                0x000000000011554c        0x0 /home/qemu-sgx/devel/optee/optee_os/out/arm/export-ta_arm32/lib/libutee.a(utee_syscalls_a32.o)
                                          0x8 (size before relaxing)
 .ARM.exidx.text._utee_set_ta_time
                0x000000000011554c        0x0 /home/qemu-sgx/devel/optee/optee_os/out/arm/export-ta_arm32/lib/libutee.a(utee_syscalls_a32.o)
                                          0x8 (size before relaxing)
 .ARM.exidx.text._utee_cryp_state_alloc
                0x000000000011554c        0x0 /home/qemu-sgx/devel/optee/optee_os/out/arm/export-ta_arm32/lib/libutee.a(utee_syscalls_a32.o)
                                          0x8 (size before relaxing)
 .ARM.exidx.text._utee_cryp_state_copy
                0x000000000011554c        0x0 /home/qemu-sgx/devel/optee/optee_os/out/arm/export-ta_arm32/lib/libutee.a(utee_syscalls_a32.o)
                                          0x8 (size before relaxing)
 .ARM.exidx.text._utee_cryp_state_free
                0x000000000011554c        0x0 /home/qemu-sgx/devel/optee/optee_os/out/arm/export-ta_arm32/lib/libutee.a(utee_syscalls_a32.o)
                                          0x8 (size before relaxing)
 .ARM.exidx.text._utee_hash_init
                0x000000000011554c        0x0 /home/qemu-sgx/devel/optee/optee_os/out/arm/export-ta_arm32/lib/libutee.a(utee_syscalls_a32.o)
                                          0x8 (size before relaxing)
 .ARM.exidx.text._utee_hash_update
                0x000000000011554c        0x0 /home/qemu-sgx/devel/optee/optee_os/out/arm/export-ta_arm32/lib/libutee.a(utee_syscalls_a32.o)
                                          0x8 (size before relaxing)
 .ARM.exidx.text._utee_hash_final
                0x000000000011554c        0x0 /home/qemu-sgx/devel/optee/optee_os/out/arm/export-ta_arm32/lib/libutee.a(utee_syscalls_a32.o)
                                          0x8 (size before relaxing)
 .ARM.exidx.text._utee_cipher_init
                0x000000000011554c        0x0 /home/qemu-sgx/devel/optee/optee_os/out/arm/export-ta_arm32/lib/libutee.a(utee_syscalls_a32.o)
                                          0x8 (size before relaxing)
 .ARM.exidx.text._utee_cipher_update
                0x000000000011554c        0x0 /home/qemu-sgx/devel/optee/optee_os/out/arm/export-ta_arm32/lib/libutee.a(utee_syscalls_a32.o)
                                          0x8 (size before relaxing)
 .ARM.exidx.text._utee_cipher_final
                0x000000000011554c        0x0 /home/qemu-sgx/devel/optee/optee_os/out/arm/export-ta_arm32/lib/libutee.a(utee_syscalls_a32.o)
                                          0x8 (size before relaxing)
 .ARM.exidx.text._utee_cryp_obj_get_info
                0x000000000011554c        0x0 /home/qemu-sgx/devel/optee/optee_os/out/arm/export-ta_arm32/lib/libutee.a(utee_syscalls_a32.o)
                                          0x8 (size before relaxing)
 .ARM.exidx.text._utee_cryp_obj_restrict_usage
                0x000000000011554c        0x0 /home/qemu-sgx/devel/optee/optee_os/out/arm/export-ta_arm32/lib/libutee.a(utee_syscalls_a32.o)
                                          0x8 (size before relaxing)
 .ARM.exidx.text._utee_cryp_obj_get_attr
                0x000000000011554c        0x0 /home/qemu-sgx/devel/optee/optee_os/out/arm/export-ta_arm32/lib/libutee.a(utee_syscalls_a32.o)
                                          0x8 (size before relaxing)
 .ARM.exidx.text._utee_cryp_obj_alloc
                0x000000000011554c        0x0 /home/qemu-sgx/devel/optee/optee_os/out/arm/export-ta_arm32/lib/libutee.a(utee_syscalls_a32.o)
                                          0x8 (size before relaxing)
 .ARM.exidx.text._utee_cryp_obj_close
                0x000000000011554c        0x0 /home/qemu-sgx/devel/optee/optee_os/out/arm/export-ta_arm32/lib/libutee.a(utee_syscalls_a32.o)
                                          0x8 (size before relaxing)
 .ARM.exidx.text._utee_cryp_obj_reset
                0x000000000011554c        0x0 /home/qemu-sgx/devel/optee/optee_os/out/arm/export-ta_arm32/lib/libutee.a(utee_syscalls_a32.o)
                                          0x8 (size before relaxing)
 .ARM.exidx.text._utee_cryp_obj_populate
                0x000000000011554c        0x0 /home/qemu-sgx/devel/optee/optee_os/out/arm/export-ta_arm32/lib/libutee.a(utee_syscalls_a32.o)
                                          0x8 (size before relaxing)
 .ARM.exidx.text._utee_cryp_obj_copy
                0x000000000011554c        0x0 /home/qemu-sgx/devel/optee/optee_os/out/arm/export-ta_arm32/lib/libutee.a(utee_syscalls_a32.o)
                                          0x8 (size before relaxing)
 .ARM.exidx.text._utee_cryp_derive_key
                0x000000000011554c        0x0 /home/qemu-sgx/devel/optee/optee_os/out/arm/export-ta_arm32/lib/libutee.a(utee_syscalls_a32.o)
                                          0x8 (size before relaxing)
 .ARM.exidx.text._utee_cryp_random_number_generate
                0x000000000011554c        0x0 /home/qemu-sgx/devel/optee/optee_os/out/arm/export-ta_arm32/lib/libutee.a(utee_syscalls_a32.o)
                                          0x8 (size before relaxing)
 .ARM.exidx.text._utee_authenc_init
                0x000000000011554c        0x0 /home/qemu-sgx/devel/optee/optee_os/out/arm/export-ta_arm32/lib/libutee.a(utee_syscalls_a32.o)
                                          0x8 (size before relaxing)
 .ARM.exidx.text._utee_authenc_update_aad
                0x000000000011554c        0x0 /home/qemu-sgx/devel/optee/optee_os/out/arm/export-ta_arm32/lib/libutee.a(utee_syscalls_a32.o)
                                          0x8 (size before relaxing)
 .ARM.exidx.text._utee_authenc_update_payload
                0x000000000011554c        0x0 /home/qemu-sgx/devel/optee/optee_os/out/arm/export-ta_arm32/lib/libutee.a(utee_syscalls_a32.o)
                                          0x8 (size before relaxing)
 .ARM.exidx.text._utee_authenc_enc_final
                0x000000000011554c        0x0 /home/qemu-sgx/devel/optee/optee_os/out/arm/export-ta_arm32/lib/libutee.a(utee_syscalls_a32.o)
                                          0x8 (size before relaxing)
 .ARM.exidx.text._utee_authenc_dec_final
                0x000000000011554c        0x0 /home/qemu-sgx/devel/optee/optee_os/out/arm/export-ta_arm32/lib/libutee.a(utee_syscalls_a32.o)
                                          0x8 (size before relaxing)
 .ARM.exidx.text._utee_asymm_operate
                0x000000000011554c        0x0 /home/qemu-sgx/devel/optee/optee_os/out/arm/export-ta_arm32/lib/libutee.a(utee_syscalls_a32.o)
                                          0x8 (size before relaxing)
 .ARM.exidx.text._utee_asymm_verify
                0x000000000011554c        0x0 /home/qemu-sgx/devel/optee/optee_os/out/arm/export-ta_arm32/lib/libutee.a(utee_syscalls_a32.o)
                                          0x8 (size before relaxing)
 .ARM.exidx.text._utee_storage_obj_open
                0x000000000011554c        0x0 /home/qemu-sgx/devel/optee/optee_os/out/arm/export-ta_arm32/lib/libutee.a(utee_syscalls_a32.o)
                                          0x8 (size before relaxing)
 .ARM.exidx.text._utee_storage_obj_create
                0x000000000011554c        0x0 /home/qemu-sgx/devel/optee/optee_os/out/arm/export-ta_arm32/lib/libutee.a(utee_syscalls_a32.o)
                                          0x8 (size before relaxing)
 .ARM.exidx.text._utee_storage_obj_del
                0x000000000011554c        0x0 /home/qemu-sgx/devel/optee/optee_os/out/arm/export-ta_arm32/lib/libutee.a(utee_syscalls_a32.o)
                                          0x8 (size before relaxing)
 .ARM.exidx.text._utee_storage_obj_rename
                0x000000000011554c        0x0 /home/qemu-sgx/devel/optee/optee_os/out/arm/export-ta_arm32/lib/libutee.a(utee_syscalls_a32.o)
                                          0x8 (size before relaxing)
 .ARM.exidx.text._utee_storage_alloc_enum
                0x000000000011554c        0x0 /home/qemu-sgx/devel/optee/optee_os/out/arm/export-ta_arm32/lib/libutee.a(utee_syscalls_a32.o)
                                          0x8 (size before relaxing)
 .ARM.exidx.text._utee_storage_free_enum
                0x000000000011554c        0x0 /home/qemu-sgx/devel/optee/optee_os/out/arm/export-ta_arm32/lib/libutee.a(utee_syscalls_a32.o)
                                          0x8 (size before relaxing)
 .ARM.exidx.text._utee_storage_reset_enum
                0x000000000011554c        0x0 /home/qemu-sgx/devel/optee/optee_os/out/arm/export-ta_arm32/lib/libutee.a(utee_syscalls_a32.o)
                                          0x8 (size before relaxing)
 .ARM.exidx.text._utee_storage_start_enum
                0x000000000011554c        0x0 /home/qemu-sgx/devel/optee/optee_os/out/arm/export-ta_arm32/lib/libutee.a(utee_syscalls_a32.o)
                                          0x8 (size before relaxing)
 .ARM.exidx.text._utee_storage_next_enum
                0x000000000011554c        0x0 /home/qemu-sgx/devel/optee/optee_os/out/arm/export-ta_arm32/lib/libutee.a(utee_syscalls_a32.o)
                                          0x8 (size before relaxing)
 .ARM.exidx.text._utee_storage_obj_read
                0x000000000011554c        0x0 /home/qemu-sgx/devel/optee/optee_os/out/arm/export-ta_arm32/lib/libutee.a(utee_syscalls_a32.o)
                                          0x8 (size before relaxing)
 .ARM.exidx.text._utee_storage_obj_write
                0x000000000011554c        0x0 /home/qemu-sgx/devel/optee/optee_os/out/arm/export-ta_arm32/lib/libutee.a(utee_syscalls_a32.o)
                                          0x8 (size before relaxing)
 .ARM.exidx.text._utee_storage_obj_trunc
                0x000000000011554c        0x0 /home/qemu-sgx/devel/optee/optee_os/out/arm/export-ta_arm32/lib/libutee.a(utee_syscalls_a32.o)
                                          0x8 (size before relaxing)
 .ARM.exidx.text._utee_storage_obj_seek
                0x000000000011554c        0x0 /home/qemu-sgx/devel/optee/optee_os/out/arm/export-ta_arm32/lib/libutee.a(utee_syscalls_a32.o)
                                          0x8 (size before relaxing)
 .ARM.exidx.text._utee_cryp_obj_generate_key
                0x000000000011554c        0x0 /home/qemu-sgx/devel/optee/optee_os/out/arm/export-ta_arm32/lib/libutee.a(utee_syscalls_a32.o)
                                          0x8 (size before relaxing)
 .ARM.exidx.text._utee_cache_operation
                0x000000000011554c        0x0 /home/qemu-sgx/devel/optee/optee_os/out/arm/export-ta_arm32/lib/libutee.a(utee_syscalls_a32.o)
                                          0x8 (size before relaxing)
 .ARM.exidx     0x000000000011554c       0x90 /home/qemu-sgx/devel/optee/optee_os/out/arm/export-ta_arm32/lib/libutee.a(user_ta_entry.o)
                                         0x98 (size before relaxing)
 .ARM.exidx     0x00000000001155dc        0x8 /home/qemu-sgx/devel/optee/optee_os/out/arm/export-ta_arm32/lib/libutee.a(abort.o)
 .ARM.exidx     0x00000000001155e4       0x28 /home/qemu-sgx/devel/optee/optee_os/out/arm/export-ta_arm32/lib/libutee.a(trace_ext.o)
 .ARM.exidx     0x000000000011560c       0xc8 /home/qemu-sgx/devel/optee/optee_os/out/arm/export-ta_arm32/lib/libutee.a(tee_api.o)
 .ARM.exidx     0x00000000001156d4      0x158 /home/qemu-sgx/devel/optee/optee_os/out/arm/export-ta_arm32/lib/libutee.a(tee_api_arith_mpi.o)
 .ARM.exidx     0x000000000011582c       0x48 /home/qemu-sgx/devel/optee/optee_os/out/arm/export-ta_arm32/lib/libutee.a(tee_api_panic.o)
 .ARM.exidx     0x0000000000115874       0x30 /home/qemu-sgx/devel/optee/optee_os/out/arm/export-ta_arm32/lib/libutee.a(tee_system_pta.o)
 .ARM.exidx     0x00000000001158a4       0x18 /home/qemu-sgx/devel/optee/optee_os/out/arm/export-ta_arm32/lib/libutee.a(tcb.o)
 .ARM.exidx     0x00000000001158bc       0x10 /home/qemu-sgx/devel/optee/optee_os/out/arm/export-ta_arm32/lib/libutee.a(assert.o)
 .ARM.exidx     0x00000000001158cc      0x250 /home/qemu-sgx/devel/optee/optee_os/out/arm/export-ta_arm32/lib/libmbedtls.a(bignum.o)
 .ARM.exidx     0x0000000000115b1c        0x8 /home/qemu-sgx/devel/optee/optee_os/out/arm/export-ta_arm32/lib/libmbedtls.a(platform_util.o)
 .ARM.exidx     0x0000000000115b24      0x188 /home/qemu-sgx/devel/optee/optee_os/out/arm/export-ta_arm32/lib/libutils.a(bget_malloc.o)
 .ARM.exidx     0x0000000000115e7c       0x10 /home/qemu-sgx/devel/optee/optee_os/out/arm/export-ta_arm32/lib/libutils.a(snprintf.o)
 .ARM.exidx     0x0000000000115e8c        0x8 /home/qemu-sgx/devel/optee/optee_os/out/arm/export-ta_arm32/lib/libutils.a(memcpy.o)
 .ARM.exidx     0x0000000000115e94        0x8 /home/qemu-sgx/devel/optee/optee_os/out/arm/export-ta_arm32/lib/libutils.a(memmove.o)
 .ARM.exidx     0x0000000000115e9c        0x8 /home/qemu-sgx/devel/optee/optee_os/out/arm/export-ta_arm32/lib/libutils.a(memset.o)
 .ARM.exidx     0x0000000000115ea4        0x8 /home/qemu-sgx/devel/optee/optee_os/out/arm/export-ta_arm32/lib/libutils.a(strlen.o)
 .ARM.exidx.text.__aeabi_ldivmod
                0x0000000000115cac        0x8 /home/qemu-sgx/devel/optee/optee_os/out/arm/export-ta_arm32/lib/libutils.a(arm32_aeabi_ldivmod_a32.o)
 .ARM.exidx.text.__aeabi_uldivmod
                0x0000000000115cb4        0x8 /home/qemu-sgx/devel/optee/optee_os/out/arm/export-ta_arm32/lib/libutils.a(arm32_aeabi_ldivmod_a32.o)
 .ARM.exidx     0x0000000000115eac       0x20 /home/qemu-sgx/devel/optee/optee_os/out/arm/export-ta_arm32/lib/libutils.a(arm32_aeabi_ldivmod.o)
 .ARM.exidx     0x0000000000115cbc       0x30 /home/qemu-sgx/devel/optee/optee_os/out/arm/export-ta_arm32/lib/libutils.a(snprintk.o)
 .ARM.exidx     0x0000000000115cec       0x40 /home/qemu-sgx/devel/optee/optee_os/out/arm/export-ta_arm32/lib/libutils.a(trace.o)
 .ARM.exidx     0x0000000000115d2c       0x30 /home/qemu-sgx/devel/optee/optee_os/out/arm/export-ta_arm32/lib/libutils.a(mempool.o)
 .ARM.exidx     0x0000000000115ecc        0x8 /home/qemu-sgx/devel/optee/optee_os/out/arm/export-ta_arm32/lib/libutils.a(consttime_memcmp.o)
 .ARM.exidx     0x0000000000115ed4        0x8 /home/qemu-sgx/devel/optee/optee_os/out/arm/export-ta_arm32/lib/libutils.a(memchr.o)
 .ARM.exidx     0x0000000000115d5c      0x110 /home/qemu-sgx/devel/optee/optee_os/out/arm/export-ta_arm32/lib/libutee.a(tee_api_operations.o)
                                        0x120 (size before relaxing)
 .ARM.exidx     0x0000000000115edc      0x100 /home/qemu-sgx/devel/optee/optee_os/out/arm/export-ta_arm32/lib/libutee.a(tee_api_objects.o)
                                         0xf8 (size before relaxing)
                [!provide]                        PROVIDE (__exidx_end = .)

.ctors
 *(SORT_BY_ALIGNMENT(.ctors))

.dtors
 *(SORT_BY_ALIGNMENT(.dtors))

.dynsym         0x0000000000115fdc       0x60
 *(SORT_BY_ALIGNMENT(.dynsym))
 .dynsym        0x0000000000115fdc       0x60 out/ta_entry.o

.dynstr         0x000000000011603c       0x2e
 *(SORT_BY_ALIGNMENT(.dynstr))
 .dynstr        0x000000000011603c       0x2e out/ta_entry.o

.hash           0x000000000011606c       0x2c
 *(SORT_BY_ALIGNMENT(.hash))
 .hash          0x000000000011606c       0x2c out/ta_entry.o
                0x0000000000117000                . = ALIGN (0x1000)

.dynamic        0x0000000000117000       0x88
 *(SORT_BY_ALIGNMENT(.dynamic))
 .dynamic       0x0000000000117000       0x88 out/ta_entry.o
                0x0000000000117000                _DYNAMIC

.tdata
 *(SORT_BY_ALIGNMENT(.tdata) SORT_BY_ALIGNMENT(.tdata.*) SORT_BY_ALIGNMENT(.gnu.linkonce.td.*))

.tbss
 *(SORT_BY_ALIGNMENT(.tbss) SORT_BY_ALIGNMENT(.tbss.*) SORT_BY_ALIGNMENT(.gnu.linkonce.tb.*))
 *(SORT_BY_ALIGNMENT(.tcommon))

.got            0x0000000000117088       0x48
 *(SORT_BY_ALIGNMENT(.got.plt))
 .got.plt       0x0000000000117088        0xc out/ta_entry.o
                0x0000000000117088                _GLOBAL_OFFSET_TABLE_
 *(SORT_BY_ALIGNMENT(.got))
 .got           0x0000000000117094       0x3c out/ta_entry.o

.rel.text
 *(SORT_BY_ALIGNMENT(.rel.text))
 *(SORT_BY_ALIGNMENT(.rel.gnu.linkonce.t*))

.rela.text
 *(SORT_BY_ALIGNMENT(.rela.text))
 *(SORT_BY_ALIGNMENT(.rela.gnu.linkonce.t*))

.rel.data
 *(SORT_BY_ALIGNMENT(.rel.data))
 *(SORT_BY_ALIGNMENT(.rel.gnu.linkonce.d*))

.rela.data
 *(SORT_BY_ALIGNMENT(.rela.data))
 *(SORT_BY_ALIGNMENT(.rela.gnu.linkonce.d*))

.rel.tdata
 *(SORT_BY_ALIGNMENT(.rel.tdata) SORT_BY_ALIGNMENT(.rel.tdata.*) SORT_BY_ALIGNMENT(.rel.gnu.linkonce.td.*))

.rela.tdata
 *(SORT_BY_ALIGNMENT(.rela.tdata) SORT_BY_ALIGNMENT(.rela.tdata.*) SORT_BY_ALIGNMENT(.rela.gnu.linkonce.td.*))

.rel.tbss
 *(SORT_BY_ALIGNMENT(.rel.tbss) SORT_BY_ALIGNMENT(.rel.tbss.*) SORT_BY_ALIGNMENT(.rel.gnu.linkonce.tb.*))

.rela.tbss
 *(SORT_BY_ALIGNMENT(.rela.tbss) SORT_BY_ALIGNMENT(.rela.tbss.*) SORT_BY_ALIGNMENT(.rela.gnu.linkonce.tb.*))

.rel.rodata
 *(SORT_BY_ALIGNMENT(.rel.rodata))
 *(SORT_BY_ALIGNMENT(.rel.gnu.linkonce.r*))

.rela.rodata
 *(SORT_BY_ALIGNMENT(.rela.rodata))
 *(SORT_BY_ALIGNMENT(.rela.gnu.linkonce.r*))

.rel.dyn        0x00000000001170d0       0xa8
 *(SORT_BY_ALIGNMENT(.rel.dyn))
 .rel.data.rel.ro
                0x00000000001170d0        0x0 out/ta_entry.o
 .rel.iplt      0x00000000001170d0        0x0 out/ta_entry.o
 .rel.data.rel.ro.local
                0x00000000001170d0       0x70 out/ta_entry.o
 .rel.data.rel.local
                0x0000000000117140       0x30 out/ta_entry.o
 .rel.data.rel  0x0000000000117170        0x8 out/ta_entry.o

.rel.got        0x0000000000117178       0x78
 *(SORT_BY_ALIGNMENT(.rel.got))
 .rel.got       0x0000000000117178       0x78 out/ta_entry.o

.rela.got
 *(SORT_BY_ALIGNMENT(.rela.got))

.rel.ctors
 *(SORT_BY_ALIGNMENT(.rel.ctors))

.rela.ctors
 *(SORT_BY_ALIGNMENT(.rela.ctors))

.rel.dtors
 *(SORT_BY_ALIGNMENT(.rel.dtors))

.rela.dtors
 *(SORT_BY_ALIGNMENT(.rela.dtors))

.rel.init
 *(SORT_BY_ALIGNMENT(.rel.init))

.rela.init
 *(SORT_BY_ALIGNMENT(.rela.init))

.rel.fini
 *(SORT_BY_ALIGNMENT(.rel.fini))

.rela.fini
 *(SORT_BY_ALIGNMENT(.rela.fini))

.rel.bss        0x00000000001171f0        0x0
 *(SORT_BY_ALIGNMENT(.rel.bss))
 .rel.bss       0x00000000001171f0        0x0 out/ta_entry.o

.rela.bss
 *(SORT_BY_ALIGNMENT(.rela.bss))

.rel.plt        0x00000000001171f0        0x0
 *(SORT_BY_ALIGNMENT(.rel.plt))
 .rel.plt       0x00000000001171f0        0x0 out/ta_entry.o

.rela.plt
 *(SORT_BY_ALIGNMENT(.rela.plt))

.data           0x00000000001171f0       0xe8
 *(SORT_BY_ALIGNMENT(.data) SORT_BY_ALIGNMENT(.data.*) SORT_BY_ALIGNMENT(.gnu.linkonce.d.*))
 .data          0x00000000001171f0        0x4 out/user_ta_header.o
                0x00000000001171f0                trace_level
 .data.rel.ro.local
                0x00000000001171f4       0x54 out/user_ta_header.o
                0x00000000001171f4                ta_props
 .data.rel.local
                0x0000000000117248       0x10 /home/qemu-sgx/devel/optee/optee_os/out/arm/export-ta_arm32/lib/libutee.a(user_ta_entry.o)
 .data.rel      0x0000000000117258        0x4 /home/qemu-sgx/devel/optee/optee_os/out/arm/export-ta_arm32/lib/libmbedtls.a(platform_util.o)
 .data          0x000000000011725c        0x4 /home/qemu-sgx/devel/optee/optee_os/out/arm/export-ta_arm32/lib/libutils.a(bget_malloc.o)
 .data.rel.local
                0x0000000000117260       0x78 /home/qemu-sgx/devel/optee/optee_os/out/arm/export-ta_arm32/lib/libutils.a(bget_malloc.o)
 .data          0x00000000001172d8        0x0 out/ta_entry.o
 .data.rel.ro   0x00000000001172d8        0x0 out/ta_entry.o
 .data          0x00000000001172d8        0x0 out/ta_entry_a32.o
 .data          0x00000000001172d8        0x0 /home/qemu-sgx/devel/optee/optee_os/out/arm/export-ta_arm32/lib/libutils.a(aeabi_unwind.o)
 .data          0x00000000001172d8        0x0 /home/qemu-sgx/devel/optee/optee_os/out/arm/export-ta_arm32/lib/libutee.a(utee_syscalls_a32.o)
 .data          0x00000000001172d8        0x0 /home/qemu-sgx/devel/optee/optee_os/out/arm/export-ta_arm32/lib/libutee.a(user_ta_entry.o)
 .data          0x00000000001172d8        0x0 /home/qemu-sgx/devel/optee/optee_os/out/arm/export-ta_arm32/lib/libutee.a(abort.o)
 .data          0x00000000001172d8        0x0 /home/qemu-sgx/devel/optee/optee_os/out/arm/export-ta_arm32/lib/libutee.a(trace_ext.o)
 .data          0x00000000001172d8        0x0 /home/qemu-sgx/devel/optee/optee_os/out/arm/export-ta_arm32/lib/libutee.a(tee_api.o)
 .data          0x00000000001172d8        0x0 /home/qemu-sgx/devel/optee/optee_os/out/arm/export-ta_arm32/lib/libutee.a(tee_api_arith_mpi.o)
 .data          0x00000000001172d8        0x0 /home/qemu-sgx/devel/optee/optee_os/out/arm/export-ta_arm32/lib/libutee.a(tee_api_panic.o)
 .data          0x00000000001172d8        0x0 /home/qemu-sgx/devel/optee/optee_os/out/arm/export-ta_arm32/lib/libutee.a(tee_system_pta.o)
 .data          0x00000000001172d8        0x0 /home/qemu-sgx/devel/optee/optee_os/out/arm/export-ta_arm32/lib/libutee.a(tcb.o)
 .data          0x00000000001172d8        0x0 /home/qemu-sgx/devel/optee/optee_os/out/arm/export-ta_arm32/lib/libutee.a(assert.o)
 .data          0x00000000001172d8        0x0 /home/qemu-sgx/devel/optee/optee_os/out/arm/export-ta_arm32/lib/libmbedtls.a(bignum.o)
 .data          0x00000000001172d8        0x0 /home/qemu-sgx/devel/optee/optee_os/out/arm/export-ta_arm32/lib/libmbedtls.a(platform_util.o)
 .data          0x00000000001172d8        0x0 /home/qemu-sgx/devel/optee/optee_os/out/arm/export-ta_arm32/lib/libutils.a(snprintf.o)
 .data          0x00000000001172d8        0x0 /home/qemu-sgx/devel/optee/optee_os/out/arm/export-ta_arm32/lib/libutils.a(memcpy.o)
 .data          0x00000000001172d8        0x0 /home/qemu-sgx/devel/optee/optee_os/out/arm/export-ta_arm32/lib/libutils.a(memmove.o)
 .data          0x00000000001172d8        0x0 /home/qemu-sgx/devel/optee/optee_os/out/arm/export-ta_arm32/lib/libutils.a(memset.o)
 .data          0x00000000001172d8        0x0 /home/qemu-sgx/devel/optee/optee_os/out/arm/export-ta_arm32/lib/libutils.a(strlen.o)
 .data          0x00000000001172d8        0x0 /home/qemu-sgx/devel/optee/optee_os/out/arm/export-ta_arm32/lib/libutils.a(arm32_aeabi_ldivmod_a32.o)
 .data          0x00000000001172d8        0x0 /home/qemu-sgx/devel/optee/optee_os/out/arm/export-ta_arm32/lib/libutils.a(arm32_aeabi_ldivmod.o)
 .data          0x00000000001172d8        0x0 /home/qemu-sgx/devel/optee/optee_os/out/arm/export-ta_arm32/lib/libutils.a(snprintk.o)
 .data          0x00000000001172d8        0x0 /home/qemu-sgx/devel/optee/optee_os/out/arm/export-ta_arm32/lib/libutils.a(trace.o)
 .data          0x00000000001172d8        0x0 /home/qemu-sgx/devel/optee/optee_os/out/arm/export-ta_arm32/lib/libutils.a(mempool.o)
 .data          0x00000000001172d8        0x0 /home/qemu-sgx/devel/optee/optee_os/out/arm/export-ta_arm32/lib/libutils.a(consttime_memcmp.o)
 .data          0x00000000001172d8        0x0 /home/qemu-sgx/devel/optee/optee_os/out/arm/export-ta_arm32/lib/libutils.a(memchr.o)
 .data          0x00000000001172d8        0x0 /home/qemu-sgx/devel/optee/optee_os/out/arm/export-ta_arm32/lib/libutee.a(tee_api_operations.o)
 .data          0x00000000001172d8        0x0 /home/qemu-sgx/devel/optee/optee_os/out/arm/export-ta_arm32/lib/libutee.a(tee_api_objects.o)

.igot.plt       0x00000000001172d8        0x0
 .igot.plt      0x00000000001172d8        0x0 out/ta_entry.o

.bss            0x00000000001172d8     0x3860
 *(SORT_BY_ALIGNMENT(.bss) SORT_BY_ALIGNMENT(.bss.*) SORT_BY_ALIGNMENT(.gnu.linkonce.b.*) SORT_BY_ALIGNMENT(COMMON))
 .bss           0x00000000001172d8      0x800 out/user_ta_header.o
                0x00000000001172d8                ta_heap
 .bss           0x0000000000117ad8       0x38 /home/qemu-sgx/devel/optee/optee_os/out/arm/export-ta_arm32/lib/libutee.a(user_ta_entry.o)
                0x0000000000117ad8                ta_param_types
                0x0000000000117adc                ta_params
                0x0000000000117afc                __elf_phdr_info
 .bss           0x0000000000117b10        0x4 /home/qemu-sgx/devel/optee/optee_os/out/arm/export-ta_arm32/lib/libutee.a(tee_api.o)
 .bss           0x0000000000117b14     0x3000 /home/qemu-sgx/devel/optee/optee_os/out/arm/export-ta_arm32/lib/libutee.a(tee_api_arith_mpi.o)
 .bss           0x000000000011ab14        0x4 /home/qemu-sgx/devel/optee/optee_os/out/arm/export-ta_arm32/lib/libutee.a(tee_system_pta.o)
 .bss           0x000000000011ab18        0x8 /home/qemu-sgx/devel/optee/optee_os/out/arm/export-ta_arm32/lib/libutee.a(tcb.o)
 .bss           0x000000000011ab20        0x4 /home/qemu-sgx/devel/optee/optee_os/out/arm/export-ta_arm32/lib/libmbedtls.a(bignum.o)
                0x000000000011ab20                mbedtls_mpi_mempool
 .bss           0x000000000011ab24       0x10 /home/qemu-sgx/devel/optee/optee_os/out/arm/export-ta_arm32/lib/libutils.a(bget_malloc.o)
 .bss           0x000000000011ab34        0x0 out/ta_entry.o
 .bss           0x000000000011ab34        0x0 out/ta_entry_a32.o
 .bss           0x000000000011ab34        0x0 /home/qemu-sgx/devel/optee/optee_os/out/arm/export-ta_arm32/lib/libutils.a(aeabi_unwind.o)
 .bss           0x000000000011ab34        0x0 /home/qemu-sgx/devel/optee/optee_os/out/arm/export-ta_arm32/lib/libutee.a(utee_syscalls_a32.o)
 .bss           0x000000000011ab34        0x0 /home/qemu-sgx/devel/optee/optee_os/out/arm/export-ta_arm32/lib/libutee.a(abort.o)
 .bss           0x000000000011ab34        0x0 /home/qemu-sgx/devel/optee/optee_os/out/arm/export-ta_arm32/lib/libutee.a(trace_ext.o)
 .bss           0x000000000011ab34        0x0 /home/qemu-sgx/devel/optee/optee_os/out/arm/export-ta_arm32/lib/libutee.a(tee_api_panic.o)
 .bss           0x000000000011ab34        0x0 /home/qemu-sgx/devel/optee/optee_os/out/arm/export-ta_arm32/lib/libutee.a(assert.o)
 .bss           0x000000000011ab34        0x0 /home/qemu-sgx/devel/optee/optee_os/out/arm/export-ta_arm32/lib/libmbedtls.a(platform_util.o)
 .bss           0x000000000011ab34        0x0 /home/qemu-sgx/devel/optee/optee_os/out/arm/export-ta_arm32/lib/libutils.a(snprintf.o)
 .bss           0x000000000011ab34        0x0 /home/qemu-sgx/devel/optee/optee_os/out/arm/export-ta_arm32/lib/libutils.a(memcpy.o)
 .bss           0x000000000011ab34        0x0 /home/qemu-sgx/devel/optee/optee_os/out/arm/export-ta_arm32/lib/libutils.a(memmove.o)
 .bss           0x000000000011ab34        0x0 /home/qemu-sgx/devel/optee/optee_os/out/arm/export-ta_arm32/lib/libutils.a(memset.o)
 .bss           0x000000000011ab34        0x0 /home/qemu-sgx/devel/optee/optee_os/out/arm/export-ta_arm32/lib/libutils.a(strlen.o)
 .bss           0x000000000011ab34        0x0 /home/qemu-sgx/devel/optee/optee_os/out/arm/export-ta_arm32/lib/libutils.a(arm32_aeabi_ldivmod_a32.o)
 .bss           0x000000000011ab34        0x0 /home/qemu-sgx/devel/optee/optee_os/out/arm/export-ta_arm32/lib/libutils.a(arm32_aeabi_ldivmod.o)
 .bss           0x000000000011ab34        0x0 /home/qemu-sgx/devel/optee/optee_os/out/arm/export-ta_arm32/lib/libutils.a(snprintk.o)
 .bss           0x000000000011ab34        0x0 /home/qemu-sgx/devel/optee/optee_os/out/arm/export-ta_arm32/lib/libutils.a(trace.o)
 .bss           0x000000000011ab34        0x0 /home/qemu-sgx/devel/optee/optee_os/out/arm/export-ta_arm32/lib/libutils.a(mempool.o)
 .bss           0x000000000011ab34        0x0 /home/qemu-sgx/devel/optee/optee_os/out/arm/export-ta_arm32/lib/libutils.a(consttime_memcmp.o)
 .bss           0x000000000011ab34        0x0 /home/qemu-sgx/devel/optee/optee_os/out/arm/export-ta_arm32/lib/libutils.a(memchr.o)
 .bss           0x000000000011ab34        0x0 /home/qemu-sgx/devel/optee/optee_os/out/arm/export-ta_arm32/lib/libutee.a(tee_api_operations.o)
 .bss           0x000000000011ab34        0x0 /home/qemu-sgx/devel/optee/optee_os/out/arm/export-ta_arm32/lib/libutee.a(tee_api_objects.o)
                0x000000000011ab38                . = ALIGN (0x8)
 *fill*         0x000000000011ab34        0x4 
                0x000000000011ab38                __ftrace_buf_start = .
                0x000000000011ab38                . = (. + DEFINED (__gnu_mcount_nc)?0x800:0x0)
                0x000000000011ab38                __ftrace_buf_end = .

.dynbss         0x000000000011ab38        0x0
 .dynbss        0x000000000011ab38        0x0 out/ta_entry.o

/DISCARD/
 *(SORT_BY_ALIGNMENT(.interp))
LOAD out/ta_entry.o
LOAD out/user_ta_header.o
LOAD out/ta_entry_a32.o
START GROUP
LOAD /home/qemu-sgx/devel/optee/optee_os/out/arm/export-ta_arm32/lib/libutils.a
LOAD /home/qemu-sgx/devel/optee/optee_os/out/arm/export-ta_arm32/lib/libutee.a
LOAD /home/qemu-sgx/devel/optee/optee_os/out/arm/export-ta_arm32/lib/libmbedtls.a
LOAD /home/qemu-sgx/devel/optee/optee_os/out/arm/export-ta_arm32/lib/libdl.a
END GROUP
LOAD /home/qemu-sgx/devel/optee/toolchains/aarch32/bin/../lib/gcc/arm-none-linux-gnueabihf/10.2.1/libgcc.a
LOAD /home/qemu-sgx/devel/optee/optee_os/out/arm/export-ta_arm32/lib/libutils.a
OUTPUT(out/25497083-a58a-4fc5-8a72-1ad7b69b8562.elf elf32-littlearm)
LOAD linker stubs

.debug_info     0x0000000000000000     0xc811
 .debug_info    0x0000000000000000      0x23e out/ta_entry.o
 .debug_info    0x000000000000023e      0x3a5 out/user_ta_header.o
 .debug_info    0x00000000000005e3       0x26 out/ta_entry_a32.o
 .debug_info    0x0000000000000609       0x60 /home/qemu-sgx/devel/optee/optee_os/out/arm/export-ta_arm32/lib/libutils.a(aeabi_unwind.o)
 .debug_info    0x0000000000000669       0x22 /home/qemu-sgx/devel/optee/optee_os/out/arm/export-ta_arm32/lib/libutee.a(utee_syscalls_a32.o)
 .debug_info    0x000000000000068b      0xca2 /home/qemu-sgx/devel/optee/optee_os/out/arm/export-ta_arm32/lib/libutee.a(user_ta_entry.o)
 .debug_info    0x000000000000132d       0x90 /home/qemu-sgx/devel/optee/optee_os/out/arm/export-ta_arm32/lib/libutee.a(abort.o)
 .debug_info    0x00000000000013bd      0x1ca /home/qemu-sgx/devel/optee/optee_os/out/arm/export-ta_arm32/lib/libutee.a(trace_ext.o)
 .debug_info    0x0000000000001587      0xbc0 /home/qemu-sgx/devel/optee/optee_os/out/arm/export-ta_arm32/lib/libutee.a(tee_api.o)
 .debug_info    0x0000000000002147     0x1d3a /home/qemu-sgx/devel/optee/optee_os/out/arm/export-ta_arm32/lib/libutee.a(tee_api_arith_mpi.o)
 .debug_info    0x0000000000003e81      0x32f /home/qemu-sgx/devel/optee/optee_os/out/arm/export-ta_arm32/lib/libutee.a(tee_api_panic.o)
 .debug_info    0x00000000000041b0      0x4a9 /home/qemu-sgx/devel/optee/optee_os/out/arm/export-ta_arm32/lib/libutee.a(tee_system_pta.o)
 .debug_info    0x0000000000004659      0x492 /home/qemu-sgx/devel/optee/optee_os/out/arm/export-ta_arm32/lib/libutee.a(tcb.o)
 .debug_info    0x0000000000004aeb       0xf3 /home/qemu-sgx/devel/optee/optee_os/out/arm/export-ta_arm32/lib/libutee.a(assert.o)
 .debug_info    0x0000000000004bde     0x2678 /home/qemu-sgx/devel/optee/optee_os/out/arm/export-ta_arm32/lib/libmbedtls.a(bignum.o)
 .debug_info    0x0000000000007256       0xf1 /home/qemu-sgx/devel/optee/optee_os/out/arm/export-ta_arm32/lib/libmbedtls.a(platform_util.o)
 .debug_info    0x0000000000007347     0x1791 /home/qemu-sgx/devel/optee/optee_os/out/arm/export-ta_arm32/lib/libutils.a(bget_malloc.o)
 .debug_info    0x0000000000008ad8      0x143 /home/qemu-sgx/devel/optee/optee_os/out/arm/export-ta_arm32/lib/libutils.a(snprintf.o)
 .debug_info    0x0000000000008c1b      0x101 /home/qemu-sgx/devel/optee/optee_os/out/arm/export-ta_arm32/lib/libutils.a(memcpy.o)
 .debug_info    0x0000000000008d1c      0x101 /home/qemu-sgx/devel/optee/optee_os/out/arm/export-ta_arm32/lib/libutils.a(memmove.o)
 .debug_info    0x0000000000008e1d       0xe7 /home/qemu-sgx/devel/optee/optee_os/out/arm/export-ta_arm32/lib/libutils.a(memset.o)
 .debug_info    0x0000000000008f04       0xab /home/qemu-sgx/devel/optee/optee_os/out/arm/export-ta_arm32/lib/libutils.a(strlen.o)
 .debug_info    0x0000000000008faf       0x22 /home/qemu-sgx/devel/optee/optee_os/out/arm/export-ta_arm32/lib/libutils.a(arm32_aeabi_ldivmod_a32.o)
 .debug_info    0x0000000000008fd1      0x218 /home/qemu-sgx/devel/optee/optee_os/out/arm/export-ta_arm32/lib/libutils.a(arm32_aeabi_ldivmod.o)
 .debug_info    0x00000000000091e9      0x58e /home/qemu-sgx/devel/optee/optee_os/out/arm/export-ta_arm32/lib/libutils.a(snprintk.o)
 .debug_info    0x0000000000009777      0x3b9 /home/qemu-sgx/devel/optee/optee_os/out/arm/export-ta_arm32/lib/libutils.a(trace.o)
 .debug_info    0x0000000000009b30      0x373 /home/qemu-sgx/devel/optee/optee_os/out/arm/export-ta_arm32/lib/libutils.a(mempool.o)
 .debug_info    0x0000000000009ea3       0xf2 /home/qemu-sgx/devel/optee/optee_os/out/arm/export-ta_arm32/lib/libutils.a(consttime_memcmp.o)
 .debug_info    0x0000000000009f95       0xf9 /home/qemu-sgx/devel/optee/optee_os/out/arm/export-ta_arm32/lib/libutils.a(memchr.o)
 .debug_info    0x000000000000a08e     0x187d /home/qemu-sgx/devel/optee/optee_os/out/arm/export-ta_arm32/lib/libutee.a(tee_api_operations.o)
 .debug_info    0x000000000000b90b      0xf06 /home/qemu-sgx/devel/optee/optee_os/out/arm/export-ta_arm32/lib/libutee.a(tee_api_objects.o)

.debug_abbrev   0x0000000000000000     0x282d
 .debug_abbrev  0x0000000000000000      0x146 out/ta_entry.o
 .debug_abbrev  0x0000000000000146      0x174 out/user_ta_header.o
 .debug_abbrev  0x00000000000002ba       0x14 out/ta_entry_a32.o
 .debug_abbrev  0x00000000000002ce       0x31 /home/qemu-sgx/devel/optee/optee_os/out/arm/export-ta_arm32/lib/libutils.a(aeabi_unwind.o)
 .debug_abbrev  0x00000000000002ff       0x12 /home/qemu-sgx/devel/optee/optee_os/out/arm/export-ta_arm32/lib/libutee.a(utee_syscalls_a32.o)
 .debug_abbrev  0x0000000000000311      0x2ef /home/qemu-sgx/devel/optee/optee_os/out/arm/export-ta_arm32/lib/libutee.a(user_ta_entry.o)
 .debug_abbrev  0x0000000000000600       0x4a /home/qemu-sgx/devel/optee/optee_os/out/arm/export-ta_arm32/lib/libutee.a(abort.o)
 .debug_abbrev  0x000000000000064a      0x10d /home/qemu-sgx/devel/optee/optee_os/out/arm/export-ta_arm32/lib/libutee.a(trace_ext.o)
 .debug_abbrev  0x0000000000000757      0x296 /home/qemu-sgx/devel/optee/optee_os/out/arm/export-ta_arm32/lib/libutee.a(tee_api.o)
 .debug_abbrev  0x00000000000009ed      0x305 /home/qemu-sgx/devel/optee/optee_os/out/arm/export-ta_arm32/lib/libutee.a(tee_api_arith_mpi.o)
 .debug_abbrev  0x0000000000000cf2      0x13f /home/qemu-sgx/devel/optee/optee_os/out/arm/export-ta_arm32/lib/libutee.a(tee_api_panic.o)
 .debug_abbrev  0x0000000000000e31      0x185 /home/qemu-sgx/devel/optee/optee_os/out/arm/export-ta_arm32/lib/libutee.a(tee_system_pta.o)
 .debug_abbrev  0x0000000000000fb6      0x1a9 /home/qemu-sgx/devel/optee/optee_os/out/arm/export-ta_arm32/lib/libutee.a(tcb.o)
 .debug_abbrev  0x000000000000115f       0x87 /home/qemu-sgx/devel/optee/optee_os/out/arm/export-ta_arm32/lib/libutee.a(assert.o)
 .debug_abbrev  0x00000000000011e6      0x2d5 /home/qemu-sgx/devel/optee/optee_os/out/arm/export-ta_arm32/lib/libmbedtls.a(bignum.o)
 .debug_abbrev  0x00000000000014bb       0xa8 /home/qemu-sgx/devel/optee/optee_os/out/arm/export-ta_arm32/lib/libmbedtls.a(platform_util.o)
 .debug_abbrev  0x0000000000001563      0x315 /home/qemu-sgx/devel/optee/optee_os/out/arm/export-ta_arm32/lib/libutils.a(bget_malloc.o)
 .debug_abbrev  0x0000000000001878       0xf2 /home/qemu-sgx/devel/optee/optee_os/out/arm/export-ta_arm32/lib/libutils.a(snprintf.o)
 .debug_abbrev  0x000000000000196a       0xa9 /home/qemu-sgx/devel/optee/optee_os/out/arm/export-ta_arm32/lib/libutils.a(memcpy.o)
 .debug_abbrev  0x0000000000001a13       0xa9 /home/qemu-sgx/devel/optee/optee_os/out/arm/export-ta_arm32/lib/libutils.a(memmove.o)
 .debug_abbrev  0x0000000000001abc       0x9d /home/qemu-sgx/devel/optee/optee_os/out/arm/export-ta_arm32/lib/libutils.a(memset.o)