Archive member included to satisfy reference by file (symbol)

/home/qemu-sgx/devel/optee/optee_os/out/arm/export-ta_arm32/lib/libutils.a(trace.o)
                              out/ta_sdp_basic.o (trace_printf)
/home/qemu-sgx/devel/optee/optee_os/out/arm/export-ta_arm32/lib/libutils.a(aeabi_unwind.o)
                              out/ta_sdp_basic.o (__aeabi_unwind_cpp_pr0)
/home/qemu-sgx/devel/optee/optee_os/out/arm/export-ta_arm32/lib/libutils.a(snprintk.o)
                              /home/qemu-sgx/devel/optee/optee_os/out/arm/export-ta_arm32/lib/libutils.a(trace.o) (snprintk)
/home/qemu-sgx/devel/optee/optee_os/out/arm/export-ta_arm32/lib/libutils.a(memchr.o)
                              /home/qemu-sgx/devel/optee/optee_os/out/arm/export-ta_arm32/lib/libutils.a(snprintk.o) (memchr)
/home/qemu-sgx/devel/optee/optee_os/out/arm/export-ta_arm32/lib/libutils.a(strlen.o)
                              /home/qemu-sgx/devel/optee/optee_os/out/arm/export-ta_arm32/lib/libutils.a(snprintk.o) (strlen)
/home/qemu-sgx/devel/optee/optee_os/out/arm/export-ta_arm32/lib/libutils.a(arm32_aeabi_ldivmod_a32.o)
                              /home/qemu-sgx/devel/optee/optee_os/out/arm/export-ta_arm32/lib/libutils.a(snprintk.o) (__aeabi_uldivmod)
/home/qemu-sgx/devel/optee/optee_os/out/arm/export-ta_arm32/lib/libutils.a(arm32_aeabi_ldivmod.o)
                              /home/qemu-sgx/devel/optee/optee_os/out/arm/export-ta_arm32/lib/libutils.a(arm32_aeabi_ldivmod_a32.o) (__ul_divmod)
/home/qemu-sgx/devel/optee/optee_os/out/arm/export-ta_arm32/lib/libutee.a(trace_ext.o)
                              /home/qemu-sgx/devel/optee/optee_os/out/arm/export-ta_arm32/lib/libutils.a(trace.o) (trace_ext_puts)
/home/qemu-sgx/devel/optee/optee_os/out/arm/export-ta_arm32/lib/libutee.a(tee_api.o)
                              out/ta_sdp_basic.o (TEE_CheckMemoryAccessRights)
/home/qemu-sgx/devel/optee/optee_os/out/arm/export-ta_arm32/lib/libutee.a(tee_api_panic.o)
                              /home/qemu-sgx/devel/optee/optee_os/out/arm/export-ta_arm32/lib/libutee.a(tee_api.o) (TEE_Panic)
/home/qemu-sgx/devel/optee/optee_os/out/arm/export-ta_arm32/lib/libutee.a(tee_system_pta.o)
                              /home/qemu-sgx/devel/optee/optee_os/out/arm/export-ta_arm32/lib/libutee.a(tee_api.o) (tee_map_zi)
/home/qemu-sgx/devel/optee/optee_os/out/arm/export-ta_arm32/lib/libutee.a(utee_syscalls_a32.o)
                              /home/qemu-sgx/devel/optee/optee_os/out/arm/export-ta_arm32/lib/libutee.a(tee_api_panic.o) (_utee_panic)
/home/qemu-sgx/devel/optee/optee_os/out/arm/export-ta_arm32/lib/libutee.a(user_ta_entry.o)
                              out/user_ta_header.o (__utee_entry)
/home/qemu-sgx/devel/optee/optee_os/out/arm/export-ta_arm32/lib/libutee.a(abort.o)
                              /home/qemu-sgx/devel/optee/optee_os/out/arm/export-ta_arm32/lib/libutee.a(user_ta_entry.o) (abort)
/home/qemu-sgx/devel/optee/optee_os/out/arm/export-ta_arm32/lib/libutee.a(tee_api_arith_mpi.o)
                              /home/qemu-sgx/devel/optee/optee_os/out/arm/export-ta_arm32/lib/libutee.a(user_ta_entry.o) (_TEE_MathAPI_Init)
/home/qemu-sgx/devel/optee/optee_os/out/arm/export-ta_arm32/lib/libutee.a(tcb.o)
                              /home/qemu-sgx/devel/optee/optee_os/out/arm/export-ta_arm32/lib/libutee.a(user_ta_entry.o) (__utee_tcb_init)
/home/qemu-sgx/devel/optee/optee_os/out/arm/export-ta_arm32/lib/libutee.a(assert.o)
                              /home/qemu-sgx/devel/optee/optee_os/out/arm/export-ta_arm32/lib/libutee.a(tcb.o) (_assert_log)
/home/qemu-sgx/devel/optee/optee_os/out/arm/export-ta_arm32/lib/libmbedtls.a(bignum.o)
                              /home/qemu-sgx/devel/optee/optee_os/out/arm/export-ta_arm32/lib/libutee.a(tee_api_arith_mpi.o) (mbedtls_mpi_mempool)
/home/qemu-sgx/devel/optee/optee_os/out/arm/export-ta_arm32/lib/libmbedtls.a(platform_util.o)
                              /home/qemu-sgx/devel/optee/optee_os/out/arm/export-ta_arm32/lib/libmbedtls.a(bignum.o) (mbedtls_platform_zeroize)
/home/qemu-sgx/devel/optee/optee_os/out/arm/export-ta_arm32/lib/libutils.a(bget_malloc.o)
                              /home/qemu-sgx/devel/optee/optee_os/out/arm/export-ta_arm32/lib/libutee.a(tee_api.o) (malloc)
/home/qemu-sgx/devel/optee/optee_os/out/arm/export-ta_arm32/lib/libutils.a(snprintf.o)
                              /home/qemu-sgx/devel/optee/optee_os/out/arm/export-ta_arm32/lib/libutee.a(trace_ext.o) (vsnprintf)
/home/qemu-sgx/devel/optee/optee_os/out/arm/export-ta_arm32/lib/libutils.a(memcpy.o)
                              /home/qemu-sgx/devel/optee/optee_os/out/arm/export-ta_arm32/lib/libutee.a(tee_api.o) (memcpy)
/home/qemu-sgx/devel/optee/optee_os/out/arm/export-ta_arm32/lib/libutils.a(memmove.o)
                              /home/qemu-sgx/devel/optee/optee_os/out/arm/export-ta_arm32/lib/libutee.a(tee_api.o) (memmove)
/home/qemu-sgx/devel/optee/optee_os/out/arm/export-ta_arm32/lib/libutils.a(memset.o)
[...]
Memory Configuration

Name             Origin             Length             Attributes
*default*        0x0000000000000000 0xffffffffffffffff

Linker script and memory map


.ta_head        0x0000000000000000       0x20
 *(SORT_BY_ALIGNMENT(.ta_head))
 .ta_head       0x0000000000000000       0x20 out/user_ta_header.o
                0x0000000000000000                ta_head

.text           0x0000000000000020    0x139f4
                0x0000000000000020                __text_start = .
 *(SORT_BY_ALIGNMENT(.text) SORT_BY_ALIGNMENT(.text.*))
 .text          0x0000000000000020      0x6d4 out/ta_sdp_basic.o
                0x00000000000005bc                TA_CreateEntryPoint
                0x00000000000005d0                TA_DestroyEntryPoint
                0x00000000000005e0                TA_OpenSessionEntryPoint
                0x0000000000000600                TA_CloseSessionEntryPoint
                0x0000000000000618                TA_InvokeCommandEntryPoint
 .text.__ta_entry
                0x00000000000006f4        0x4 out/ta_entry_a32.o
                0x00000000000006f4                __ta_entry
 .text          0x00000000000006f8      0x4a0 /home/qemu-sgx/devel/optee/optee_os/out/arm/export-ta_arm32/lib/libutils.a(trace.o)
                0x00000000000006f8                trace_set_level
                0x0000000000000740                trace_get_level
                0x0000000000000836                trace_printf
                0x000000000000086c                trace_vprintf
                0x0000000000000b78                dhex_dump
 .text          0x0000000000000b98     0x1188 /home/qemu-sgx/devel/optee/optee_os/out/arm/export-ta_arm32/lib/libutils.a(snprintk.o)
                0x0000000000000b98                snprintk
                0x0000000000000bce                vsnprintk
                0x0000000000000bfc                __vsnprintf
                0x0000000000000c6e                __vsprintf
 .text.__aeabi_ldivmod
                0x0000000000001d20       0x18 /home/qemu-sgx/devel/optee/optee_os/out/arm/export-ta_arm32/lib/libutils.a(arm32_aeabi_ldivmod_a32.o)
                0x0000000000001d20                __aeabi_ldivmod
 .text.__aeabi_uldivmod
                0x0000000000001d38       0x18 /home/qemu-sgx/devel/optee/optee_os/out/arm/export-ta_arm32/lib/libutils.a(arm32_aeabi_ldivmod_a32.o)
                0x0000000000001d38                __aeabi_uldivmod
 .text          0x0000000000001d50      0x11c /home/qemu-sgx/devel/optee/optee_os/out/arm/export-ta_arm32/lib/libutee.a(trace_ext.o)
                0x0000000000001d50                trace_ext_puts
                0x0000000000001d74                trace_ext_get_thread_id
                0x0000000000001d88                printf
                0x0000000000001dfc                puts
                0x0000000000001e34                putchar
 .text          0x0000000000001e6c      0xa80 /home/qemu-sgx/devel/optee/optee_os/out/arm/export-ta_arm32/lib/libutee.a(tee_api.o)
                0x000000000000227a                TEE_OpenTASession
                0x0000000000002368                TEE_CloseTASession
                0x0000000000002398                TEE_InvokeTACommand
                0x00000000000024be                TEE_GetCancellationFlag
                0x00000000000024f2                TEE_UnmaskCancellation
                0x0000000000002526                TEE_MaskCancellation
                0x000000000000255a                TEE_CheckMemoryAccessRights
                0x000000000000259c                TEE_SetInstanceData
                0x00000000000025c0                TEE_GetInstanceData
                0x00000000000025dc                TEE_MemMove
                0x0000000000002600                TEE_MemCompare
                0x0000000000002624                TEE_MemFill
                0x000000000000264a                TEE_GetSystemTime
                0x0000000000002676                TEE_Wait
                0x00000000000026ae                TEE_GetTAPersistentTime
                0x0000000000002732                TEE_SetTAPersistentTime
                0x0000000000002778                TEE_GetREETime
                0x00000000000027a4                TEE_Malloc
                0x0000000000002818                TEE_Realloc
                0x000000000000285e                TEE_Free
                0x000000000000287e                TEE_CacheClean
                0x00000000000028a2                TEE_CacheFlush
                0x00000000000028c6                TEE_CacheInvalidate
 .text          0x00000000000028ec      0x21c /home/qemu-sgx/devel/optee/optee_os/out/arm/export-ta_arm32/lib/libutee.a(tee_api_panic.o)
                0x00000000000028ec                TEE_Panic
                0x000000000000296a                __utee_check_outbuf_annotation
                0x00000000000029c4                __utee_check_instring_annotation
                0x0000000000002a04                __utee_check_outstring_annotation
                0x0000000000002a5c                __utee_check_out_annotation
                0x0000000000002a90                __utee_check_attr_in_annotation
                0x0000000000002ad4                __utee_check_inout_annotation
 .text          0x0000000000002b08      0x330 /home/qemu-sgx/devel/optee/optee_os/out/arm/export-ta_arm32/lib/libutee.a(tee_system_pta.o)
                0x0000000000002c24                tee_map_zi
                0x0000000000002cbc                tee_unmap
                0x0000000000002d6c                tee_invoke_supp_plugin
 .text          0x0000000000002e38        0x0 /home/qemu-sgx/devel/optee/optee_os/out/arm/export-ta_arm32/lib/libutee.a(utee_syscalls_a32.o)
 .text._utee_panic
                0x0000000000002e38       0x14 /home/qemu-sgx/devel/optee/optee_os/out/arm/export-ta_arm32/lib/libutee.a(utee_syscalls_a32.o)
                0x0000000000002e38                _utee_panic
 .text._utee_return
                0x0000000000002e4c       0x14 /home/qemu-sgx/devel/optee/optee_os/out/arm/export-ta_arm32/lib/libutee.a(utee_syscalls_a32.o)
                0x0000000000002e4c                _utee_return
 .text._utee_log
                0x0000000000002e60       0x14 /home/qemu-sgx/devel/optee/optee_os/out/arm/export-ta_arm32/lib/libutee.a(utee_syscalls_a32.o)
                0x0000000000002e60                _utee_log
 .text.__utee_panic
                0x0000000000002e74       0x14 /home/qemu-sgx/devel/optee/optee_os/out/arm/export-ta_arm32/lib/libutee.a(utee_syscalls_a32.o)
                0x0000000000002e74                __utee_panic
 .text._utee_get_property
                0x0000000000002e88       0x18 /home/qemu-sgx/devel/optee/optee_os/out/arm/export-ta_arm32/lib/libutee.a(utee_syscalls_a32.o)
                0x0000000000002e88                _utee_get_property
 .text._utee_get_property_name_to_index
                0x0000000000002ea0       0x14 /home/qemu-sgx/devel/optee/optee_os/out/arm/export-ta_arm32/lib/libutee.a(utee_syscalls_a32.o)
                0x0000000000002ea0                _utee_get_property_name_to_index
 .text._utee_open_ta_session
                0x0000000000002eb4       0x18 /home/qemu-sgx/devel/optee/optee_os/out/arm/export-ta_arm32/lib/libutee.a(utee_syscalls_a32.o)
                0x0000000000002eb4                _utee_open_ta_session
 .text._utee_close_ta_session
                0x0000000000002ecc       0x14 /home/qemu-sgx/devel/optee/optee_os/out/arm/export-ta_arm32/lib/libutee.a(utee_syscalls_a32.o)
                0x0000000000002ecc                _utee_close_ta_session
 .text._utee_invoke_ta_command
                0x0000000000002ee0       0x18 /home/qemu-sgx/devel/optee/optee_os/out/arm/export-ta_arm32/lib/libutee.a(utee_syscalls_a32.o)
                0x0000000000002ee0                _utee_invoke_ta_command
 .text._utee_get_cancellation_flag
                0x0000000000002ef8       0x14 /home/qemu-sgx/devel/optee/optee_os/out/arm/export-ta_arm32/lib/libutee.a(utee_syscalls_a32.o)
                0x0000000000002ef8                _utee_get_cancellation_flag
 .text._utee_check_access_rights
                0x0000000000002f0c       0x14 /home/qemu-sgx/devel/optee/optee_os/out/arm/export-ta_arm32/lib/libutee.a(utee_syscalls_a32.o)
                0x0000000000002f0c                _utee_check_access_rights
 .text._utee_unmask_cancellation
                0x0000000000002f20       0x14 /home/qemu-sgx/devel/optee/optee_os/out/arm/export-ta_arm32/lib/libutee.a(utee_syscalls_a32.o)
                0x0000000000002f20                _utee_unmask_cancellation
 .text._utee_mask_cancellation
                0x0000000000002f34       0x14 /home/qemu-sgx/devel/optee/optee_os/out/arm/export-ta_arm32/lib/libutee.a(utee_syscalls_a32.o)
                0x0000000000002f34                _utee_mask_cancellation
 .text._utee_wait
                0x0000000000002f48       0x14 /home/qemu-sgx/devel/optee/optee_os/out/arm/export-ta_arm32/lib/libutee.a(utee_syscalls_a32.o)
                0x0000000000002f48                _utee_wait
 .text._utee_get_time
                0x0000000000002f5c       0x14 /home/qemu-sgx/devel/optee/optee_os/out/arm/export-ta_arm32/lib/libutee.a(utee_syscalls_a32.o)
                0x0000000000002f5c                _utee_get_time
 .text._utee_set_ta_time
                0x0000000000002f70       0x14 /home/qemu-sgx/devel/optee/optee_os/out/arm/export-ta_arm32/lib/libutee.a(utee_syscalls_a32.o)
                0x0000000000002f70                _utee_set_ta_time
 .text._utee_cryp_state_alloc
                0x0000000000002f84       0x18 /home/qemu-sgx/devel/optee/optee_os/out/arm/export-ta_arm32/lib/libutee.a(utee_syscalls_a32.o)
                0x0000000000002f84                _utee_cryp_state_alloc
 .text._utee_cryp_state_copy
                0x0000000000002f9c       0x14 /home/qemu-sgx/devel/optee/optee_os/out/arm/export-ta_arm32/lib/libutee.a(utee_syscalls_a32.o)
                0x0000000000002f9c                _utee_cryp_state_copy
 .text._utee_cryp_state_free
                0x0000000000002fb0       0x14 /home/qemu-sgx/devel/optee/optee_os/out/arm/export-ta_arm32/lib/libutee.a(utee_syscalls_a32.o)
                0x0000000000002fb0                _utee_cryp_state_free
 .text._utee_hash_init
                0x0000000000002fc4       0x14 /home/qemu-sgx/devel/optee/optee_os/out/arm/export-ta_arm32/lib/libutee.a(utee_syscalls_a32.o)
                0x0000000000002fc4                _utee_hash_init
 .text._utee_hash_update
                0x0000000000002fd8       0x14 /home/qemu-sgx/devel/optee/optee_os/out/arm/export-ta_arm32/lib/libutee.a(utee_syscalls_a32.o)
                0x0000000000002fd8                _utee_hash_update
 .text._utee_hash_final
                0x0000000000002fec       0x18 /home/qemu-sgx/devel/optee/optee_os/out/arm/export-ta_arm32/lib/libutee.a(utee_syscalls_a32.o)
                0x0000000000002fec                _utee_hash_final
 .text._utee_cipher_init
                0x0000000000003004       0x14 /home/qemu-sgx/devel/optee/optee_os/out/arm/export-ta_arm32/lib/libutee.a(utee_syscalls_a32.o)
                0x0000000000003004                _utee_cipher_init
 .text._utee_cipher_update
                0x0000000000003018       0x18 /home/qemu-sgx/devel/optee/optee_os/out/arm/export-ta_arm32/lib/libutee.a(utee_syscalls_a32.o)
                0x0000000000003018                _utee_cipher_update
 .text._utee_cipher_final
                0x0000000000003030       0x18 /home/qemu-sgx/devel/optee/optee_os/out/arm/export-ta_arm32/lib/libutee.a(utee_syscalls_a32.o)
                0x0000000000003030                _utee_cipher_final
 .text._utee_cryp_obj_get_info
                0x0000000000003048       0x14 /home/qemu-sgx/devel/optee/optee_os/out/arm/export-ta_arm32/lib/libutee.a(utee_syscalls_a32.o)
                0x0000000000003048                _utee_cryp_obj_get_info
 .text._utee_cryp_obj_restrict_usage
                0x000000000000305c       0x14 /home/qemu-sgx/devel/optee/optee_os/out/arm/export-ta_arm32/lib/libutee.a(utee_syscalls_a32.o)
                0x000000000000305c                _utee_cryp_obj_restrict_usage
 .text._utee_cryp_obj_get_attr
                0x0000000000003070       0x14 /home/qemu-sgx/devel/optee/optee_os/out/arm/export-ta_arm32/lib/libutee.a(utee_syscalls_a32.o)
                0x0000000000003070                _utee_cryp_obj_get_attr
 .text._utee_cryp_obj_alloc
                0x0000000000003084       0x14 /home/qemu-sgx/devel/optee/optee_os/out/arm/export-ta_arm32/lib/libutee.a(utee_syscalls_a32.o)
                0x0000000000003084                _utee_cryp_obj_alloc
 .text._utee_cryp_obj_close
                0x0000000000003098       0x14 /home/qemu-sgx/devel/optee/optee_os/out/arm/export-ta_arm32/lib/libutee.a(utee_syscalls_a32.o)
                0x0000000000003098                _utee_cryp_obj_close
 .text._utee_cryp_obj_reset
                0x00000000000030ac       0x14 /home/qemu-sgx/devel/optee/optee_os/out/arm/export-ta_arm32/lib/libutee.a(utee_syscalls_a32.o)
                0x00000000000030ac                _utee_cryp_obj_reset
 .text._utee_cryp_obj_populate
                0x00000000000030c0       0x14 /home/qemu-sgx/devel/optee/optee_os/out/arm/export-ta_arm32/lib/libutee.a(utee_syscalls_a32.o)
                0x00000000000030c0                _utee_cryp_obj_populate
 .text._utee_cryp_obj_copy
                0x00000000000030d4       0x14 /home/qemu-sgx/devel/optee/optee_os/out/arm/export-ta_arm32/lib/libutee.a(utee_syscalls_a32.o)
                0x00000000000030d4                _utee_cryp_obj_copy
 .text._utee_cryp_derive_key
                0x00000000000030e8       0x14 /home/qemu-sgx/devel/optee/optee_os/out/arm/export-ta_arm32/lib/libutee.a(utee_syscalls_a32.o)
                0x00000000000030e8                _utee_cryp_derive_key
 .text._utee_cryp_random_number_generate
                0x00000000000030fc       0x14 /home/qemu-sgx/devel/optee/optee_os/out/arm/export-ta_arm32/lib/libutee.a(utee_syscalls_a32.o)
                0x00000000000030fc                _utee_cryp_random_number_generate
 .text._utee_authenc_init
                0x0000000000003110       0x18 /home/qemu-sgx/devel/optee/optee_os/out/arm/export-ta_arm32/lib/libutee.a(utee_syscalls_a32.o)
                0x0000000000003110                _utee_authenc_init
 .text._utee_authenc_update_aad
                0x0000000000003128       0x14 /home/qemu-sgx/devel/optee/optee_os/out/arm/export-ta_arm32/lib/libutee.a(utee_syscalls_a32.o)
                0x0000000000003128                _utee_authenc_update_aad
 .text._utee_authenc_update_payload
                0x000000000000313c       0x18 /home/qemu-sgx/devel/optee/optee_os/out/arm/export-ta_arm32/lib/libutee.a(utee_syscalls_a32.o)
                0x000000000000313c                _utee_authenc_update_payload
 .text._utee_authenc_enc_final
                0x0000000000003154       0x18 /home/qemu-sgx/devel/optee/optee_os/out/arm/export-ta_arm32/lib/libutee.a(utee_syscalls_a32.o)
                0x0000000000003154                _utee_authenc_enc_final
 .text._utee_authenc_dec_final
                0x000000000000316c       0x18 /home/qemu-sgx/devel/optee/optee_os/out/arm/export-ta_arm32/lib/libutee.a(utee_syscalls_a32.o)
                0x000000000000316c                _utee_authenc_dec_final
 .text._utee_asymm_operate
                0x0000000000003184       0x18 /home/qemu-sgx/devel/optee/optee_os/out/arm/export-ta_arm32/lib/libutee.a(utee_syscalls_a32.o)
                0x0000000000003184                _utee_asymm_operate
 .text._utee_asymm_verify
                0x000000000000319c       0x18 /home/qemu-sgx/devel/optee/optee_os/out/arm/export-ta_arm32/lib/libutee.a(utee_syscalls_a32.o)
                0x000000000000319c                _utee_asymm_verify
 .text._utee_storage_obj_open
                0x00000000000031b4       0x18 /home/qemu-sgx/devel/optee/optee_os/out/arm/export-ta_arm32/lib/libutee.a(utee_syscalls_a32.o)
                0x00000000000031b4                _utee_storage_obj_open
 .text._utee_storage_obj_create
                0x00000000000031cc       0x18 /home/qemu-sgx/devel/optee/optee_os/out/arm/export-ta_arm32/lib/libutee.a(utee_syscalls_a32.o)
                0x00000000000031cc                _utee_storage_obj_create
 .text._utee_storage_obj_del
                0x00000000000031e4       0x14 /home/qemu-sgx/devel/optee/optee_os/out/arm/export-ta_arm32/lib/libutee.a(utee_syscalls_a32.o)
                0x00000000000031e4                _utee_storage_obj_del
 .text._utee_storage_obj_rename
                0x00000000000031f8       0x14 /home/qemu-sgx/devel/optee/optee_os/out/arm/export-ta_arm32/lib/libutee.a(utee_syscalls_a32.o)
                0x00000000000031f8                _utee_storage_obj_rename
 .text._utee_storage_alloc_enum
                0x000000000000320c       0x14 /home/qemu-sgx/devel/optee/optee_os/out/arm/export-ta_arm32/lib/libutee.a(utee_syscalls_a32.o)
                0x000000000000320c                _utee_storage_alloc_enum
 .text._utee_storage_free_enum
                0x0000000000003220       0x14 /home/qemu-sgx/devel/optee/optee_os/out/arm/export-ta_arm32/lib/libutee.a(utee_syscalls_a32.o)
                0x0000000000003220                _utee_storage_free_enum
 .text._utee_storage_reset_enum
                0x0000000000003234       0x14 /home/qemu-sgx/devel/optee/optee_os/out/arm/export-ta_arm32/lib/libutee.a(utee_syscalls_a32.o)
                0x0000000000003234                _utee_storage_reset_enum
 .text._utee_storage_start_enum
                0x0000000000003248       0x14 /home/qemu-sgx/devel/optee/optee_os/out/arm/export-ta_arm32/lib/libutee.a(utee_syscalls_a32.o)
                0x0000000000003248                _utee_storage_start_enum
 .text._utee_storage_next_enum
                0x000000000000325c       0x14 /home/qemu-sgx/devel/optee/optee_os/out/arm/export-ta_arm32/lib/libutee.a(utee_syscalls_a32.o)
                0x000000000000325c                _utee_storage_next_enum
 .text._utee_storage_obj_read
                0x0000000000003270       0x14 /home/qemu-sgx/devel/optee/optee_os/out/arm/export-ta_arm32/lib/libutee.a(utee_syscalls_a32.o)
                0x0000000000003270                _utee_storage_obj_read
 .text._utee_storage_obj_write
                0x0000000000003284       0x14 /home/qemu-sgx/devel/optee/optee_os/out/arm/export-ta_arm32/lib/libutee.a(utee_syscalls_a32.o)
                0x0000000000003284                _utee_storage_obj_write
 .text._utee_storage_obj_trunc
                0x0000000000003298       0x14 /home/qemu-sgx/devel/optee/optee_os/out/arm/export-ta_arm32/lib/libutee.a(utee_syscalls_a32.o)
                0x0000000000003298                _utee_storage_obj_trunc
 .text._utee_storage_obj_seek
                0x00000000000032ac       0x14 /home/qemu-sgx/devel/optee/optee_os/out/arm/export-ta_arm32/lib/libutee.a(utee_syscalls_a32.o)
                0x00000000000032ac                _utee_storage_obj_seek
 .text._utee_cryp_obj_generate_key
                0x00000000000032c0       0x14 /home/qemu-sgx/devel/optee/optee_os/out/arm/export-ta_arm32/lib/libutee.a(utee_syscalls_a32.o)
                0x00000000000032c0                _utee_cryp_obj_generate_key
 .text._utee_cache_operation
                0x00000000000032d4       0x14 /home/qemu-sgx/devel/optee/optee_os/out/arm/export-ta_arm32/lib/libutee.a(utee_syscalls_a32.o)
                0x00000000000032d4                _utee_cache_operation
 .text          0x00000000000032e8      0xa84 /home/qemu-sgx/devel/optee/optee_os/out/arm/export-ta_arm32/lib/libutee.a(user_ta_entry.o)
                0x00000000000034d0                __utee_call_elf_init_fn
                0x0000000000003690                __utee_call_elf_fini_fn
                0x0000000000003cf6                __utee_entry
 .text          0x0000000000003d6c       0x20 /home/qemu-sgx/devel/optee/optee_os/out/arm/export-ta_arm32/lib/libutee.a(abort.o)
                0x0000000000003d6c                abort
 .text          0x0000000000003d8c     0x1de4 /home/qemu-sgx/devel/optee/optee_os/out/arm/export-ta_arm32/lib/libutee.a(tee_api_arith_mpi.o)
                0x0000000000003dec                _TEE_MathAPI_Init
                0x0000000000003f84                TEE_BigIntInit
                0x0000000000003ff0                TEE_BigIntConvertFromOctetString
                0x000000000000406a                TEE_BigIntConvertToOctetString
                0x00000000000040f0                TEE_BigIntConvertFromS32
                0x0000000000004170                TEE_BigIntConvertToS32
                0x0000000000004244                TEE_BigIntCmp
                0x000000000000429a                TEE_BigIntCmpS32
                0x00000000000042d6                TEE_BigIntShiftRight
                0x0000000000004490                TEE_BigIntGetBit
                0x00000000000044d6                TEE_BigIntGetBitCount
                0x0000000000004790                TEE_BigIntAdd
                0x00000000000047c4                TEE_BigIntSub
                0x00000000000047f8                TEE_BigIntNeg
                0x00000000000048a8                TEE_BigIntMul
                0x0000000000004988                TEE_BigIntSquare
                0x00000000000049a8                TEE_BigIntDiv
                0x0000000000004b14                TEE_BigIntMod
                0x0000000000004b80                TEE_BigIntAddMod
                0x0000000000004bb8                TEE_BigIntSubMod
                0x0000000000004bf0                TEE_BigIntMulMod
                0x0000000000004c28                TEE_BigIntSquareMod
                0x0000000000004c4c                TEE_BigIntInvMod
                0x0000000000004d58                TEE_BigIntRelativePrime
                0x0000000000005610                TEE_BigIntComputeExtendedGcd
                0x00000000000058d0                TEE_BigIntIsProbablePrime
                0x0000000000005924                TEE_BigIntInitFMM
                0x0000000000005942                TEE_BigIntInitFMMContext
                0x000000000000595e                TEE_BigIntFMMSizeInU32
                0x0000000000005984                TEE_BigIntFMMContextSizeInU32
                0x00000000000059a0                TEE_BigIntConvertToFMM
                0x00000000000059c4                TEE_BigIntConvertFromFMM
                0x0000000000005a60                TEE_BigIntComputeFMM
 .text          0x0000000000005b70      0x44c /home/qemu-sgx/devel/optee/optee_os/out/arm/export-ta_arm32/lib/libutee.a(tcb.o)
                0x0000000000005b70                __utee_tcb_init
                0x0000000000005e7c                __tls_get_addr
                0x0000000000005eb4                dl_iterate_phdr
 .text          0x0000000000005fbc       0x5c /home/qemu-sgx/devel/optee/optee_os/out/arm/export-ta_arm32/lib/libutee.a(assert.o)
                0x0000000000005fbc                _assert_log
                0x0000000000006004                _assert_break
 .text          0x0000000000006018     0x6704 /home/qemu-sgx/devel/optee/optee_os/out/arm/export-ta_arm32/lib/libmbedtls.a(bignum.o)
                0x0000000000006076                mbedtls_mpi_init
                0x0000000000006094                mbedtls_mpi_init_mempool
                0x00000000000060d0                mbedtls_mpi_free
                0x000000000000615c                mbedtls_mpi_grow
                0x0000000000006264                mbedtls_mpi_shrink
                0x000000000000641c                mbedtls_mpi_copy
                0x0000000000006514                mbedtls_mpi_swap
                0x0000000000006624                mbedtls_mpi_safe_cond_assign
                0x00000000000066ee                mbedtls_mpi_safe_cond_swap
                0x0000000000006842                mbedtls_mpi_lset
                0x00000000000068b0                mbedtls_mpi_get_bit
                0x00000000000068fe                mbedtls_mpi_set_bit
                0x00000000000069cc                mbedtls_mpi_lsb
                0x0000000000006a94                mbedtls_mpi_bitlen
                0x0000000000006b0c                mbedtls_mpi_size
                0x0000000000006bb2                mbedtls_mpi_read_string
                0x0000000000006e8a                mbedtls_mpi_write_string
                0x000000000000716c                mbedtls_mpi_read_binary_le
                0x000000000000720a                mbedtls_mpi_read_binary
                0x0000000000007292                mbedtls_mpi_write_binary_le
                0x0000000000007368                mbedtls_mpi_write_binary
                0x000000000000744c                mbedtls_mpi_shift_l
                0x00000000000075ce                mbedtls_mpi_shift_r
                0x0000000000007738                mbedtls_mpi_cmp_abs
                0x0000000000007866                mbedtls_mpi_cmp_mpi
                0x0000000000007a2a                mbedtls_mpi_lt_mpi_ct
                0x0000000000007b68                mbedtls_mpi_cmp_int
                0x0000000000007bb4                mbedtls_mpi_add_abs
                0x0000000000007dea                mbedtls_mpi_sub_abs
                0x0000000000007f5a                mbedtls_mpi_add_mpi
                0x0000000000008006                mbedtls_mpi_sub_mpi
                0x00000000000080b2                mbedtls_mpi_add_int
                0x0000000000008102                mbedtls_mpi_sub_int
                0x0000000000009b72                mbedtls_mpi_mul_mpi
                0x0000000000009d34                mbedtls_mpi_mul_int
                0x0000000000009eb6                mbedtls_mpi_div_mpi
                0x000000000000a502                mbedtls_mpi_div_int
                0x000000000000a554                mbedtls_mpi_mod_mpi
                0x000000000000a5f2                mbedtls_mpi_mod_int
                0x000000000000a77a                mbedtls_mpi_montg_init
                0x000000000000a8d2                mbedtls_mpi_montmul
                0x000000000000a940                mbedtls_mpi_montred
                0x000000000000aa24                mbedtls_mpi_exp_mod
                0x000000000000b16c                mbedtls_mpi_gcd
                0x000000000000b404                mbedtls_mpi_fill_random
                0x000000000000b46e                mbedtls_mpi_random
                0x000000000000b5d2                mbedtls_mpi_inv_mod
                0x000000000000be16                mbedtls_mpi_is_prime_ext
                0x000000000000bec2                mbedtls_mpi_is_prime
                0x000000000000beea                mbedtls_mpi_gen_prime
                0x000000000000c1fe                mbedtls_mpi_self_test
 .text          0x000000000000c71c       0x30 /home/qemu-sgx/devel/optee/optee_os/out/arm/export-ta_arm32/lib/libmbedtls.a(platform_util.o)
                0x000000000000c71c                mbedtls_platform_zeroize
 .text          0x000000000000c74c     0x1b2c /home/qemu-sgx/devel/optee/optee_os/out/arm/export-ta_arm32/lib/libutils.a(bget_malloc.o)
                0x000000000000c858                bget
                0x000000000000cbe4                bgetz
                0x000000000000cc8c                bgetr
                0x000000000000cd54                brel
                0x000000000000d08c                bpool
                0x000000000000d188                bstats
                0x000000000000d342                bget_main_test
                0x000000000000d850                malloc_reset_stats
                0x000000000000d8ae                malloc_get_stats
                0x000000000000dd34                malloc
                0x000000000000ddd0                calloc
                0x000000000000de52                realloc
                0x000000000000dea0                memalign
                0x000000000000df1a                free
                0x000000000000df38                free_wipe
                0x000000000000e1f6                malloc_add_pool
                0x000000000000e220                malloc_buffer_is_within_alloced
                0x000000000000e24c                malloc_buffer_overlaps_heap
 .text          0x000000000000e278      0x290 /home/qemu-sgx/devel/optee/optee_os/out/arm/export-ta_arm32/lib/libutils.a(mempool.o)
                0x000000000000e2a8                mempool_alloc_pool
                0x000000000000e31c                mempool_alloc
                0x000000000000e410                mempool_calloc
                0x000000000000e48c                mempool_free
 .text          0x000000000000e508     0x3ae4 /home/qemu-sgx/devel/optee/optee_os/out/arm/export-ta_arm32/lib/libutee.a(tee_api_operations.o)
                0x000000000000e820                TEE_AllocateOperation
                0x000000000000f61c                TEE_FreeOperation
                0x000000000000f666                TEE_GetOperationInfo
                0x000000000000f6d4                TEE_GetOperationInfoMultiple
                0x000000000000f8a0                TEE_ResetOperation
                0x000000000000f920                TEE_SetOperationKey
                0x000000000000fa6a                TEE_SetOperationKey2
                0x000000000000fc9c                TEE_CopyOperation
                0x000000000000fe28                TEE_DigestUpdate
                0x000000000000fe84                TEE_DigestDoFinal
                0x000000000000ff42                TEE_CipherInit
                0x000000000001030a                TEE_CipherUpdate
                0x00000000000104c0                TEE_CipherDoFinal
                0x0000000000010778                TEE_MACInit
                0x00000000000107ea                TEE_MACUpdate
                0x000000000001086c                TEE_MACComputeFinal
                0x0000000000010960                TEE_MACCompareFinal
                0x0000000000010a52                TEE_AEInit
                0x0000000000010b40                TEE_AEUpdateAAD
                0x0000000000010bba                TEE_AEUpdate
                0x0000000000010d60                TEE_AEEncryptFinal
                0x0000000000010f84                TEE_AEDecryptFinal
                0x0000000000011164                TEE_AsymmetricEncrypt
                0x0000000000011326                TEE_AsymmetricDecrypt
                0x00000000000114e8                TEE_AsymmetricSignDigest
                0x000000000001169c                TEE_AsymmetricVerifyDigest
                0x0000000000011826                TEE_DeriveKey
                0x00000000000119ec                TEE_GenerateRandom
                0x0000000000011a18                rand
                0x0000000000011a3e                TEE_IsAlgorithmSupported
 .text          0x0000000000011fec       0x38 out/user_ta_header.o
                0x0000000000011fec                __ta_entry_c
                0x0000000000012010                tahead_get_trace_level
 .text          0x0000000000012024       0x30 /home/qemu-sgx/devel/optee/optee_os/out/arm/export-ta_arm32/lib/libutils.a(aeabi_unwind.o)
                0x0000000000012024                __aeabi_unwind_cpp_pr0
                0x0000000000012034                __aeabi_unwind_cpp_pr1
                0x0000000000012044                __aeabi_unwind_cpp_pr2
 .text          0x0000000000012054      0x114 /home/qemu-sgx/devel/optee/optee_os/out/arm/export-ta_arm32/lib/libutils.a(memchr.o)
                0x0000000000012054                memchr
 .text          0x0000000000012168       0x8a /home/qemu-sgx/devel/optee/optee_os/out/arm/export-ta_arm32/lib/libutils.a(strlen.o)
                0x0000000000012168                strlen
 .text          0x00000000000121f2      0x2e8 /home/qemu-sgx/devel/optee/optee_os/out/arm/export-ta_arm32/lib/libutils.a(arm32_aeabi_ldivmod.o)
                0x0000000000012398                __ul_divmod
                0x00000000000123fa                __l_divmod
 .text          0x00000000000124da       0x6a /home/qemu-sgx/devel/optee/optee_os/out/arm/export-ta_arm32/lib/libutils.a(snprintf.o)
                0x00000000000124da                snprintf
                0x0000000000012516                vsnprintf
 .text          0x0000000000012544       0xf2 /home/qemu-sgx/devel/optee/optee_os/out/arm/export-ta_arm32/lib/libutils.a(memcpy.o)
                0x0000000000012544                memcpy
 .text          0x0000000000012636      0x13e /home/qemu-sgx/devel/optee/optee_os/out/arm/export-ta_arm32/lib/libutils.a(memmove.o)
                0x0000000000012636                memmove
 .text          0x0000000000012774      0x11c /home/qemu-sgx/devel/optee/optee_os/out/arm/export-ta_arm32/lib/libutils.a(memset.o)
                0x0000000000012774                memset
 .text          0x0000000000012890       0xb4 /home/qemu-sgx/devel/optee/optee_os/out/arm/export-ta_arm32/lib/libutils.a(consttime_memcmp.o)
                0x0000000000012890                consttime_memcmp
 .text          0x0000000000012944     0x10d0 /home/qemu-sgx/devel/optee/optee_os/out/arm/export-ta_arm32/lib/libutee.a(tee_api_objects.o)
                0x0000000000012944                __utee_from_attr
                0x0000000000012ac2                TEE_GetObjectInfo
                0x0000000000012b30                TEE_GetObjectInfo1
                0x0000000000012b7c                TEE_RestrictObjectUsage
                0x0000000000012bc8                TEE_RestrictObjectUsage1
                0x0000000000012c14                TEE_GetObjectBufferAttribute
                0x0000000000012ce0                TEE_GetObjectValueAttribute
                0x0000000000012dd2                TEE_CloseObject
                0x0000000000012e04                TEE_AllocateTransientObject
                0x0000000000012e6e                TEE_FreeTransientObject
                0x0000000000012ece                TEE_ResetTransientObject
                0x0000000000012f2e                TEE_PopulateTransientObject
                0x0000000000013092                TEE_InitRefAttribute
                0x00000000000130da                TEE_InitValueAttribute
                0x0000000000013122                TEE_CopyObjectAttributes
                0x000000000001316e                TEE_CopyObjectAttributes1
                0x0000000000013226                TEE_GenerateKey
                0x000000000001334c                TEE_OpenPersistentObject
                0x000000000001340a                TEE_CreatePersistentObject
                0x00000000000134e2                TEE_CloseAndDeletePersistentObject
                0x0000000000013514                TEE_CloseAndDeletePersistentObject1
                0x000000000001355a                TEE_RenamePersistentObject
                0x00000000000135ca                TEE_AllocatePersistentObjectEnumerator
                0x0000000000013624                TEE_FreePersistentObjectEnumerator
                0x0000000000013656                TEE_ResetPersistentObjectEnumerator
                0x0000000000013688                TEE_StartPersistentObjectEnumerator
                0x00000000000136e2                TEE_GetNextPersistentObject
                0x00000000000137a4                TEE_ReadObjectData
                0x0000000000013836                TEE_WriteObjectData
                0x00000000000138b4                TEE_TruncateObjectData
                0x0000000000013920                TEE_SeekObjectData
 .text          0x0000000000013a14        0x0 out/ta_entry_a32.o
 .text          0x0000000000013a14        0x0 /home/qemu-sgx/devel/optee/optee_os/out/arm/export-ta_arm32/lib/libutils.a(arm32_aeabi_ldivmod_a32.o)
 *(SORT_BY_ALIGNMENT(.stub))
 *(SORT_BY_ALIGNMENT(.glue_7))
 .glue_7        0x0000000000013a14        0x0 linker stubs
 *(SORT_BY_ALIGNMENT(.glue_7t))
 .glue_7t       0x0000000000013a14        0x0 linker stubs
 *(SORT_BY_ALIGNMENT(.gnu.linkonce.t.*))
 *(SORT_BY_ALIGNMENT(.vfp11_veneer))
 .vfp11_veneer  0x0000000000013a14        0x0 linker stubs
                0x0000000000013a14                __text_end = .

.v4_bx          0x0000000000013a14        0x0
 .v4_bx         0x0000000000013a14        0x0 linker stubs

.iplt           0x0000000000013a14        0x0
 .iplt          0x0000000000013a14        0x0 out/ta_sdp_basic.o

.plt            0x0000000000013a14        0x0
 *(SORT_BY_ALIGNMENT(.plt))
 .plt           0x0000000000013a14        0x0 out/ta_sdp_basic.o

.eh_frame_hdr
 *(SORT_BY_ALIGNMENT(.eh_frame_hdr))
 *(SORT_BY_ALIGNMENT(.eh_frame_entry) SORT_BY_ALIGNMENT(.eh_frame_entry.*))

.eh_frame
 *(SORT_BY_ALIGNMENT(.eh_frame))
 *(SORT_BY_ALIGNMENT(.eh_frame.*))

.gcc_except_table
 *(SORT_BY_ALIGNMENT(.gcc_except_table) SORT_BY_ALIGNMENT(.gcc_except_table.*))

.rodata         0x0000000000013a14     0x1372
 *(SORT_BY_ALIGNMENT(.gnu.linkonce.r.*))
 *(SORT_BY_ALIGNMENT(.rodata) SORT_BY_ALIGNMENT(.rodata.*))
 .rodata.ta_sdp_basic.c
                0x0000000000013a14      0x13b out/ta_sdp_basic.o
 *fill*         0x0000000000013b4f        0x1 
 .rodata.user_ta_header.c
                0x0000000000013b50       0xd4 out/user_ta_header.o
                0x0000000000013b50                trace_ext_prefix
                0x0000000000013b54                ta_heap_size
                0x0000000000013c20                ta_num_props
 .rodata.lib/libutils/ext/trace.c
                0x0000000000013c24       0x29 /home/qemu-sgx/devel/optee/optee_os/out/arm/export-ta_arm32/lib/libutils.a(trace.o)
 *fill*         0x0000000000013c4d        0x3 
 .rodata.lib/libutils/ext/snprintk.c
                0x0000000000013c50       0x7d /home/qemu-sgx/devel/optee/optee_os/out/arm/export-ta_arm32/lib/libutils.a(snprintk.o)
 *fill*         0x0000000000013ccd        0x3 
 .rodata.lib/libutee/trace_ext.c
                0x0000000000013cd0        0x2 /home/qemu-sgx/devel/optee/optee_os/out/arm/export-ta_arm32/lib/libutee.a(trace_ext.o)
 *fill*         0x0000000000013cd2        0x2 
 .rodata.lib/libutee/tee_api.c
                0x0000000000013cd4       0x1f /home/qemu-sgx/devel/optee/optee_os/out/arm/export-ta_arm32/lib/libutee.a(tee_api.o)
 *fill*         0x0000000000013cf3        0x1 
 .rodata.lib/libutee/tee_api_panic.c
                0x0000000000013cf4       0x68 /home/qemu-sgx/devel/optee/optee_os/out/arm/export-ta_arm32/lib/libutee.a(tee_api_panic.o)
 .rodata.lib/libutee/tee_system_pta.c
                0x0000000000013d5c       0x8b /home/qemu-sgx/devel/optee/optee_os/out/arm/export-ta_arm32/lib/libutee.a(tee_system_pta.o)
 *fill*         0x0000000000013de7        0x1 
 .rodata.lib/libutee/arch/arm/user_ta_entry.c
                0x0000000000013de8       0x32 /home/qemu-sgx/devel/optee/optee_os/out/arm/export-ta_arm32/lib/libutee.a(user_ta_entry.o)
 *fill*         0x0000000000013e1a        0x2 
 .rodata.lib/libutee/abort.c
                0x0000000000013e1c        0x7 /home/qemu-sgx/devel/optee/optee_os/out/arm/export-ta_arm32/lib/libutee.a(abort.o)
 *fill*         0x0000000000013e23        0x1 
 .rodata.lib/libutee/tee_api_arith_mpi.c
                0x0000000000013e24      0x221 /home/qemu-sgx/devel/optee/optee_os/out/arm/export-ta_arm32/lib/libutee.a(tee_api_arith_mpi.o)
 *fill*         0x0000000000014045        0x3 
 .rodata.lib/libutee/arch/arm/tcb.c
                0x0000000000014048       0xbc /home/qemu-sgx/devel/optee/optee_os/out/arm/export-ta_arm32/lib/libutee.a(tcb.o)
 .rodata.lib/libutee/assert.c
                0x0000000000014104       0x27 /home/qemu-sgx/devel/optee/optee_os/out/arm/export-ta_arm32/lib/libutee.a(assert.o)
 *fill*         0x000000000001412b        0x1 
 .rodata.lib/libmbedtls/mbedtls/library/bignum.c
                0x000000000001412c      0x742 /home/qemu-sgx/devel/optee/optee_os/out/arm/export-ta_arm32/lib/libmbedtls.a(bignum.o)
 *fill*         0x000000000001486e        0x2 
 .rodata.lib/libutils/isoc/bget_malloc.c
                0x0000000000014870      0x478 /home/qemu-sgx/devel/optee/optee_os/out/arm/export-ta_arm32/lib/libutils.a(bget_malloc.o)
 .rodata.lib/libutils/ext/mempool.c
                0x0000000000014ce8       0x9e /home/qemu-sgx/devel/optee/optee_os/out/arm/export-ta_arm32/lib/libutils.a(mempool.o)

.gnu.version_d  0x0000000000014d88        0x0
 .gnu.version_d
                0x0000000000014d88        0x0 out/ta_sdp_basic.o

.gnu.version    0x0000000000014d86        0x0
 .gnu.version   0x0000000000014d86        0x0 out/ta_sdp_basic.o

.gnu.version_r  0x0000000000014d88        0x0
 .gnu.version_r
                0x0000000000014d88        0x0 out/ta_sdp_basic.o

.gnu.hash       0x0000000000014d88       0x2c
 .gnu.hash      0x0000000000014d88       0x2c out/ta_sdp_basic.o

.ARM.extab      0x0000000000014db4      0xf1c
 *(SORT_BY_ALIGNMENT(.ARM.extab*) SORT_BY_ALIGNMENT(.gnu.linkonce.armextab.*))
 .ARM.extab     0x0000000000014db4       0x60 out/ta_sdp_basic.o
 .ARM.extab     0x0000000000014e14        0xc out/user_ta_header.o
 .ARM.extab     0x0000000000014e20       0x54 /home/qemu-sgx/devel/optee/optee_os/out/arm/export-ta_arm32/lib/libutils.a(trace.o)
 .ARM.extab     0x0000000000014e74       0x3c /home/qemu-sgx/devel/optee/optee_os/out/arm/export-ta_arm32/lib/libutils.a(snprintk.o)
 .ARM.extab     0x0000000000014eb0        0xc /home/qemu-sgx/devel/optee/optee_os/out/arm/export-ta_arm32/lib/libutils.a(memchr.o)
 .ARM.extab     0x0000000000014ebc        0xc /home/qemu-sgx/devel/optee/optee_os/out/arm/export-ta_arm32/lib/libutils.a(strlen.o)
 .ARM.extab.text.__aeabi_ldivmod
                0x0000000000014ec8        0xc /home/qemu-sgx/devel/optee/optee_os/out/arm/export-ta_arm32/lib/libutils.a(arm32_aeabi_ldivmod_a32.o)
 .ARM.extab.text.__aeabi_uldivmod
                0x0000000000014ed4        0xc /home/qemu-sgx/devel/optee/optee_os/out/arm/export-ta_arm32/lib/libutils.a(arm32_aeabi_ldivmod_a32.o)
 .ARM.extab     0x0000000000014ee0       0x30 /home/qemu-sgx/devel/optee/optee_os/out/arm/export-ta_arm32/lib/libutils.a(arm32_aeabi_ldivmod.o)
 .ARM.extab     0x0000000000014f10       0x34 /home/qemu-sgx/devel/optee/optee_os/out/arm/export-ta_arm32/lib/libutee.a(trace_ext.o)
 .ARM.extab     0x0000000000014f44      0x120 /home/qemu-sgx/devel/optee/optee_os/out/arm/export-ta_arm32/lib/libutee.a(tee_api.o)
 .ARM.extab     0x0000000000015064       0x6c /home/qemu-sgx/devel/optee/optee_os/out/arm/export-ta_arm32/lib/libutee.a(tee_api_panic.o)
 .ARM.extab     0x00000000000150d0       0x48 /home/qemu-sgx/devel/optee/optee_os/out/arm/export-ta_arm32/lib/libutee.a(tee_system_pta.o)
 .ARM.extab.text._utee_panic
                0x0000000000015118        0xc /home/qemu-sgx/devel/optee/optee_os/out/arm/export-ta_arm32/lib/libutee.a(utee_syscalls_a32.o)
 .ARM.extab     0x0000000000015124       0xb4 /home/qemu-sgx/devel/optee/optee_os/out/arm/export-ta_arm32/lib/libutee.a(user_ta_entry.o)
 .ARM.extab     0x00000000000151d8      0x204 /home/qemu-sgx/devel/optee/optee_os/out/arm/export-ta_arm32/lib/libutee.a(tee_api_arith_mpi.o)
 .ARM.extab     0x00000000000153dc       0x24 /home/qemu-sgx/devel/optee/optee_os/out/arm/export-ta_arm32/lib/libutee.a(tcb.o)
 .ARM.extab     0x0000000000015400        0xc /home/qemu-sgx/devel/optee/optee_os/out/arm/export-ta_arm32/lib/libutee.a(assert.o)
 .ARM.extab     0x000000000001540c      0x36c /home/qemu-sgx/devel/optee/optee_os/out/arm/export-ta_arm32/lib/libmbedtls.a(bignum.o)
 .ARM.extab     0x0000000000015778        0xc /home/qemu-sgx/devel/optee/optee_os/out/arm/export-ta_arm32/lib/libmbedtls.a(platform_util.o)
 .ARM.extab     0x0000000000015784      0x234 /home/qemu-sgx/devel/optee/optee_os/out/arm/export-ta_arm32/lib/libutils.a(bget_malloc.o)
 .ARM.extab     0x00000000000159b8       0x18 /home/qemu-sgx/devel/optee/optee_os/out/arm/export-ta_arm32/lib/libutils.a(snprintf.o)
 .ARM.extab     0x00000000000159d0        0xc /home/qemu-sgx/devel/optee/optee_os/out/arm/export-ta_arm32/lib/libutils.a(memcpy.o)
 .ARM.extab     0x00000000000159dc        0xc /home/qemu-sgx/devel/optee/optee_os/out/arm/export-ta_arm32/lib/libutils.a(memmove.o)
 .ARM.extab     0x00000000000159e8        0xc /home/qemu-sgx/devel/optee/optee_os/out/arm/export-ta_arm32/lib/libutils.a(memset.o)
 .ARM.extab     0x00000000000159f4       0x48 /home/qemu-sgx/devel/optee/optee_os/out/arm/export-ta_arm32/lib/libutils.a(mempool.o)
 .ARM.extab     0x0000000000015a3c        0xc /home/qemu-sgx/devel/optee/optee_os/out/arm/export-ta_arm32/lib/libutils.a(consttime_memcmp.o)
 .ARM.extab     0x0000000000015a48      0x12c /home/qemu-sgx/devel/optee/optee_os/out/arm/export-ta_arm32/lib/libutee.a(tee_api_operations.o)
 .ARM.extab     0x0000000000015b74      0x15c /home/qemu-sgx/devel/optee/optee_os/out/arm/export-ta_arm32/lib/libutee.a(tee_api_objects.o)
 .ARM.extab.text.__ta_entry
                0x0000000000015cd0        0x0 out/ta_entry_a32.o
 .ARM.extab     0x0000000000015cd0        0x0 /home/qemu-sgx/devel/optee/optee_os/out/arm/export-ta_arm32/lib/libutils.a(aeabi_unwind.o)
 .ARM.extab.text._utee_return
                0x0000000000015cd0        0x0 /home/qemu-sgx/devel/optee/optee_os/out/arm/export-ta_arm32/lib/libutee.a(utee_syscalls_a32.o)
 .ARM.extab.text._utee_log
                0x0000000000015cd0        0x0 /home/qemu-sgx/devel/optee/optee_os/out/arm/export-ta_arm32/lib/libutee.a(utee_syscalls_a32.o)
 .ARM.extab.text.__utee_panic
                0x0000000000015cd0        0x0 /home/qemu-sgx/devel/optee/optee_os/out/arm/export-ta_arm32/lib/libutee.a(utee_syscalls_a32.o)
 .ARM.extab.text._utee_get_property
                0x0000000000015cd0        0x0 /home/qemu-sgx/devel/optee/optee_os/out/arm/export-ta_arm32/lib/libutee.a(utee_syscalls_a32.o)
 .ARM.extab.text._utee_get_property_name_to_index
                0x0000000000015cd0        0x0 /home/qemu-sgx/devel/optee/optee_os/out/arm/export-ta_arm32/lib/libutee.a(utee_syscalls_a32.o)
 .ARM.extab.text._utee_open_ta_session
                0x0000000000015cd0        0x0 /home/qemu-sgx/devel/optee/optee_os/out/arm/export-ta_arm32/lib/libutee.a(utee_syscalls_a32.o)
 .ARM.extab.text._utee_close_ta_session
                0x0000000000015cd0        0x0 /home/qemu-sgx/devel/optee/optee_os/out/arm/export-ta_arm32/lib/libutee.a(utee_syscalls_a32.o)
 .ARM.extab.text._utee_invoke_ta_command
                0x0000000000015cd0        0x0 /home/qemu-sgx/devel/optee/optee_os/out/arm/export-ta_arm32/lib/libutee.a(utee_syscalls_a32.o)
 .ARM.extab.text._utee_get_cancellation_flag
                0x0000000000015cd0        0x0 /home/qemu-sgx/devel/optee/optee_os/out/arm/export-ta_arm32/lib/libutee.a(utee_syscalls_a32.o)
 .ARM.extab.text._utee_check_access_rights
                0x0000000000015cd0        0x0 /home/qemu-sgx/devel/optee/optee_os/out/arm/export-ta_arm32/lib/libutee.a(utee_syscalls_a32.o)
 .ARM.extab.text._utee_unmask_cancellation
                0x0000000000015cd0        0x0 /home/qemu-sgx/devel/optee/optee_os/out/arm/export-ta_arm32/lib/libutee.a(utee_syscalls_a32.o)
 .ARM.extab.text._utee_mask_cancellation
                0x0000000000015cd0        0x0 /home/qemu-sgx/devel/optee/optee_os/out/arm/export-ta_arm32/lib/libutee.a(utee_syscalls_a32.o)
 .ARM.extab.text._utee_wait
                0x0000000000015cd0        0x0 /home/qemu-sgx/devel/optee/optee_os/out/arm/export-ta_arm32/lib/libutee.a(utee_syscalls_a32.o)
 .ARM.extab.text._utee_get_time
                0x0000000000015cd0        0x0 /home/qemu-sgx/devel/optee/optee_os/out/arm/export-ta_arm32/lib/libutee.a(utee_syscalls_a32.o)
 .ARM.extab.text._utee_set_ta_time
                0x0000000000015cd0        0x0 /home/qemu-sgx/devel/optee/optee_os/out/arm/export-ta_arm32/lib/libutee.a(utee_syscalls_a32.o)
 .ARM.extab.text._utee_cryp_state_alloc
                0x0000000000015cd0        0x0 /home/qemu-sgx/devel/optee/optee_os/out/arm/export-ta_arm32/lib/libutee.a(utee_syscalls_a32.o)
 .ARM.extab.text._utee_cryp_state_copy
                0x0000000000015cd0        0x0 /home/qemu-sgx/devel/optee/optee_os/out/arm/export-ta_arm32/lib/libutee.a(utee_syscalls_a32.o)
 .ARM.extab.text._utee_cryp_state_free
                0x0000000000015cd0        0x0 /home/qemu-sgx/devel/optee/optee_os/out/arm/export-ta_arm32/lib/libutee.a(utee_syscalls_a32.o)
 .ARM.extab.text._utee_hash_init
                0x0000000000015cd0        0x0 /home/qemu-sgx/devel/optee/optee_os/out/arm/export-ta_arm32/lib/libutee.a(utee_syscalls_a32.o)
 .ARM.extab.text._utee_hash_update
                0x0000000000015cd0        0x0 /home/qemu-sgx/devel/optee/optee_os/out/arm/export-ta_arm32/lib/libutee.a(utee_syscalls_a32.o)
 .ARM.extab.text._utee_hash_final
                0x0000000000015cd0        0x0 /home/qemu-sgx/devel/optee/optee_os/out/arm/export-ta_arm32/lib/libutee.a(utee_syscalls_a32.o)
 .ARM.extab.text._utee_cipher_init
                0x0000000000015cd0        0x0 /home/qemu-sgx/devel/optee/optee_os/out/arm/export-ta_arm32/lib/libutee.a(utee_syscalls_a32.o)
 .ARM.extab.text._utee_cipher_update
                0x0000000000015cd0        0x0 /home/qemu-sgx/devel/optee/optee_os/out/arm/export-ta_arm32/lib/libutee.a(utee_syscalls_a32.o)
 .ARM.extab.text._utee_cipher_final
                0x0000000000015cd0        0x0 /home/qemu-sgx/devel/optee/optee_os/out/arm/export-ta_arm32/lib/libutee.a(utee_syscalls_a32.o)
 .ARM.extab.text._utee_cryp_obj_get_info
                0x0000000000015cd0        0x0 /home/qemu-sgx/devel/optee/optee_os/out/arm/export-ta_arm32/lib/libutee.a(utee_syscalls_a32.o)
 .ARM.extab.text._utee_cryp_obj_restrict_usage
                0x0000000000015cd0        0x0 /home/qemu-sgx/devel/optee/optee_os/out/arm/export-ta_arm32/lib/libutee.a(utee_syscalls_a32.o)
 .ARM.extab.text._utee_cryp_obj_get_attr
                0x0000000000015cd0        0x0 /home/qemu-sgx/devel/optee/optee_os/out/arm/export-ta_arm32/lib/libutee.a(utee_syscalls_a32.o)
 .ARM.extab.text._utee_cryp_obj_alloc
                0x0000000000015cd0        0x0 /home/qemu-sgx/devel/optee/optee_os/out/arm/export-ta_arm32/lib/libutee.a(utee_syscalls_a32.o)
 .ARM.extab.text._utee_cryp_obj_close
                0x0000000000015cd0        0x0 /home/qemu-sgx/devel/optee/optee_os/out/arm/export-ta_arm32/lib/libutee.a(utee_syscalls_a32.o)
 .ARM.extab.text._utee_cryp_obj_reset
                0x0000000000015cd0        0x0 /home/qemu-sgx/devel/optee/optee_os/out/arm/export-ta_arm32/lib/libutee.a(utee_syscalls_a32.o)
 .ARM.extab.text._utee_cryp_obj_populate
                0x0000000000015cd0        0x0 /home/qemu-sgx/devel/optee/optee_os/out/arm/export-ta_arm32/lib/libutee.a(utee_syscalls_a32.o)
 .ARM.extab.text._utee_cryp_obj_copy
                0x0000000000015cd0        0x0 /home/qemu-sgx/devel/optee/optee_os/out/arm/export-ta_arm32/lib/libutee.a(utee_syscalls_a32.o)
 .ARM.extab.text._utee_cryp_derive_key
                0x0000000000015cd0        0x0 /home/qemu-sgx/devel/optee/optee_os/out/arm/export-ta_arm32/lib/libutee.a(utee_syscalls_a32.o)
 .ARM.extab.text._utee_cryp_random_number_generate
                0x0000000000015cd0        0x0 /home/qemu-sgx/devel/optee/optee_os/out/arm/export-ta_arm32/lib/libutee.a(utee_syscalls_a32.o)
 .ARM.extab.text._utee_authenc_init
                0x0000000000015cd0        0x0 /home/qemu-sgx/devel/optee/optee_os/out/arm/export-ta_arm32/lib/libutee.a(utee_syscalls_a32.o)
 .ARM.extab.text._utee_authenc_update_aad
                0x0000000000015cd0        0x0 /home/qemu-sgx/devel/optee/optee_os/out/arm/export-ta_arm32/lib/libutee.a(utee_syscalls_a32.o)
 .ARM.extab.text._utee_authenc_update_payload
                0x0000000000015cd0        0x0 /home/qemu-sgx/devel/optee/optee_os/out/arm/export-ta_arm32/lib/libutee.a(utee_syscalls_a32.o)
 .ARM.extab.text._utee_authenc_enc_final
                0x0000000000015cd0        0x0 /home/qemu-sgx/devel/optee/optee_os/out/arm/export-ta_arm32/lib/libutee.a(utee_syscalls_a32.o)
 .ARM.extab.text._utee_authenc_dec_final
                0x0000000000015cd0        0x0 /home/qemu-sgx/devel/optee/optee_os/out/arm/export-ta_arm32/lib/libutee.a(utee_syscalls_a32.o)
 .ARM.extab.text._utee_asymm_operate
                0x0000000000015cd0        0x0 /home/qemu-sgx/devel/optee/optee_os/out/arm/export-ta_arm32/lib/libutee.a(utee_syscalls_a32.o)
 .ARM.extab.text._utee_asymm_verify
                0x0000000000015cd0        0x0 /home/qemu-sgx/devel/optee/optee_os/out/arm/export-ta_arm32/lib/libutee.a(utee_syscalls_a32.o)
 .ARM.extab.text._utee_storage_obj_open
                0x0000000000015cd0        0x0 /home/qemu-sgx/devel/optee/optee_os/out/arm/export-ta_arm32/lib/libutee.a(utee_syscalls_a32.o)
 .ARM.extab.text._utee_storage_obj_create
                0x0000000000015cd0        0x0 /home/qemu-sgx/devel/optee/optee_os/out/arm/export-ta_arm32/lib/libutee.a(utee_syscalls_a32.o)
 .ARM.extab.text._utee_storage_obj_del
                0x0000000000015cd0        0x0 /home/qemu-sgx/devel/optee/optee_os/out/arm/export-ta_arm32/lib/libutee.a(utee_syscalls_a32.o)
 .ARM.extab.text._utee_storage_obj_rename
                0x0000000000015cd0        0x0 /home/qemu-sgx/devel/optee/optee_os/out/arm/export-ta_arm32/lib/libutee.a(utee_syscalls_a32.o)
 .ARM.extab.text._utee_storage_alloc_enum
                0x0000000000015cd0        0x0 /home/qemu-sgx/devel/optee/optee_os/out/arm/export-ta_arm32/lib/libutee.a(utee_syscalls_a32.o)
 .ARM.extab.text._utee_storage_free_enum
                0x0000000000015cd0        0x0 /home/qemu-sgx/devel/optee/optee_os/out/arm/export-ta_arm32/lib/libutee.a(utee_syscalls_a32.o)
 .ARM.extab.text._utee_storage_reset_enum
                0x0000000000015cd0        0x0 /home/qemu-sgx/devel/optee/optee_os/out/arm/export-ta_arm32/lib/libutee.a(utee_syscalls_a32.o)
 .ARM.extab.text._utee_storage_start_enum
                0x0000000000015cd0        0x0 /home/qemu-sgx/devel/optee/optee_os/out/arm/export-ta_arm32/lib/libutee.a(utee_syscalls_a32.o)
 .ARM.extab.text._utee_storage_next_enum
                0x0000000000015cd0        0x0 /home/qemu-sgx/devel/optee/optee_os/out/arm/export-ta_arm32/lib/libutee.a(utee_syscalls_a32.o)
 .ARM.extab.text._utee_storage_obj_read
                0x0000000000015cd0        0x0 /home/qemu-sgx/devel/optee/optee_os/out/arm/export-ta_arm32/lib/libutee.a(utee_syscalls_a32.o)
 .ARM.extab.text._utee_storage_obj_write
                0x0000000000015cd0        0x0 /home/qemu-sgx/devel/optee/optee_os/out/arm/export-ta_arm32/lib/libutee.a(utee_syscalls_a32.o)
 .ARM.extab.text._utee_storage_obj_trunc
                0x0000000000015cd0        0x0 /home/qemu-sgx/devel/optee/optee_os/out/arm/export-ta_arm32/lib/libutee.a(utee_syscalls_a32.o)
 .ARM.extab.text._utee_storage_obj_seek
                0x0000000000015cd0        0x0 /home/qemu-sgx/devel/optee/optee_os/out/arm/export-ta_arm32/lib/libutee.a(utee_syscalls_a32.o)
 .ARM.extab.text._utee_cryp_obj_generate_key
                0x0000000000015cd0        0x0 /home/qemu-sgx/devel/optee/optee_os/out/arm/export-ta_arm32/lib/libutee.a(utee_syscalls_a32.o)
 .ARM.extab.text._utee_cache_operation
                0x0000000000015cd0        0x0 /home/qemu-sgx/devel/optee/optee_os/out/arm/export-ta_arm32/lib/libutee.a(utee_syscalls_a32.o)
 .ARM.extab     0x0000000000015cd0        0x0 /home/qemu-sgx/devel/optee/optee_os/out/arm/export-ta_arm32/lib/libutee.a(abort.o)
                [!provide]                        PROVIDE (__exidx_start = .)

.ARM.exidx      0x0000000000015cd0      0xaf0
 *(SORT_BY_ALIGNMENT(.ARM.exidx*) SORT_BY_ALIGNMENT(.gnu.linkonce.armexidx.*))
 .ARM.exidx     0x0000000000015cd0       0x48 out/ta_sdp_basic.o
                                         0x50 (size before relaxing)
 .ARM.exidx     0x0000000000016650       0x10 out/user_ta_header.o
 .ARM.exidx.text.__ta_entry
                0x0000000000015d18        0x8 out/ta_entry_a32.o
 .ARM.exidx     0x0000000000015d20       0x40 /home/qemu-sgx/devel/optee/optee_os/out/arm/export-ta_arm32/lib/libutils.a(trace.o)
 .ARM.exidx     0x0000000000016660        0x0 /home/qemu-sgx/devel/optee/optee_os/out/arm/export-ta_arm32/lib/libutils.a(aeabi_unwind.o)
                                         0x18 (size before relaxing)
 .ARM.exidx     0x0000000000015d60       0x30 /home/qemu-sgx/devel/optee/optee_os/out/arm/export-ta_arm32/lib/libutils.a(snprintk.o)
 .ARM.exidx     0x0000000000016660        0x8 /home/qemu-sgx/devel/optee/optee_os/out/arm/export-ta_arm32/lib/libutils.a(memchr.o)
 .ARM.exidx     0x0000000000016668        0x8 /home/qemu-sgx/devel/optee/optee_os/out/arm/export-ta_arm32/lib/libutils.a(strlen.o)
 .ARM.exidx.text.__aeabi_ldivmod
                0x0000000000015d90        0x8 /home/qemu-sgx/devel/optee/optee_os/out/arm/export-ta_arm32/lib/libutils.a(arm32_aeabi_ldivmod_a32.o)
 .ARM.exidx.text.__aeabi_uldivmod
                0x0000000000015d98        0x8 /home/qemu-sgx/devel/optee/optee_os/out/arm/export-ta_arm32/lib/libutils.a(arm32_aeabi_ldivmod_a32.o)
 .ARM.exidx     0x0000000000016670       0x20 /home/qemu-sgx/devel/optee/optee_os/out/arm/export-ta_arm32/lib/libutils.a(arm32_aeabi_ldivmod.o)
 .ARM.exidx     0x0000000000015da0       0x28 /home/qemu-sgx/devel/optee/optee_os/out/arm/export-ta_arm32/lib/libutee.a(trace_ext.o)
 .ARM.exidx     0x0000000000015dc8       0xc8 /home/qemu-sgx/devel/optee/optee_os/out/arm/export-ta_arm32/lib/libutee.a(tee_api.o)
 .ARM.exidx     0x0000000000015e90       0x48 /home/qemu-sgx/devel/optee/optee_os/out/arm/export-ta_arm32/lib/libutee.a(tee_api_panic.o)
 .ARM.exidx     0x0000000000015ed8       0x30 /home/qemu-sgx/devel/optee/optee_os/out/arm/export-ta_arm32/lib/libutee.a(tee_system_pta.o)
 .ARM.exidx.text._utee_panic
                0x0000000000015f08        0x8 /home/qemu-sgx/devel/optee/optee_os/out/arm/export-ta_arm32/lib/libutee.a(utee_syscalls_a32.o)
 .ARM.exidx.text._utee_return
                0x0000000000015f10        0x8 /home/qemu-sgx/devel/optee/optee_os/out/arm/export-ta_arm32/lib/libutee.a(utee_syscalls_a32.o)
 .ARM.exidx.text._utee_log
                0x0000000000015f18        0x0 /home/qemu-sgx/devel/optee/optee_os/out/arm/export-ta_arm32/lib/libutee.a(utee_syscalls_a32.o)
                                          0x8 (size before relaxing)
 .ARM.exidx.text.__utee_panic
                0x0000000000015f18        0x0 /home/qemu-sgx/devel/optee/optee_os/out/arm/export-ta_arm32/lib/libutee.a(utee_syscalls_a32.o)
                                          0x8 (size before relaxing)
 .ARM.exidx.text._utee_get_property
                0x0000000000015f18        0x0 /home/qemu-sgx/devel/optee/optee_os/out/arm/export-ta_arm32/lib/libutee.a(utee_syscalls_a32.o)
                                          0x8 (size before relaxing)
 .ARM.exidx.text._utee_get_property_name_to_index
                0x0000000000015f18        0x0 /home/qemu-sgx/devel/optee/optee_os/out/arm/export-ta_arm32/lib/libutee.a(utee_syscalls_a32.o)
                                          0x8 (size before relaxing)
 .ARM.exidx.text._utee_open_ta_session
                0x0000000000015f18        0x0 /home/qemu-sgx/devel/optee/optee_os/out/arm/export-ta_arm32/lib/libutee.a(utee_syscalls_a32.o)
                                          0x8 (size before relaxing)
 .ARM.exidx.text._utee_close_ta_session
                0x0000000000015f18        0x0 /home/qemu-sgx/devel/optee/optee_os/out/arm/export-ta_arm32/lib/libutee.a(utee_syscalls_a32.o)
                                          0x8 (size before relaxing)
 .ARM.exidx.text._utee_invoke_ta_command
                0x0000000000015f18        0x0 /home/qemu-sgx/devel/optee/optee_os/out/arm/export-ta_arm32/lib/libutee.a(utee_syscalls_a32.o)
                                          0x8 (size before relaxing)
 .ARM.exidx.text._utee_get_cancellation_flag
                0x0000000000015f18        0x0 /home/qemu-sgx/devel/optee/optee_os/out/arm/export-ta_arm32/lib/libutee.a(utee_syscalls_a32.o)
                                          0x8 (size before relaxing)
 .ARM.exidx.text._utee_check_access_rights
                0x0000000000015f18        0x0 /home/qemu-sgx/devel/optee/optee_os/out/arm/export-ta_arm32/lib/libutee.a(utee_syscalls_a32.o)
                                          0x8 (size before relaxing)
 .ARM.exidx.text._utee_unmask_cancellation
                0x0000000000015f18        0x0 /home/qemu-sgx/devel/optee/optee_os/out/arm/export-ta_arm32/lib/libutee.a(utee_syscalls_a32.o)
                                          0x8 (size before relaxing)
 .ARM.exidx.text._utee_mask_cancellation
                0x0000000000015f18        0x0 /home/qemu-sgx/devel/optee/optee_os/out/arm/export-ta_arm32/lib/libutee.a(utee_syscalls_a32.o)
                                          0x8 (size before relaxing)
 .ARM.exidx.text._utee_wait
                0x0000000000015f18        0x0 /home/qemu-sgx/devel/optee/optee_os/out/arm/export-ta_arm32/lib/libutee.a(utee_syscalls_a32.o)
                                          0x8 (size before relaxing)
 .ARM.exidx.text._utee_get_time
                0x0000000000015f18        0x0 /home/qemu-sgx/devel/optee/optee_os/out/arm/export-ta_arm32/lib/libutee.a(utee_syscalls_a32.o)
                                          0x8 (size before relaxing)
 .ARM.exidx.text._utee_set_ta_time
                0x0000000000015f18        0x0 /home/qemu-sgx/devel/optee/optee_os/out/arm/export-ta_arm32/lib/libutee.a(utee_syscalls_a32.o)
                                          0x8 (size before relaxing)
 .ARM.exidx.text._utee_cryp_state_alloc
                0x0000000000015f18        0x0 /home/qemu-sgx/devel/optee/optee_os/out/arm/export-ta_arm32/lib/libutee.a(utee_syscalls_a32.o)
                                          0x8 (size before relaxing)
 .ARM.exidx.text._utee_cryp_state_copy
                0x0000000000015f18        0x0 /home/qemu-sgx/devel/optee/optee_os/out/arm/export-ta_arm32/lib/libutee.a(utee_syscalls_a32.o)
                                          0x8 (size before relaxing)
 .ARM.exidx.text._utee_cryp_state_free
                0x0000000000015f18        0x0 /home/qemu-sgx/devel/optee/optee_os/out/arm/export-ta_arm32/lib/libutee.a(utee_syscalls_a32.o)
                                          0x8 (size before relaxing)
 .ARM.exidx.text._utee_hash_init
                0x0000000000015f18        0x0 /home/qemu-sgx/devel/optee/optee_os/out/arm/export-ta_arm32/lib/libutee.a(utee_syscalls_a32.o)
                                          0x8 (size before relaxing)
 .ARM.exidx.text._utee_hash_update
                0x0000000000015f18        0x0 /home/qemu-sgx/devel/optee/optee_os/out/arm/export-ta_arm32/lib/libutee.a(utee_syscalls_a32.o)
                                          0x8 (size before relaxing)
 .ARM.exidx.text._utee_hash_final
                0x0000000000015f18        0x0 /home/qemu-sgx/devel/optee/optee_os/out/arm/export-ta_arm32/lib/libutee.a(utee_syscalls_a32.o)
                                          0x8 (size before relaxing)
 .ARM.exidx.text._utee_cipher_init
                0x0000000000015f18        0x0 /home/qemu-sgx/devel/optee/optee_os/out/arm/export-ta_arm32/lib/libutee.a(utee_syscalls_a32.o)
                                          0x8 (size before relaxing)
 .ARM.exidx.text._utee_cipher_update
                0x0000000000015f18        0x0 /home/qemu-sgx/devel/optee/optee_os/out/arm/export-ta_arm32/lib/libutee.a(utee_syscalls_a32.o)
                                          0x8 (size before relaxing)
 .ARM.exidx.text._utee_cipher_final
                0x0000000000015f18        0x0 /home/qemu-sgx/devel/optee/optee_os/out/arm/export-ta_arm32/lib/libutee.a(utee_syscalls_a32.o)
                                          0x8 (size before relaxing)
 .ARM.exidx.text._utee_cryp_obj_get_info
                0x0000000000015f18        0x0 /home/qemu-sgx/devel/optee/optee_os/out/arm/export-ta_arm32/lib/libutee.a(utee_syscalls_a32.o)
                                          0x8 (size before relaxing)
 .ARM.exidx.text._utee_cryp_obj_restrict_usage
                0x0000000000015f18        0x0 /home/qemu-sgx/devel/optee/optee_os/out/arm/export-ta_arm32/lib/libutee.a(utee_syscalls_a32.o)
                                          0x8 (size before relaxing)
 .ARM.exidx.text._utee_cryp_obj_get_attr
                0x0000000000015f18        0x0 /home/qemu-sgx/devel/optee/optee_os/out/arm/export-ta_arm32/lib/libutee.a(utee_syscalls_a32.o)
                                          0x8 (size before relaxing)
 .ARM.exidx.text._utee_cryp_obj_alloc
                0x0000000000015f18        0x0 /home/qemu-sgx/devel/optee/optee_os/out/arm/export-ta_arm32/lib/libutee.a(utee_syscalls_a32.o)
                                          0x8 (size before relaxing)
 .ARM.exidx.text._utee_cryp_obj_close
                0x0000000000015f18        0x0 /home/qemu-sgx/devel/optee/optee_os/out/arm/export-ta_arm32/lib/libutee.a(utee_syscalls_a32.o)
                                          0x8 (size before relaxing)
 .ARM.exidx.text._utee_cryp_obj_reset
                0x0000000000015f18        0x0 /home/qemu-sgx/devel/optee/optee_os/out/arm/export-ta_arm32/lib/libutee.a(utee_syscalls_a32.o)
                                          0x8 (size before relaxing)
 .ARM.exidx.text._utee_cryp_obj_populate
                0x0000000000015f18        0x0 /home/qemu-sgx/devel/optee/optee_os/out/arm/export-ta_arm32/lib/libutee.a(utee_syscalls_a32.o)
                                          0x8 (size before relaxing)
 .ARM.exidx.text._utee_cryp_obj_copy
                0x0000000000015f18        0x0 /home/qemu-sgx/devel/optee/optee_os/out/arm/export-ta_arm32/lib/libutee.a(utee_syscalls_a32.o)
                                          0x8 (size before relaxing)
 .ARM.exidx.text._utee_cryp_derive_key
                0x0000000000015f18        0x0 /home/qemu-sgx/devel/optee/optee_os/out/arm/export-ta_arm32/lib/libutee.a(utee_syscalls_a32.o)
                                          0x8 (size before relaxing)
 .ARM.exidx.text._utee_cryp_random_number_generate
                0x0000000000015f18        0x0 /home/qemu-sgx/devel/optee/optee_os/out/arm/export-ta_arm32/lib/libutee.a(utee_syscalls_a32.o)
                                          0x8 (size before relaxing)
 .ARM.exidx.text._utee_authenc_init
                0x0000000000015f18        0x0 /home/qemu-sgx/devel/optee/optee_os/out/arm/export-ta_arm32/lib/libutee.a(utee_syscalls_a32.o)
                                          0x8 (size before relaxing)
 .ARM.exidx.text._utee_authenc_update_aad
                0x0000000000015f18        0x0 /home/qemu-sgx/devel/optee/optee_os/out/arm/export-ta_arm32/lib/libutee.a(utee_syscalls_a32.o)
                                          0x8 (size before relaxing)
 .ARM.exidx.text._utee_authenc_update_payload
                0x0000000000015f18        0x0 /home/qemu-sgx/devel/optee/optee_os/out/arm/export-ta_arm32/lib/libutee.a(utee_syscalls_a32.o)
                                          0x8 (size before relaxing)
 .ARM.exidx.text._utee_authenc_enc_final
                0x0000000000015f18        0x0 /home/qemu-sgx/devel/optee/optee_os/out/arm/export-ta_arm32/lib/libutee.a(utee_syscalls_a32.o)
                                          0x8 (size before relaxing)
 .ARM.exidx.text._utee_authenc_dec_final
                0x0000000000015f18        0x0 /home/qemu-sgx/devel/optee/optee_os/out/arm/export-ta_arm32/lib/libutee.a(utee_syscalls_a32.o)
                                          0x8 (size before relaxing)
 .ARM.exidx.text._utee_asymm_operate
                0x0000000000015f18        0x0 /home/qemu-sgx/devel/optee/optee_os/out/arm/export-ta_arm32/lib/libutee.a(utee_syscalls_a32.o)
                                          0x8 (size before relaxing)
 .ARM.exidx.text._utee_asymm_verify
                0x0000000000015f18        0x0 /home/qemu-sgx/devel/optee/optee_os/out/arm/export-ta_arm32/lib/libutee.a(utee_syscalls_a32.o)
                                          0x8 (size before relaxing)
 .ARM.exidx.text._utee_storage_obj_open
                0x0000000000015f18        0x0 /home/qemu-sgx/devel/optee/optee_os/out/arm/export-ta_arm32/lib/libutee.a(utee_syscalls_a32.o)
                                          0x8 (size before relaxing)
 .ARM.exidx.text._utee_storage_obj_create
                0x0000000000015f18        0x0 /home/qemu-sgx/devel/optee/optee_os/out/arm/export-ta_arm32/lib/libutee.a(utee_syscalls_a32.o)
                                          0x8 (size before relaxing)
 .ARM.exidx.text._utee_storage_obj_del
                0x0000000000015f18        0x0 /home/qemu-sgx/devel/optee/optee_os/out/arm/export-ta_arm32/lib/libutee.a(utee_syscalls_a32.o)
                                          0x8 (size before relaxing)
 .ARM.exidx.text._utee_storage_obj_rename
                0x0000000000015f18        0x0 /home/qemu-sgx/devel/optee/optee_os/out/arm/export-ta_arm32/lib/libutee.a(utee_syscalls_a32.o)
                                          0x8 (size before relaxing)
 .ARM.exidx.text._utee_storage_alloc_enum
                0x0000000000015f18        0x0 /home/qemu-sgx/devel/optee/optee_os/out/arm/export-ta_arm32/lib/libutee.a(utee_syscalls_a32.o)
                                          0x8 (size before relaxing)
 .ARM.exidx.text._utee_storage_free_enum
                0x0000000000015f18        0x0 /home/qemu-sgx/devel/optee/optee_os/out/arm/export-ta_arm32/lib/libutee.a(utee_syscalls_a32.o)
                                          0x8 (size before relaxing)
 .ARM.exidx.text._utee_storage_reset_enum
                0x0000000000015f18        0x0 /home/qemu-sgx/devel/optee/optee_os/out/arm/export-ta_arm32/lib/libutee.a(utee_syscalls_a32.o)
                                          0x8 (size before relaxing)
 .ARM.exidx.text._utee_storage_start_enum
                0x0000000000015f18        0x0 /home/qemu-sgx/devel/optee/optee_os/out/arm/export-ta_arm32/lib/libutee.a(utee_syscalls_a32.o)
                                          0x8 (size before relaxing)
 .ARM.exidx.text._utee_storage_next_enum
                0x0000000000015f18        0x0 /home/qemu-sgx/devel/optee/optee_os/out/arm/export-ta_arm32/lib/libutee.a(utee_syscalls_a32.o)
                                          0x8 (size before relaxing)
 .ARM.exidx.text._utee_storage_obj_read
                0x0000000000015f18        0x0 /home/qemu-sgx/devel/optee/optee_os/out/arm/export-ta_arm32/lib/libutee.a(utee_syscalls_a32.o)
                                          0x8 (size before relaxing)
 .ARM.exidx.text._utee_storage_obj_write
                0x0000000000015f18        0x0 /home/qemu-sgx/devel/optee/optee_os/out/arm/export-ta_arm32/lib/libutee.a(utee_syscalls_a32.o)
                                          0x8 (size before relaxing)
 .ARM.exidx.text._utee_storage_obj_trunc
                0x0000000000015f18        0x0 /home/qemu-sgx/devel/optee/optee_os/out/arm/export-ta_arm32/lib/libutee.a(utee_syscalls_a32.o)
                                          0x8 (size before relaxing)
 .ARM.exidx.text._utee_storage_obj_seek
                0x0000000000015f18        0x0 /home/qemu-sgx/devel/optee/optee_os/out/arm/export-ta_arm32/lib/libutee.a(utee_syscalls_a32.o)
                                          0x8 (size before relaxing)
 .ARM.exidx.text._utee_cryp_obj_generate_key
                0x0000000000015f18        0x0 /home/qemu-sgx/devel/optee/optee_os/out/arm/export-ta_arm32/lib/libutee.a(utee_syscalls_a32.o)
                                          0x8 (size before relaxing)
 .ARM.exidx.text._utee_cache_operation
                0x0000000000015f18        0x0 /home/qemu-sgx/devel/optee/optee_os/out/arm/export-ta_arm32/lib/libutee.a(utee_syscalls_a32.o)
                                          0x8 (size before relaxing)
 .ARM.exidx     0x0000000000015f18       0x90 /home/qemu-sgx/devel/optee/optee_os/out/arm/export-ta_arm32/lib/libutee.a(user_ta_entry.o)
                                         0x98 (size before relaxing)
 .ARM.exidx     0x0000000000015fa8        0x8 /home/qemu-sgx/devel/optee/optee_os/out/arm/export-ta_arm32/lib/libutee.a(abort.o)
 .ARM.exidx     0x0000000000015fb0      0x158 /home/qemu-sgx/devel/optee/optee_os/out/arm/export-ta_arm32/lib/libutee.a(tee_api_arith_mpi.o)
 .ARM.exidx     0x0000000000016108       0x18 /home/qemu-sgx/devel/optee/optee_os/out/arm/export-ta_arm32/lib/libutee.a(tcb.o)
 .ARM.exidx     0x0000000000016120       0x10 /home/qemu-sgx/devel/optee/optee_os/out/arm/export-ta_arm32/lib/libutee.a(assert.o)
 .ARM.exidx     0x0000000000016130      0x250 /home/qemu-sgx/devel/optee/optee_os/out/arm/export-ta_arm32/lib/libmbedtls.a(bignum.o)
 .ARM.exidx     0x0000000000016380        0x8 /home/qemu-sgx/devel/optee/optee_os/out/arm/export-ta_arm32/lib/libmbedtls.a(platform_util.o)
 .ARM.exidx     0x0000000000016388      0x188 /home/qemu-sgx/devel/optee/optee_os/out/arm/export-ta_arm32/lib/libutils.a(bget_malloc.o)
 .ARM.exidx     0x0000000000016690       0x10 /home/qemu-sgx/devel/optee/optee_os/out/arm/export-ta_arm32/lib/libutils.a(snprintf.o)
 .ARM.exidx     0x00000000000166a0        0x8 /home/qemu-sgx/devel/optee/optee_os/out/arm/export-ta_arm32/lib/libutils.a(memcpy.o)
 .ARM.exidx     0x00000000000166a8        0x8 /home/qemu-sgx/devel/optee/optee_os/out/arm/export-ta_arm32/lib/libutils.a(memmove.o)
 .ARM.exidx     0x00000000000166b0        0x8 /home/qemu-sgx/devel/optee/optee_os/out/arm/export-ta_arm32/lib/libutils.a(memset.o)
 .ARM.exidx     0x0000000000016510       0x30 /home/qemu-sgx/devel/optee/optee_os/out/arm/export-ta_arm32/lib/libutils.a(mempool.o)
 .ARM.exidx     0x00000000000166b8        0x8 /home/qemu-sgx/devel/optee/optee_os/out/arm/export-ta_arm32/lib/libutils.a(consttime_memcmp.o)
 .ARM.exidx     0x0000000000016540      0x110 /home/qemu-sgx/devel/optee/optee_os/out/arm/export-ta_arm32/lib/libutee.a(tee_api_operations.o)
                                        0x120 (size before relaxing)
 .ARM.exidx     0x00000000000166c0      0x100 /home/qemu-sgx/devel/optee/optee_os/out/arm/export-ta_arm32/lib/libutee.a(tee_api_objects.o)
                                         0xf8 (size before relaxing)
                [!provide]                        PROVIDE (__exidx_end = .)

.ctors
 *(SORT_BY_ALIGNMENT(.ctors))

.dtors
 *(SORT_BY_ALIGNMENT(.dtors))

.dynsym         0x00000000000167c0       0x60
 *(SORT_BY_ALIGNMENT(.dynsym))
 .dynsym        0x00000000000167c0       0x60 out/ta_sdp_basic.o

.dynstr         0x0000000000016820       0x2e
 *(SORT_BY_ALIGNMENT(.dynstr))
 .dynstr        0x0000000000016820       0x2e out/ta_sdp_basic.o

.hash           0x0000000000016850       0x2c
 *(SORT_BY_ALIGNMENT(.hash))
 .hash          0x0000000000016850       0x2c out/ta_sdp_basic.o
                0x0000000000017000                . = ALIGN (0x1000)

.dynamic        0x0000000000017000       0x88
 *(SORT_BY_ALIGNMENT(.dynamic))
 .dynamic       0x0000000000017000       0x88 out/ta_sdp_basic.o
                0x0000000000017000                _DYNAMIC

.tdata
 *(SORT_BY_ALIGNMENT(.tdata) SORT_BY_ALIGNMENT(.tdata.*) SORT_BY_ALIGNMENT(.gnu.linkonce.td.*))

.tbss
 *(SORT_BY_ALIGNMENT(.tbss) SORT_BY_ALIGNMENT(.tbss.*) SORT_BY_ALIGNMENT(.gnu.linkonce.tb.*))
 *(SORT_BY_ALIGNMENT(.tcommon))

.got            0x0000000000017088       0x48
 *(SORT_BY_ALIGNMENT(.got.plt))
 .got.plt       0x0000000000017088        0xc out/ta_sdp_basic.o
                0x0000000000017088                _GLOBAL_OFFSET_TABLE_
 *(SORT_BY_ALIGNMENT(.got))
 .got           0x0000000000017094       0x3c out/ta_sdp_basic.o

.rel.text
 *(SORT_BY_ALIGNMENT(.rel.text))
 *(SORT_BY_ALIGNMENT(.rel.gnu.linkonce.t*))

.rela.text
 *(SORT_BY_ALIGNMENT(.rela.text))
 *(SORT_BY_ALIGNMENT(.rela.gnu.linkonce.t*))

.rel.data
 *(SORT_BY_ALIGNMENT(.rel.data))
 *(SORT_BY_ALIGNMENT(.rel.gnu.linkonce.d*))

.rela.data
 *(SORT_BY_ALIGNMENT(.rela.data))
 *(SORT_BY_ALIGNMENT(.rela.gnu.linkonce.d*))

.rel.tdata
 *(SORT_BY_ALIGNMENT(.rel.tdata) SORT_BY_ALIGNMENT(.rel.tdata.*) SORT_BY_ALIGNMENT(.rel.gnu.linkonce.td.*))

.rela.tdata
 *(SORT_BY_ALIGNMENT(.rela.tdata) SORT_BY_ALIGNMENT(.rela.tdata.*) SORT_BY_ALIGNMENT(.rela.gnu.linkonce.td.*))

.rel.tbss
 *(SORT_BY_ALIGNMENT(.rel.tbss) SORT_BY_ALIGNMENT(.rel.tbss.*) SORT_BY_ALIGNMENT(.rel.gnu.linkonce.tb.*))

.rela.tbss
 *(SORT_BY_ALIGNMENT(.rela.tbss) SORT_BY_ALIGNMENT(.rela.tbss.*) SORT_BY_ALIGNMENT(.rela.gnu.linkonce.tb.*))

.rel.rodata
 *(SORT_BY_ALIGNMENT(.rel.rodata))
 *(SORT_BY_ALIGNMENT(.rel.gnu.linkonce.r*))

.rela.rodata
 *(SORT_BY_ALIGNMENT(.rela.rodata))
 *(SORT_BY_ALIGNMENT(.rela.gnu.linkonce.r*))

.rel.dyn        0x00000000000170d0       0xa8
 *(SORT_BY_ALIGNMENT(.rel.dyn))
 .rel.data.rel.ro
                0x00000000000170d0        0x0 out/ta_sdp_basic.o
 .rel.iplt      0x00000000000170d0        0x0 out/ta_sdp_basic.o
 .rel.data.rel.ro.local
                0x00000000000170d0       0x70 out/ta_sdp_basic.o
 .rel.data.rel.local
                0x0000000000017140       0x30 out/ta_sdp_basic.o
 .rel.data.rel  0x0000000000017170        0x8 out/ta_sdp_basic.o

.rel.got        0x0000000000017178       0x78
 *(SORT_BY_ALIGNMENT(.rel.got))
 .rel.got       0x0000000000017178       0x78 out/ta_sdp_basic.o

.rela.got
 *(SORT_BY_ALIGNMENT(.rela.got))

.rel.ctors
 *(SORT_BY_ALIGNMENT(.rel.ctors))

.rela.ctors
 *(SORT_BY_ALIGNMENT(.rela.ctors))

.rel.dtors
 *(SORT_BY_ALIGNMENT(.rel.dtors))

.rela.dtors
 *(SORT_BY_ALIGNMENT(.rela.dtors))

.rel.init
 *(SORT_BY_ALIGNMENT(.rel.init))

.rela.init
 *(SORT_BY_ALIGNMENT(.rela.init))

.rel.fini
 *(SORT_BY_ALIGNMENT(.rel.fini))

.rela.fini
 *(SORT_BY_ALIGNMENT(.rela.fini))

.rel.bss        0x00000000000171f0        0x0
 *(SORT_BY_ALIGNMENT(.rel.bss))
 .rel.bss       0x00000000000171f0        0x0 out/ta_sdp_basic.o

.rela.bss
 *(SORT_BY_ALIGNMENT(.rela.bss))

.rel.plt        0x00000000000171f0        0x0
 *(SORT_BY_ALIGNMENT(.rel.plt))
 .rel.plt       0x00000000000171f0        0x0 out/ta_sdp_basic.o

.rela.plt
 *(SORT_BY_ALIGNMENT(.rela.plt))

.data           0x00000000000171f0       0xe8
 *(SORT_BY_ALIGNMENT(.data) SORT_BY_ALIGNMENT(.data.*) SORT_BY_ALIGNMENT(.gnu.linkonce.d.*))
 .data          0x00000000000171f0        0x4 out/user_ta_header.o
                0x00000000000171f0                trace_level
 .data.rel.ro.local
                0x00000000000171f4       0x54 out/user_ta_header.o
                0x00000000000171f4                ta_props
 .data.rel.local
                0x0000000000017248       0x10 /home/qemu-sgx/devel/optee/optee_os/out/arm/export-ta_arm32/lib/libutee.a(user_ta_entry.o)
 .data.rel      0x0000000000017258        0x4 /home/qemu-sgx/devel/optee/optee_os/out/arm/export-ta_arm32/lib/libmbedtls.a(platform_util.o)
 .data          0x000000000001725c        0x4 /home/qemu-sgx/devel/optee/optee_os/out/arm/export-ta_arm32/lib/libutils.a(bget_malloc.o)
 .data.rel.local
                0x0000000000017260       0x78 /home/qemu-sgx/devel/optee/optee_os/out/arm/export-ta_arm32/lib/libutils.a(bget_malloc.o)
 .data          0x00000000000172d8        0x0 out/ta_sdp_basic.o
 .data.rel.ro   0x00000000000172d8        0x0 out/ta_sdp_basic.o
 .data          0x00000000000172d8        0x0 out/ta_entry_a32.o
 .data          0x00000000000172d8        0x0 /home/qemu-sgx/devel/optee/optee_os/out/arm/export-ta_arm32/lib/libutils.a(trace.o)
 .data          0x00000000000172d8        0x0 /home/qemu-sgx/devel/optee/optee_os/out/arm/export-ta_arm32/lib/libutils.a(aeabi_unwind.o)
 .data          0x00000000000172d8        0x0 /home/qemu-sgx/devel/optee/optee_os/out/arm/export-ta_arm32/lib/libutils.a(snprintk.o)
 .data          0x00000000000172d8        0x0 /home/qemu-sgx/devel/optee/optee_os/out/arm/export-ta_arm32/lib/libutils.a(memchr.o)
 .data          0x00000000000172d8        0x0 /home/qemu-sgx/devel/optee/optee_os/out/arm/export-ta_arm32/lib/libutils.a(strlen.o)
 .data          0x00000000000172d8        0x0 /home/qemu-sgx/devel/optee/optee_os/out/arm/export-ta_arm32/lib/libutils.a(arm32_aeabi_ldivmod_a32.o)
 .data          0x00000000000172d8        0x0 /home/qemu-sgx/devel/optee/optee_os/out/arm/export-ta_arm32/lib/libutils.a(arm32_aeabi_ldivmod.o)
 .data          0x00000000000172d8        0x0 /home/qemu-sgx/devel/optee/optee_os/out/arm/export-ta_arm32/lib/libutee.a(trace_ext.o)
 .data          0x00000000000172d8        0x0 /home/qemu-sgx/devel/optee/optee_os/out/arm/export-ta_arm32/lib/libutee.a(tee_api.o)
 .data          0x00000000000172d8        0x0 /home/qemu-sgx/devel/optee/optee_os/out/arm/export-ta_arm32/lib/libutee.a(tee_api_panic.o)
 .data          0x00000000000172d8        0x0 /home/qemu-sgx/devel/optee/optee_os/out/arm/export-ta_arm32/lib/libutee.a(tee_system_pta.o)
 .data          0x00000000000172d8        0x0 /home/qemu-sgx/devel/optee/optee_os/out/arm/export-ta_arm32/lib/libutee.a(utee_syscalls_a32.o)
 .data          0x00000000000172d8        0x0 /home/qemu-sgx/devel/optee/optee_os/out/arm/export-ta_arm32/lib/libutee.a(user_ta_entry.o)
 .data          0x00000000000172d8        0x0 /home/qemu-sgx/devel/optee/optee_os/out/arm/export-ta_arm32/lib/libutee.a(abort.o)
 .data          0x00000000000172d8        0x0 /home/qemu-sgx/devel/optee/optee_os/out/arm/export-ta_arm32/lib/libutee.a(tee_api_arith_mpi.o)
 .data          0x00000000000172d8        0x0 /home/qemu-sgx/devel/optee/optee_os/out/arm/export-ta_arm32/lib/libutee.a(tcb.o)
 .data          0x00000000000172d8        0x0 /home/qemu-sgx/devel/optee/optee_os/out/arm/export-ta_arm32/lib/libutee.a(assert.o)
 .data          0x00000000000172d8        0x0 /home/qemu-sgx/devel/optee/optee_os/out/arm/export-ta_arm32/lib/libmbedtls.a(bignum.o)
 .data          0x00000000000172d8        0x0 /home/qemu-sgx/devel/optee/optee_os/out/arm/export-ta_arm32/lib/libmbedtls.a(platform_util.o)
 .data          0x00000000000172d8        0x0 /home/qemu-sgx/devel/optee/optee_os/out/arm/export-ta_arm32/lib/libutils.a(snprintf.o)
 .data          0x00000000000172d8        0x0 /home/qemu-sgx/devel/optee/optee_os/out/arm/export-ta_arm32/lib/libutils.a(memcpy.o)
 .data          0x00000000000172d8        0x0 /home/qemu-sgx/devel/optee/optee_os/out/arm/export-ta_arm32/lib/libutils.a(memmove.o)
 .data          0x00000000000172d8        0x0 /home/qemu-sgx/devel/optee/optee_os/out/arm/export-ta_arm32/lib/libutils.a(memset.o)
 .data          0x00000000000172d8        0x0 /home/qemu-sgx/devel/optee/optee_os/out/arm/export-ta_arm32/lib/libutils.a(mempool.o)
 .data          0x00000000000172d8        0x0 /home/qemu-sgx/devel/optee/optee_os/out/arm/export-ta_arm32/lib/libutils.a(consttime_memcmp.o)
 .data          0x00000000000172d8        0x0 /home/qemu-sgx/devel/optee/optee_os/out/arm/export-ta_arm32/lib/libutee.a(tee_api_operations.o)
 .data          0x00000000000172d8        0x0 /home/qemu-sgx/devel/optee/optee_os/out/arm/export-ta_arm32/lib/libutee.a(tee_api_objects.o)

.igot.plt       0x00000000000172d8        0x0
 .igot.plt      0x00000000000172d8        0x0 out/ta_sdp_basic.o

.bss            0x00000000000172d8     0xb068
 *(SORT_BY_ALIGNMENT(.bss) SORT_BY_ALIGNMENT(.bss.*) SORT_BY_ALIGNMENT(.gnu.linkonce.b.*) SORT_BY_ALIGNMENT(COMMON))
 .bss           0x00000000000172d8        0x8 out/ta_sdp_basic.o
 .bss           0x00000000000172e0     0x8000 out/user_ta_header.o
                0x00000000000172e0                ta_heap
 .bss           0x000000000001f2e0        0x4 /home/qemu-sgx/devel/optee/optee_os/out/arm/export-ta_arm32/lib/libutee.a(tee_api.o)
 .bss           0x000000000001f2e4        0x4 /home/qemu-sgx/devel/optee/optee_os/out/arm/export-ta_arm32/lib/libutee.a(tee_system_pta.o)
 .bss           0x000000000001f2e8       0x38 /home/qemu-sgx/devel/optee/optee_os/out/arm/export-ta_arm32/lib/libutee.a(user_ta_entry.o)
                0x000000000001f2e8                ta_param_types
                0x000000000001f2ec                ta_params
                0x000000000001f30c                __elf_phdr_info
 .bss           0x000000000001f320     0x3000 /home/qemu-sgx/devel/optee/optee_os/out/arm/export-ta_arm32/lib/libutee.a(tee_api_arith_mpi.o)
 .bss           0x0000000000022320        0x8 /home/qemu-sgx/devel/optee/optee_os/out/arm/export-ta_arm32/lib/libutee.a(tcb.o)
 .bss           0x0000000000022328        0x4 /home/qemu-sgx/devel/optee/optee_os/out/arm/export-ta_arm32/lib/libmbedtls.a(bignum.o)
                0x0000000000022328                mbedtls_mpi_mempool
 .bss           0x000000000002232c       0x10 /home/qemu-sgx/devel/optee/optee_os/out/arm/export-ta_arm32/lib/libutils.a(bget_malloc.o)
 .bss           0x000000000002233c        0x0 out/ta_entry_a32.o
 .bss           0x000000000002233c        0x0 /home/qemu-sgx/devel/optee/optee_os/out/arm/export-ta_arm32/lib/libutils.a(trace.o)
 .bss           0x000000000002233c        0x0 /home/qemu-sgx/devel/optee/optee_os/out/arm/export-ta_arm32/lib/libutils.a(aeabi_unwind.o)
 .bss           0x000000000002233c        0x0 /home/qemu-sgx/devel/optee/optee_os/out/arm/export-ta_arm32/lib/libutils.a(snprintk.o)
 .bss           0x000000000002233c        0x0 /home/qemu-sgx/devel/optee/optee_os/out/arm/export-ta_arm32/lib/libutils.a(memchr.o)
 .bss           0x000000000002233c        0x0 /home/qemu-sgx/devel/optee/optee_os/out/arm/export-ta_arm32/lib/libutils.a(strlen.o)
 .bss           0x000000000002233c        0x0 /home/qemu-sgx/devel/optee/optee_os/out/arm/export-ta_arm32/lib/libutils.a(arm32_aeabi_ldivmod_a32.o)
 .bss           0x000000000002233c        0x0 /home/qemu-sgx/devel/optee/optee_os/out/arm/export-ta_arm32/lib/libutils.a(arm32_aeabi_ldivmod.o)
 .bss           0x000000000002233c        0x0 /home/qemu-sgx/devel/optee/optee_os/out/arm/export-ta_arm32/lib/libutee.a(trace_ext.o)
 .bss           0x000000000002233c        0x0 /home/qemu-sgx/devel/optee/optee_os/out/arm/export-ta_arm32/lib/libutee.a(tee_api_panic.o)
 .bss           0x000000000002233c        0x0 /home/qemu-sgx/devel/optee/optee_os/out/arm/export-ta_arm32/lib/libutee.a(utee_syscalls_a32.o)
 .bss           0x000000000002233c        0x0 /home/qemu-sgx/devel/optee/optee_os/out/arm/export-ta_arm32/lib/libutee.a(abort.o)
 .bss           0x000000000002233c        0x0 /home/qemu-sgx/devel/optee/optee_os/out/arm/export-ta_arm32/lib/libutee.a(assert.o)
 .bss           0x000000000002233c        0x0 /home/qemu-sgx/devel/optee/optee_os/out/arm/export-ta_arm32/lib/libmbedtls.a(platform_util.o)
 .bss           0x000000000002233c        0x0 /home/qemu-sgx/devel/optee/optee_os/out/arm/export-ta_arm32/lib/libutils.a(snprintf.o)
 .bss           0x000000000002233c        0x0 /home/qemu-sgx/devel/optee/optee_os/out/arm/export-ta_arm32/lib/libutils.a(memcpy.o)
 .bss           0x000000000002233c        0x0 /home/qemu-sgx/devel/optee/optee_os/out/arm/export-ta_arm32/lib/libutils.a(memmove.o)
 .bss           0x000000000002233c        0x0 /home/qemu-sgx/devel/optee/optee_os/out/arm/export-ta_arm32/lib/libutils.a(memset.o)
 .bss           0x000000000002233c        0x0 /home/qemu-sgx/devel/optee/optee_os/out/arm/export-ta_arm32/lib/libutils.a(mempool.o)
 .bss           0x000000000002233c        0x0 /home/qemu-sgx/devel/optee/optee_os/out/arm/export-ta_arm32/lib/libutils.a(consttime_memcmp.o)
 .bss           0x000000000002233c        0x0 /home/qemu-sgx/devel/optee/optee_os/out/arm/export-ta_arm32/lib/libutee.a(tee_api_operations.o)
 .bss           0x000000000002233c        0x0 /home/qemu-sgx/devel/optee/optee_os/out/arm/export-ta_arm32/lib/libutee.a(tee_api_objects.o)
                0x0000000000022340                . = ALIGN (0x8)
 *fill*         0x000000000002233c        0x4 
                0x0000000000022340                __ftrace_buf_start = .
                0x0000000000022340                . = (. + DEFINED (__gnu_mcount_nc)?0x800:0x0)
                0x0000000000022340                __ftrace_buf_end = .

.dynbss         0x0000000000022340        0x0
 .dynbss        0x0000000000022340        0x0 out/ta_sdp_basic.o

/DISCARD/
 *(SORT_BY_ALIGNMENT(.interp))
LOAD out/ta_sdp_basic.o
LOAD out/user_ta_header.o
LOAD out/ta_entry_a32.o
START GROUP
LOAD /home/qemu-sgx/devel/optee/optee_os/out/arm/export-ta_arm32/lib/libutils.a
LOAD /home/qemu-sgx/devel/optee/optee_os/out/arm/export-ta_arm32/lib/libutee.a
LOAD /home/qemu-sgx/devel/optee/optee_os/out/arm/export-ta_arm32/lib/libmbedtls.a
LOAD /home/qemu-sgx/devel/optee/optee_os/out/arm/export-ta_arm32/lib/libdl.a
END GROUP
LOAD /home/qemu-sgx/devel/optee/toolchains/aarch32/bin/../lib/gcc/arm-none-linux-gnueabihf/10.2.1/libgcc.a
LOAD /home/qemu-sgx/devel/optee/optee_os/out/arm/export-ta_arm32/lib/libutils.a
OUTPUT(out/12345678-5b69-11e4-9dbb-101f74f00099.elf elf32-littlearm)
LOAD linker stubs

.debug_info     0x0000000000000000     0xcb84
 .debug_info    0x0000000000000000      0x5b1 out/ta_sdp_basic.o
 .debug_info    0x00000000000005b1      0x3a5 out/user_ta_header.o
 .debug_info    0x0000000000000956       0x26 out/ta_entry_a32.o
 .debug_info    0x000000000000097c      0x3b9 /home/qemu-sgx/devel/optee/optee_os/out/arm/export-ta_arm32/lib/libutils.a(trace.o)
 .debug_info    0x0000000000000d35       0x60 /home/qemu-sgx/devel/optee/optee_os/out/arm/export-ta_arm32/lib/libutils.a(aeabi_unwind.o)
 .debug_info    0x0000000000000d95      0x58e /home/qemu-sgx/devel/optee/optee_os/out/arm/export-ta_arm32/lib/libutils.a(snprintk.o)
 .debug_info    0x0000000000001323       0xf9 /home/qemu-sgx/devel/optee/optee_os/out/arm/export-ta_arm32/lib/libutils.a(memchr.o)
 .debug_info    0x000000000000141c       0xab /home/qemu-sgx/devel/optee/optee_os/out/arm/export-ta_arm32/lib/libutils.a(strlen.o)
 .debug_info    0x00000000000014c7       0x22 /home/qemu-sgx/devel/optee/optee_os/out/arm/export-ta_arm32/lib/libutils.a(arm32_aeabi_ldivmod_a32.o)
 .debug_info    0x00000000000014e9      0x218 /home/qemu-sgx/devel/optee/optee_os/out/arm/export-ta_arm32/lib/libutils.a(arm32_aeabi_ldivmod.o)
 .debug_info    0x0000000000001701      0x1ca /home/qemu-sgx/devel/optee/optee_os/out/arm/export-ta_arm32/lib/libutee.a(trace_ext.o)
 .debug_info    0x00000000000018cb      0xbc0 /home/qemu-sgx/devel/optee/optee_os/out/arm/export-ta_arm32/lib/libutee.a(tee_api.o)
 .debug_info    0x000000000000248b      0x32f /home/qemu-sgx/devel/optee/optee_os/out/arm/export-ta_arm32/lib/libutee.a(tee_api_panic.o)
 .debug_info    0x00000000000027ba      0x4a9 /home/qemu-sgx/devel/optee/optee_os/out/arm/export-ta_arm32/lib/libutee.a(tee_system_pta.o)
 .debug_info    0x0000000000002c63       0x22 /home/qemu-sgx/devel/optee/optee_os/out/arm/export-ta_arm32/lib/libutee.a(utee_syscalls_a32.o)
 .debug_info    0x0000000000002c85      0xca2 /home/qemu-sgx/devel/optee/optee_os/out/arm/export-ta_arm32/lib/libutee.a(user_ta_entry.o)
 .debug_info    0x0000000000003927       0x90 /home/qemu-sgx/devel/optee/optee_os/out/arm/export-ta_arm32/lib/libutee.a(abort.o)
 .debug_info    0x00000000000039b7     0x1d3a /home/qemu-sgx/devel/optee/optee_os/out/arm/export-ta_arm32/lib/libutee.a(tee_api_arith_mpi.o)
 .debug_info    0x00000000000056f1      0x492 /home/qemu-sgx/devel/optee/optee_os/out/arm/export-ta_arm32/lib/libutee.a(tcb.o)
 .debug_info    0x0000000000005b83       0xf3 /home/qemu-sgx/devel/optee/optee_os/out/arm/export-ta_arm32/lib/libutee.a(assert.o)
 .debug_info    0x0000000000005c76     0x2678 /home/qemu-sgx/devel/optee/optee_os/out/arm/export-ta_arm32/lib/libmbedtls.a(bignum.o)
 .debug_info    0x00000000000082ee       0xf1 /home/qemu-sgx/devel/optee/optee_os/out/arm/export-ta_arm32/lib/libmbedtls.a(platform_util.o)
 .debug_info    0x00000000000083df     0x1791 /home/qemu-sgx/devel/optee/optee_os/out/arm/export-ta_arm32/lib/libutils.a(bget_malloc.o)
 .debug_info    0x0000000000009b70      0x143 /home/qemu-sgx/devel/optee/optee_os/out/arm/export-ta_arm32/lib/libutils.a(snprintf.o)
 .debug_info    0x0000000000009cb3      0x101 /home/qemu-sgx/devel/optee/optee_os/out/arm/export-ta_arm32/lib/libutils.a(memcpy.o)
 .debug_info    0x0000000000009db4      0x101 /home/qemu-sgx/devel/optee/optee_os/out/arm/export-ta_arm32/lib/libutils.a(memmove.o)
 .debug_info    0x0000000000009eb5       0xe7 /home/qemu-sgx/devel/optee/optee_os/out/arm/export-ta_arm32/lib/libutils.a(memset.o)
 .debug_info    0x0000000000009f9c      0x373 /home/qemu-sgx/devel/optee/optee_os/out/arm/export-ta_arm32/lib/libutils.a(mempool.o)
 .debug_info    0x000000000000a30f       0xf2 /home/qemu-sgx/devel/optee/optee_os/out/arm/export-ta_arm32/lib/libutils.a(consttime_memcmp.o)
 .debug_info    0x000000000000a401     0x187d /home/qemu-sgx/devel/optee/optee_os/out/arm/export-ta_arm32/lib/libutee.a(tee_api_operations.o)
 .debug_info    0x000000000000bc7e      0xf06 /home/qemu-sgx/devel/optee/optee_os/out/arm/export-ta_arm32/lib/libutee.a(tee_api_objects.o)

.debug_abbrev   0x0000000000000000     0x2906
 .debug_abbrev  0x0000000000000000      0x21f out/ta_sdp_basic.o
 .debug_abbrev  0x000000000000021f      0x174 out/user_ta_header.o
 .debug_abbrev  0x0000000000000393       0x14 out/ta_entry_a32.o
 .debug_abbrev  0x00000000000003a7      0x1af /home/qemu-sgx/devel/optee/optee_os/out/arm/export-ta_arm32/lib/libutils.a(trace.o)
 .debug_abbrev  0x0000000000000556       0x31 /home/qemu-sgx/devel/optee/optee_os/out/arm/export-ta_arm32/lib/libutils.a(aeabi_unwind.o)
 .debug_abbrev  0x0000000000000587      0x1b6 /home/qemu-sgx/devel/optee/optee_os/out/arm/export-ta_arm32/lib/libutils.a(snprintk.o)
 .debug_abbrev  0x000000000000073d       0xba /home/qemu-sgx/devel/optee/optee_os/out/arm/export-ta_arm32/lib/libutils.a(memchr.o)
 .debug_abbrev  0x00000000000007f7       0x8c /home/qemu-sgx/devel/optee/optee_os/out/arm/export-ta_arm32/lib/libutils.a(strlen.o)
 .debug_abbrev  0x0000000000000883       0x12 /home/qemu-sgx/devel/optee/optee_os/out/arm/export-ta_arm32/lib/libutils.a(arm32_aeabi_ldivmod_a32.o)
 .debug_abbrev  0x0000000000000895       0xf0 /home/qemu-sgx/devel/optee/optee_os/out/arm/export-ta_arm32/lib/libutils.a(arm32_aeabi_ldivmod.o)
 .debug_abbrev  0x0000000000000985      0x10d /home/qemu-sgx/devel/optee/optee_os/out/arm/export-ta_arm32/lib/libutee.a(trace_ext.o)
 .debug_abbrev  0x0000000000000a92      0x296 /home/qemu-sgx/devel/optee/optee_os/out/arm/export-ta_arm32/lib/libutee.a(tee_api.o)
 .debug_abbrev  0x0000000000000d28      0x13f /home/qemu-sgx/devel/optee/optee_os/out/arm/export-ta_arm32/lib/libutee.a(tee_api_panic.o)
 .debug_abbrev  0x0000000000000e67      0x185 /home/qemu-sgx/devel/optee/optee_os/out/arm/export-ta_arm32/lib/libutee.a(tee_system_pta.o)
 .debug_abbrev  0x0000000000000fec       0x12 /home/qemu-sgx/devel/optee/optee_os/out/arm/export-ta_arm32/lib/libutee.a(utee_syscalls_a32.o)
 .debug_abbrev  0x0000000000000ffe      0x2ef /home/qemu-sgx/devel/optee/optee_os/out/arm/export-ta_arm32/lib/libutee.a(user_ta_entry.o)
 .debug_abbrev  0x00000000000012ed       0x4a /home/qemu-sgx/devel/optee/optee_os/out/arm/export-ta_arm32/lib/libutee.a(abort.o)
 .debug_abbrev  0x0000000000001337      0x305 /home/qemu-sgx/devel/optee/optee_os/out/arm/export-ta_arm32/lib/libutee.a(tee_api_arith_mpi.o)
 .debug_abbrev  0x000000000000163c      0x1a9 /home/qemu-sgx/devel/optee/optee_os/out/arm/export-ta_arm32/lib/libutee.a(tcb.o)
 .debug_abbrev  0x00000000000017e5       0x87 /home/qemu-sgx/devel/optee/optee_os/out/arm/export-ta_arm32/lib/libutee.a(assert.o)