Archive member included to satisfy reference by file (symbol)

/home/qemu-sgx/devel/optee/optee_os/out/arm/export-ta_arm32/lib/libutils.a(bget_malloc.o)
                              out/ta_entry.o (free)
/home/qemu-sgx/devel/optee/optee_os/out/arm/export-ta_arm32/lib/libutils.a(strndup.o)
                              out/ta_entry.o (strndup)
/home/qemu-sgx/devel/optee/optee_os/out/arm/export-ta_arm32/lib/libutils.a(memcpy.o)
                              out/ta_entry.o (memcpy)
/home/qemu-sgx/devel/optee/optee_os/out/arm/export-ta_arm32/lib/libutils.a(memset.o)
                              /home/qemu-sgx/devel/optee/optee_os/out/arm/export-ta_arm32/lib/libutils.a(bget_malloc.o) (memset)
/home/qemu-sgx/devel/optee/optee_os/out/arm/export-ta_arm32/lib/libutils.a(strnlen.o)
                              /home/qemu-sgx/devel/optee/optee_os/out/arm/export-ta_arm32/lib/libutils.a(strndup.o) (strnlen)
/home/qemu-sgx/devel/optee/optee_os/out/arm/export-ta_arm32/lib/libutils.a(trace.o)
                              out/ta_entry.o (trace_printf)
/home/qemu-sgx/devel/optee/optee_os/out/arm/export-ta_arm32/lib/libutils.a(aeabi_unwind.o)
                              out/ta_entry.o (__aeabi_unwind_cpp_pr0)
/home/qemu-sgx/devel/optee/optee_os/out/arm/export-ta_arm32/lib/libutils.a(snprintk.o)
                              /home/qemu-sgx/devel/optee/optee_os/out/arm/export-ta_arm32/lib/libutils.a(trace.o) (snprintk)
/home/qemu-sgx/devel/optee/optee_os/out/arm/export-ta_arm32/lib/libutils.a(memchr.o)
                              /home/qemu-sgx/devel/optee/optee_os/out/arm/export-ta_arm32/lib/libutils.a(snprintk.o) (memchr)
/home/qemu-sgx/devel/optee/optee_os/out/arm/export-ta_arm32/lib/libutils.a(strlen.o)
                              /home/qemu-sgx/devel/optee/optee_os/out/arm/export-ta_arm32/lib/libutils.a(snprintk.o) (strlen)
/home/qemu-sgx/devel/optee/optee_os/out/arm/export-ta_arm32/lib/libutils.a(arm32_aeabi_ldivmod_a32.o)
                              /home/qemu-sgx/devel/optee/optee_os/out/arm/export-ta_arm32/lib/libutils.a(snprintk.o) (__aeabi_uldivmod)
/home/qemu-sgx/devel/optee/optee_os/out/arm/export-ta_arm32/lib/libutils.a(arm32_aeabi_ldivmod.o)
                              /home/qemu-sgx/devel/optee/optee_os/out/arm/export-ta_arm32/lib/libutils.a(arm32_aeabi_ldivmod_a32.o) (__ul_divmod)
/home/qemu-sgx/devel/optee/optee_os/out/arm/export-ta_arm32/lib/libutee.a(assert.o)
                              /home/qemu-sgx/devel/optee/optee_os/out/arm/export-ta_arm32/lib/libutils.a(bget_malloc.o) (_assert_log)
/home/qemu-sgx/devel/optee/optee_os/out/arm/export-ta_arm32/lib/libutee.a(trace_ext.o)
                              /home/qemu-sgx/devel/optee/optee_os/out/arm/export-ta_arm32/lib/libutils.a(trace.o) (trace_ext_puts)
/home/qemu-sgx/devel/optee/optee_os/out/arm/export-ta_arm32/lib/libutee.a(tee_api_operations.o)
                              /home/qemu-sgx/devel/optee/optee_os/out/arm/export-ta_arm32/lib/libutils.a(bget_malloc.o) (rand)
/home/qemu-sgx/devel/optee/optee_os/out/arm/export-ta_arm32/lib/libutee.a(tee_api_panic.o)
                              /home/qemu-sgx/devel/optee/optee_os/out/arm/export-ta_arm32/lib/libutee.a(tee_api_operations.o) (TEE_Panic)
/home/qemu-sgx/devel/optee/optee_os/out/arm/export-ta_arm32/lib/libutee.a(tee_tcpudp_socket.o)
                              out/ta_entry.o (TEE_tcpSocket)
/home/qemu-sgx/devel/optee/optee_os/out/arm/export-ta_arm32/lib/libutee.a(utee_syscalls_a32.o)
                              /home/qemu-sgx/devel/optee/optee_os/out/arm/export-ta_arm32/lib/libutee.a(assert.o) (_utee_panic)
/home/qemu-sgx/devel/optee/optee_os/out/arm/export-ta_arm32/lib/libutee.a(user_ta_entry.o)
                              out/user_ta_header.o (__utee_entry)
/home/qemu-sgx/devel/optee/optee_os/out/arm/export-ta_arm32/lib/libutee.a(abort.o)
                              /home/qemu-sgx/devel/optee/optee_os/out/arm/export-ta_arm32/lib/libutee.a(user_ta_entry.o) (abort)
/home/qemu-sgx/devel/optee/optee_os/out/arm/export-ta_arm32/lib/libutee.a(tee_api.o)
                              /home/qemu-sgx/devel/optee/optee_os/out/arm/export-ta_arm32/lib/libutee.a(tee_api_panic.o) (TEE_CheckMemoryAccessRights)
/home/qemu-sgx/devel/optee/optee_os/out/arm/export-ta_arm32/lib/libutee.a(tee_api_arith_mpi.o)
                              /home/qemu-sgx/devel/optee/optee_os/out/arm/export-ta_arm32/lib/libutee.a(user_ta_entry.o) (_TEE_MathAPI_Init)
/home/qemu-sgx/devel/optee/optee_os/out/arm/export-ta_arm32/lib/libutee.a(tee_api_objects.o)
                              /home/qemu-sgx/devel/optee/optee_os/out/arm/export-ta_arm32/lib/libutee.a(tee_api_operations.o) (__utee_from_attr)
/home/qemu-sgx/devel/optee/optee_os/out/arm/export-ta_arm32/lib/libutee.a(tee_socket_pta.o)
                              /home/qemu-sgx/devel/optee/optee_os/out/arm/export-ta_arm32/lib/libutee.a(tee_tcpudp_socket.o) (__tee_socket_pta_open)
[...]
Memory Configuration

Name             Origin             Length             Attributes
*default*        0x0000000000000000 0xffffffffffffffff

Linker script and memory map


.ta_head        0x0000000000000000       0x20
 *(SORT_BY_ALIGNMENT(.ta_head))
 .ta_head       0x0000000000000000       0x20 out/user_ta_header.o
                0x0000000000000000                ta_head

.text           0x0000000000000020    0x140e6
                0x0000000000000020                __text_start = .
 *(SORT_BY_ALIGNMENT(.text) SORT_BY_ALIGNMENT(.text.*))
 .text          0x0000000000000020      0x6c4 out/ta_entry.o
                0x0000000000000020                TA_CreateEntryPoint
                0x0000000000000034                TA_DestroyEntryPoint
                0x0000000000000044                TA_OpenSessionEntryPoint
                0x0000000000000064                TA_CloseSessionEntryPoint
                0x0000000000000640                TA_InvokeCommandEntryPoint
 .text.__ta_entry
                0x00000000000006e4        0x4 out/ta_entry_a32.o
                0x00000000000006e4                __ta_entry
 .text          0x00000000000006e8     0x1b2c /home/qemu-sgx/devel/optee/optee_os/out/arm/export-ta_arm32/lib/libutils.a(bget_malloc.o)
                0x00000000000007f4                bget
                0x0000000000000b80                bgetz
                0x0000000000000c28                bgetr
                0x0000000000000cf0                brel
                0x0000000000001028                bpool
                0x0000000000001124                bstats
                0x00000000000012de                bget_main_test
                0x00000000000017ec                malloc_reset_stats
                0x000000000000184a                malloc_get_stats
                0x0000000000001cd0                malloc
                0x0000000000001d6c                calloc
                0x0000000000001dee                realloc
                0x0000000000001e3c                memalign
                0x0000000000001eb6                free
                0x0000000000001ed4                free_wipe
                0x0000000000002192                malloc_add_pool
                0x00000000000021bc                malloc_buffer_is_within_alloced
                0x00000000000021e8                malloc_buffer_overlaps_heap
 .text          0x0000000000002214      0x4a0 /home/qemu-sgx/devel/optee/optee_os/out/arm/export-ta_arm32/lib/libutils.a(trace.o)
                0x0000000000002214                trace_set_level
                0x000000000000225c                trace_get_level
                0x0000000000002352                trace_printf
                0x0000000000002388                trace_vprintf
                0x0000000000002694                dhex_dump
 .text          0x00000000000026b4     0x1188 /home/qemu-sgx/devel/optee/optee_os/out/arm/export-ta_arm32/lib/libutils.a(snprintk.o)
                0x00000000000026b4                snprintk
                0x00000000000026ea                vsnprintk
                0x0000000000002718                __vsnprintf
                0x000000000000278a                __vsprintf
 .text.__aeabi_ldivmod
                0x000000000000383c       0x18 /home/qemu-sgx/devel/optee/optee_os/out/arm/export-ta_arm32/lib/libutils.a(arm32_aeabi_ldivmod_a32.o)
                0x000000000000383c                __aeabi_ldivmod
 .text.__aeabi_uldivmod
                0x0000000000003854       0x18 /home/qemu-sgx/devel/optee/optee_os/out/arm/export-ta_arm32/lib/libutils.a(arm32_aeabi_ldivmod_a32.o)
                0x0000000000003854                __aeabi_uldivmod
 .text          0x000000000000386c       0x5c /home/qemu-sgx/devel/optee/optee_os/out/arm/export-ta_arm32/lib/libutee.a(assert.o)
                0x000000000000386c                _assert_log
                0x00000000000038b4                _assert_break
 .text          0x00000000000038c8      0x11c /home/qemu-sgx/devel/optee/optee_os/out/arm/export-ta_arm32/lib/libutee.a(trace_ext.o)
                0x00000000000038c8                trace_ext_puts
                0x00000000000038ec                trace_ext_get_thread_id
                0x0000000000003900                printf
                0x0000000000003974                puts
                0x00000000000039ac                putchar
 .text          0x00000000000039e4     0x3ae4 /home/qemu-sgx/devel/optee/optee_os/out/arm/export-ta_arm32/lib/libutee.a(tee_api_operations.o)
                0x0000000000003cfc                TEE_AllocateOperation
                0x0000000000004af8                TEE_FreeOperation
                0x0000000000004b42                TEE_GetOperationInfo
                0x0000000000004bb0                TEE_GetOperationInfoMultiple
                0x0000000000004d7c                TEE_ResetOperation
                0x0000000000004dfc                TEE_SetOperationKey
                0x0000000000004f46                TEE_SetOperationKey2
                0x0000000000005178                TEE_CopyOperation
                0x0000000000005304                TEE_DigestUpdate
                0x0000000000005360                TEE_DigestDoFinal
                0x000000000000541e                TEE_CipherInit
                0x00000000000057e6                TEE_CipherUpdate
                0x000000000000599c                TEE_CipherDoFinal
                0x0000000000005c54                TEE_MACInit
                0x0000000000005cc6                TEE_MACUpdate
                0x0000000000005d48                TEE_MACComputeFinal
                0x0000000000005e3c                TEE_MACCompareFinal
                0x0000000000005f2e                TEE_AEInit
                0x000000000000601c                TEE_AEUpdateAAD
                0x0000000000006096                TEE_AEUpdate
                0x000000000000623c                TEE_AEEncryptFinal
                0x0000000000006460                TEE_AEDecryptFinal
                0x0000000000006640                TEE_AsymmetricEncrypt
                0x0000000000006802                TEE_AsymmetricDecrypt
                0x00000000000069c4                TEE_AsymmetricSignDigest
                0x0000000000006b78                TEE_AsymmetricVerifyDigest
                0x0000000000006d02                TEE_DeriveKey
                0x0000000000006ec8                TEE_GenerateRandom
                0x0000000000006ef4                rand
                0x0000000000006f1a                TEE_IsAlgorithmSupported
 .text          0x00000000000074c8      0x21c /home/qemu-sgx/devel/optee/optee_os/out/arm/export-ta_arm32/lib/libutee.a(tee_api_panic.o)
                0x00000000000074c8                TEE_Panic
                0x0000000000007546                __utee_check_outbuf_annotation
                0x00000000000075a0                __utee_check_instring_annotation
                0x00000000000075e0                __utee_check_outstring_annotation
                0x0000000000007638                __utee_check_out_annotation
                0x000000000000766c                __utee_check_attr_in_annotation
                0x00000000000076b0                __utee_check_inout_annotation
 .text          0x00000000000076e4        0x0 /home/qemu-sgx/devel/optee/optee_os/out/arm/export-ta_arm32/lib/libutee.a(utee_syscalls_a32.o)
 .text._utee_panic
                0x00000000000076e4       0x14 /home/qemu-sgx/devel/optee/optee_os/out/arm/export-ta_arm32/lib/libutee.a(utee_syscalls_a32.o)
                0x00000000000076e4                _utee_panic
 .text._utee_return
                0x00000000000076f8       0x14 /home/qemu-sgx/devel/optee/optee_os/out/arm/export-ta_arm32/lib/libutee.a(utee_syscalls_a32.o)
                0x00000000000076f8                _utee_return
 .text._utee_log
                0x000000000000770c       0x14 /home/qemu-sgx/devel/optee/optee_os/out/arm/export-ta_arm32/lib/libutee.a(utee_syscalls_a32.o)
                0x000000000000770c                _utee_log
 .text.__utee_panic
                0x0000000000007720       0x14 /home/qemu-sgx/devel/optee/optee_os/out/arm/export-ta_arm32/lib/libutee.a(utee_syscalls_a32.o)
                0x0000000000007720                __utee_panic
 .text._utee_get_property
                0x0000000000007734       0x18 /home/qemu-sgx/devel/optee/optee_os/out/arm/export-ta_arm32/lib/libutee.a(utee_syscalls_a32.o)
                0x0000000000007734                _utee_get_property
 .text._utee_get_property_name_to_index
                0x000000000000774c       0x14 /home/qemu-sgx/devel/optee/optee_os/out/arm/export-ta_arm32/lib/libutee.a(utee_syscalls_a32.o)
                0x000000000000774c                _utee_get_property_name_to_index
 .text._utee_open_ta_session
                0x0000000000007760       0x18 /home/qemu-sgx/devel/optee/optee_os/out/arm/export-ta_arm32/lib/libutee.a(utee_syscalls_a32.o)
                0x0000000000007760                _utee_open_ta_session
 .text._utee_close_ta_session
                0x0000000000007778       0x14 /home/qemu-sgx/devel/optee/optee_os/out/arm/export-ta_arm32/lib/libutee.a(utee_syscalls_a32.o)
                0x0000000000007778                _utee_close_ta_session
 .text._utee_invoke_ta_command
                0x000000000000778c       0x18 /home/qemu-sgx/devel/optee/optee_os/out/arm/export-ta_arm32/lib/libutee.a(utee_syscalls_a32.o)
                0x000000000000778c                _utee_invoke_ta_command
 .text._utee_get_cancellation_flag
                0x00000000000077a4       0x14 /home/qemu-sgx/devel/optee/optee_os/out/arm/export-ta_arm32/lib/libutee.a(utee_syscalls_a32.o)
                0x00000000000077a4                _utee_get_cancellation_flag
 .text._utee_check_access_rights
                0x00000000000077b8       0x14 /home/qemu-sgx/devel/optee/optee_os/out/arm/export-ta_arm32/lib/libutee.a(utee_syscalls_a32.o)
                0x00000000000077b8                _utee_check_access_rights
 .text._utee_unmask_cancellation
                0x00000000000077cc       0x14 /home/qemu-sgx/devel/optee/optee_os/out/arm/export-ta_arm32/lib/libutee.a(utee_syscalls_a32.o)
                0x00000000000077cc                _utee_unmask_cancellation
 .text._utee_mask_cancellation
                0x00000000000077e0       0x14 /home/qemu-sgx/devel/optee/optee_os/out/arm/export-ta_arm32/lib/libutee.a(utee_syscalls_a32.o)
                0x00000000000077e0                _utee_mask_cancellation
 .text._utee_wait
                0x00000000000077f4       0x14 /home/qemu-sgx/devel/optee/optee_os/out/arm/export-ta_arm32/lib/libutee.a(utee_syscalls_a32.o)
                0x00000000000077f4                _utee_wait
 .text._utee_get_time
                0x0000000000007808       0x14 /home/qemu-sgx/devel/optee/optee_os/out/arm/export-ta_arm32/lib/libutee.a(utee_syscalls_a32.o)
                0x0000000000007808                _utee_get_time
 .text._utee_set_ta_time
                0x000000000000781c       0x14 /home/qemu-sgx/devel/optee/optee_os/out/arm/export-ta_arm32/lib/libutee.a(utee_syscalls_a32.o)
                0x000000000000781c                _utee_set_ta_time
 .text._utee_cryp_state_alloc
                0x0000000000007830       0x18 /home/qemu-sgx/devel/optee/optee_os/out/arm/export-ta_arm32/lib/libutee.a(utee_syscalls_a32.o)
                0x0000000000007830                _utee_cryp_state_alloc
 .text._utee_cryp_state_copy
                0x0000000000007848       0x14 /home/qemu-sgx/devel/optee/optee_os/out/arm/export-ta_arm32/lib/libutee.a(utee_syscalls_a32.o)
                0x0000000000007848                _utee_cryp_state_copy
 .text._utee_cryp_state_free
                0x000000000000785c       0x14 /home/qemu-sgx/devel/optee/optee_os/out/arm/export-ta_arm32/lib/libutee.a(utee_syscalls_a32.o)
                0x000000000000785c                _utee_cryp_state_free
 .text._utee_hash_init
                0x0000000000007870       0x14 /home/qemu-sgx/devel/optee/optee_os/out/arm/export-ta_arm32/lib/libutee.a(utee_syscalls_a32.o)
                0x0000000000007870                _utee_hash_init
 .text._utee_hash_update
                0x0000000000007884       0x14 /home/qemu-sgx/devel/optee/optee_os/out/arm/export-ta_arm32/lib/libutee.a(utee_syscalls_a32.o)
                0x0000000000007884                _utee_hash_update
 .text._utee_hash_final
                0x0000000000007898       0x18 /home/qemu-sgx/devel/optee/optee_os/out/arm/export-ta_arm32/lib/libutee.a(utee_syscalls_a32.o)
                0x0000000000007898                _utee_hash_final
 .text._utee_cipher_init
                0x00000000000078b0       0x14 /home/qemu-sgx/devel/optee/optee_os/out/arm/export-ta_arm32/lib/libutee.a(utee_syscalls_a32.o)
                0x00000000000078b0                _utee_cipher_init
 .text._utee_cipher_update
                0x00000000000078c4       0x18 /home/qemu-sgx/devel/optee/optee_os/out/arm/export-ta_arm32/lib/libutee.a(utee_syscalls_a32.o)
                0x00000000000078c4                _utee_cipher_update
 .text._utee_cipher_final
                0x00000000000078dc       0x18 /home/qemu-sgx/devel/optee/optee_os/out/arm/export-ta_arm32/lib/libutee.a(utee_syscalls_a32.o)
                0x00000000000078dc                _utee_cipher_final
 .text._utee_cryp_obj_get_info
                0x00000000000078f4       0x14 /home/qemu-sgx/devel/optee/optee_os/out/arm/export-ta_arm32/lib/libutee.a(utee_syscalls_a32.o)
                0x00000000000078f4                _utee_cryp_obj_get_info
 .text._utee_cryp_obj_restrict_usage
                0x0000000000007908       0x14 /home/qemu-sgx/devel/optee/optee_os/out/arm/export-ta_arm32/lib/libutee.a(utee_syscalls_a32.o)
                0x0000000000007908                _utee_cryp_obj_restrict_usage
 .text._utee_cryp_obj_get_attr
                0x000000000000791c       0x14 /home/qemu-sgx/devel/optee/optee_os/out/arm/export-ta_arm32/lib/libutee.a(utee_syscalls_a32.o)
                0x000000000000791c                _utee_cryp_obj_get_attr
 .text._utee_cryp_obj_alloc
                0x0000000000007930       0x14 /home/qemu-sgx/devel/optee/optee_os/out/arm/export-ta_arm32/lib/libutee.a(utee_syscalls_a32.o)
                0x0000000000007930                _utee_cryp_obj_alloc
 .text._utee_cryp_obj_close
                0x0000000000007944       0x14 /home/qemu-sgx/devel/optee/optee_os/out/arm/export-ta_arm32/lib/libutee.a(utee_syscalls_a32.o)
                0x0000000000007944                _utee_cryp_obj_close
 .text._utee_cryp_obj_reset
                0x0000000000007958       0x14 /home/qemu-sgx/devel/optee/optee_os/out/arm/export-ta_arm32/lib/libutee.a(utee_syscalls_a32.o)
                0x0000000000007958                _utee_cryp_obj_reset
 .text._utee_cryp_obj_populate
                0x000000000000796c       0x14 /home/qemu-sgx/devel/optee/optee_os/out/arm/export-ta_arm32/lib/libutee.a(utee_syscalls_a32.o)
                0x000000000000796c                _utee_cryp_obj_populate
 .text._utee_cryp_obj_copy
                0x0000000000007980       0x14 /home/qemu-sgx/devel/optee/optee_os/out/arm/export-ta_arm32/lib/libutee.a(utee_syscalls_a32.o)
                0x0000000000007980                _utee_cryp_obj_copy
 .text._utee_cryp_derive_key
                0x0000000000007994       0x14 /home/qemu-sgx/devel/optee/optee_os/out/arm/export-ta_arm32/lib/libutee.a(utee_syscalls_a32.o)
                0x0000000000007994                _utee_cryp_derive_key
 .text._utee_cryp_random_number_generate
                0x00000000000079a8       0x14 /home/qemu-sgx/devel/optee/optee_os/out/arm/export-ta_arm32/lib/libutee.a(utee_syscalls_a32.o)
                0x00000000000079a8                _utee_cryp_random_number_generate
 .text._utee_authenc_init
                0x00000000000079bc       0x18 /home/qemu-sgx/devel/optee/optee_os/out/arm/export-ta_arm32/lib/libutee.a(utee_syscalls_a32.o)
                0x00000000000079bc                _utee_authenc_init
 .text._utee_authenc_update_aad
                0x00000000000079d4       0x14 /home/qemu-sgx/devel/optee/optee_os/out/arm/export-ta_arm32/lib/libutee.a(utee_syscalls_a32.o)
                0x00000000000079d4                _utee_authenc_update_aad
 .text._utee_authenc_update_payload
                0x00000000000079e8       0x18 /home/qemu-sgx/devel/optee/optee_os/out/arm/export-ta_arm32/lib/libutee.a(utee_syscalls_a32.o)
                0x00000000000079e8                _utee_authenc_update_payload
 .text._utee_authenc_enc_final
                0x0000000000007a00       0x18 /home/qemu-sgx/devel/optee/optee_os/out/arm/export-ta_arm32/lib/libutee.a(utee_syscalls_a32.o)
                0x0000000000007a00                _utee_authenc_enc_final
 .text._utee_authenc_dec_final
                0x0000000000007a18       0x18 /home/qemu-sgx/devel/optee/optee_os/out/arm/export-ta_arm32/lib/libutee.a(utee_syscalls_a32.o)
                0x0000000000007a18                _utee_authenc_dec_final
 .text._utee_asymm_operate
                0x0000000000007a30       0x18 /home/qemu-sgx/devel/optee/optee_os/out/arm/export-ta_arm32/lib/libutee.a(utee_syscalls_a32.o)
                0x0000000000007a30                _utee_asymm_operate
 .text._utee_asymm_verify
                0x0000000000007a48       0x18 /home/qemu-sgx/devel/optee/optee_os/out/arm/export-ta_arm32/lib/libutee.a(utee_syscalls_a32.o)
                0x0000000000007a48                _utee_asymm_verify
 .text._utee_storage_obj_open
                0x0000000000007a60       0x18 /home/qemu-sgx/devel/optee/optee_os/out/arm/export-ta_arm32/lib/libutee.a(utee_syscalls_a32.o)
                0x0000000000007a60                _utee_storage_obj_open
 .text._utee_storage_obj_create
                0x0000000000007a78       0x18 /home/qemu-sgx/devel/optee/optee_os/out/arm/export-ta_arm32/lib/libutee.a(utee_syscalls_a32.o)
                0x0000000000007a78                _utee_storage_obj_create
 .text._utee_storage_obj_del
                0x0000000000007a90       0x14 /home/qemu-sgx/devel/optee/optee_os/out/arm/export-ta_arm32/lib/libutee.a(utee_syscalls_a32.o)
                0x0000000000007a90                _utee_storage_obj_del
 .text._utee_storage_obj_rename
                0x0000000000007aa4       0x14 /home/qemu-sgx/devel/optee/optee_os/out/arm/export-ta_arm32/lib/libutee.a(utee_syscalls_a32.o)
                0x0000000000007aa4                _utee_storage_obj_rename
 .text._utee_storage_alloc_enum
                0x0000000000007ab8       0x14 /home/qemu-sgx/devel/optee/optee_os/out/arm/export-ta_arm32/lib/libutee.a(utee_syscalls_a32.o)
                0x0000000000007ab8                _utee_storage_alloc_enum
 .text._utee_storage_free_enum
                0x0000000000007acc       0x14 /home/qemu-sgx/devel/optee/optee_os/out/arm/export-ta_arm32/lib/libutee.a(utee_syscalls_a32.o)
                0x0000000000007acc                _utee_storage_free_enum
 .text._utee_storage_reset_enum
                0x0000000000007ae0       0x14 /home/qemu-sgx/devel/optee/optee_os/out/arm/export-ta_arm32/lib/libutee.a(utee_syscalls_a32.o)
                0x0000000000007ae0                _utee_storage_reset_enum
 .text._utee_storage_start_enum
                0x0000000000007af4       0x14 /home/qemu-sgx/devel/optee/optee_os/out/arm/export-ta_arm32/lib/libutee.a(utee_syscalls_a32.o)
                0x0000000000007af4                _utee_storage_start_enum
 .text._utee_storage_next_enum
                0x0000000000007b08       0x14 /home/qemu-sgx/devel/optee/optee_os/out/arm/export-ta_arm32/lib/libutee.a(utee_syscalls_a32.o)
                0x0000000000007b08                _utee_storage_next_enum
 .text._utee_storage_obj_read
                0x0000000000007b1c       0x14 /home/qemu-sgx/devel/optee/optee_os/out/arm/export-ta_arm32/lib/libutee.a(utee_syscalls_a32.o)
                0x0000000000007b1c                _utee_storage_obj_read
 .text._utee_storage_obj_write
                0x0000000000007b30       0x14 /home/qemu-sgx/devel/optee/optee_os/out/arm/export-ta_arm32/lib/libutee.a(utee_syscalls_a32.o)
                0x0000000000007b30                _utee_storage_obj_write
 .text._utee_storage_obj_trunc
                0x0000000000007b44       0x14 /home/qemu-sgx/devel/optee/optee_os/out/arm/export-ta_arm32/lib/libutee.a(utee_syscalls_a32.o)
                0x0000000000007b44                _utee_storage_obj_trunc
 .text._utee_storage_obj_seek
                0x0000000000007b58       0x14 /home/qemu-sgx/devel/optee/optee_os/out/arm/export-ta_arm32/lib/libutee.a(utee_syscalls_a32.o)
                0x0000000000007b58                _utee_storage_obj_seek
 .text._utee_cryp_obj_generate_key
                0x0000000000007b6c       0x14 /home/qemu-sgx/devel/optee/optee_os/out/arm/export-ta_arm32/lib/libutee.a(utee_syscalls_a32.o)
                0x0000000000007b6c                _utee_cryp_obj_generate_key
 .text._utee_cache_operation
                0x0000000000007b80       0x14 /home/qemu-sgx/devel/optee/optee_os/out/arm/export-ta_arm32/lib/libutee.a(utee_syscalls_a32.o)
                0x0000000000007b80                _utee_cache_operation
 .text          0x0000000000007b94      0xa84 /home/qemu-sgx/devel/optee/optee_os/out/arm/export-ta_arm32/lib/libutee.a(user_ta_entry.o)
                0x0000000000007d7c                __utee_call_elf_init_fn
                0x0000000000007f3c                __utee_call_elf_fini_fn
                0x00000000000085a2                __utee_entry
 .text          0x0000000000008618       0x20 /home/qemu-sgx/devel/optee/optee_os/out/arm/export-ta_arm32/lib/libutee.a(abort.o)
                0x0000000000008618                abort
 .text          0x0000000000008638      0xa80 /home/qemu-sgx/devel/optee/optee_os/out/arm/export-ta_arm32/lib/libutee.a(tee_api.o)
                0x0000000000008a46                TEE_OpenTASession
                0x0000000000008b34                TEE_CloseTASession
                0x0000000000008b64                TEE_InvokeTACommand
                0x0000000000008c8a                TEE_GetCancellationFlag
                0x0000000000008cbe                TEE_UnmaskCancellation
                0x0000000000008cf2                TEE_MaskCancellation
                0x0000000000008d26                TEE_CheckMemoryAccessRights
                0x0000000000008d68                TEE_SetInstanceData
                0x0000000000008d8c                TEE_GetInstanceData
                0x0000000000008da8                TEE_MemMove
                0x0000000000008dcc                TEE_MemCompare
                0x0000000000008df0                TEE_MemFill
                0x0000000000008e16                TEE_GetSystemTime
                0x0000000000008e42                TEE_Wait
                0x0000000000008e7a                TEE_GetTAPersistentTime
                0x0000000000008efe                TEE_SetTAPersistentTime
                0x0000000000008f44                TEE_GetREETime
                0x0000000000008f70                TEE_Malloc
                0x0000000000008fe4                TEE_Realloc
                0x000000000000902a                TEE_Free
                0x000000000000904a                TEE_CacheClean
                0x000000000000906e                TEE_CacheFlush
                0x0000000000009092                TEE_CacheInvalidate
 .text          0x00000000000090b8     0x1de4 /home/qemu-sgx/devel/optee/optee_os/out/arm/export-ta_arm32/lib/libutee.a(tee_api_arith_mpi.o)
                0x0000000000009118                _TEE_MathAPI_Init
                0x00000000000092b0                TEE_BigIntInit
                0x000000000000931c                TEE_BigIntConvertFromOctetString
                0x0000000000009396                TEE_BigIntConvertToOctetString
                0x000000000000941c                TEE_BigIntConvertFromS32
                0x000000000000949c                TEE_BigIntConvertToS32
                0x0000000000009570                TEE_BigIntCmp
                0x00000000000095c6                TEE_BigIntCmpS32
                0x0000000000009602                TEE_BigIntShiftRight
                0x00000000000097bc                TEE_BigIntGetBit
                0x0000000000009802                TEE_BigIntGetBitCount
                0x0000000000009abc                TEE_BigIntAdd
                0x0000000000009af0                TEE_BigIntSub
                0x0000000000009b24                TEE_BigIntNeg
                0x0000000000009bd4                TEE_BigIntMul
                0x0000000000009cb4                TEE_BigIntSquare
                0x0000000000009cd4                TEE_BigIntDiv
                0x0000000000009e40                TEE_BigIntMod
                0x0000000000009eac                TEE_BigIntAddMod
                0x0000000000009ee4                TEE_BigIntSubMod
                0x0000000000009f1c                TEE_BigIntMulMod
                0x0000000000009f54                TEE_BigIntSquareMod
                0x0000000000009f78                TEE_BigIntInvMod
                0x000000000000a084                TEE_BigIntRelativePrime
                0x000000000000a93c                TEE_BigIntComputeExtendedGcd
                0x000000000000abfc                TEE_BigIntIsProbablePrime
                0x000000000000ac50                TEE_BigIntInitFMM
                0x000000000000ac6e                TEE_BigIntInitFMMContext
                0x000000000000ac8a                TEE_BigIntFMMSizeInU32
                0x000000000000acb0                TEE_BigIntFMMContextSizeInU32
                0x000000000000accc                TEE_BigIntConvertToFMM
                0x000000000000acf0                TEE_BigIntConvertFromFMM
                0x000000000000ad8c                TEE_BigIntComputeFMM
 .text          0x000000000000ae9c      0x288 /home/qemu-sgx/devel/optee/optee_os/out/arm/export-ta_arm32/lib/libutee.a(tee_socket_pta.o)
                0x000000000000af18                __tee_socket_pta_open
                0x000000000000afc6                __tee_socket_pta_close
                0x000000000000b008                __tee_socket_pta_send
                0x000000000000b066                __tee_socket_pta_recv
                0x000000000000b0c4                __tee_socket_pta_ioctl
 .text          0x000000000000b124      0x330 /home/qemu-sgx/devel/optee/optee_os/out/arm/export-ta_arm32/lib/libutee.a(tee_system_pta.o)
                0x000000000000b240                tee_map_zi
                0x000000000000b2d8                tee_unmap
                0x000000000000b388                tee_invoke_supp_plugin
 .text          0x000000000000b454      0x44c /home/qemu-sgx/devel/optee/optee_os/out/arm/export-ta_arm32/lib/libutee.a(tcb.o)
                0x000000000000b454                __utee_tcb_init
                0x000000000000b760                __tls_get_addr
                0x000000000000b798                dl_iterate_phdr
 .text          0x000000000000b8a0     0x6704 /home/qemu-sgx/devel/optee/optee_os/out/arm/export-ta_arm32/lib/libmbedtls.a(bignum.o)
                0x000000000000b8fe                mbedtls_mpi_init
                0x000000000000b91c                mbedtls_mpi_init_mempool
                0x000000000000b958                mbedtls_mpi_free
                0x000000000000b9e4                mbedtls_mpi_grow
                0x000000000000baec                mbedtls_mpi_shrink
                0x000000000000bca4                mbedtls_mpi_copy
                0x000000000000bd9c                mbedtls_mpi_swap
                0x000000000000beac                mbedtls_mpi_safe_cond_assign
                0x000000000000bf76                mbedtls_mpi_safe_cond_swap
                0x000000000000c0ca                mbedtls_mpi_lset
                0x000000000000c138                mbedtls_mpi_get_bit
                0x000000000000c186                mbedtls_mpi_set_bit
                0x000000000000c254                mbedtls_mpi_lsb
                0x000000000000c31c                mbedtls_mpi_bitlen
                0x000000000000c394                mbedtls_mpi_size
                0x000000000000c43a                mbedtls_mpi_read_string
                0x000000000000c712                mbedtls_mpi_write_string
                0x000000000000c9f4                mbedtls_mpi_read_binary_le
                0x000000000000ca92                mbedtls_mpi_read_binary
                0x000000000000cb1a                mbedtls_mpi_write_binary_le
                0x000000000000cbf0                mbedtls_mpi_write_binary
                0x000000000000ccd4                mbedtls_mpi_shift_l
                0x000000000000ce56                mbedtls_mpi_shift_r
                0x000000000000cfc0                mbedtls_mpi_cmp_abs
                0x000000000000d0ee                mbedtls_mpi_cmp_mpi
                0x000000000000d2b2                mbedtls_mpi_lt_mpi_ct
                0x000000000000d3f0                mbedtls_mpi_cmp_int
                0x000000000000d43c                mbedtls_mpi_add_abs
                0x000000000000d672                mbedtls_mpi_sub_abs
                0x000000000000d7e2                mbedtls_mpi_add_mpi
                0x000000000000d88e                mbedtls_mpi_sub_mpi
                0x000000000000d93a                mbedtls_mpi_add_int
                0x000000000000d98a                mbedtls_mpi_sub_int
                0x000000000000f3fa                mbedtls_mpi_mul_mpi
                0x000000000000f5bc                mbedtls_mpi_mul_int
                0x000000000000f73e                mbedtls_mpi_div_mpi
                0x000000000000fd8a                mbedtls_mpi_div_int
                0x000000000000fddc                mbedtls_mpi_mod_mpi
                0x000000000000fe7a                mbedtls_mpi_mod_int
                0x0000000000010002                mbedtls_mpi_montg_init
                0x000000000001015a                mbedtls_mpi_montmul
                0x00000000000101c8                mbedtls_mpi_montred
                0x00000000000102ac                mbedtls_mpi_exp_mod
                0x00000000000109f4                mbedtls_mpi_gcd
                0x0000000000010c8c                mbedtls_mpi_fill_random
                0x0000000000010cf6                mbedtls_mpi_random
                0x0000000000010e5a                mbedtls_mpi_inv_mod
                0x000000000001169e                mbedtls_mpi_is_prime_ext
                0x000000000001174a                mbedtls_mpi_is_prime
                0x0000000000011772                mbedtls_mpi_gen_prime
                0x0000000000011a86                mbedtls_mpi_self_test
 .text          0x0000000000011fa4       0x30 /home/qemu-sgx/devel/optee/optee_os/out/arm/export-ta_arm32/lib/libmbedtls.a(platform_util.o)
                0x0000000000011fa4                mbedtls_platform_zeroize
 .text          0x0000000000011fd4      0x290 /home/qemu-sgx/devel/optee/optee_os/out/arm/export-ta_arm32/lib/libutils.a(mempool.o)
                0x0000000000012004                mempool_alloc_pool
                0x0000000000012078                mempool_alloc
                0x000000000001216c                mempool_calloc
                0x00000000000121e8                mempool_free
 .text          0x0000000000012264       0x38 out/user_ta_header.o
                0x0000000000012264                __ta_entry_c
                0x0000000000012288                tahead_get_trace_level
 .text          0x000000000001229c       0x58 /home/qemu-sgx/devel/optee/optee_os/out/arm/export-ta_arm32/lib/libutils.a(strndup.o)
                0x000000000001229c                strndup
 .text          0x00000000000122f4       0xf2 /home/qemu-sgx/devel/optee/optee_os/out/arm/export-ta_arm32/lib/libutils.a(memcpy.o)
                0x00000000000122f4                memcpy
 .text          0x00000000000123e6      0x11c /home/qemu-sgx/devel/optee/optee_os/out/arm/export-ta_arm32/lib/libutils.a(memset.o)
                0x00000000000123e6                memset
 .text          0x0000000000012502       0x44 /home/qemu-sgx/devel/optee/optee_os/out/arm/export-ta_arm32/lib/libutils.a(strnlen.o)
                0x0000000000012502                strnlen
 .text          0x0000000000012546       0x30 /home/qemu-sgx/devel/optee/optee_os/out/arm/export-ta_arm32/lib/libutils.a(aeabi_unwind.o)
                0x0000000000012546                __aeabi_unwind_cpp_pr0
                0x0000000000012556                __aeabi_unwind_cpp_pr1
                0x0000000000012566                __aeabi_unwind_cpp_pr2
 .text          0x0000000000012576      0x114 /home/qemu-sgx/devel/optee/optee_os/out/arm/export-ta_arm32/lib/libutils.a(memchr.o)
                0x0000000000012576                memchr
 .text          0x000000000001268a       0x8a /home/qemu-sgx/devel/optee/optee_os/out/arm/export-ta_arm32/lib/libutils.a(strlen.o)
                0x000000000001268a                strlen
 .text          0x0000000000012714      0x2e8 /home/qemu-sgx/devel/optee/optee_os/out/arm/export-ta_arm32/lib/libutils.a(arm32_aeabi_ldivmod.o)
                0x00000000000128ba                __ul_divmod
                0x000000000001291c                __l_divmod
 .text          0x00000000000129fc      0x3de /home/qemu-sgx/devel/optee/optee_os/out/arm/export-ta_arm32/lib/libutee.a(tee_tcpudp_socket.o)
 .text          0x0000000000012dda     0x10d0 /home/qemu-sgx/devel/optee/optee_os/out/arm/export-ta_arm32/lib/libutee.a(tee_api_objects.o)
                0x0000000000012dda                __utee_from_attr
                0x0000000000012f58                TEE_GetObjectInfo
                0x0000000000012fc6                TEE_GetObjectInfo1
                0x0000000000013012                TEE_RestrictObjectUsage
                0x000000000001305e                TEE_RestrictObjectUsage1
                0x00000000000130aa                TEE_GetObjectBufferAttribute
                0x0000000000013176                TEE_GetObjectValueAttribute
                0x0000000000013268                TEE_CloseObject
                0x000000000001329a                TEE_AllocateTransientObject
                0x0000000000013304                TEE_FreeTransientObject
                0x0000000000013364                TEE_ResetTransientObject
                0x00000000000133c4                TEE_PopulateTransientObject
                0x0000000000013528                TEE_InitRefAttribute
                0x0000000000013570                TEE_InitValueAttribute
                0x00000000000135b8                TEE_CopyObjectAttributes
                0x0000000000013604                TEE_CopyObjectAttributes1
                0x00000000000136bc                TEE_GenerateKey
                0x00000000000137e2                TEE_OpenPersistentObject
                0x00000000000138a0                TEE_CreatePersistentObject
                0x0000000000013978                TEE_CloseAndDeletePersistentObject
                0x00000000000139aa                TEE_CloseAndDeletePersistentObject1
                0x00000000000139f0                TEE_RenamePersistentObject
                0x0000000000013a60                TEE_AllocatePersistentObjectEnumerator
                0x0000000000013aba                TEE_FreePersistentObjectEnumerator
                0x0000000000013aec                TEE_ResetPersistentObjectEnumerator
                0x0000000000013b1e                TEE_StartPersistentObjectEnumerator
                0x0000000000013b78                TEE_GetNextPersistentObject
                0x0000000000013c3a                TEE_ReadObjectData
                0x0000000000013ccc                TEE_WriteObjectData
                0x0000000000013d4a                TEE_TruncateObjectData
                0x0000000000013db6                TEE_SeekObjectData
 .text          0x0000000000013eaa       0x6a /home/qemu-sgx/devel/optee/optee_os/out/arm/export-ta_arm32/lib/libutils.a(snprintf.o)
                0x0000000000013eaa                snprintf
                0x0000000000013ee6                vsnprintf
 .text          0x0000000000013f14      0x13e /home/qemu-sgx/devel/optee/optee_os/out/arm/export-ta_arm32/lib/libutils.a(memmove.o)
                0x0000000000013f14                memmove
 .text          0x0000000000014052       0xb4 /home/qemu-sgx/devel/optee/optee_os/out/arm/export-ta_arm32/lib/libutils.a(consttime_memcmp.o)
                0x0000000000014052                consttime_memcmp
 .text          0x0000000000014106        0x0 out/ta_entry_a32.o
 .text          0x0000000000014106        0x0 /home/qemu-sgx/devel/optee/optee_os/out/arm/export-ta_arm32/lib/libutils.a(arm32_aeabi_ldivmod_a32.o)
 *(SORT_BY_ALIGNMENT(.stub))
 *(SORT_BY_ALIGNMENT(.glue_7))
 .glue_7        0x0000000000014106        0x0 linker stubs
 *(SORT_BY_ALIGNMENT(.glue_7t))
 .glue_7t       0x0000000000014106        0x0 linker stubs
 *(SORT_BY_ALIGNMENT(.gnu.linkonce.t.*))
 *(SORT_BY_ALIGNMENT(.vfp11_veneer))
 .vfp11_veneer  0x0000000000014106        0x0 linker stubs
                0x0000000000014106                __text_end = .

.v4_bx          0x0000000000014108        0x0
 .v4_bx         0x0000000000014108        0x0 linker stubs

.iplt           0x0000000000014108        0x0
 .iplt          0x0000000000014108        0x0 out/ta_entry.o

.plt            0x0000000000014108        0x0
 *(SORT_BY_ALIGNMENT(.plt))
 .plt           0x0000000000014108        0x0 out/ta_entry.o

.eh_frame_hdr
 *(SORT_BY_ALIGNMENT(.eh_frame_hdr))
 *(SORT_BY_ALIGNMENT(.eh_frame_entry) SORT_BY_ALIGNMENT(.eh_frame_entry.*))

.eh_frame
 *(SORT_BY_ALIGNMENT(.eh_frame))
 *(SORT_BY_ALIGNMENT(.eh_frame.*))

.gcc_except_table
 *(SORT_BY_ALIGNMENT(.gcc_except_table) SORT_BY_ALIGNMENT(.gcc_except_table.*))

.rodata         0x0000000000014108     0x12e2
 *(SORT_BY_ALIGNMENT(.gnu.linkonce.r.*))
 *(SORT_BY_ALIGNMENT(.rodata) SORT_BY_ALIGNMENT(.rodata.*))
 .rodata.ta_entry.c
                0x0000000000014108       0x9b out/ta_entry.o
 *fill*         0x00000000000141a3        0x1 
 .rodata.user_ta_header.c
                0x00000000000141a4       0xd4 out/user_ta_header.o
                0x00000000000141a4                trace_ext_prefix
                0x00000000000141a8                ta_heap_size
                0x0000000000014274                ta_num_props
 .rodata.lib/libutils/isoc/bget_malloc.c
                0x0000000000014278      0x478 /home/qemu-sgx/devel/optee/optee_os/out/arm/export-ta_arm32/lib/libutils.a(bget_malloc.o)
 .rodata.lib/libutils/ext/trace.c
                0x00000000000146f0       0x29 /home/qemu-sgx/devel/optee/optee_os/out/arm/export-ta_arm32/lib/libutils.a(trace.o)
 *fill*         0x0000000000014719        0x3 
 .rodata.lib/libutils/ext/snprintk.c
                0x000000000001471c       0x7d /home/qemu-sgx/devel/optee/optee_os/out/arm/export-ta_arm32/lib/libutils.a(snprintk.o)
 *fill*         0x0000000000014799        0x3 
 .rodata.lib/libutee/assert.c
                0x000000000001479c       0x27 /home/qemu-sgx/devel/optee/optee_os/out/arm/export-ta_arm32/lib/libutee.a(assert.o)
 *fill*         0x00000000000147c3        0x1 
 .rodata.lib/libutee/trace_ext.c
                0x00000000000147c4        0x2 /home/qemu-sgx/devel/optee/optee_os/out/arm/export-ta_arm32/lib/libutee.a(trace_ext.o)
 *fill*         0x00000000000147c6        0x2 
 .rodata.lib/libutee/tee_api_panic.c
                0x00000000000147c8       0x68 /home/qemu-sgx/devel/optee/optee_os/out/arm/export-ta_arm32/lib/libutee.a(tee_api_panic.o)
 .rodata.lib/libutee/arch/arm/user_ta_entry.c
                0x0000000000014830       0x32 /home/qemu-sgx/devel/optee/optee_os/out/arm/export-ta_arm32/lib/libutee.a(user_ta_entry.o)
 *fill*         0x0000000000014862        0x2 
 .rodata.lib/libutee/abort.c
                0x0000000000014864        0x7 /home/qemu-sgx/devel/optee/optee_os/out/arm/export-ta_arm32/lib/libutee.a(abort.o)
 *fill*         0x000000000001486b        0x1 
 .rodata.lib/libutee/tee_api.c
                0x000000000001486c       0x1f /home/qemu-sgx/devel/optee/optee_os/out/arm/export-ta_arm32/lib/libutee.a(tee_api.o)
 *fill*         0x000000000001488b        0x1 
 .rodata.lib/libutee/tee_api_arith_mpi.c
                0x000000000001488c      0x221 /home/qemu-sgx/devel/optee/optee_os/out/arm/export-ta_arm32/lib/libutee.a(tee_api_arith_mpi.o)
 *fill*         0x0000000000014aad        0x3 
 .rodata.lib/libutee/tee_socket_pta.c
                0x0000000000014ab0       0x10 /home/qemu-sgx/devel/optee/optee_os/out/arm/export-ta_arm32/lib/libutee.a(tee_socket_pta.o)
 .rodata.lib/libutee/tee_system_pta.c
                0x0000000000014ac0       0x8b /home/qemu-sgx/devel/optee/optee_os/out/arm/export-ta_arm32/lib/libutee.a(tee_system_pta.o)
 *fill*         0x0000000000014b4b        0x1 
 .rodata.lib/libutee/arch/arm/tcb.c
                0x0000000000014b4c       0xbc /home/qemu-sgx/devel/optee/optee_os/out/arm/export-ta_arm32/lib/libutee.a(tcb.o)
 .rodata.lib/libmbedtls/mbedtls/library/bignum.c
                0x0000000000014c08      0x742 /home/qemu-sgx/devel/optee/optee_os/out/arm/export-ta_arm32/lib/libmbedtls.a(bignum.o)
 *fill*         0x000000000001534a        0x2 
 .rodata.lib/libutils/ext/mempool.c
                0x000000000001534c       0x9e /home/qemu-sgx/devel/optee/optee_os/out/arm/export-ta_arm32/lib/libutils.a(mempool.o)

.gnu.version_d  0x00000000000153ec        0x0
 .gnu.version_d
                0x00000000000153ec        0x0 out/ta_entry.o

.gnu.version    0x00000000000153ea        0x0
 .gnu.version   0x00000000000153ea        0x0 out/ta_entry.o

.gnu.version_r  0x00000000000153ec        0x0
 .gnu.version_r
                0x00000000000153ec        0x0 out/ta_entry.o

.gnu.hash       0x00000000000153ec       0x2c
 .gnu.hash      0x00000000000153ec       0x2c out/ta_entry.o

.ARM.extab      0x0000000000015418     0x1000
 *(SORT_BY_ALIGNMENT(.ARM.extab*) SORT_BY_ALIGNMENT(.gnu.linkonce.armextab.*))
 .ARM.extab     0x0000000000015418       0x78 out/ta_entry.o
 .ARM.extab     0x0000000000015490        0xc out/user_ta_header.o
 .ARM.extab     0x000000000001549c      0x234 /home/qemu-sgx/devel/optee/optee_os/out/arm/export-ta_arm32/lib/libutils.a(bget_malloc.o)
 .ARM.extab     0x00000000000156d0        0xc /home/qemu-sgx/devel/optee/optee_os/out/arm/export-ta_arm32/lib/libutils.a(strndup.o)
 .ARM.extab     0x00000000000156dc        0xc /home/qemu-sgx/devel/optee/optee_os/out/arm/export-ta_arm32/lib/libutils.a(memcpy.o)
 .ARM.extab     0x00000000000156e8        0xc /home/qemu-sgx/devel/optee/optee_os/out/arm/export-ta_arm32/lib/libutils.a(memset.o)
 .ARM.extab     0x00000000000156f4        0xc /home/qemu-sgx/devel/optee/optee_os/out/arm/export-ta_arm32/lib/libutils.a(strnlen.o)
 .ARM.extab     0x0000000000015700       0x54 /home/qemu-sgx/devel/optee/optee_os/out/arm/export-ta_arm32/lib/libutils.a(trace.o)
 .ARM.extab     0x0000000000015754       0x3c /home/qemu-sgx/devel/optee/optee_os/out/arm/export-ta_arm32/lib/libutils.a(snprintk.o)
 .ARM.extab     0x0000000000015790        0xc /home/qemu-sgx/devel/optee/optee_os/out/arm/export-ta_arm32/lib/libutils.a(memchr.o)
 .ARM.extab     0x000000000001579c        0xc /home/qemu-sgx/devel/optee/optee_os/out/arm/export-ta_arm32/lib/libutils.a(strlen.o)
 .ARM.extab.text.__aeabi_ldivmod
                0x00000000000157a8        0xc /home/qemu-sgx/devel/optee/optee_os/out/arm/export-ta_arm32/lib/libutils.a(arm32_aeabi_ldivmod_a32.o)
 .ARM.extab.text.__aeabi_uldivmod
                0x00000000000157b4        0xc /home/qemu-sgx/devel/optee/optee_os/out/arm/export-ta_arm32/lib/libutils.a(arm32_aeabi_ldivmod_a32.o)
 .ARM.extab     0x00000000000157c0       0x30 /home/qemu-sgx/devel/optee/optee_os/out/arm/export-ta_arm32/lib/libutils.a(arm32_aeabi_ldivmod.o)
 .ARM.extab     0x00000000000157f0        0xc /home/qemu-sgx/devel/optee/optee_os/out/arm/export-ta_arm32/lib/libutee.a(assert.o)
 .ARM.extab     0x00000000000157fc       0x34 /home/qemu-sgx/devel/optee/optee_os/out/arm/export-ta_arm32/lib/libutee.a(trace_ext.o)
 .ARM.extab     0x0000000000015830      0x12c /home/qemu-sgx/devel/optee/optee_os/out/arm/export-ta_arm32/lib/libutee.a(tee_api_operations.o)
 .ARM.extab     0x000000000001595c       0x6c /home/qemu-sgx/devel/optee/optee_os/out/arm/export-ta_arm32/lib/libutee.a(tee_api_panic.o)
 .ARM.extab     0x00000000000159c8       0x6c /home/qemu-sgx/devel/optee/optee_os/out/arm/export-ta_arm32/lib/libutee.a(tee_tcpudp_socket.o)
 .ARM.extab.text._utee_panic
                0x0000000000015a34        0xc /home/qemu-sgx/devel/optee/optee_os/out/arm/export-ta_arm32/lib/libutee.a(utee_syscalls_a32.o)
 .ARM.extab     0x0000000000015a40       0xb4 /home/qemu-sgx/devel/optee/optee_os/out/arm/export-ta_arm32/lib/libutee.a(user_ta_entry.o)
 .ARM.extab     0x0000000000015af4      0x120 /home/qemu-sgx/devel/optee/optee_os/out/arm/export-ta_arm32/lib/libutee.a(tee_api.o)
 .ARM.extab     0x0000000000015c14      0x204 /home/qemu-sgx/devel/optee/optee_os/out/arm/export-ta_arm32/lib/libutee.a(tee_api_arith_mpi.o)
 .ARM.extab     0x0000000000015e18      0x15c /home/qemu-sgx/devel/optee/optee_os/out/arm/export-ta_arm32/lib/libutee.a(tee_api_objects.o)
 .ARM.extab     0x0000000000015f74       0x48 /home/qemu-sgx/devel/optee/optee_os/out/arm/export-ta_arm32/lib/libutee.a(tee_socket_pta.o)
 .ARM.extab     0x0000000000015fbc       0x48 /home/qemu-sgx/devel/optee/optee_os/out/arm/export-ta_arm32/lib/libutee.a(tee_system_pta.o)
 .ARM.extab     0x0000000000016004       0x24 /home/qemu-sgx/devel/optee/optee_os/out/arm/export-ta_arm32/lib/libutee.a(tcb.o)
 .ARM.extab     0x0000000000016028      0x36c /home/qemu-sgx/devel/optee/optee_os/out/arm/export-ta_arm32/lib/libmbedtls.a(bignum.o)
 .ARM.extab     0x0000000000016394        0xc /home/qemu-sgx/devel/optee/optee_os/out/arm/export-ta_arm32/lib/libmbedtls.a(platform_util.o)
 .ARM.extab     0x00000000000163a0       0x18 /home/qemu-sgx/devel/optee/optee_os/out/arm/export-ta_arm32/lib/libutils.a(snprintf.o)
 .ARM.extab     0x00000000000163b8        0xc /home/qemu-sgx/devel/optee/optee_os/out/arm/export-ta_arm32/lib/libutils.a(memmove.o)
 .ARM.extab     0x00000000000163c4       0x48 /home/qemu-sgx/devel/optee/optee_os/out/arm/export-ta_arm32/lib/libutils.a(mempool.o)
 .ARM.extab     0x000000000001640c        0xc /home/qemu-sgx/devel/optee/optee_os/out/arm/export-ta_arm32/lib/libutils.a(consttime_memcmp.o)
 .ARM.extab.text.__ta_entry
                0x0000000000016418        0x0 out/ta_entry_a32.o
 .ARM.extab     0x0000000000016418        0x0 /home/qemu-sgx/devel/optee/optee_os/out/arm/export-ta_arm32/lib/libutils.a(aeabi_unwind.o)
 .ARM.extab.text._utee_return
                0x0000000000016418        0x0 /home/qemu-sgx/devel/optee/optee_os/out/arm/export-ta_arm32/lib/libutee.a(utee_syscalls_a32.o)
 .ARM.extab.text._utee_log
                0x0000000000016418        0x0 /home/qemu-sgx/devel/optee/optee_os/out/arm/export-ta_arm32/lib/libutee.a(utee_syscalls_a32.o)
 .ARM.extab.text.__utee_panic
                0x0000000000016418        0x0 /home/qemu-sgx/devel/optee/optee_os/out/arm/export-ta_arm32/lib/libutee.a(utee_syscalls_a32.o)
 .ARM.extab.text._utee_get_property
                0x0000000000016418        0x0 /home/qemu-sgx/devel/optee/optee_os/out/arm/export-ta_arm32/lib/libutee.a(utee_syscalls_a32.o)
 .ARM.extab.text._utee_get_property_name_to_index
                0x0000000000016418        0x0 /home/qemu-sgx/devel/optee/optee_os/out/arm/export-ta_arm32/lib/libutee.a(utee_syscalls_a32.o)
 .ARM.extab.text._utee_open_ta_session
                0x0000000000016418        0x0 /home/qemu-sgx/devel/optee/optee_os/out/arm/export-ta_arm32/lib/libutee.a(utee_syscalls_a32.o)
 .ARM.extab.text._utee_close_ta_session
                0x0000000000016418        0x0 /home/qemu-sgx/devel/optee/optee_os/out/arm/export-ta_arm32/lib/libutee.a(utee_syscalls_a32.o)
 .ARM.extab.text._utee_invoke_ta_command
                0x0000000000016418        0x0 /home/qemu-sgx/devel/optee/optee_os/out/arm/export-ta_arm32/lib/libutee.a(utee_syscalls_a32.o)
 .ARM.extab.text._utee_get_cancellation_flag
                0x0000000000016418        0x0 /home/qemu-sgx/devel/optee/optee_os/out/arm/export-ta_arm32/lib/libutee.a(utee_syscalls_a32.o)
 .ARM.extab.text._utee_check_access_rights
                0x0000000000016418        0x0 /home/qemu-sgx/devel/optee/optee_os/out/arm/export-ta_arm32/lib/libutee.a(utee_syscalls_a32.o)
 .ARM.extab.text._utee_unmask_cancellation
                0x0000000000016418        0x0 /home/qemu-sgx/devel/optee/optee_os/out/arm/export-ta_arm32/lib/libutee.a(utee_syscalls_a32.o)
 .ARM.extab.text._utee_mask_cancellation
                0x0000000000016418        0x0 /home/qemu-sgx/devel/optee/optee_os/out/arm/export-ta_arm32/lib/libutee.a(utee_syscalls_a32.o)
 .ARM.extab.text._utee_wait
                0x0000000000016418        0x0 /home/qemu-sgx/devel/optee/optee_os/out/arm/export-ta_arm32/lib/libutee.a(utee_syscalls_a32.o)
 .ARM.extab.text._utee_get_time
                0x0000000000016418        0x0 /home/qemu-sgx/devel/optee/optee_os/out/arm/export-ta_arm32/lib/libutee.a(utee_syscalls_a32.o)
 .ARM.extab.text._utee_set_ta_time
                0x0000000000016418        0x0 /home/qemu-sgx/devel/optee/optee_os/out/arm/export-ta_arm32/lib/libutee.a(utee_syscalls_a32.o)
 .ARM.extab.text._utee_cryp_state_alloc
                0x0000000000016418        0x0 /home/qemu-sgx/devel/optee/optee_os/out/arm/export-ta_arm32/lib/libutee.a(utee_syscalls_a32.o)
 .ARM.extab.text._utee_cryp_state_copy
                0x0000000000016418        0x0 /home/qemu-sgx/devel/optee/optee_os/out/arm/export-ta_arm32/lib/libutee.a(utee_syscalls_a32.o)
 .ARM.extab.text._utee_cryp_state_free
                0x0000000000016418        0x0 /home/qemu-sgx/devel/optee/optee_os/out/arm/export-ta_arm32/lib/libutee.a(utee_syscalls_a32.o)
 .ARM.extab.text._utee_hash_init
                0x0000000000016418        0x0 /home/qemu-sgx/devel/optee/optee_os/out/arm/export-ta_arm32/lib/libutee.a(utee_syscalls_a32.o)
 .ARM.extab.text._utee_hash_update
                0x0000000000016418        0x0 /home/qemu-sgx/devel/optee/optee_os/out/arm/export-ta_arm32/lib/libutee.a(utee_syscalls_a32.o)
 .ARM.extab.text._utee_hash_final
                0x0000000000016418        0x0 /home/qemu-sgx/devel/optee/optee_os/out/arm/export-ta_arm32/lib/libutee.a(utee_syscalls_a32.o)
 .ARM.extab.text._utee_cipher_init
                0x0000000000016418        0x0 /home/qemu-sgx/devel/optee/optee_os/out/arm/export-ta_arm32/lib/libutee.a(utee_syscalls_a32.o)
 .ARM.extab.text._utee_cipher_update
                0x0000000000016418        0x0 /home/qemu-sgx/devel/optee/optee_os/out/arm/export-ta_arm32/lib/libutee.a(utee_syscalls_a32.o)
 .ARM.extab.text._utee_cipher_final
                0x0000000000016418        0x0 /home/qemu-sgx/devel/optee/optee_os/out/arm/export-ta_arm32/lib/libutee.a(utee_syscalls_a32.o)
 .ARM.extab.text._utee_cryp_obj_get_info
                0x0000000000016418        0x0 /home/qemu-sgx/devel/optee/optee_os/out/arm/export-ta_arm32/lib/libutee.a(utee_syscalls_a32.o)
 .ARM.extab.text._utee_cryp_obj_restrict_usage
                0x0000000000016418        0x0 /home/qemu-sgx/devel/optee/optee_os/out/arm/export-ta_arm32/lib/libutee.a(utee_syscalls_a32.o)
 .ARM.extab.text._utee_cryp_obj_get_attr
                0x0000000000016418        0x0 /home/qemu-sgx/devel/optee/optee_os/out/arm/export-ta_arm32/lib/libutee.a(utee_syscalls_a32.o)
 .ARM.extab.text._utee_cryp_obj_alloc
                0x0000000000016418        0x0 /home/qemu-sgx/devel/optee/optee_os/out/arm/export-ta_arm32/lib/libutee.a(utee_syscalls_a32.o)
 .ARM.extab.text._utee_cryp_obj_close
                0x0000000000016418        0x0 /home/qemu-sgx/devel/optee/optee_os/out/arm/export-ta_arm32/lib/libutee.a(utee_syscalls_a32.o)
 .ARM.extab.text._utee_cryp_obj_reset
                0x0000000000016418        0x0 /home/qemu-sgx/devel/optee/optee_os/out/arm/export-ta_arm32/lib/libutee.a(utee_syscalls_a32.o)
 .ARM.extab.text._utee_cryp_obj_populate
                0x0000000000016418        0x0 /home/qemu-sgx/devel/optee/optee_os/out/arm/export-ta_arm32/lib/libutee.a(utee_syscalls_a32.o)
 .ARM.extab.text._utee_cryp_obj_copy
                0x0000000000016418        0x0 /home/qemu-sgx/devel/optee/optee_os/out/arm/export-ta_arm32/lib/libutee.a(utee_syscalls_a32.o)
 .ARM.extab.text._utee_cryp_derive_key
                0x0000000000016418        0x0 /home/qemu-sgx/devel/optee/optee_os/out/arm/export-ta_arm32/lib/libutee.a(utee_syscalls_a32.o)
 .ARM.extab.text._utee_cryp_random_number_generate
                0x0000000000016418        0x0 /home/qemu-sgx/devel/optee/optee_os/out/arm/export-ta_arm32/lib/libutee.a(utee_syscalls_a32.o)
 .ARM.extab.text._utee_authenc_init
                0x0000000000016418        0x0 /home/qemu-sgx/devel/optee/optee_os/out/arm/export-ta_arm32/lib/libutee.a(utee_syscalls_a32.o)
 .ARM.extab.text._utee_authenc_update_aad
                0x0000000000016418        0x0 /home/qemu-sgx/devel/optee/optee_os/out/arm/export-ta_arm32/lib/libutee.a(utee_syscalls_a32.o)
 .ARM.extab.text._utee_authenc_update_payload
                0x0000000000016418        0x0 /home/qemu-sgx/devel/optee/optee_os/out/arm/export-ta_arm32/lib/libutee.a(utee_syscalls_a32.o)
 .ARM.extab.text._utee_authenc_enc_final
                0x0000000000016418        0x0 /home/qemu-sgx/devel/optee/optee_os/out/arm/export-ta_arm32/lib/libutee.a(utee_syscalls_a32.o)
 .ARM.extab.text._utee_authenc_dec_final
                0x0000000000016418        0x0 /home/qemu-sgx/devel/optee/optee_os/out/arm/export-ta_arm32/lib/libutee.a(utee_syscalls_a32.o)
 .ARM.extab.text._utee_asymm_operate
                0x0000000000016418        0x0 /home/qemu-sgx/devel/optee/optee_os/out/arm/export-ta_arm32/lib/libutee.a(utee_syscalls_a32.o)
 .ARM.extab.text._utee_asymm_verify
                0x0000000000016418        0x0 /home/qemu-sgx/devel/optee/optee_os/out/arm/export-ta_arm32/lib/libutee.a(utee_syscalls_a32.o)
 .ARM.extab.text._utee_storage_obj_open
                0x0000000000016418        0x0 /home/qemu-sgx/devel/optee/optee_os/out/arm/export-ta_arm32/lib/libutee.a(utee_syscalls_a32.o)
 .ARM.extab.text._utee_storage_obj_create
                0x0000000000016418        0x0 /home/qemu-sgx/devel/optee/optee_os/out/arm/export-ta_arm32/lib/libutee.a(utee_syscalls_a32.o)
 .ARM.extab.text._utee_storage_obj_del
                0x0000000000016418        0x0 /home/qemu-sgx/devel/optee/optee_os/out/arm/export-ta_arm32/lib/libutee.a(utee_syscalls_a32.o)
 .ARM.extab.text._utee_storage_obj_rename
                0x0000000000016418        0x0 /home/qemu-sgx/devel/optee/optee_os/out/arm/export-ta_arm32/lib/libutee.a(utee_syscalls_a32.o)
 .ARM.extab.text._utee_storage_alloc_enum
                0x0000000000016418        0x0 /home/qemu-sgx/devel/optee/optee_os/out/arm/export-ta_arm32/lib/libutee.a(utee_syscalls_a32.o)
 .ARM.extab.text._utee_storage_free_enum
                0x0000000000016418        0x0 /home/qemu-sgx/devel/optee/optee_os/out/arm/export-ta_arm32/lib/libutee.a(utee_syscalls_a32.o)
 .ARM.extab.text._utee_storage_reset_enum
                0x0000000000016418        0x0 /home/qemu-sgx/devel/optee/optee_os/out/arm/export-ta_arm32/lib/libutee.a(utee_syscalls_a32.o)
 .ARM.extab.text._utee_storage_start_enum
                0x0000000000016418        0x0 /home/qemu-sgx/devel/optee/optee_os/out/arm/export-ta_arm32/lib/libutee.a(utee_syscalls_a32.o)
 .ARM.extab.text._utee_storage_next_enum
                0x0000000000016418        0x0 /home/qemu-sgx/devel/optee/optee_os/out/arm/export-ta_arm32/lib/libutee.a(utee_syscalls_a32.o)
 .ARM.extab.text._utee_storage_obj_read
                0x0000000000016418        0x0 /home/qemu-sgx/devel/optee/optee_os/out/arm/export-ta_arm32/lib/libutee.a(utee_syscalls_a32.o)
 .ARM.extab.text._utee_storage_obj_write
                0x0000000000016418        0x0 /home/qemu-sgx/devel/optee/optee_os/out/arm/export-ta_arm32/lib/libutee.a(utee_syscalls_a32.o)
 .ARM.extab.text._utee_storage_obj_trunc
                0x0000000000016418        0x0 /home/qemu-sgx/devel/optee/optee_os/out/arm/export-ta_arm32/lib/libutee.a(utee_syscalls_a32.o)
 .ARM.extab.text._utee_storage_obj_seek
                0x0000000000016418        0x0 /home/qemu-sgx/devel/optee/optee_os/out/arm/export-ta_arm32/lib/libutee.a(utee_syscalls_a32.o)
 .ARM.extab.text._utee_cryp_obj_generate_key
                0x0000000000016418        0x0 /home/qemu-sgx/devel/optee/optee_os/out/arm/export-ta_arm32/lib/libutee.a(utee_syscalls_a32.o)
 .ARM.extab.text._utee_cache_operation
                0x0000000000016418        0x0 /home/qemu-sgx/devel/optee/optee_os/out/arm/export-ta_arm32/lib/libutee.a(utee_syscalls_a32.o)
 .ARM.extab     0x0000000000016418        0x0 /home/qemu-sgx/devel/optee/optee_os/out/arm/export-ta_arm32/lib/libutee.a(abort.o)
                [!provide]                        PROVIDE (__exidx_start = .)

.ARM.exidx      0x0000000000016418      0xb90
 *(SORT_BY_ALIGNMENT(.ARM.exidx*) SORT_BY_ALIGNMENT(.gnu.linkonce.armexidx.*))
 .ARM.exidx     0x0000000000016418       0x58 out/ta_entry.o
                                         0x60 (size before relaxing)
 .ARM.exidx     0x0000000000016dd8       0x10 out/user_ta_header.o
 .ARM.exidx.text.__ta_entry
                0x0000000000016470        0x8 out/ta_entry_a32.o
 .ARM.exidx     0x0000000000016478      0x188 /home/qemu-sgx/devel/optee/optee_os/out/arm/export-ta_arm32/lib/libutils.a(bget_malloc.o)
 .ARM.exidx     0x0000000000016de8        0x8 /home/qemu-sgx/devel/optee/optee_os/out/arm/export-ta_arm32/lib/libutils.a(strndup.o)
 .ARM.exidx     0x0000000000016df0        0x8 /home/qemu-sgx/devel/optee/optee_os/out/arm/export-ta_arm32/lib/libutils.a(memcpy.o)
 .ARM.exidx     0x0000000000016df8        0x8 /home/qemu-sgx/devel/optee/optee_os/out/arm/export-ta_arm32/lib/libutils.a(memset.o)
 .ARM.exidx     0x0000000000016e00        0x8 /home/qemu-sgx/devel/optee/optee_os/out/arm/export-ta_arm32/lib/libutils.a(strnlen.o)
 .ARM.exidx     0x0000000000016600       0x40 /home/qemu-sgx/devel/optee/optee_os/out/arm/export-ta_arm32/lib/libutils.a(trace.o)
 .ARM.exidx     0x0000000000016e08        0x8 /home/qemu-sgx/devel/optee/optee_os/out/arm/export-ta_arm32/lib/libutils.a(aeabi_unwind.o)
                                         0x18 (size before relaxing)
 .ARM.exidx     0x0000000000016640       0x30 /home/qemu-sgx/devel/optee/optee_os/out/arm/export-ta_arm32/lib/libutils.a(snprintk.o)
 .ARM.exidx     0x0000000000016e10        0x8 /home/qemu-sgx/devel/optee/optee_os/out/arm/export-ta_arm32/lib/libutils.a(memchr.o)
 .ARM.exidx     0x0000000000016e18        0x8 /home/qemu-sgx/devel/optee/optee_os/out/arm/export-ta_arm32/lib/libutils.a(strlen.o)
 .ARM.exidx.text.__aeabi_ldivmod
                0x0000000000016670        0x8 /home/qemu-sgx/devel/optee/optee_os/out/arm/export-ta_arm32/lib/libutils.a(arm32_aeabi_ldivmod_a32.o)
 .ARM.exidx.text.__aeabi_uldivmod
                0x0000000000016678        0x8 /home/qemu-sgx/devel/optee/optee_os/out/arm/export-ta_arm32/lib/libutils.a(arm32_aeabi_ldivmod_a32.o)
 .ARM.exidx     0x0000000000016e20       0x20 /home/qemu-sgx/devel/optee/optee_os/out/arm/export-ta_arm32/lib/libutils.a(arm32_aeabi_ldivmod.o)
 .ARM.exidx     0x0000000000016680       0x10 /home/qemu-sgx/devel/optee/optee_os/out/arm/export-ta_arm32/lib/libutee.a(assert.o)
 .ARM.exidx     0x0000000000016690       0x28 /home/qemu-sgx/devel/optee/optee_os/out/arm/export-ta_arm32/lib/libutee.a(trace_ext.o)
 .ARM.exidx     0x00000000000166b8      0x110 /home/qemu-sgx/devel/optee/optee_os/out/arm/export-ta_arm32/lib/libutee.a(tee_api_operations.o)
                                        0x120 (size before relaxing)
 .ARM.exidx     0x00000000000167c8       0x48 /home/qemu-sgx/devel/optee/optee_os/out/arm/export-ta_arm32/lib/libutee.a(tee_api_panic.o)
 .ARM.exidx     0x0000000000016e40       0x48 /home/qemu-sgx/devel/optee/optee_os/out/arm/export-ta_arm32/lib/libutee.a(tee_tcpudp_socket.o)
 .ARM.exidx.text._utee_panic
                0x0000000000016810        0x8 /home/qemu-sgx/devel/optee/optee_os/out/arm/export-ta_arm32/lib/libutee.a(utee_syscalls_a32.o)
 .ARM.exidx.text._utee_return
                0x0000000000016818        0x8 /home/qemu-sgx/devel/optee/optee_os/out/arm/export-ta_arm32/lib/libutee.a(utee_syscalls_a32.o)
 .ARM.exidx.text._utee_log
                0x0000000000016820        0x0 /home/qemu-sgx/devel/optee/optee_os/out/arm/export-ta_arm32/lib/libutee.a(utee_syscalls_a32.o)
                                          0x8 (size before relaxing)
 .ARM.exidx.text.__utee_panic
                0x0000000000016820        0x0 /home/qemu-sgx/devel/optee/optee_os/out/arm/export-ta_arm32/lib/libutee.a(utee_syscalls_a32.o)
                                          0x8 (size before relaxing)
 .ARM.exidx.text._utee_get_property
                0x0000000000016820        0x0 /home/qemu-sgx/devel/optee/optee_os/out/arm/export-ta_arm32/lib/libutee.a(utee_syscalls_a32.o)
                                          0x8 (size before relaxing)
 .ARM.exidx.text._utee_get_property_name_to_index
                0x0000000000016820        0x0 /home/qemu-sgx/devel/optee/optee_os/out/arm/export-ta_arm32/lib/libutee.a(utee_syscalls_a32.o)
                                          0x8 (size before relaxing)
 .ARM.exidx.text._utee_open_ta_session
                0x0000000000016820        0x0 /home/qemu-sgx/devel/optee/optee_os/out/arm/export-ta_arm32/lib/libutee.a(utee_syscalls_a32.o)
                                          0x8 (size before relaxing)
 .ARM.exidx.text._utee_close_ta_session
                0x0000000000016820        0x0 /home/qemu-sgx/devel/optee/optee_os/out/arm/export-ta_arm32/lib/libutee.a(utee_syscalls_a32.o)
                                          0x8 (size before relaxing)
 .ARM.exidx.text._utee_invoke_ta_command
                0x0000000000016820        0x0 /home/qemu-sgx/devel/optee/optee_os/out/arm/export-ta_arm32/lib/libutee.a(utee_syscalls_a32.o)
                                          0x8 (size before relaxing)
 .ARM.exidx.text._utee_get_cancellation_flag
                0x0000000000016820        0x0 /home/qemu-sgx/devel/optee/optee_os/out/arm/export-ta_arm32/lib/libutee.a(utee_syscalls_a32.o)
                                          0x8 (size before relaxing)
 .ARM.exidx.text._utee_check_access_rights
                0x0000000000016820        0x0 /home/qemu-sgx/devel/optee/optee_os/out/arm/export-ta_arm32/lib/libutee.a(utee_syscalls_a32.o)
                                          0x8 (size before relaxing)
 .ARM.exidx.text._utee_unmask_cancellation
                0x0000000000016820        0x0 /home/qemu-sgx/devel/optee/optee_os/out/arm/export-ta_arm32/lib/libutee.a(utee_syscalls_a32.o)
                                          0x8 (size before relaxing)
 .ARM.exidx.text._utee_mask_cancellation
                0x0000000000016820        0x0 /home/qemu-sgx/devel/optee/optee_os/out/arm/export-ta_arm32/lib/libutee.a(utee_syscalls_a32.o)
                                          0x8 (size before relaxing)
 .ARM.exidx.text._utee_wait
                0x0000000000016820        0x0 /home/qemu-sgx/devel/optee/optee_os/out/arm/export-ta_arm32/lib/libutee.a(utee_syscalls_a32.o)
                                          0x8 (size before relaxing)
 .ARM.exidx.text._utee_get_time
                0x0000000000016820        0x0 /home/qemu-sgx/devel/optee/optee_os/out/arm/export-ta_arm32/lib/libutee.a(utee_syscalls_a32.o)
                                          0x8 (size before relaxing)
 .ARM.exidx.text._utee_set_ta_time
                0x0000000000016820        0x0 /home/qemu-sgx/devel/optee/optee_os/out/arm/export-ta_arm32/lib/libutee.a(utee_syscalls_a32.o)
                                          0x8 (size before relaxing)
 .ARM.exidx.text._utee_cryp_state_alloc
                0x0000000000016820        0x0 /home/qemu-sgx/devel/optee/optee_os/out/arm/export-ta_arm32/lib/libutee.a(utee_syscalls_a32.o)
                                          0x8 (size before relaxing)
 .ARM.exidx.text._utee_cryp_state_copy
                0x0000000000016820        0x0 /home/qemu-sgx/devel/optee/optee_os/out/arm/export-ta_arm32/lib/libutee.a(utee_syscalls_a32.o)
                                          0x8 (size before relaxing)
 .ARM.exidx.text._utee_cryp_state_free
                0x0000000000016820        0x0 /home/qemu-sgx/devel/optee/optee_os/out/arm/export-ta_arm32/lib/libutee.a(utee_syscalls_a32.o)
                                          0x8 (size before relaxing)
 .ARM.exidx.text._utee_hash_init
                0x0000000000016820        0x0 /home/qemu-sgx/devel/optee/optee_os/out/arm/export-ta_arm32/lib/libutee.a(utee_syscalls_a32.o)
                                          0x8 (size before relaxing)
 .ARM.exidx.text._utee_hash_update
                0x0000000000016820        0x0 /home/qemu-sgx/devel/optee/optee_os/out/arm/export-ta_arm32/lib/libutee.a(utee_syscalls_a32.o)
                                          0x8 (size before relaxing)
 .ARM.exidx.text._utee_hash_final
                0x0000000000016820        0x0 /home/qemu-sgx/devel/optee/optee_os/out/arm/export-ta_arm32/lib/libutee.a(utee_syscalls_a32.o)
                                          0x8 (size before relaxing)
 .ARM.exidx.text._utee_cipher_init
                0x0000000000016820        0x0 /home/qemu-sgx/devel/optee/optee_os/out/arm/export-ta_arm32/lib/libutee.a(utee_syscalls_a32.o)
                                          0x8 (size before relaxing)
 .ARM.exidx.text._utee_cipher_update
                0x0000000000016820        0x0 /home/qemu-sgx/devel/optee/optee_os/out/arm/export-ta_arm32/lib/libutee.a(utee_syscalls_a32.o)
                                          0x8 (size before relaxing)
 .ARM.exidx.text._utee_cipher_final
                0x0000000000016820        0x0 /home/qemu-sgx/devel/optee/optee_os/out/arm/export-ta_arm32/lib/libutee.a(utee_syscalls_a32.o)
                                          0x8 (size before relaxing)
 .ARM.exidx.text._utee_cryp_obj_get_info
                0x0000000000016820        0x0 /home/qemu-sgx/devel/optee/optee_os/out/arm/export-ta_arm32/lib/libutee.a(utee_syscalls_a32.o)
                                          0x8 (size before relaxing)
 .ARM.exidx.text._utee_cryp_obj_restrict_usage
                0x0000000000016820        0x0 /home/qemu-sgx/devel/optee/optee_os/out/arm/export-ta_arm32/lib/libutee.a(utee_syscalls_a32.o)
                                          0x8 (size before relaxing)
 .ARM.exidx.text._utee_cryp_obj_get_attr
                0x0000000000016820        0x0 /home/qemu-sgx/devel/optee/optee_os/out/arm/export-ta_arm32/lib/libutee.a(utee_syscalls_a32.o)
                                          0x8 (size before relaxing)
 .ARM.exidx.text._utee_cryp_obj_alloc
                0x0000000000016820        0x0 /home/qemu-sgx/devel/optee/optee_os/out/arm/export-ta_arm32/lib/libutee.a(utee_syscalls_a32.o)
                                          0x8 (size before relaxing)
 .ARM.exidx.text._utee_cryp_obj_close
                0x0000000000016820        0x0 /home/qemu-sgx/devel/optee/optee_os/out/arm/export-ta_arm32/lib/libutee.a(utee_syscalls_a32.o)
                                          0x8 (size before relaxing)
 .ARM.exidx.text._utee_cryp_obj_reset
                0x0000000000016820        0x0 /home/qemu-sgx/devel/optee/optee_os/out/arm/export-ta_arm32/lib/libutee.a(utee_syscalls_a32.o)
                                          0x8 (size before relaxing)
 .ARM.exidx.text._utee_cryp_obj_populate
                0x0000000000016820        0x0 /home/qemu-sgx/devel/optee/optee_os/out/arm/export-ta_arm32/lib/libutee.a(utee_syscalls_a32.o)
                                          0x8 (size before relaxing)
 .ARM.exidx.text._utee_cryp_obj_copy
                0x0000000000016820        0x0 /home/qemu-sgx/devel/optee/optee_os/out/arm/export-ta_arm32/lib/libutee.a(utee_syscalls_a32.o)
                                          0x8 (size before relaxing)
 .ARM.exidx.text._utee_cryp_derive_key
                0x0000000000016820        0x0 /home/qemu-sgx/devel/optee/optee_os/out/arm/export-ta_arm32/lib/libutee.a(utee_syscalls_a32.o)
                                          0x8 (size before relaxing)
 .ARM.exidx.text._utee_cryp_random_number_generate
                0x0000000000016820        0x0 /home/qemu-sgx/devel/optee/optee_os/out/arm/export-ta_arm32/lib/libutee.a(utee_syscalls_a32.o)
                                          0x8 (size before relaxing)
 .ARM.exidx.text._utee_authenc_init
                0x0000000000016820        0x0 /home/qemu-sgx/devel/optee/optee_os/out/arm/export-ta_arm32/lib/libutee.a(utee_syscalls_a32.o)
                                          0x8 (size before relaxing)
 .ARM.exidx.text._utee_authenc_update_aad
                0x0000000000016820        0x0 /home/qemu-sgx/devel/optee/optee_os/out/arm/export-ta_arm32/lib/libutee.a(utee_syscalls_a32.o)
                                          0x8 (size before relaxing)
 .ARM.exidx.text._utee_authenc_update_payload
                0x0000000000016820        0x0 /home/qemu-sgx/devel/optee/optee_os/out/arm/export-ta_arm32/lib/libutee.a(utee_syscalls_a32.o)
                                          0x8 (size before relaxing)
 .ARM.exidx.text._utee_authenc_enc_final
                0x0000000000016820        0x0 /home/qemu-sgx/devel/optee/optee_os/out/arm/export-ta_arm32/lib/libutee.a(utee_syscalls_a32.o)
                                          0x8 (size before relaxing)
 .ARM.exidx.text._utee_authenc_dec_final
                0x0000000000016820        0x0 /home/qemu-sgx/devel/optee/optee_os/out/arm/export-ta_arm32/lib/libutee.a(utee_syscalls_a32.o)
                                          0x8 (size before relaxing)
 .ARM.exidx.text._utee_asymm_operate
                0x0000000000016820        0x0 /home/qemu-sgx/devel/optee/optee_os/out/arm/export-ta_arm32/lib/libutee.a(utee_syscalls_a32.o)
                                          0x8 (size before relaxing)
 .ARM.exidx.text._utee_asymm_verify
                0x0000000000016820        0x0 /home/qemu-sgx/devel/optee/optee_os/out/arm/export-ta_arm32/lib/libutee.a(utee_syscalls_a32.o)
                                          0x8 (size before relaxing)
 .ARM.exidx.text._utee_storage_obj_open
                0x0000000000016820        0x0 /home/qemu-sgx/devel/optee/optee_os/out/arm/export-ta_arm32/lib/libutee.a(utee_syscalls_a32.o)
                                          0x8 (size before relaxing)
 .ARM.exidx.text._utee_storage_obj_create
                0x0000000000016820        0x0 /home/qemu-sgx/devel/optee/optee_os/out/arm/export-ta_arm32/lib/libutee.a(utee_syscalls_a32.o)
                                          0x8 (size before relaxing)
 .ARM.exidx.text._utee_storage_obj_del
                0x0000000000016820        0x0 /home/qemu-sgx/devel/optee/optee_os/out/arm/export-ta_arm32/lib/libutee.a(utee_syscalls_a32.o)
                                          0x8 (size before relaxing)
 .ARM.exidx.text._utee_storage_obj_rename
                0x0000000000016820        0x0 /home/qemu-sgx/devel/optee/optee_os/out/arm/export-ta_arm32/lib/libutee.a(utee_syscalls_a32.o)
                                          0x8 (size before relaxing)
 .ARM.exidx.text._utee_storage_alloc_enum
                0x0000000000016820        0x0 /home/qemu-sgx/devel/optee/optee_os/out/arm/export-ta_arm32/lib/libutee.a(utee_syscalls_a32.o)
                                          0x8 (size before relaxing)
 .ARM.exidx.text._utee_storage_free_enum
                0x0000000000016820        0x0 /home/qemu-sgx/devel/optee/optee_os/out/arm/export-ta_arm32/lib/libutee.a(utee_syscalls_a32.o)
                                          0x8 (size before relaxing)
 .ARM.exidx.text._utee_storage_reset_enum
                0x0000000000016820        0x0 /home/qemu-sgx/devel/optee/optee_os/out/arm/export-ta_arm32/lib/libutee.a(utee_syscalls_a32.o)
                                          0x8 (size before relaxing)
 .ARM.exidx.text._utee_storage_start_enum
                0x0000000000016820        0x0 /home/qemu-sgx/devel/optee/optee_os/out/arm/export-ta_arm32/lib/libutee.a(utee_syscalls_a32.o)
                                          0x8 (size before relaxing)
 .ARM.exidx.text._utee_storage_next_enum
                0x0000000000016820        0x0 /home/qemu-sgx/devel/optee/optee_os/out/arm/export-ta_arm32/lib/libutee.a(utee_syscalls_a32.o)
                                          0x8 (size before relaxing)
 .ARM.exidx.text._utee_storage_obj_read
                0x0000000000016820        0x0 /home/qemu-sgx/devel/optee/optee_os/out/arm/export-ta_arm32/lib/libutee.a(utee_syscalls_a32.o)
                                          0x8 (size before relaxing)
 .ARM.exidx.text._utee_storage_obj_write
                0x0000000000016820        0x0 /home/qemu-sgx/devel/optee/optee_os/out/arm/export-ta_arm32/lib/libutee.a(utee_syscalls_a32.o)
                                          0x8 (size before relaxing)
 .ARM.exidx.text._utee_storage_obj_trunc
                0x0000000000016820        0x0 /home/qemu-sgx/devel/optee/optee_os/out/arm/export-ta_arm32/lib/libutee.a(utee_syscalls_a32.o)
                                          0x8 (size before relaxing)
 .ARM.exidx.text._utee_storage_obj_seek
                0x0000000000016820        0x0 /home/qemu-sgx/devel/optee/optee_os/out/arm/export-ta_arm32/lib/libutee.a(utee_syscalls_a32.o)
                                          0x8 (size before relaxing)
 .ARM.exidx.text._utee_cryp_obj_generate_key
                0x0000000000016820        0x0 /home/qemu-sgx/devel/optee/optee_os/out/arm/export-ta_arm32/lib/libutee.a(utee_syscalls_a32.o)
                                          0x8 (size before relaxing)
 .ARM.exidx.text._utee_cache_operation
                0x0000000000016820        0x0 /home/qemu-sgx/devel/optee/optee_os/out/arm/export-ta_arm32/lib/libutee.a(utee_syscalls_a32.o)
                                          0x8 (size before relaxing)
 .ARM.exidx     0x0000000000016820       0x90 /home/qemu-sgx/devel/optee/optee_os/out/arm/export-ta_arm32/lib/libutee.a(user_ta_entry.o)
                                         0x98 (size before relaxing)
 .ARM.exidx     0x00000000000168b0        0x8 /home/qemu-sgx/devel/optee/optee_os/out/arm/export-ta_arm32/lib/libutee.a(abort.o)
 .ARM.exidx     0x00000000000168b8       0xc8 /home/qemu-sgx/devel/optee/optee_os/out/arm/export-ta_arm32/lib/libutee.a(tee_api.o)
 .ARM.exidx     0x0000000000016980      0x158 /home/qemu-sgx/devel/optee/optee_os/out/arm/export-ta_arm32/lib/libutee.a(tee_api_arith_mpi.o)
 .ARM.exidx     0x0000000000016e88       0xf8 /home/qemu-sgx/devel/optee/optee_os/out/arm/export-ta_arm32/lib/libutee.a(tee_api_objects.o)
 .ARM.exidx     0x0000000000016ad8       0x30 /home/qemu-sgx/devel/optee/optee_os/out/arm/export-ta_arm32/lib/libutee.a(tee_socket_pta.o)
 .ARM.exidx     0x0000000000016b08       0x30 /home/qemu-sgx/devel/optee/optee_os/out/arm/export-ta_arm32/lib/libutee.a(tee_system_pta.o)
 .ARM.exidx     0x0000000000016b38       0x18 /home/qemu-sgx/devel/optee/optee_os/out/arm/export-ta_arm32/lib/libutee.a(tcb.o)
 .ARM.exidx     0x0000000000016b50      0x250 /home/qemu-sgx/devel/optee/optee_os/out/arm/export-ta_arm32/lib/libmbedtls.a(bignum.o)
 .ARM.exidx     0x0000000000016da0        0x8 /home/qemu-sgx/devel/optee/optee_os/out/arm/export-ta_arm32/lib/libmbedtls.a(platform_util.o)
 .ARM.exidx     0x0000000000016f80       0x10 /home/qemu-sgx/devel/optee/optee_os/out/arm/export-ta_arm32/lib/libutils.a(snprintf.o)
 .ARM.exidx     0x0000000000016f90        0x8 /home/qemu-sgx/devel/optee/optee_os/out/arm/export-ta_arm32/lib/libutils.a(memmove.o)
 .ARM.exidx     0x0000000000016da8       0x30 /home/qemu-sgx/devel/optee/optee_os/out/arm/export-ta_arm32/lib/libutils.a(mempool.o)
 .ARM.exidx     0x0000000000016f98       0x10 /home/qemu-sgx/devel/optee/optee_os/out/arm/export-ta_arm32/lib/libutils.a(consttime_memcmp.o)
                                          0x8 (size before relaxing)
                [!provide]                        PROVIDE (__exidx_end = .)

.ctors
 *(SORT_BY_ALIGNMENT(.ctors))

.dtors
 *(SORT_BY_ALIGNMENT(.dtors))

.dynsym         0x0000000000016fa8       0x60
 *(SORT_BY_ALIGNMENT(.dynsym))
 .dynsym        0x0000000000016fa8       0x60 out/ta_entry.o

.dynstr         0x0000000000017008       0x2e
 *(SORT_BY_ALIGNMENT(.dynstr))
 .dynstr        0x0000000000017008       0x2e out/ta_entry.o

.hash           0x0000000000017038       0x2c
 *(SORT_BY_ALIGNMENT(.hash))
 .hash          0x0000000000017038       0x2c out/ta_entry.o
                0x0000000000018000                . = ALIGN (0x1000)

.dynamic        0x0000000000018000       0x88
 *(SORT_BY_ALIGNMENT(.dynamic))
 .dynamic       0x0000000000018000       0x88 out/ta_entry.o
                0x0000000000018000                _DYNAMIC

.tdata
 *(SORT_BY_ALIGNMENT(.tdata) SORT_BY_ALIGNMENT(.tdata.*) SORT_BY_ALIGNMENT(.gnu.linkonce.td.*))

.tbss
 *(SORT_BY_ALIGNMENT(.tbss) SORT_BY_ALIGNMENT(.tbss.*) SORT_BY_ALIGNMENT(.gnu.linkonce.tb.*))
 *(SORT_BY_ALIGNMENT(.tcommon))

.got            0x0000000000018088       0x50
 *(SORT_BY_ALIGNMENT(.got.plt))
 .got.plt       0x0000000000018088        0xc out/ta_entry.o
                0x0000000000018088                _GLOBAL_OFFSET_TABLE_
 *(SORT_BY_ALIGNMENT(.got))
 .got           0x0000000000018094       0x44 out/ta_entry.o

.rel.text
 *(SORT_BY_ALIGNMENT(.rel.text))
 *(SORT_BY_ALIGNMENT(.rel.gnu.linkonce.t*))

.rela.text
 *(SORT_BY_ALIGNMENT(.rela.text))
 *(SORT_BY_ALIGNMENT(.rela.gnu.linkonce.t*))

.rel.data
 *(SORT_BY_ALIGNMENT(.rel.data))
 *(SORT_BY_ALIGNMENT(.rel.gnu.linkonce.d*))

.rela.data
 *(SORT_BY_ALIGNMENT(.rela.data))
 *(SORT_BY_ALIGNMENT(.rela.gnu.linkonce.d*))

.rel.tdata
 *(SORT_BY_ALIGNMENT(.rel.tdata) SORT_BY_ALIGNMENT(.rel.tdata.*) SORT_BY_ALIGNMENT(.rel.gnu.linkonce.td.*))

.rela.tdata
 *(SORT_BY_ALIGNMENT(.rela.tdata) SORT_BY_ALIGNMENT(.rela.tdata.*) SORT_BY_ALIGNMENT(.rela.gnu.linkonce.td.*))

.rel.tbss
 *(SORT_BY_ALIGNMENT(.rel.tbss) SORT_BY_ALIGNMENT(.rel.tbss.*) SORT_BY_ALIGNMENT(.rel.gnu.linkonce.tb.*))

.rela.tbss
 *(SORT_BY_ALIGNMENT(.rela.tbss) SORT_BY_ALIGNMENT(.rela.tbss.*) SORT_BY_ALIGNMENT(.rela.gnu.linkonce.tb.*))

.rel.rodata
 *(SORT_BY_ALIGNMENT(.rel.rodata))
 *(SORT_BY_ALIGNMENT(.rel.gnu.linkonce.r*))

.rela.rodata
 *(SORT_BY_ALIGNMENT(.rela.rodata))
 *(SORT_BY_ALIGNMENT(.rela.gnu.linkonce.r*))

.rel.dyn        0x00000000000180d8      0x118
 *(SORT_BY_ALIGNMENT(.rel.dyn))
 .rel.data.rel.ro
                0x00000000000180d8        0x0 out/ta_entry.o
 .rel.iplt      0x00000000000180d8        0x0 out/ta_entry.o
 .rel.data.rel.ro.local
                0x00000000000180d8       0xe0 out/ta_entry.o
 .rel.data.rel.local
                0x00000000000181b8       0x30 out/ta_entry.o
 .rel.data.rel  0x00000000000181e8        0x8 out/ta_entry.o

.rel.got        0x00000000000181f0       0x88
 *(SORT_BY_ALIGNMENT(.rel.got))
 .rel.got       0x00000000000181f0       0x88 out/ta_entry.o

.rela.got
 *(SORT_BY_ALIGNMENT(.rela.got))

.rel.ctors
 *(SORT_BY_ALIGNMENT(.rel.ctors))

.rela.ctors
 *(SORT_BY_ALIGNMENT(.rela.ctors))

.rel.dtors
 *(SORT_BY_ALIGNMENT(.rel.dtors))

.rela.dtors
 *(SORT_BY_ALIGNMENT(.rela.dtors))

.rel.init
 *(SORT_BY_ALIGNMENT(.rel.init))

.rela.init
 *(SORT_BY_ALIGNMENT(.rela.init))

.rel.fini
 *(SORT_BY_ALIGNMENT(.rel.fini))

.rela.fini
 *(SORT_BY_ALIGNMENT(.rela.fini))

.rel.bss        0x0000000000018278        0x0
 *(SORT_BY_ALIGNMENT(.rel.bss))
 .rel.bss       0x0000000000018278        0x0 out/ta_entry.o

.rela.bss
 *(SORT_BY_ALIGNMENT(.rela.bss))

.rel.plt        0x0000000000018278        0x0
 *(SORT_BY_ALIGNMENT(.rel.plt))
 .rel.plt       0x0000000000018278        0x0 out/ta_entry.o

.rela.plt
 *(SORT_BY_ALIGNMENT(.rela.plt))

.data           0x0000000000018278      0x130
 *(SORT_BY_ALIGNMENT(.data) SORT_BY_ALIGNMENT(.data.*) SORT_BY_ALIGNMENT(.gnu.linkonce.d.*))
 .data          0x0000000000018278        0x4 out/user_ta_header.o
                0x0000000000018278                trace_level
 .data.rel.ro.local
                0x000000000001827c       0x54 out/user_ta_header.o
                0x000000000001827c                ta_props
 .data          0x00000000000182d0        0x4 /home/qemu-sgx/devel/optee/optee_os/out/arm/export-ta_arm32/lib/libutils.a(bget_malloc.o)
 .data.rel.local
                0x00000000000182d4       0x78 /home/qemu-sgx/devel/optee/optee_os/out/arm/export-ta_arm32/lib/libutils.a(bget_malloc.o)
 .data.rel.ro.local
                0x000000000001834c       0x48 /home/qemu-sgx/devel/optee/optee_os/out/arm/export-ta_arm32/lib/libutee.a(tee_tcpudp_socket.o)
                0x000000000001838c                TEE_tcpSocket
                0x0000000000018390                TEE_udpSocket
 .data.rel.local
                0x0000000000018394       0x10 /home/qemu-sgx/devel/optee/optee_os/out/arm/export-ta_arm32/lib/libutee.a(user_ta_entry.o)
 .data.rel      0x00000000000183a4        0x4 /home/qemu-sgx/devel/optee/optee_os/out/arm/export-ta_arm32/lib/libmbedtls.a(platform_util.o)
 .data          0x00000000000183a8        0x0 out/ta_entry.o
 .data.rel.ro   0x00000000000183a8        0x0 out/ta_entry.o
 .data          0x00000000000183a8        0x0 out/ta_entry_a32.o
 .data          0x00000000000183a8        0x0 /home/qemu-sgx/devel/optee/optee_os/out/arm/export-ta_arm32/lib/libutils.a(strndup.o)
 .data          0x00000000000183a8        0x0 /home/qemu-sgx/devel/optee/optee_os/out/arm/export-ta_arm32/lib/libutils.a(memcpy.o)
 .data          0x00000000000183a8        0x0 /home/qemu-sgx/devel/optee/optee_os/out/arm/export-ta_arm32/lib/libutils.a(memset.o)
 .data          0x00000000000183a8        0x0 /home/qemu-sgx/devel/optee/optee_os/out/arm/export-ta_arm32/lib/libutils.a(strnlen.o)
 .data          0x00000000000183a8        0x0 /home/qemu-sgx/devel/optee/optee_os/out/arm/export-ta_arm32/lib/libutils.a(trace.o)
 .data          0x00000000000183a8        0x0 /home/qemu-sgx/devel/optee/optee_os/out/arm/export-ta_arm32/lib/libutils.a(aeabi_unwind.o)
 .data          0x00000000000183a8        0x0 /home/qemu-sgx/devel/optee/optee_os/out/arm/export-ta_arm32/lib/libutils.a(snprintk.o)
 .data          0x00000000000183a8        0x0 /home/qemu-sgx/devel/optee/optee_os/out/arm/export-ta_arm32/lib/libutils.a(memchr.o)
 .data          0x00000000000183a8        0x0 /home/qemu-sgx/devel/optee/optee_os/out/arm/export-ta_arm32/lib/libutils.a(strlen.o)
 .data          0x00000000000183a8        0x0 /home/qemu-sgx/devel/optee/optee_os/out/arm/export-ta_arm32/lib/libutils.a(arm32_aeabi_ldivmod_a32.o)
 .data          0x00000000000183a8        0x0 /home/qemu-sgx/devel/optee/optee_os/out/arm/export-ta_arm32/lib/libutils.a(arm32_aeabi_ldivmod.o)
 .data          0x00000000000183a8        0x0 /home/qemu-sgx/devel/optee/optee_os/out/arm/export-ta_arm32/lib/libutee.a(assert.o)
 .data          0x00000000000183a8        0x0 /home/qemu-sgx/devel/optee/optee_os/out/arm/export-ta_arm32/lib/libutee.a(trace_ext.o)
 .data          0x00000000000183a8        0x0 /home/qemu-sgx/devel/optee/optee_os/out/arm/export-ta_arm32/lib/libutee.a(tee_api_operations.o)
 .data          0x00000000000183a8        0x0 /home/qemu-sgx/devel/optee/optee_os/out/arm/export-ta_arm32/lib/libutee.a(tee_api_panic.o)
 .data          0x00000000000183a8        0x0 /home/qemu-sgx/devel/optee/optee_os/out/arm/export-ta_arm32/lib/libutee.a(tee_tcpudp_socket.o)
 .data          0x00000000000183a8        0x0 /home/qemu-sgx/devel/optee/optee_os/out/arm/export-ta_arm32/lib/libutee.a(utee_syscalls_a32.o)
 .data          0x00000000000183a8        0x0 /home/qemu-sgx/devel/optee/optee_os/out/arm/export-ta_arm32/lib/libutee.a(user_ta_entry.o)
 .data          0x00000000000183a8        0x0 /home/qemu-sgx/devel/optee/optee_os/out/arm/export-ta_arm32/lib/libutee.a(abort.o)
 .data          0x00000000000183a8        0x0 /home/qemu-sgx/devel/optee/optee_os/out/arm/export-ta_arm32/lib/libutee.a(tee_api.o)
 .data          0x00000000000183a8        0x0 /home/qemu-sgx/devel/optee/optee_os/out/arm/export-ta_arm32/lib/libutee.a(tee_api_arith_mpi.o)
 .data          0x00000000000183a8        0x0 /home/qemu-sgx/devel/optee/optee_os/out/arm/export-ta_arm32/lib/libutee.a(tee_api_objects.o)
 .data          0x00000000000183a8        0x0 /home/qemu-sgx/devel/optee/optee_os/out/arm/export-ta_arm32/lib/libutee.a(tee_socket_pta.o)
 .data          0x00000000000183a8        0x0 /home/qemu-sgx/devel/optee/optee_os/out/arm/export-ta_arm32/lib/libutee.a(tee_system_pta.o)
 .data          0x00000000000183a8        0x0 /home/qemu-sgx/devel/optee/optee_os/out/arm/export-ta_arm32/lib/libutee.a(tcb.o)
 .data          0x00000000000183a8        0x0 /home/qemu-sgx/devel/optee/optee_os/out/arm/export-ta_arm32/lib/libmbedtls.a(bignum.o)
 .data          0x00000000000183a8        0x0 /home/qemu-sgx/devel/optee/optee_os/out/arm/export-ta_arm32/lib/libmbedtls.a(platform_util.o)
 .data          0x00000000000183a8        0x0 /home/qemu-sgx/devel/optee/optee_os/out/arm/export-ta_arm32/lib/libutils.a(snprintf.o)
 .data          0x00000000000183a8        0x0 /home/qemu-sgx/devel/optee/optee_os/out/arm/export-ta_arm32/lib/libutils.a(memmove.o)
 .data          0x00000000000183a8        0x0 /home/qemu-sgx/devel/optee/optee_os/out/arm/export-ta_arm32/lib/libutils.a(mempool.o)
 .data          0x00000000000183a8        0x0 /home/qemu-sgx/devel/optee/optee_os/out/arm/export-ta_arm32/lib/libutils.a(consttime_memcmp.o)

.igot.plt       0x00000000000183a8        0x0
 .igot.plt      0x00000000000183a8        0x0 out/ta_entry.o

.bss            0x00000000000183a8     0xb060
 *(SORT_BY_ALIGNMENT(.bss) SORT_BY_ALIGNMENT(.bss.*) SORT_BY_ALIGNMENT(.gnu.linkonce.b.*) SORT_BY_ALIGNMENT(COMMON))
 .bss           0x00000000000183a8     0x8000 out/user_ta_header.o
                0x00000000000183a8                ta_heap
 .bss           0x00000000000203a8       0x10 /home/qemu-sgx/devel/optee/optee_os/out/arm/export-ta_arm32/lib/libutils.a(bget_malloc.o)
 .bss           0x00000000000203b8       0x38 /home/qemu-sgx/devel/optee/optee_os/out/arm/export-ta_arm32/lib/libutee.a(user_ta_entry.o)
                0x00000000000203b8                ta_param_types
                0x00000000000203bc                ta_params
                0x00000000000203dc                __elf_phdr_info
 .bss           0x00000000000203f0        0x4 /home/qemu-sgx/devel/optee/optee_os/out/arm/export-ta_arm32/lib/libutee.a(tee_api.o)
 .bss           0x00000000000203f4     0x3000 /home/qemu-sgx/devel/optee/optee_os/out/arm/export-ta_arm32/lib/libutee.a(tee_api_arith_mpi.o)
 .bss           0x00000000000233f4        0x4 /home/qemu-sgx/devel/optee/optee_os/out/arm/export-ta_arm32/lib/libutee.a(tee_socket_pta.o)
 .bss           0x00000000000233f8        0x4 /home/qemu-sgx/devel/optee/optee_os/out/arm/export-ta_arm32/lib/libutee.a(tee_system_pta.o)
 .bss           0x00000000000233fc        0x8 /home/qemu-sgx/devel/optee/optee_os/out/arm/export-ta_arm32/lib/libutee.a(tcb.o)
 .bss           0x0000000000023404        0x4 /home/qemu-sgx/devel/optee/optee_os/out/arm/export-ta_arm32/lib/libmbedtls.a(bignum.o)
                0x0000000000023404                mbedtls_mpi_mempool
 .bss           0x0000000000023408        0x0 out/ta_entry.o
 .bss           0x0000000000023408        0x0 out/ta_entry_a32.o
 .bss           0x0000000000023408        0x0 /home/qemu-sgx/devel/optee/optee_os/out/arm/export-ta_arm32/lib/libutils.a(strndup.o)
 .bss           0x0000000000023408        0x0 /home/qemu-sgx/devel/optee/optee_os/out/arm/export-ta_arm32/lib/libutils.a(memcpy.o)
 .bss           0x0000000000023408        0x0 /home/qemu-sgx/devel/optee/optee_os/out/arm/export-ta_arm32/lib/libutils.a(memset.o)
 .bss           0x0000000000023408        0x0 /home/qemu-sgx/devel/optee/optee_os/out/arm/export-ta_arm32/lib/libutils.a(strnlen.o)
 .bss           0x0000000000023408        0x0 /home/qemu-sgx/devel/optee/optee_os/out/arm/export-ta_arm32/lib/libutils.a(trace.o)
 .bss           0x0000000000023408        0x0 /home/qemu-sgx/devel/optee/optee_os/out/arm/export-ta_arm32/lib/libutils.a(aeabi_unwind.o)
 .bss           0x0000000000023408        0x0 /home/qemu-sgx/devel/optee/optee_os/out/arm/export-ta_arm32/lib/libutils.a(snprintk.o)
 .bss           0x0000000000023408        0x0 /home/qemu-sgx/devel/optee/optee_os/out/arm/export-ta_arm32/lib/libutils.a(memchr.o)
 .bss           0x0000000000023408        0x0 /home/qemu-sgx/devel/optee/optee_os/out/arm/export-ta_arm32/lib/libutils.a(strlen.o)
 .bss           0x0000000000023408        0x0 /home/qemu-sgx/devel/optee/optee_os/out/arm/export-ta_arm32/lib/libutils.a(arm32_aeabi_ldivmod_a32.o)
 .bss           0x0000000000023408        0x0 /home/qemu-sgx/devel/optee/optee_os/out/arm/export-ta_arm32/lib/libutils.a(arm32_aeabi_ldivmod.o)
 .bss           0x0000000000023408        0x0 /home/qemu-sgx/devel/optee/optee_os/out/arm/export-ta_arm32/lib/libutee.a(assert.o)
 .bss           0x0000000000023408        0x0 /home/qemu-sgx/devel/optee/optee_os/out/arm/export-ta_arm32/lib/libutee.a(trace_ext.o)
 .bss           0x0000000000023408        0x0 /home/qemu-sgx/devel/optee/optee_os/out/arm/export-ta_arm32/lib/libutee.a(tee_api_operations.o)
 .bss           0x0000000000023408        0x0 /home/qemu-sgx/devel/optee/optee_os/out/arm/export-ta_arm32/lib/libutee.a(tee_api_panic.o)
 .bss           0x0000000000023408        0x0 /home/qemu-sgx/devel/optee/optee_os/out/arm/export-ta_arm32/lib/libutee.a(tee_tcpudp_socket.o)
 .bss           0x0000000000023408        0x0 /home/qemu-sgx/devel/optee/optee_os/out/arm/export-ta_arm32/lib/libutee.a(utee_syscalls_a32.o)
 .bss           0x0000000000023408        0x0 /home/qemu-sgx/devel/optee/optee_os/out/arm/export-ta_arm32/lib/libutee.a(abort.o)
 .bss           0x0000000000023408        0x0 /home/qemu-sgx/devel/optee/optee_os/out/arm/export-ta_arm32/lib/libutee.a(tee_api_objects.o)
 .bss           0x0000000000023408        0x0 /home/qemu-sgx/devel/optee/optee_os/out/arm/export-ta_arm32/lib/libmbedtls.a(platform_util.o)
 .bss           0x0000000000023408        0x0 /home/qemu-sgx/devel/optee/optee_os/out/arm/export-ta_arm32/lib/libutils.a(snprintf.o)
 .bss           0x0000000000023408        0x0 /home/qemu-sgx/devel/optee/optee_os/out/arm/export-ta_arm32/lib/libutils.a(memmove.o)
 .bss           0x0000000000023408        0x0 /home/qemu-sgx/devel/optee/optee_os/out/arm/export-ta_arm32/lib/libutils.a(mempool.o)
 .bss           0x0000000000023408        0x0 /home/qemu-sgx/devel/optee/optee_os/out/arm/export-ta_arm32/lib/libutils.a(consttime_memcmp.o)
                0x0000000000023408                . = ALIGN (0x8)
                0x0000000000023408                __ftrace_buf_start = .
                0x0000000000023408                . = (. + DEFINED (__gnu_mcount_nc)?0x800:0x0)
                0x0000000000023408                __ftrace_buf_end = .

.dynbss         0x0000000000023408        0x0
 .dynbss        0x0000000000023408        0x0 out/ta_entry.o

/DISCARD/
 *(SORT_BY_ALIGNMENT(.interp))
LOAD out/ta_entry.o
LOAD out/user_ta_header.o
LOAD out/ta_entry_a32.o
START GROUP
LOAD /home/qemu-sgx/devel/optee/optee_os/out/arm/export-ta_arm32/lib/libutils.a
LOAD /home/qemu-sgx/devel/optee/optee_os/out/arm/export-ta_arm32/lib/libutee.a
LOAD /home/qemu-sgx/devel/optee/optee_os/out/arm/export-ta_arm32/lib/libmbedtls.a
LOAD /home/qemu-sgx/devel/optee/optee_os/out/arm/export-ta_arm32/lib/libdl.a
END GROUP
LOAD /home/qemu-sgx/devel/optee/toolchains/aarch32/bin/../lib/gcc/arm-none-linux-gnueabihf/10.2.1/libgcc.a
LOAD /home/qemu-sgx/devel/optee/optee_os/out/arm/export-ta_arm32/lib/libutils.a
OUTPUT(out/873bcd08-c2c3-11e6-a937-d0bf9c45c61c.elf elf32-littlearm)
LOAD linker stubs

.debug_info     0x0000000000000000     0xdab7
 .debug_info    0x0000000000000000      0x7bc out/ta_entry.o
 .debug_info    0x00000000000007bc      0x3a5 out/user_ta_header.o
 .debug_info    0x0000000000000b61       0x26 out/ta_entry_a32.o
 .debug_info    0x0000000000000b87     0x1791 /home/qemu-sgx/devel/optee/optee_os/out/arm/export-ta_arm32/lib/libutils.a(bget_malloc.o)
 .debug_info    0x0000000000002318       0xe3 /home/qemu-sgx/devel/optee/optee_os/out/arm/export-ta_arm32/lib/libutils.a(strndup.o)
 .debug_info    0x00000000000023fb      0x101 /home/qemu-sgx/devel/optee/optee_os/out/arm/export-ta_arm32/lib/libutils.a(memcpy.o)
 .debug_info    0x00000000000024fc       0xe7 /home/qemu-sgx/devel/optee/optee_os/out/arm/export-ta_arm32/lib/libutils.a(memset.o)
 .debug_info    0x00000000000025e3       0x9c /home/qemu-sgx/devel/optee/optee_os/out/arm/export-ta_arm32/lib/libutils.a(strnlen.o)
 .debug_info    0x000000000000267f      0x3b9 /home/qemu-sgx/devel/optee/optee_os/out/arm/export-ta_arm32/lib/libutils.a(trace.o)
 .debug_info    0x0000000000002a38       0x60 /home/qemu-sgx/devel/optee/optee_os/out/arm/export-ta_arm32/lib/libutils.a(aeabi_unwind.o)
 .debug_info    0x0000000000002a98      0x58e /home/qemu-sgx/devel/optee/optee_os/out/arm/export-ta_arm32/lib/libutils.a(snprintk.o)
 .debug_info    0x0000000000003026       0xf9 /home/qemu-sgx/devel/optee/optee_os/out/arm/export-ta_arm32/lib/libutils.a(memchr.o)
 .debug_info    0x000000000000311f       0xab /home/qemu-sgx/devel/optee/optee_os/out/arm/export-ta_arm32/lib/libutils.a(strlen.o)
 .debug_info    0x00000000000031ca       0x22 /home/qemu-sgx/devel/optee/optee_os/out/arm/export-ta_arm32/lib/libutils.a(arm32_aeabi_ldivmod_a32.o)
 .debug_info    0x00000000000031ec      0x218 /home/qemu-sgx/devel/optee/optee_os/out/arm/export-ta_arm32/lib/libutils.a(arm32_aeabi_ldivmod.o)
 .debug_info    0x0000000000003404       0xf3 /home/qemu-sgx/devel/optee/optee_os/out/arm/export-ta_arm32/lib/libutee.a(assert.o)
 .debug_info    0x00000000000034f7      0x1ca /home/qemu-sgx/devel/optee/optee_os/out/arm/export-ta_arm32/lib/libutee.a(trace_ext.o)
 .debug_info    0x00000000000036c1     0x187d /home/qemu-sgx/devel/optee/optee_os/out/arm/export-ta_arm32/lib/libutee.a(tee_api_operations.o)
 .debug_info    0x0000000000004f3e      0x32f /home/qemu-sgx/devel/optee/optee_os/out/arm/export-ta_arm32/lib/libutee.a(tee_api_panic.o)
 .debug_info    0x000000000000526d      0x6c6 /home/qemu-sgx/devel/optee/optee_os/out/arm/export-ta_arm32/lib/libutee.a(tee_tcpudp_socket.o)
 .debug_info    0x0000000000005933       0x22 /home/qemu-sgx/devel/optee/optee_os/out/arm/export-ta_arm32/lib/libutee.a(utee_syscalls_a32.o)
 .debug_info    0x0000000000005955      0xca2 /home/qemu-sgx/devel/optee/optee_os/out/arm/export-ta_arm32/lib/libutee.a(user_ta_entry.o)
 .debug_info    0x00000000000065f7       0x90 /home/qemu-sgx/devel/optee/optee_os/out/arm/export-ta_arm32/lib/libutee.a(abort.o)
 .debug_info    0x0000000000006687      0xbc0 /home/qemu-sgx/devel/optee/optee_os/out/arm/export-ta_arm32/lib/libutee.a(tee_api.o)